07-03 13:23:41.229  7793  7793 E NewPackFragment: 9
07-03 13:23:41.246  7793  7793 E NewPackFragment: 9
07-03 13:23:41.262  7793  7793 E NewPackFragment: 9
07-03 13:23:41.279  7793  7793 E NewPackFragment: 9
07-03 13:23:41.296  7793  7793 E NewPackFragment: 9
07-03 13:23:41.312  7793  7793 E NewPackFragment: 9
07-03 13:23:41.329  7793  7793 E NewPackFragment: 9
07-03 13:23:41.363  7793  7793 E NewPackFragment: 10
07-03 13:23:41.377  7793  7793 E NewPackFragment: 10
07-03 13:23:41.394  7793  7793 E NewPackFragment: 10
07-03 13:23:42.099  1907  1932 I ActivityManager: START u0 {flg=0x10000000 cmp=com.touchtalent.bobbleapp/.activities.StickerPackDetailsActivity (has extras)} from uid 10153 on display 0
07-03 13:23:42.117  7793  7793 E Lifecycle handler: onactivitypause
07-03 13:23:42.148  7793  7793 I AppCompatViewInflater: app:theme is now deprecated. Please move to using android:theme instead.
07-03 13:23:42.182  7793  7793 D ShareAdapter: ShareAdapter
07-03 13:23:42.207  7793  7793 E Lifecycle handler: onactivitystarted
07-03 13:23:42.278  7793  7793 E Lifecycle handler: app not in background
07-03 13:23:42.300  1907  2123 I LaunchCheckinHandler: Displayed com.touchtalent.bobbleapp/.activities.StickerPackDetailsActivity,wp,ca,182
07-03 13:23:42.300  1907  2123 I ActivityManager: Displayed com.touchtalent.bobbleapp/.activities.StickerPackDetailsActivity: +182ms
07-03 13:23:42.663  7793  7793 D MyPackFragment: onStop
07-03 13:23:42.663  7793  7793 D NewPackFragment: onStop
07-03 13:23:42.666  7793  9014 D b       : logEvents
07-03 13:23:42.803  7793  7793 D b       : api_call_https://log-api.bobbleapp.me/v4/logs/events timeTakenInMillis : 114 bytesSent : 809 bytesReceived : -1 isFromCache : false
07-03 13:23:42.817  7793  9017 D b       : logEvents success : {"status":"success"}
07-03 13:23:43.899  1907  2299 D BatteryService: uevent={POWER_SUPPLY_TEMP=370, POWER_SUPPLY_STATUS=Charging, POWER_SUPPLY_CAPACITY=44, ACTION=change, DEVPATH=/devices/qpnp-charger-e4a25800/power_supply/battery, POWER_SUPPLY_VOLTAGE_OCV=-22, POWER_SUPPLY_ONLINE=1, SUBSYSTEM=power_supply, POWER_SUPPLY_NUM_SYSTEM_TEMP_LEVELS=4, POWER_SUPPLY_INPUT_CURRENT_MAX=500000, POWER_SUPPLY_VOLTAGE_MAX_DESIGN=4350000, POWER_SUPPLY_CHARGE_FULL=2011000, POWER_SUPPLY_NAME=battery, POWER_SUPPLY_VOLTAGE_MIN_DESIGN=4300000, POWER_SUPPLY_VOLTAGE_MIN=4300000, POWER_SUPPLY_HEALTH=Good, POWER_SUPPLY_CYCLE_COUNT=8, POWER_SUPPLY_TECHNOLOGY=Li-ion, POWER_SUPPLY_CHARGE_TYPE=Fast, POWER_SUPPLY_PRESENT=1, POWER_SUPPLY_INPUT_CURRENT_SETTLED=0, POWER_SUPPLY_MODEL_NAME=UNKNOWN, POWER_SUPPLY_VOLTAGE_NOW=3921039, SEQNUM=57653, POWER_SUPPLY_TEMP_WARM=450, POWER_SUPPLY_TEMP_COOL=0, POWER_SUPPLY_CHARGE_FULL_DESIGN=2022000, POWER_SUPPLY_CURRENT_NOW=-308746, POWER_SUPPLY_CHARGE_COUNTER=-82807, POWER_SUPPLY_SYSTEM_TEMP_LEVEL=0, POWER_SUPPLY_INPUT_CURRENT_TRIM=31, POWER_SUPPLY_VOLTAGE_EMPTY=3200000, POWER_SUPPLY_CHARGE_RATE=Normal, POWER_SUPPLY_INPUT_VOLTAGE_REGULATION=0, POWER_SUPPLY_CHARGING_ENABLED=1}
07-03 13:23:43.977   359  1046 I SFPerfTracer:      triggers: (rate: 0:96) (25970 sw vsyncs) (0 skipped) (61:551482 vsyncs) (63:638897)
07-03 13:23:44.012   359   359 I SFPerfTracer:      triggers: (rate: 731:19758) (compose: 0:18) (post: 0:11) (render: 54:1751) (29:345252 frames) (30:393925)
07-03 13:23:44.012   359   359 D SFPerfTracer:        layers: (3:10) (FocusedStackFrame (0xb71ba600): 1:4004)* (DimLayer (0xb7280f80): 0:42)* (DimLayer (0xb7283cf8): 0:8)* (StatusBar (0xb7260098): 0:90212) (com.android.systemui.ImageWallpaper (0xb7278a30): 0:3120)* (NavigationBar (0xb727f888): 0:171) (DimLayer (0xb7266870): 0:10)* (com.touchtalent.bobbleapp/com.touchtalent.bobbleapp.activities.BobbleStoreActivity (0xb72872c0): 0:116)- (com.touchtalent.bobbleapp/com.touchtalent.bobbleapp.activities.StickerPackDetailsActivity (0xb720b5f0): 30:55) 
07-03 13:23:44.027 23717 23717 I DownloadManagerWrapper: onReceive() : Charging = true
07-03 13:23:44.114 23717 23717 I DownloadManagerWrapper: onReceive() : Charging = true
07-03 13:23:47.527  8343  8426 D com.facebook.appevents.AppEventsLogger: Got unexpected exception: java.io.InvalidClassException: com.facebook.appevents.AppEventsLogger$AppEvent; Incompatible class (SUID): com.facebook.appevents.AppEventsLogger$AppEvent: static final long serialVersionUID =2688263401525833667L; but expected com.facebook.appevents.AppEventsLogger$AppEvent: static final long serialVersionUID =-3011013148589614728L;
07-03 13:23:48.698  2389  2720 I chatty  : uid=10001(com.android.systemui) PhoneStatusBar expire 10 lines
07-03 13:23:49.075   406   592 I ThermalEngine: Sensor:xo_therm_pu2:43000 mC
07-03 13:23:49.088   406   591 I ThermalEngine: Sensor:batt_therm:37100 mC
07-03 13:23:50.510   359  1046 I SFPerfTracer:      triggers: (rate: 0:96) (25970 sw vsyncs) (0 skipped) (72:551589 vsyncs) (74:639015)
07-03 13:23:50.530   359   359 I SFPerfTracer:      triggers: (rate: 731:19758) (compose: 0:18) (post: 0:11) (render: 54:1751) (72:345359 frames) (73:394041)
07-03 13:23:50.530   359   359 D SFPerfTracer:        layers: (3:9) (FocusedStackFrame (0xb71ba600): 0:4004)* (DimLayer (0xb7280f80): 0:42)* (DimLayer (0xb7283cf8): 0:8)* (StatusBar (0xb7260098): 0:90218) (com.android.systemui.ImageWallpaper (0xb7278a30): 0:3120)* (NavigationBar (0xb727f888): 0:171) (DimLayer (0xb7266870): 0:10)* (com.touchtalent.bobbleapp/com.touchtalent.bobbleapp.activities.StickerPackDetailsActivity (0xb720b5f0): 73:165) 
07-03 13:23:54.413   790   874 D TCMD    : NL - Read 56 bytes from update socket.
07-03 13:23:54.413   790   874 D TCMD    : NL - message type is RTM_NEWLINK
07-03 13:23:54.413   790   874 D TCMD    : Listening for incoming client connection request
07-03 13:23:56.153  6408  6408 I SoftKeyboard: KeyDown: keycode:4
07-03 13:23:56.176  6408  6408 I SoftKeyboard: KeyUp: keycode:4
07-03 13:23:56.193  7793  7793 E Lifecycle handler: onactivitypause
07-03 13:23:56.216  7793  7793 E Lifecycle handler: onactivitystarted
07-03 13:23:56.216  7793  7793 D MyPackFragment: onStart
07-03 13:23:56.216  7793  7793 D NewPackFragment: onStart
07-03 13:23:56.303  7793  7793 E Lifecycle handler: app not in background
07-03 13:23:57.278  7793  7793 E NewPackFragment: 10
07-03 13:23:57.296   359   359 W SurfaceFlinger: couldn't log to binary event log: overflow.
07-03 13:23:57.300  7793  7793 E NewPackFragment: 10
07-03 13:23:57.313  7793  7793 E NewPackFragment: 10
07-03 13:23:57.330  7793  7793 E NewPackFragment: 10
07-03 13:23:57.347  7793  7793 E NewPackFragment: 10
07-03 13:23:57.363  7793  7793 E NewPackFragment: 10
07-03 13:23:57.380  7793  7793 E NewPackFragment: 10
07-03 13:23:57.397  7793  7793 E NewPackFragment: 10
07-03 13:23:57.418  7793  7793 E NewPackFragment: 10
07-03 13:23:57.428  7793  7793 E NewPackFragment: 10
07-03 13:23:57.445  7793  7793 E NewPackFragment: 10
07-03 13:23:57.461  7793  7793 E NewPackFragment: 10
07-03 13:23:57.478  7793  7793 E NewPackFragment: 10
07-03 13:23:57.495  7793  7793 E NewPackFragment: 10
07-03 13:23:57.511  7793  7793 E NewPackFragment: 10
07-03 13:23:57.528  7793  7793 E NewPackFragment: 10
07-03 13:23:59.080   406   592 I ThermalEngine: Sensor:xo_therm_pu2:43000 mC
07-03 13:23:59.093   406   591 I ThermalEngine: Sensor:batt_therm:37000 mC
07-03 13:23:59.173  1907  1965 I ActivityManager: Start proc 9108:com.android.cellbroadcastreceiver/u0a5 for broadcast com.android.cellbroadcastreceiver/.CellBroadcastReceiver
07-03 13:23:59.262  7793  7793 E NewPackFragment: 10
07-03 13:23:59.278  7793  7793 E NewPackFragment: 10
07-03 13:23:59.285  5985  5985 D OtaApp  : debug - PollingMangerService, phone state: 0 0 voice Domestic Roaming data Domestic Roaming Vodafone IN Vodafone 40411 Vodafone IN Vodafone 40411  UMTS HSPA CSS not supported -1 -1 RoamInd=-1 DefRoamInd=-1 EmergOnly=false IsDataRoamingFromRegistration=true
07-03 13:23:59.291  9108  9108 W System  : ClassLoader referenced unknown path: /system/priv-app/CellBroadcastReceiver/lib/arm
07-03 13:23:59.295  7793  7793 E NewPackFragment: 10
07-03 13:23:59.312  7793  7793 E NewPackFragment: 10
07-03 13:23:59.326  9108  9108 D CellBroadcastReceiver: subscriptionId = 9
07-03 13:23:59.328  7793  7793 E NewPackFragment: 10
07-03 13:23:59.330  9108  9108 D CellBroadcastReceiver: Service state changed! 0 Full: 0 0 voice Domestic Roaming data Domestic Roaming Vodafone IN Vodafone 40411 Vodafone IN Vodafone 40411  UMTS HSPA CSS not supported -1 -1 RoamInd=-1 DefRoamInd=-1 EmergOnly=false IsDataRoamingFromRegistration=true Current state=-1
07-03 13:23:59.335  9108  9108 D CellBroadcastReceiver: BOTA use case - Settings retained for subId 9: true
07-03 13:23:59.345  7793  7793 E NewPackFragment: 10
07-03 13:23:59.362  7793  7793 E NewPackFragment: 10
07-03 13:23:59.378  7793  7793 E NewPackFragment: 10
07-03 13:23:59.395  7793  7793 E NewPackFragment: 10
07-03 13:23:59.413  7793  7793 E NewPackFragment: 10
07-03 13:23:59.428  7793  7793 E NewPackFragment: 10
07-03 13:23:59.442  3017  8651 D IccSmsInterfaceManager: [IccSmsInterfaceManager] enableGsmBroadcastRange
07-03 13:23:59.444  3017  8651 D IccSmsInterfaceManager: [IccSmsInterfaceManager] Added GSM cell broadcast subscription for MID range 4352 to 4354 from client com.android.cellbroadcastreceiver
07-03 13:23:59.444  3017  8651 D IccSmsInterfaceManager: [IccSmsInterfaceManager] Calling setCellBroadcastActivation(true)
07-03 13:23:59.445  7793  7793 E NewPackFragment: 10
07-03 13:23:59.465  7793  7793 E NewPackFragment: 11
07-03 13:23:59.475  3017  7440 D IccSmsInterfaceManager: [IccSmsInterfaceManager] enableGsmBroadcastRange
07-03 13:23:59.476  3017  7440 D IccSmsInterfaceManager: [IccSmsInterfaceManager] Added GSM cell broadcast subscription for MID range 4356 to 4356 from client com.android.cellbroadcastreceiver
07-03 13:23:59.476  3017  7440 D IccSmsInterfaceManager: [IccSmsInterfaceManager] Calling setCellBroadcastActivation(true)
07-03 13:23:59.478  7793  7793 E NewPackFragment: 11
07-03 13:23:59.493  3017 17457 D IccSmsInterfaceManager: [IccSmsInterfaceManager] enableGsmBroadcastRange
07-03 13:23:59.494  3017 17457 D IccSmsInterfaceManager: [IccSmsInterfaceManager] Added GSM cell broadcast subscription for MID range 4371 to 4372 from client com.android.cellbroadcastreceiver
07-03 13:23:59.494  3017 17457 D IccSmsInterfaceManager: [IccSmsInterfaceManager] Calling setCellBroadcastActivation(true)
07-03 13:23:59.495  7793  7793 E NewPackFragment: 11
07-03 13:23:59.512  7793  7793 E NewPackFragment: 11
07-03 13:23:59.513  3017  3037 D IccSmsInterfaceManager: [IccSmsInterfaceManager] enableCdmaBroadcastRange
07-03 13:23:59.516  3017  3037 D IccSmsInterfaceManager: [IccSmsInterfaceManager] Calling setCdmaBroadcastConfig with 1 configurations
07-03 13:23:59.524  3017  3037 D IccSmsInterfaceManager: [IccSmsInterfaceManager] Failed to add cdma broadcast subscription for MID range 4097 to 4097 from client com.android.cellbroadcastreceiver
07-03 13:23:59.528  7793  7793 E NewPackFragment: 11
07-03 13:23:59.537  3017 17081 D IccSmsInterfaceManager: [IccSmsInterfaceManager] enableGsmBroadcastRange
07-03 13:23:59.538  3017 17081 D IccSmsInterfaceManager: [IccSmsInterfaceManager] Added GSM cell broadcast subscription for MID range 4373 to 4378 from client com.android.cellbroadcastreceiver
07-03 13:23:59.538  3017 17081 D IccSmsInterfaceManager: [IccSmsInterfaceManager] Calling setCellBroadcastActivation(true)
07-03 13:23:59.545  7793  7793 E NewPackFragment: 11
07-03 13:23:59.557  3017  6697 D IccSmsInterfaceManager: [IccSmsInterfaceManager] enableCdmaBroadcastRange
07-03 13:23:59.557  3017  6697 D IccSmsInterfaceManager: [IccSmsInterfaceManager] Calling setCdmaBroadcastConfig with 1 configurations
07-03 13:23:59.562  7793  7793 E NewPackFragment: 11
07-03 13:23:59.564  3017  6697 D IccSmsInterfaceManager: [IccSmsInterfaceManager] Failed to add cdma broadcast subscription for MID range 4098 to 4098 from client com.android.cellbroadcastreceiver
07-03 13:23:59.575  3017  4114 D IccSmsInterfaceManager: [IccSmsInterfaceManager] enableGsmBroadcastRange
07-03 13:23:59.576  3017  4114 D IccSmsInterfaceManager: [IccSmsInterfaceManager] Added GSM cell broadcast subscription for MID range 4379 to 4379 from client com.android.cellbroadcastreceiver
07-03 13:23:59.576  3017  4114 D IccSmsInterfaceManager: [IccSmsInterfaceManager] Calling setCellBroadcastActivation(true)
07-03 13:23:59.579  7793  7793 E NewPackFragment: 11
07-03 13:23:59.595  3017  9543 D IccSmsInterfaceManager: [IccSmsInterfaceManager] enableCdmaBroadcastRange
07-03 13:23:59.595  7793  7793 E NewPackFragment: 11
07-03 13:23:59.595  3017  9543 D IccSmsInterfaceManager: [IccSmsInterfaceManager] Calling setCdmaBroadcastConfig with 1 configurations
07-03 13:23:59.602  3017  9543 D IccSmsInterfaceManager: [IccSmsInterfaceManager] Failed to add cdma broadcast subscription for MID range 4099 to 4099 from client com.android.cellbroadcastreceiver
07-03 13:23:59.612  7793  7793 E NewPackFragment: 11
07-03 13:23:59.614  3017  7948 D IccSmsInterfaceManager: [IccSmsInterfaceManager] enableGsmBroadcastRange
07-03 13:23:59.615  3017  7948 D IccSmsInterfaceManager: [IccSmsInterfaceManager] Added GSM cell broadcast subscription for MID range 4370 to 4370 from client com.android.cellbroadcastreceiver
07-03 13:23:59.615  3017  7948 D IccSmsInterfaceManager: [IccSmsInterfaceManager] Calling setCellBroadcastActivation(true)
07-03 13:23:59.628  7793  7793 E NewPackFragment: 11
07-03 13:23:59.632  3017  3199 D IccSmsInterfaceManager: [IccSmsInterfaceManager] enableCdmaBroadcastRange
07-03 13:23:59.633  3017  3199 D IccSmsInterfaceManager: [IccSmsInterfaceManager] Calling setCdmaBroadcastConfig with 1 configurations
07-03 13:23:59.640  3017  3199 D IccSmsInterfaceManager: [IccSmsInterfaceManager] Failed to add cdma broadcast subscription for MID range 4096 to 4096 from client com.android.cellbroadcastreceiver
07-03 13:23:59.645  7793  7793 E NewPackFragment: 11
07-03 13:23:59.652  3017  3033 D IccSmsInterfaceManager: [IccSmsInterfaceManager] enableGsmBroadcastRange
07-03 13:23:59.652  3017  3033 D IccSmsInterfaceManager: [IccSmsInterfaceManager] Added GSM cell broadcast subscription for MID range 4383 to 4383 from client com.android.cellbroadcastreceiver
07-03 13:23:59.652  3017  3033 D IccSmsInterfaceManager: [IccSmsInterfaceManager] Calling setCellBroadcastActivation(true)
07-03 13:23:59.662  7793  7793 E NewPackFragment: 11
07-03 13:23:59.669  3017  3037 D IccSmsInterfaceManager: [IccSmsInterfaceManager] disableGsmBroadcastRange
07-03 13:23:59.670  3017  3037 D IccSmsInterfaceManager: [IccSmsInterfaceManager] Failed to remove GSM cell broadcast subscription for MID range 50 to 50 from client com.android.cellbroadcastreceiver
07-03 13:23:59.678  7793  7793 E NewPackFragment: 11
07-03 13:23:59.682  3017  4114 D IccSmsInterfaceManager: [IccSmsInterfaceManager] disableGsmBroadcastRange
07-03 13:23:59.682  3017  4114 D IccSmsInterfaceManager: [IccSmsInterfaceManager] Failed to remove GSM cell broadcast subscription for MID range 911 to 928 from client com.android.cellbroadcastreceiver
07-03 13:23:59.692  3017  9543 D IccSmsInterfaceManager: [IccSmsInterfaceManager] disableGsmBroadcastRange
07-03 13:23:59.693  3017  9543 D IccSmsInterfaceManager: [IccSmsInterfaceManager] Failed to remove GSM cell broadcast subscription for MID range 4355 to 4355 from client com.android.cellbroadcastreceiver
07-03 13:23:59.695  7793  7793 E NewPackFragment: 11
07-03 13:23:59.703  3017  7948 D IccSmsInterfaceManager: [IccSmsInterfaceManager] disableGsmBroadcastRange
07-03 13:23:59.703  3017  7948 D IccSmsInterfaceManager: [IccSmsInterfaceManager] Failed to remove GSM cell broadcast subscription for MID range 4380 to 4382 from client com.android.cellbroadcastreceiver
07-03 13:23:59.711  7793  7793 E NewPackFragment: 11
07-03 13:23:59.713  3017  3199 D IccSmsInterfaceManager: [IccSmsInterfaceManager] disableCdmaBroadcastRange
07-03 13:23:59.714  3017  3199 D IccSmsInterfaceManager: [IccSmsInterfaceManager] Failed to remove cdma broadcast subscription for MID range 4100 to 4100 from client com.android.cellbroadcastreceiver
07-03 13:23:59.728  7793  7793 E NewPackFragment: 11
07-03 13:23:59.745  7793  7793 E NewPackFragment: 11
07-03 13:23:59.761  7793  7793 E NewPackFragment: 11
07-03 13:23:59.779  7793  7793 E NewPackFragment: 11
07-03 13:23:59.795  7793  7793 E NewPackFragment: 11
07-03 13:23:59.811  7793  7793 E NewPackFragment: 11
07-03 13:24:00.000  1907  2303 V AlarmManager: sending alarm {9aa8c2c type 3 *alarm*:android.intent.action.TIME_TICK}
07-03 13:24:00.053  1907  1907 V AlarmManager: done {9aa8c2c, *alarm*:android.intent.action.TIME_TICK} [53ms]
07-03 13:24:00.547   359   359 I SFPerfTracer:      triggers: (rate: 731:19758) (compose: 0:18) (post: 0:11) (render: 54:1751) (56:345470 frames) (57:394171)
07-03 13:24:00.547   359   359 D SFPerfTracer:        layers: (3:10) (FocusedStackFrame (0xb71ba600): 0:4006)* (DimLayer (0xb7280f80): 0:42)* (DimLayer (0xb7283cf8): 0:8)* (StatusBar (0xb7260098): 4:90231) (com.android.systemui.ImageWallpaper (0xb7278a30): 0:3120)* (NavigationBar (0xb727f888): 0:200) (DimLayer (0xb7266870): 0:10)* (com.touchtalent.bobbleapp/com.touchtalent.bobbleapp.activities.StickerPackDetailsActivity (0xb720b5f0): 0:181)- (com.touchtalent.bobbleapp/com.touchtalent.bobbleapp.activities.BobbleStoreActivity (0xb72872c0): 57:117) 
07-03 13:24:02.162  7793  7793 E NewPackFragment: 11
07-03 13:24:02.178  7793  7793 E NewPackFragment: 11
07-03 13:24:02.196  7793  7793 E NewPackFragment: 11
07-03 13:24:02.212  7793  7793 E NewPackFragment: 11
07-03 13:24:02.229  7793  7793 E NewPackFragment: 11
07-03 13:24:02.246  7793  7793 E NewPackFragment: 11
07-03 13:24:02.262  7793  7793 E NewPackFragment: 11
07-03 13:24:02.280  7793  7793 E NewPackFragment: 11
07-03 13:24:02.295  7793  7793 E NewPackFragment: 11
07-03 13:24:02.312  7793  7793 E NewPackFragment: 11
07-03 13:24:02.329  7793  7793 E NewPackFragment: 11
07-03 13:24:02.345  7793  7793 E NewPackFragment: 11
07-03 13:24:02.362  7793  7793 E NewPackFragment: 11
07-03 13:24:02.378  7793  7793 E NewPackFragment: 11
07-03 13:24:02.395  7793  7793 E NewPackFragment: 11
07-03 13:24:02.412  7793  7793 E NewPackFragment: 11
07-03 13:24:02.429  7793  7793 E NewPackFragment: 11
07-03 13:24:02.445  7793  7793 E NewPackFragment: 11
07-03 13:24:02.462  7793  7793 E NewPackFragment: 11
07-03 13:24:02.478  7793  7793 E NewPackFragment: 11
07-03 13:24:02.495  7793  7793 E NewPackFragment: 11
07-03 13:24:02.512  7793  7793 E NewPackFragment: 11
07-03 13:24:02.527  8343  8426 D com.facebook.appevents.AppEventsLogger: Got unexpected exception: java.io.InvalidClassException: com.facebook.appevents.AppEventsLogger$AppEvent; Incompatible class (SUID): com.facebook.appevents.AppEventsLogger$AppEvent: static final long serialVersionUID =2688263401525833667L; but expected com.facebook.appevents.AppEventsLogger$AppEvent: static final long serialVersionUID =-3011013148589614728L;
07-03 13:24:03.017  5985  5985 D OtaApp  : debug - PollingMangerService, phone state: 0 0 voice Domestic Roaming data Domestic Roaming Vodafone IN Vodafone 40411 Vodafone IN Vodafone 40411  UMTS HSPA CSS not supported -1 -1 RoamInd=-1 DefRoamInd=-1 EmergOnly=false IsDataRoamingFromRegistration=true
07-03 13:24:03.024  9108  9108 D CellBroadcastReceiver: subscriptionId = 9
07-03 13:24:03.362  7793  7793 E NewPackFragment: 11
07-03 13:24:03.379  7793  7793 E NewPackFragment: 11
07-03 13:24:03.395  7793  7793 E NewPackFragment: 11
07-03 13:24:03.413  7793  7793 E NewPackFragment: 11
07-03 13:24:03.430  7793  7793 E NewPackFragment: 11
07-03 13:24:03.449  7793  7793 E NewPackFragment: 12
07-03 13:24:03.463  7793  7793 E NewPackFragment: 12
07-03 13:24:03.480  7793  7793 E NewPackFragment: 12
07-03 13:24:03.496  7793  7793 E NewPackFragment: 12
07-03 13:24:03.512  7793  7793 E NewPackFragment: 12
07-03 13:24:03.528  7793  7793 E NewPackFragment: 12
07-03 13:24:03.546  7793  7793 E NewPackFragment: 12
07-03 13:24:03.563  7793  7793 E NewPackFragment: 12
07-03 13:24:03.580  7793  7793 E NewPackFragment: 12
07-03 13:24:03.596  7793  7793 E NewPackFragment: 12
07-03 13:24:03.612  7793  7793 E NewPackFragment: 12
07-03 13:24:03.630  7793  7793 E NewPackFragment: 12
07-03 13:24:03.646  7793  7793 E NewPackFragment: 12
07-03 13:24:03.663  7793  7793 E NewPackFragment: 12
07-03 13:24:03.679  7793  7793 E NewPackFragment: 12
07-03 13:24:03.696  7793  7793 E NewPackFragment: 12
07-03 13:24:03.713  7793  7793 E NewPackFragment: 12
07-03 13:24:03.730  7793  7793 E NewPackFragment: 12
07-03 13:24:03.746  7793  7793 E NewPackFragment: 12
07-03 13:24:03.762  7793  7793 E NewPackFragment: 12
07-03 13:24:03.780  7793  7793 E NewPackFragment: 12
07-03 13:24:03.796  7793  7793 E NewPackFragment: 12
07-03 13:24:03.813  7793  7793 E NewPackFragment: 12
07-03 13:24:03.829  7793  7793 E NewPackFragment: 12
07-03 13:24:03.846  7793  7793 E NewPackFragment: 12
07-03 13:24:03.863  7793  7793 E NewPackFragment: 12
07-03 13:24:03.879  7793  7793 E NewPackFragment: 12
07-03 13:24:03.896  7793  7793 E NewPackFragment: 12
07-03 13:24:03.963  7793  7793 E NewPackFragment: 12
07-03 13:24:03.979  7793  7793 E NewPackFragment: 12
07-03 13:24:04.863  7793  7793 E NewPackFragment: 12
07-03 13:24:04.880  7793  7793 E NewPackFragment: 12
07-03 13:24:04.896  7793  7793 E NewPackFragment: 12
07-03 13:24:04.913  7793  7793 E NewPackFragment: 12
07-03 13:24:04.930  7793  7793 E NewPackFragment: 12
07-03 13:24:04.946  7793  7793 E NewPackFragment: 12
07-03 13:24:04.962  7793  7793 E NewPackFragment: 12
07-03 13:24:04.979  7793  7793 E NewPackFragment: 12
07-03 13:24:04.996  7793  7793 E NewPackFragment: 12
07-03 13:24:05.013  7793  7793 E NewPackFragment: 12
07-03 13:24:05.030  7793  7793 E NewPackFragment: 12
07-03 13:24:05.046  7793  7793 E NewPackFragment: 12
07-03 13:24:05.062  7793  7793 E NewPackFragment: 12
07-03 13:24:05.079  7793  7793 E NewPackFragment: 12
07-03 13:24:05.096  7793  7793 E NewPackFragment: 12
07-03 13:24:05.113  7793  7793 E NewPackFragment: 12
07-03 13:24:05.130  7793  7793 E NewPackFragment: 12
07-03 13:24:05.146  7793  7793 E NewPackFragment: 12
07-03 13:24:05.162  7793  7793 E NewPackFragment: 12
07-03 13:24:05.180  7793  7793 E NewPackFragment: 12
07-03 13:24:05.196  7793  7793 E NewPackFragment: 12
07-03 13:24:05.215  7793  7793 E NewPackFragment: 13
07-03 13:24:05.230  7793  7793 E NewPackFragment: 13
07-03 13:24:05.246  7793  7793 E NewPackFragment: 13
07-03 13:24:05.263  7793  7793 E NewPackFragment: 13
07-03 13:24:05.280  7793  7793 E NewPackFragment: 13
07-03 13:24:05.297  7793  7793 E NewPackFragment: 13
07-03 13:24:05.312  7793  7793 E NewPackFragment: 13
07-03 13:24:05.329  7793  7793 E NewPackFragment: 13
07-03 13:24:05.346  7793  7793 E NewPackFragment: 13
07-03 13:24:05.362  7793  7793 E NewPackFragment: 13
07-03 13:24:05.379  7793  7793 E NewPackFragment: 13
07-03 13:24:05.396  7793  7793 E NewPackFragment: 13
07-03 13:24:05.413  7793  7793 E NewPackFragment: 13
07-03 13:24:05.430  7793  7793 E NewPackFragment: 13
07-03 13:24:05.447  7793  7793 E NewPackFragment: 13
07-03 13:24:05.462  7793  7793 E NewPackFragment: 13
07-03 13:24:05.480  7793  7793 E NewPackFragment: 13
07-03 13:24:05.497  7793  7793 E NewPackFragment: 13
07-03 13:24:05.513  7793  7793 E NewPackFragment: 13
07-03 13:24:05.529  7793  7793 E NewPackFragment: 13
07-03 13:24:05.546  7793  7793 E NewPackFragment: 13
07-03 13:24:05.564  7793  7793 E NewPackFragment: 13
07-03 13:24:05.580  7793  7793 E NewPackFragment: 13
07-03 13:24:05.597  7793  7793 E NewPackFragment: 13
07-03 13:24:05.613  7793  7793 E NewPackFragment: 13
07-03 13:24:05.628  7793  7793 E NewPackFragment: 13
07-03 13:24:05.646  7793  7793 E NewPackFragment: 13
07-03 13:24:05.662  7793  7793 E NewPackFragment: 13
07-03 13:24:06.478  7793  7793 E NewPackFragment: 13
07-03 13:24:06.495  7793  7793 E NewPackFragment: 13
07-03 13:24:06.496   359   359 I SFPerfTracer:      triggers: (rate: 731:19758) (compose: 0:18) (post: 0:11) (render: 54:1751) (57:345591 frames) (58:394300)
07-03 13:24:06.496   359   359 D SFPerfTracer:        layers: (3:9) (FocusedStackFrame (0xb71ba600): 0:4006)* (DimLayer (0xb7280f80): 0:42)* (DimLayer (0xb7283cf8): 0:8)* (StatusBar (0xb7260098): 2:90240) (com.android.systemui.ImageWallpaper (0xb7278a30): 0:3120)* (NavigationBar (0xb727f888): 0:200) (DimLayer (0xb7266870): 0:10)* (com.touchtalent.bobbleapp/com.touchtalent.bobbleapp.activities.BobbleStoreActivity (0xb72872c0): 58:240) 
07-03 13:24:06.512  7793  7793 E NewPackFragment: 13
07-03 13:24:06.530  7793  7793 E NewPackFragment: 13
07-03 13:24:06.545  7793  7793 E NewPackFragment: 13
07-03 13:24:06.564  7793  7793 E NewPackFragment: 13
07-03 13:24:06.579  7793  7793 E NewPackFragment: 13
07-03 13:24:06.595  7793  7793 E NewPackFragment: 13
07-03 13:24:06.612  7793  7793 E NewPackFragment: 13
07-03 13:24:06.628  7793  7793 E NewPackFragment: 13
07-03 13:24:06.645  7793  7793 E NewPackFragment: 13
07-03 13:24:06.665  7793  7793 E NewPackFragment: 14
07-03 13:24:06.679  7793  7793 E NewPackFragment: 14
07-03 13:24:06.695  7793  7793 E NewPackFragment: 14
07-03 13:24:06.713  7793  7793 E NewPackFragment: 14
07-03 13:24:06.729  7793  7793 E NewPackFragment: 14
07-03 13:24:06.749  7793  7793 E NewPackFragment: 14
07-03 13:24:06.762  7793  7793 E NewPackFragment: 14
07-03 13:24:06.779  7793  7793 E NewPackFragment: 14
07-03 13:24:06.796  7793  7793 E NewPackFragment: 14
07-03 13:24:06.812  7793  7793 E NewPackFragment: 14
07-03 13:24:06.829  7793  7793 E NewPackFragment: 14
07-03 13:24:06.846  7793  7793 E NewPackFragment: 14
07-03 13:24:06.864  7793  7793 E NewPackFragment: 14
07-03 13:24:06.879  7793  7793 E NewPackFragment: 14
07-03 13:24:06.896  7793  7793 E NewPackFragment: 14
07-03 13:24:06.913  7793  7793 E NewPackFragment: 14
07-03 13:24:06.929  7793  7793 E NewPackFragment: 14
07-03 13:24:06.945  7793  7793 E NewPackFragment: 14
07-03 13:24:06.962  7793  7793 E NewPackFragment: 14
07-03 13:24:06.979  7793  7793 E NewPackFragment: 14
07-03 13:24:06.995  7793  7793 E NewPackFragment: 14
07-03 13:24:07.013  7793  7793 E NewPackFragment: 14
07-03 13:24:07.029  7793  7793 E NewPackFragment: 14
07-03 13:24:07.045  7793  7793 E NewPackFragment: 14
07-03 13:24:07.063  7793  7793 E NewPackFragment: 14
07-03 13:24:07.079  7793  7793 E NewPackFragment: 14
07-03 13:24:07.095  7793  7793 E NewPackFragment: 14
07-03 13:24:07.113  7793  7793 E NewPackFragment: 14
07-03 13:24:07.129  7793  7793 E NewPackFragment: 14
07-03 13:24:07.145  7793  7793 E NewPackFragment: 14
07-03 13:24:07.164  7793  7793 E NewPackFragment: 14
07-03 13:24:07.179  7793  7793 E NewPackFragment: 14
07-03 13:24:07.963  7793  7793 E NewPackFragment: 14
07-03 13:24:07.979  7793  7793 E NewPackFragment: 14
07-03 13:24:07.997  7793  7793 E NewPackFragment: 14
07-03 13:24:08.013  7793  7793 E NewPackFragment: 14
07-03 13:24:08.030  7793  7793 E NewPackFragment: 14
07-03 13:24:08.047  7793  7793 E NewPackFragment: 14
07-03 13:24:08.062  7793  7793 E NewPackFragment: 14
07-03 13:24:08.079  7793  7793 E NewPackFragment: 14
07-03 13:24:08.096  7793  7793 E NewPackFragment: 14
07-03 13:24:08.113  7793  7793 E NewPackFragment: 14
07-03 13:24:08.130  7793  7793 E NewPackFragment: 14
07-03 13:24:08.147  7793  7793 E NewPackFragment: 14
07-03 13:24:08.162  7793  7793 E NewPackFragment: 14
07-03 13:24:08.179  7793  7793 E NewPackFragment: 14
07-03 13:24:08.197  7793  7793 E NewPackFragment: 14
07-03 13:24:08.213  7793  7793 E NewPackFragment: 14
07-03 13:24:08.262  7793  7793 E NewPackFragment: 15
07-03 13:24:08.281  7793  7793 E NewPackFragment: 15
07-03 13:24:08.295  7793  7793 E NewPackFragment: 15
07-03 13:24:08.312  7793  7793 E NewPackFragment: 15
07-03 13:24:08.329  7793  7793 E NewPackFragment: 15
07-03 13:24:08.345  7793  7793 E NewPackFragment: 15
07-03 13:24:08.362  7793  7793 E NewPackFragment: 15
07-03 13:24:08.379  7793  7793 E NewPackFragment: 15
07-03 13:24:08.397  7793  7793 E NewPackFragment: 15
07-03 13:24:08.413  7793  7793 E NewPackFragment: 15
07-03 13:24:08.429  7793  7793 E NewPackFragment: 15
07-03 13:24:08.446  7793  7793 E NewPackFragment: 15
07-03 13:24:08.463  7793  7793 E NewPackFragment: 15
07-03 13:24:08.479  7793  7793 E NewPackFragment: 15
07-03 13:24:08.496  7793  7793 E NewPackFragment: 15
07-03 13:24:09.084   406   592 I ThermalEngine: Sensor:xo_therm_pu2:44000 mC
07-03 13:24:09.097   406   591 I ThermalEngine: Sensor:batt_therm:37000 mC
07-03 13:24:09.312  7793  7793 E NewPackFragment: 15
07-03 13:24:09.330  7793  7793 E NewPackFragment: 15
07-03 13:24:09.334   359   359 I SFPerfTracer:      triggers: (rate: 731:19760) (compose: 0:18) (post: 0:11) (render: 54:1751) (54:345692 frames) (55:394404)
07-03 13:24:09.334   359   359 D SFPerfTracer:        layers: (3:9) (FocusedStackFrame (0xb71ba600): 0:4006)* (DimLayer (0xb7280f80): 0:42)* (DimLayer (0xb7283cf8): 0:8)* (StatusBar (0xb7260098): 0:90243) (com.android.systemui.ImageWallpaper (0xb7278a30): 0:3120)* (NavigationBar (0xb727f888): 0:200) (DimLayer (0xb7266870): 0:10)* (com.touchtalent.bobbleapp/com.touchtalent.bobbleapp.activities.BobbleStoreActivity (0xb72872c0): 55:343) 
07-03 13:24:09.347  7793  7793 E NewPackFragment: 15
07-03 13:24:09.364  7793  7793 E NewPackFragment: 15
07-03 13:24:09.380  7793  7793 E NewPackFragment: 15
07-03 13:24:09.412  7793  7793 E NewPackFragment: 15
07-03 13:24:09.429  7793  7793 E NewPackFragment: 15
07-03 13:24:09.446  7793  7793 E NewPackFragment: 15
07-03 13:24:09.465  7793  7793 E NewPackFragment: 15
07-03 13:24:09.479  7793  7793 E NewPackFragment: 15
07-03 13:24:09.495  7793  7793 E NewPackFragment: 15
07-03 13:24:09.512  7793  7793 E NewPackFragment: 15
07-03 13:24:09.529  7793  7793 E NewPackFragment: 15
07-03 13:24:09.545  7793  7793 E NewPackFragment: 15
07-03 13:24:09.562  7793  7793 E NewPackFragment: 15
07-03 13:24:09.579  7793  7793 E NewPackFragment: 15
07-03 13:24:09.595  7793  7793 E NewPackFragment: 15
07-03 13:24:09.612  7793  7793 E NewPackFragment: 15
07-03 13:24:09.629  7793  7793 E NewPackFragment: 15
07-03 13:24:10.545   359  1046 I SFPerfTracer:      triggers: (rate: 0:96) (25970 sw vsyncs) (0 skipped) (676:552328 vsyncs) (678:639767)
07-03 13:24:10.629  7793  7793 E NewPackFragment: 15
07-03 13:24:10.647  7793  7793 E NewPackFragment: 15
07-03 13:24:10.664  7793  7793 E NewPackFragment: 15
07-03 13:24:10.681  7793  7793 E NewPackFragment: 15
07-03 13:24:10.697  7793  7793 E NewPackFragment: 15
07-03 13:24:10.714  7793  7793 E NewPackFragment: 15
07-03 13:24:10.730  7793  7793 E NewPackFragment: 15
07-03 13:24:10.747  7793  7793 E NewPackFragment: 15
07-03 13:24:10.763  7793  7793 E NewPackFragment: 15
07-03 13:24:10.780  7793  7793 E NewPackFragment: 15
07-03 13:24:10.797  7793  7793 E NewPackFragment: 15
07-03 13:24:10.813  7793  7793 E NewPackFragment: 15
07-03 13:24:10.830  7793  7793 E NewPackFragment: 15
07-03 13:24:10.847  7793  7793 E NewPackFragment: 15
07-03 13:24:10.863  7793  7793 E NewPackFragment: 15
07-03 13:24:11.029  7793  7793 E NewPackFragment: 15
07-03 13:24:11.047  7793  7793 E NewPackFragment: 15
07-03 13:24:11.063  7793  7793 E NewPackFragment: 15
07-03 13:24:11.080  7793  7793 E NewPackFragment: 15
07-03 13:24:11.112  7793  7793 E NewPackFragment: 15
07-03 13:24:11.130  7793  7793 E NewPackFragment: 15
07-03 13:24:11.147  7793  7793 E NewPackFragment: 15
07-03 13:24:11.163  7793  7793 E NewPackFragment: 15
07-03 13:24:11.180  7793  7793 E NewPackFragment: 15
07-03 13:24:11.195  7793  7793 E NewPackFragment: 15
07-03 13:24:11.212  7793  7793 E NewPackFragment: 15
07-03 13:24:11.229  7793  7793 E NewPackFragment: 15
07-03 13:24:11.246  7793  7793 E NewPackFragment: 15
07-03 13:24:11.262  7793  7793 E NewPackFragment: 15
07-03 13:24:11.279  7793  7793 E NewPackFragment: 15
07-03 13:24:11.363  7793  7793 E NewPackFragment: 15
07-03 13:24:11.378  7793  7793 E NewPackFragment: 15
07-03 13:24:12.180  2389  2720 I chatty  : uid=10001(com.android.systemui) PhoneStatusBar expire 10 lines
07-03 13:24:13.970  1907  2313 D WifiStateMachine: starting scan for "Gupta"WPA_PSK with 2412
07-03 13:24:14.042   790   874 D TCMD    : NL - Read 56 bytes from update socket.
07-03 13:24:14.042   790   874 D TCMD    : NL - message type is RTM_NEWLINK
07-03 13:24:14.042   790   874 D TCMD    : Listening for incoming client connection request
07-03 13:24:16.848  7793  7793 E NewPackFragment: 15
07-03 13:24:16.865  7793  7793 E NewPackFragment: 16
07-03 13:24:16.882  7793  7793 E NewPackFragment: 16
07-03 13:24:16.903  7793  7793 E NewPackFragment: 16
07-03 13:24:16.914  7793  7793 E NewPackFragment: 16
07-03 13:24:16.931  7793  7793 E NewPackFragment: 16
07-03 13:24:16.948  7793  7793 E NewPackFragment: 16
07-03 13:24:16.965  7793  7793 E NewPackFragment: 16
07-03 13:24:16.982  7793  7793 E NewPackFragment: 16
07-03 13:24:16.999  7793  7793 E NewPackFragment: 16
07-03 13:24:17.015  7793  7793 E NewPackFragment: 16
07-03 13:24:17.030  7793  7793 E NewPackFragment: 16
07-03 13:24:17.063  7793  7793 E NewPackFragment: 16
07-03 13:24:17.079  7793  7793 E NewPackFragment: 16
07-03 13:24:17.096  7793  7793 E NewPackFragment: 16
07-03 13:24:17.112  7793  7793 E NewPackFragment: 16
07-03 13:24:17.129  7793  7793 E NewPackFragment: 16
07-03 13:24:17.146  7793  7793 E NewPackFragment: 16
07-03 13:24:17.162  7793  7793 E NewPackFragment: 16
07-03 13:24:17.179  7793  7793 E NewPackFragment: 16
07-03 13:24:17.196  7793  7793 E NewPackFragment: 16
07-03 13:24:17.212  7793  7793 E NewPackFragment: 16
07-03 13:24:17.229  7793  7793 E NewPackFragment: 16
07-03 13:24:17.246  7793  7793 E NewPackFragment: 16
07-03 13:24:17.262  7793  7793 E NewPackFragment: 16
07-03 13:24:17.279  7793  7793 E NewPackFragment: 16
07-03 13:24:17.312  7793  7793 E NewPackFragment: 16
07-03 13:24:17.527  8343  8426 D com.facebook.appevents.AppEventsLogger: Got unexpected exception: java.io.InvalidClassException: com.facebook.appevents.AppEventsLogger$AppEvent; Incompatible class (SUID): com.facebook.appevents.AppEventsLogger$AppEvent: static final long serialVersionUID =2688263401525833667L; but expected com.facebook.appevents.AppEventsLogger$AppEvent: static final long serialVersionUID =-3011013148589614728L;
07-03 13:24:17.564   359   359 I SFPerfTracer:      triggers: (rate: 731:19760) (compose: 0:18) (post: 0:11) (render: 54:1751) (37:345782 frames) (38:394504)
07-03 13:24:17.564   359   359 D SFPerfTracer:        layers: (3:9) (FocusedStackFrame (0xb71ba600): 0:4006)* (DimLayer (0xb7280f80): 0:42)* (DimLayer (0xb7283cf8): 0:8)* (StatusBar (0xb7260098): 2:90252) (com.android.systemui.ImageWallpaper (0xb7278a30): 0:3120)* (NavigationBar (0xb727f888): 0:200) (DimLayer (0xb7266870): 0:10)* (com.touchtalent.bobbleapp/com.touchtalent.bobbleapp.activities.BobbleStoreActivity (0xb72872c0): 38:436) 
07-03 13:24:19.089   406   592 I ThermalEngine: Sensor:xo_therm_pu2:43000 mC
07-03 13:24:19.102   406   591 I ThermalEngine: Sensor:batt_therm:37000 mC
07-03 13:24:20.329   359  1046 I SFPerfTracer:      triggers: (rate: 0:96) (25970 sw vsyncs) (0 skipped) (445:552809 vsyncs) (447:640257)
07-03 13:24:21.605  9220  9220 D AndroidRuntime: >>>>>> START com.android.internal.os.RuntimeInit uid 2000 <<<<<<
07-03 13:24:21.637  9220  9220 D AndroidRuntime: CheckJNI is OFF
07-03 13:24:21.779  9220  9220 D ICU     : No timezone override file found: /data/misc/zoneinfo/current/icu/icu_tzdata.dat
07-03 13:24:21.936  9220  9220 I Radio-JNI: register_android_hardware_Radio DONE
07-03 13:24:22.004  9220  9220 D AndroidRuntime: Calling main entry com.android.commands.pm.Pm
07-03 13:24:22.036  1907  2155 I ActivityManager: Start proc 9233:com.android.defcontainer/u0a2 for service com.android.defcontainer/.DefaultContainerService
07-03 13:24:22.124  1907  1965 I ActivityManager: Start proc 9246:com.android.vending/u0a38 for broadcast com.android.vending/com.google.android.vending.verifier.PackageVerificationReceiver
07-03 13:24:22.276  9246  9246 W System  : ClassLoader referenced unknown path: /data/app/com.android.vending-1/lib/arm
07-03 13:24:22.479  1907  6063 I AccountManagerService: getTypesVisibleToCaller: isPermitted? true
07-03 13:24:22.563  7793  7793 E NewPackFragment: 16
07-03 13:24:22.580  7793  7793 E NewPackFragment: 16
07-03 13:24:22.592  9246  9246 I Finsky  : [1] com.google.android.finsky.FinskyApp.onCreate(428): Initializing network with DFE https://android.clients.google.com/fdfe/
07-03 13:24:22.596  7793  7793 E NewPackFragment: 16
07-03 13:24:22.613  7793  7793 E NewPackFragment: 16
07-03 13:24:22.629  7793  7793 E NewPackFragment: 16
07-03 13:24:22.646  7793  7793 E NewPackFragment: 16
07-03 13:24:22.663  7793  7793 E NewPackFragment: 16
07-03 13:24:22.680  7793  7793 E NewPackFragment: 16
07-03 13:24:22.696  7793  7793 E NewPackFragment: 16
07-03 13:24:22.714  7793  7793 E NewPackFragment: 16
07-03 13:24:22.731  7793  7793 E NewPackFragment: 16
07-03 13:24:22.748  7793  7793 E NewPackFragment: 16
07-03 13:24:22.764  7793  7793 E NewPackFragment: 16
07-03 13:24:22.781  9246  9246 I Finsky  : [1] com.google.android.finsky.services.DailyHygiene.a(171): No need to run daily hygiene.
07-03 13:24:22.781  7793  7793 E NewPackFragment: 16
07-03 13:24:22.794  1907  3005 I AccountManagerService: getTypesVisibleToCaller: isPermitted? true
07-03 13:24:22.798  7793  7793 E NewPackFragment: 16
07-03 13:24:22.813  9246  9246 W Settings: Setting download_manager_max_bytes_over_mobile has moved from android.provider.Settings.Secure to android.provider.Settings.Global.
07-03 13:24:22.814  9246  9246 W Settings: Setting download_manager_recommended_max_bytes_over_mobile has moved from android.provider.Settings.Secure to android.provider.Settings.Global.
07-03 13:24:22.815  7793  7793 E NewPackFragment: 16
07-03 13:24:22.829  7793  7793 E NewPackFragment: 16
07-03 13:24:22.847  7793  7793 E NewPackFragment: 16
07-03 13:24:22.863  7793  7793 E NewPackFragment: 16
07-03 13:24:22.872  9246  9246 I Finsky  : [1] com.google.android.finsky.utils.bk.a(177): Enabling bucket experiment: factor=2.000, zeroDelta=0ms, forceNetwork=false
07-03 13:24:22.874  1907  3035 I AccountManagerService: getTypesVisibleToCaller: isPermitted? true
07-03 13:24:22.874  1907  1932 I AccountManagerService: getTypesVisibleToCaller: isPermitted? true
07-03 13:24:22.876  1907  5738 I AccountManagerService: getTypesVisibleToCaller: isPermitted? true
07-03 13:24:22.922  9246  9246 I Finsky  : [1] com.google.android.vending.verifier.PackageVerificationReceiver.onReceive(41): Verification requested, id = 29
07-03 13:24:22.931  9246  9246 V ConnectivityManager: isActiveNetworkMetered() returns:false
07-03 13:24:22.931  9246  9246 I Finsky  : [1] com.google.android.finsky.receivers.j.a(1226): Installer kick - no action, not running yet
07-03 13:24:22.934  9246  9246 I Finsky  : [1] com.google.android.finsky.j.j.run(208): Loaded library for account: [jsdgNKV_yDMgYC5ZWRabcENwdK8]
07-03 13:24:22.934  9246  9246 I Finsky  : [1] com.google.android.finsky.j.j.run(214): Finished loading 1 libraries.
07-03 13:24:23.070  1907  2876 I AccountManagerService: getTypesVisibleToCaller: isPermitted? true
07-03 13:24:23.070  1907  3355 I AccountManagerService: getTypesVisibleToCaller: isPermitted? true
07-03 13:24:23.080  9246  9246 I Finsky  : [1] com.google.android.finsky.c.l.a(270): result=false type=4
07-03 13:24:23.088  1907  1933 I AccountManagerService: getTypesVisibleToCaller: isPermitted? true
07-03 13:24:23.092  9246  9246 I Finsky  : [1] com.google.android.finsky.services.bc.a(1050): Restore complete with 0 success and 0 failed.
07-03 13:24:23.463  7793  7793 E NewPackFragment: 16
07-03 13:24:23.482  7793  7793 E NewPackFragment: 17
07-03 13:24:23.497  7793  7793 E NewPackFragment: 17
07-03 13:24:23.514  7793  7793 E NewPackFragment: 17
07-03 13:24:23.531  7793  7793 E NewPackFragment: 17
07-03 13:24:23.546  7793  7793 E NewPackFragment: 17
07-03 13:24:23.564  7793  7793 E NewPackFragment: 17
07-03 13:24:23.582  7793  7793 E NewPackFragment: 17
07-03 13:24:23.596  7793  7793 E NewPackFragment: 17
07-03 13:24:23.614  7793  7793 E NewPackFragment: 17
07-03 13:24:23.631  7793  7793 E NewPackFragment: 17
07-03 13:24:23.648  7793  7793 E NewPackFragment: 17
07-03 13:24:23.663  7793  7793 E NewPackFragment: 17
07-03 13:24:23.680  7793  7793 E NewPackFragment: 17
07-03 13:24:23.696  7793  7793 E NewPackFragment: 17
07-03 13:24:23.713  7793  7793 E NewPackFragment: 17
07-03 13:24:23.731  7793  7793 E NewPackFragment: 17
07-03 13:24:23.746  7793  7793 E NewPackFragment: 17
07-03 13:24:23.763  7793  7793 E NewPackFragment: 17
07-03 13:24:23.780  7793  7793 E NewPackFragment: 17
07-03 13:24:23.796  7793  7793 E NewPackFragment: 17
07-03 13:24:23.813  7793  7793 E NewPackFragment: 17
07-03 13:24:23.829  7793  7793 E NewPackFragment: 17
07-03 13:24:23.846  7793  7793 E NewPackFragment: 17
07-03 13:24:23.864  7793  7793 E NewPackFragment: 17
07-03 13:24:23.879  7793  7793 E NewPackFragment: 17
07-03 13:24:23.896  7793  7793 E NewPackFragment: 17
07-03 13:24:23.913  7793  7793 E NewPackFragment: 17
07-03 13:24:23.929  7793  7793 E NewPackFragment: 17
07-03 13:24:23.946  7793  7793 E NewPackFragment: 17
07-03 13:24:23.963  7793  7793 E NewPackFragment: 17
07-03 13:24:23.980  7793  7793 E NewPackFragment: 17
07-03 13:24:24.677  9246  9246 I Finsky  : [1] com.google.android.vending.verifier.ab.a_(1724): Verification id=29 response=0
07-03 13:24:24.680  9246  9246 I Finsky  : [1] com.google.android.vending.verifier.v.b(189): Verification complete: id=29, package_name=com.samplekeyboard
07-03 13:24:24.680  9246  9246 I Finsky  : [1] com.google.android.vending.verifier.v.k(6940): Verifying id=29, result=1
07-03 13:24:24.684  1907  5711 I ActivityManager: Killing 7338:com.google.android.calendar/u0a49 (adj 15): empty #7
07-03 13:24:24.709  9233  9243 D DefContainer: Copying /data/local/tmp/app-debug.apk to base.apk
07-03 13:24:24.995  1907  2155 I PackageManager.DexOptimizer: Running dexopt (dex2oat) on: /data/app/vmdl995495401.tmp/base.apk pkg=com.samplekeyboard isa=arm vmSafeMode=false debuggable=true oatDir = /data/app/vmdl995495401.tmp/oat
07-03 13:24:25.136  9307  9307 I dex2oat : /system/bin/dex2oat -j4 --debuggable
07-03 13:24:25.469  9307  9311 W dex2oat : Before Android 4.1, method int android.support.v7.widget.ListViewCompat.lookForSelectablePosition(int, boolean) would have incorrectly overridden the package-private method in android.widget.ListView
07-03 13:24:25.496  7793  7793 E NewPackFragment: 17
07-03 13:24:25.515  7793  7793 E NewPackFragment: 17
07-03 13:24:25.524  9307  9309 W dex2oat : Before Android 4.1, method android.graphics.PorterDuffColorFilter android.support.graphics.drawable.VectorDrawableCompat.updateTintFilter(android.graphics.PorterDuffColorFilter, android.content.res.ColorStateList, android.graphics.PorterDuff$Mode) would have incorrectly overridden the package-private method in android.graphics.drawable.Drawable
07-03 13:24:25.531  7793  7793 E NewPackFragment: 17
07-03 13:24:25.546  7793  7793 E NewPackFragment: 17
07-03 13:24:25.563  7793  7793 E NewPackFragment: 17
07-03 13:24:25.580  7793  7793 E NewPackFragment: 17
07-03 13:24:25.596  7793  7793 E NewPackFragment: 17
07-03 13:24:25.613  7793  7793 E NewPackFragment: 17
07-03 13:24:25.630  7793  7793 E NewPackFragment: 17
07-03 13:24:25.646  7793  7793 E NewPackFragment: 17
07-03 13:24:25.663  7793  7793 E NewPackFragment: 17
07-03 13:24:25.680  7793  7793 E NewPackFragment: 17
07-03 13:24:25.696  7793  7793 E NewPackFragment: 17
07-03 13:24:25.713  7793  7793 E NewPackFragment: 17
07-03 13:24:25.730  7793  7793 E NewPackFragment: 17
07-03 13:24:25.746  7793  7793 E NewPackFragment: 17
07-03 13:24:25.897  7793  7793 E NewPackFragment: 17
07-03 13:24:25.913  7793  7793 E NewPackFragment: 17
07-03 13:24:25.930  7793  7793 E NewPackFragment: 17
07-03 13:24:25.946  7793  7793 E NewPackFragment: 17
07-03 13:24:25.963  7793  7793 E NewPackFragment: 17
07-03 13:24:25.980  7793  7793 E NewPackFragment: 17
07-03 13:24:25.996  7793  7793 E NewPackFragment: 17
07-03 13:24:26.013  7793  7793 E NewPackFragment: 17
07-03 13:24:26.030  7793  7793 E NewPackFragment: 17
07-03 13:24:26.046  7793  7793 E NewPackFragment: 17
07-03 13:24:26.063  7793  7793 E NewPackFragment: 17
07-03 13:24:26.082  7793  7793 E NewPackFragment: 18
07-03 13:24:26.096  7793  7793 E NewPackFragment: 18
07-03 13:24:26.113  7793  7793 E NewPackFragment: 18
07-03 13:24:26.129  7793  7793 E NewPackFragment: 18
07-03 13:24:26.146  7793  7793 E NewPackFragment: 18
07-03 13:24:26.163  7793  7793 E NewPackFragment: 18
07-03 13:24:26.179  7793  7793 E NewPackFragment: 18
07-03 13:24:26.196  7793  7793 E NewPackFragment: 18
07-03 13:24:26.213  7793  7793 E NewPackFragment: 18
07-03 13:24:26.230  7793  7793 E NewPackFragment: 18
07-03 13:24:26.246  7793  7793 E NewPackFragment: 18
07-03 13:24:26.263  7793  7793 E NewPackFragment: 18
07-03 13:24:26.279  7793  7793 E NewPackFragment: 18
07-03 13:24:26.296  7793  7793 E NewPackFragment: 18
07-03 13:24:26.313  7793  7793 E NewPackFragment: 18
07-03 13:24:26.329  7793  7793 E NewPackFragment: 18
07-03 13:24:26.346  7793  7793 E NewPackFragment: 18
07-03 13:24:26.363  7793  7793 E NewPackFragment: 18
07-03 13:24:26.379  7793  7793 E NewPackFragment: 18
07-03 13:24:26.396  7793  7793 E NewPackFragment: 18
07-03 13:24:26.413  7793  7793 E NewPackFragment: 18
07-03 13:24:26.429  7793  7793 E NewPackFragment: 18
07-03 13:24:26.446  7793  7793 E NewPackFragment: 18
07-03 13:24:26.463  7793  7793 E NewPackFragment: 18
07-03 13:24:26.479  7793  7793 E NewPackFragment: 18
07-03 13:24:26.496  7793  7793 E NewPackFragment: 18
07-03 13:24:26.513  7793  7793 E NewPackFragment: 18
07-03 13:24:26.546  7793  7793 E NewPackFragment: 18
07-03 13:24:27.030   359   359 I SFPerfTracer:      triggers: (rate: 731:19760) (compose: 0:18) (post: 0:11) (render: 54:1751) (46:345900 frames) (47:394630)
07-03 13:24:27.031   359   359 D SFPerfTracer:        layers: (3:9) (FocusedStackFrame (0xb71ba600): 0:4006)* (DimLayer (0xb7280f80): 0:42)* (DimLayer (0xb7283cf8): 0:8)* (StatusBar (0xb7260098): 2:90258) (com.android.systemui.ImageWallpaper (0xb7278a30): 0:3120)* (NavigationBar (0xb727f888): 0:200) (DimLayer (0xb7266870): 0:10)* (com.touchtalent.bobbleapp/com.touchtalent.bobbleapp.activities.BobbleStoreActivity (0xb72872c0): 47:558) 
07-03 13:24:27.230  7793  7793 E NewPackFragment: 18
07-03 13:24:27.246  7793  7793 E NewPackFragment: 18
07-03 13:24:27.263  7793  7793 E NewPackFragment: 18
07-03 13:24:27.280  7793  7793 E NewPackFragment: 18
07-03 13:24:27.296  7793  7793 E NewPackFragment: 18
07-03 13:24:27.313  7793  7793 E NewPackFragment: 18
07-03 13:24:27.330  7793  7793 E NewPackFragment: 18
07-03 13:24:27.360  7793  7793 E NewPackFragment: 19
07-03 13:24:27.363  7793  7793 E NewPackFragment: 19
07-03 13:24:27.380  7793  7793 E NewPackFragment: 19
07-03 13:24:27.397  7793  7793 E NewPackFragment: 19
07-03 13:24:27.413  7793  7793 E NewPackFragment: 19
07-03 13:24:27.430  7793  7793 E NewPackFragment: 19
07-03 13:24:27.447  7793  7793 E NewPackFragment: 19
07-03 13:24:27.463  7793  7793 E NewPackFragment: 19
07-03 13:24:27.480  7793  7793 E NewPackFragment: 19
07-03 13:24:27.497  7793  7793 E NewPackFragment: 19
07-03 13:24:27.513  7793  7793 E NewPackFragment: 19
07-03 13:24:27.530  7793  7793 E NewPackFragment: 19
07-03 13:24:27.547  7793  7793 E NewPackFragment: 19
07-03 13:24:27.563  7793  7793 E NewPackFragment: 19
07-03 13:24:27.580  7793  7793 E NewPackFragment: 19
07-03 13:24:27.596  7793  7793 E NewPackFragment: 19
07-03 13:24:28.003  1907  1933 I ActivityManager: START u0 {flg=0x10000000 cmp=com.touchtalent.bobbleapp/.activities.StickerPackDetailsActivity (has extras)} from uid 10153 on display 0
07-03 13:24:28.012   359  1046 I SFPerfTracer:      triggers: (rate: 0:96) (25970 sw vsyncs) (0 skipped) (444:553253 vsyncs) (446:640703)
07-03 13:24:28.013  7793  7793 E Lifecycle handler: onactivitypause
07-03 13:24:28.033  7793  7793 I AppCompatViewInflater: app:theme is now deprecated. Please move to using android:theme instead.
07-03 13:24:28.067  7793  7793 D ShareAdapter: ShareAdapter
07-03 13:24:28.090  7793  7793 E Lifecycle handler: onactivitystarted
07-03 13:24:28.179  7793  7793 E Lifecycle handler: app not in background
07-03 13:24:28.188  1907  2123 I LaunchCheckinHandler: Displayed com.touchtalent.bobbleapp/.activities.StickerPackDetailsActivity,wp,ca,175
07-03 13:24:28.189  1907  2123 I ActivityManager: Displayed com.touchtalent.bobbleapp/.activities.StickerPackDetailsActivity: +175ms
07-03 13:24:28.341  1907  5711 I ActivityManager: Process com.motorola.MotGallery2 (pid 2394) has died
07-03 13:24:28.342  1907  5711 W ActivityManager: Scheduling restart of crashed service com.motorola.MotGallery2/com.motorola.blur.service.blur.JobSchedulerService in 1000ms
07-03 13:24:28.362  1907  3006 I libprocessgroup: Killing pid 7608 in uid 10128 as part of process group 7060
07-03 13:24:28.364  1907  2318 D WifiService: Client connection lost with reason: 4
07-03 13:24:28.364  1907  3005 E WifiService: Multicaster binderDied
07-03 13:24:28.377  1907  5738 D ConnectivityService: ConnectivityService NetworkRequestInfo binderDied(NetworkRequest [ id=207, legacyType=-1, [ Capabilities: INTERNET&NOT_RESTRICTED&TRUSTED&NOT_VPN] ], android.os.BinderProxy@2497ea7)
07-03 13:24:28.381  1907  2319 D ConnectivityService: releasing NetworkRequest NetworkRequest [ id=207, legacyType=-1, [ Capabilities: INTERNET&NOT_RESTRICTED&TRUSTED&NOT_VPN] ]
07-03 13:24:28.405  1907  2319 E ConnectivityService: RemoteException caught trying to send a callback msg for NetworkRequest [ id=207, legacyType=-1, [ Capabilities: INTERNET&NOT_RESTRICTED&TRUSTED&NOT_VPN] ]
07-03 13:24:28.431  1907  3006 I ActivityManager: Process com.estrongs.android.pop (pid 7060) has died
07-03 13:24:28.565  7793  7793 D MyPackFragment: onStop
07-03 13:24:28.565  7793  7793 D NewPackFragment: onStop
07-03 13:24:29.093   406   592 I ThermalEngine: Sensor:xo_therm_pu2:44000 mC
