07-03 12:15:32.671 19321 19321 W ViewRootImpl: Cancelling event due to no window focus: KeyEvent { action=ACTION_UP, keyCode=KEYCODE_BACK, scanCode=0, metaState=0, flags=0x68, repeatCount=0, eventTime=43784062, downTime=43784060, deviceId=-1, source=0x101 }
07-03 12:15:33.198   359  1046 I chatty  : uid=1000(system) EventThread expire 11 lines
07-03 12:15:34.293  1907  1932 I chatty  : uid=1000(system) Binder_1 expire 11 lines
07-03 12:15:35.312  1907  2318 I chatty  : uid=1000(system) WifiService expire 11 lines
07-03 12:15:43.137  1907  2917 I chatty  : uid=1000(system) Binder_8 expire 11 lines
07-03 12:15:44.999  1907  5738 I chatty  : uid=1000(system) Binder_F expire 10 lines
07-03 12:15:53.446  2389  2389 D StatusBarKeyguardViewManager: showKeyguard, but hide Bouncer
07-03 12:15:54.223  1907  1907 I chatty  : uid=1000 system_server expire 38 lines
07-03 12:15:56.351  1907  2303 I chatty  : uid=1000(system) AlarmManager expire 29 lines
07-03 12:15:56.666  1907  1965 I chatty  : uid=1000(system) ActivityManager expire 10 lines
07-03 12:15:56.984  1907  3355 I chatty  : uid=1000(system) Binder_C expire 10 lines
07-03 12:16:10.986  1907  2617 I chatty  : uid=1000(system) Binder_5 expire 11 lines
07-03 12:17:15.750  1907  2299 I chatty  : uid=1000(system) UEventObserver expire 12 lines
07-03 12:23:03.700  1907  3005 I chatty  : uid=1000(system) Binder_9 expire 10 lines
07-03 12:25:09.730  1907  5711 I chatty  : uid=1000(system) Binder_E expire 10 lines
07-03 12:25:13.438  1907  2405 I chatty  : uid=1000(system) Binder_3 expire 10 lines
07-03 12:25:15.500   359   359 I chatty  : uid=1000(system) /system/bin/surfaceflinger expire 10 lines
07-03 12:25:20.167  1907  2421 I chatty  : uid=1000(system) Binder_4 expire 10 lines
07-03 12:25:21.252  1907  2123 I chatty  : uid=1000(system) android.display expire 10 lines
07-03 12:25:35.022  1907  2134 I chatty  : uid=1000(system) PowerManagerSer expire 10 lines
07-03 12:25:40.195  2389  2389 D StatusBarKeyguardViewManager: showKeyguard, but hide Bouncer
07-03 12:25:41.868  1907  2303 I chatty  : uid=1000(system) AlarmManager expire 11 lines
07-03 12:25:41.927  1907  1907 I chatty  : uid=1000 system_server expire 11 lines
07-03 12:26:06.250  1907  1965 I chatty  : uid=1000(system) ActivityManager expire 11 lines
07-03 12:26:07.314  1907  6063 I chatty  : uid=1000(system) Binder_10 expire 13 lines
07-03 12:26:08.490  1907  3035 I chatty  : uid=1000(system) Binder_B expire 10 lines
07-03 12:26:08.614  1907  1933 I chatty  : uid=1000(system) Binder_2 expire 13 lines
07-03 12:26:11.157  1907  2318 I chatty  : uid=1000(system) WifiService expire 11 lines
07-03 12:26:15.858  1907  2876 I chatty  : uid=1000(system) Binder_7 expire 16 lines
07-03 12:26:17.681  2389  2389 D StatusBarKeyguardViewManager: showKeyguard, but hide Bouncer
07-03 12:26:22.461 26734 26734 W ActivityThread: ClassLoader.loadClass: The class loader returned by Thread.getContextClassLoader() may fail for processes that host multiple applications. You should explicitly specify a context class loader. For example: Thread.setContextClassLoader(getClass().getClassLoader());
07-03 12:26:23.811   359   359 I chatty  : uid=1000(system) /system/bin/surfaceflinger expire 12 lines
07-03 12:26:23.959   359  1046 I chatty  : uid=1000(system) EventThread expire 19 lines
07-03 12:26:25.359  1907  2299 I chatty  : uid=1000(system) UEventObserver expire 12 lines
07-03 12:26:28.214   801   893 E NetlinkListener: recvmsg failed (No buffer space available)
07-03 12:26:28.216   755   908 E NetlinkListener: recvmsg failed (No buffer space available)
07-03 12:26:34.643 26814 26814 E ActivityThread: Service com.google.android.gms.car.CarService has leaked ServiceConnection com.google.android.gms.car.CarCallService@6a047a3 that was originally bound here
07-03 12:26:34.643 26814 26814 E ActivityThread: android.app.ServiceConnectionLeaked: Service com.google.android.gms.car.CarService has leaked ServiceConnection com.google.android.gms.car.CarCallService@6a047a3 that was originally bound here
07-03 12:26:34.643 26814 26814 E ActivityThread: 	at android.app.LoadedApk$ServiceDispatcher.<init>(LoadedApk.java:1092)
07-03 12:26:34.643 26814 26814 E ActivityThread: 	at android.app.LoadedApk.getServiceDispatcher(LoadedApk.java:986)
07-03 12:26:34.643 26814 26814 E ActivityThread: 	at android.app.ContextImpl.bindServiceCommon(ContextImpl.java:1303)
07-03 12:26:34.643 26814 26814 E ActivityThread: 	at android.app.ContextImpl.bindService(ContextImpl.java:1286)
07-03 12:26:34.643 26814 26814 E ActivityThread: 	at android.content.ContextWrapper.bindService(ContextWrapper.java:604)
07-03 12:26:34.643 26814 26814 E ActivityThread: 	at android.content.ContextWrapper.bindService(ContextWrapper.java:604)
07-03 12:26:34.643 26814 26814 E ActivityThread: 	at android.content.ContextWrapper.bindService(ContextWrapper.java:604)
07-03 12:26:34.643 26814 26814 E ActivityThread: 	at irv.a(:com.google.android.gms:120)
07-03 12:26:34.643 26814 26814 E ActivityThread: 	at irv.a(:com.google.android.gms:137)
07-03 12:26:34.643 26814 26814 E ActivityThread: 	at com.google.android.gms.car.CarCallService.h(:com.google.android.gms:76)
07-03 12:26:34.643 26814 26814 E ActivityThread: 	at com.google.android.gms.car.CarCallService.<init>(:com.google.android.gms:64)
07-03 12:26:34.643 26814 26814 E ActivityThread: 	at fgl.i(:com.google.android.gms:551)
07-03 12:26:34.643 26814 26814 E ActivityThread: 	at com.google.android.gms.car.CarChimeraService.onBind(:com.google.android.gms:163)
07-03 12:26:34.643 26814 26814 E ActivityThread: 	at com.google.android.chimera.container.ServiceProxy.onBind(:com.google.android.gms:160)
07-03 12:26:34.643 26814 26814 E ActivityThread: 	at android.app.ActivityThread.handleBindService(ActivityThread.java:2922)
07-03 12:26:34.643 26814 26814 E ActivityThread: 	at android.app.ActivityThread.-wrap2(ActivityThread.java)
07-03 12:26:34.643 26814 26814 E ActivityThread: 	at android.app.ActivityThread$H.handleMessage(ActivityThread.java:1442)
07-03 12:26:34.643 26814 26814 E ActivityThread: 	at android.os.Handler.dispatchMessage(Handler.java:102)
07-03 12:26:34.643 26814 26814 E ActivityThread: 	at android.os.Looper.loop(Looper.java:148)
07-03 12:26:34.643 26814 26814 E ActivityThread: 	at android.app.ActivityThread.main(ActivityThread.java:5443)
07-03 12:26:34.643 26814 26814 E ActivityThread: 	at java.lang.reflect.Method.invoke(Native Method)
07-03 12:26:34.643 26814 26814 E ActivityThread: 	at com.android.internal.os.ZygoteInit$MethodAndArgsCaller.run(ZygoteInit.java:728)
07-03 12:26:34.643 26814 26814 E ActivityThread: 	at com.android.internal.os.ZygoteInit.main(ZygoteInit.java:618)
07-03 12:26:39.726  1907  3006 I chatty  : uid=1000(system) Binder_A expire 11 lines
07-03 12:26:40.860  3023  3023 W ViewRootImpl: Dropping event due to no window focus: KeyEvent { action=ACTION_DOWN, keyCode=KEYCODE_BACK, scanCode=0, metaState=0, flags=0x48, repeatCount=0, eventTime=44026404, downTime=44026404, deviceId=-1, source=0x101 }
07-03 12:26:40.866  3023  3023 W ViewRootImpl: Cancelling event due to no window focus: KeyEvent { action=ACTION_UP, keyCode=KEYCODE_BACK, scanCode=0, metaState=0, flags=0x68, repeatCount=0, eventTime=44026440, downTime=44026404, deviceId=-1, source=0x101 }
07-03 12:26:40.866  3023  3023 W ViewRootImpl: Cancelling event due to no window focus: KeyEvent { action=ACTION_UP, keyCode=KEYCODE_BACK, scanCode=0, metaState=0, flags=0x68, repeatCount=0, eventTime=44026440, downTime=44026404, deviceId=-1, source=0x101 }
07-03 12:26:40.866  3023  3023 W ViewRootImpl: Cancelling event due to no window focus: KeyEvent { action=ACTION_UP, keyCode=KEYCODE_BACK, scanCode=0, metaState=0, flags=0x68, repeatCount=0, eventTime=44026440, downTime=44026404, deviceId=-1, source=0x101 }
07-03 12:26:40.867  3023  3023 W ViewRootImpl: Cancelling event due to no window focus: KeyEvent { action=ACTION_UP, keyCode=KEYCODE_BACK, scanCode=0, metaState=0, flags=0x68, repeatCount=0, eventTime=44026440, downTime=44026404, deviceId=-1, source=0x101 }
07-03 12:26:40.867  3023  3023 W ViewRootImpl: Cancelling event due to no window focus: KeyEvent { action=ACTION_UP, keyCode=KEYCODE_BACK, scanCode=0, metaState=0, flags=0x68, repeatCount=0, eventTime=44026440, downTime=44026404, deviceId=-1, source=0x101 }
07-03 12:26:40.867  3023  3023 W ViewRootImpl: Cancelling event due to no window focus: KeyEvent { action=ACTION_UP, keyCode=KEYCODE_BACK, scanCode=0, metaState=0, flags=0x68, repeatCount=0, eventTime=44026440, downTime=44026404, deviceId=-1, source=0x101 }
07-03 12:26:40.867  3023  3023 W ViewRootImpl: Cancelling event due to no window focus: KeyEvent { action=ACTION_UP, keyCode=KEYCODE_BACK, scanCode=0, metaState=0, flags=0x68, repeatCount=0, eventTime=44026440, downTime=44026404, deviceId=-1, source=0x101 }
07-03 12:26:40.867  3023  3023 W ViewRootImpl: Cancelling event due to no window focus: KeyEvent { action=ACTION_UP, keyCode=KEYCODE_BACK, scanCode=0, metaState=0, flags=0x68, repeatCount=0, eventTime=44026440, downTime=44026404, deviceId=-1, source=0x101 }
07-03 12:26:40.867  3023  3023 W ViewRootImpl: Cancelling event due to no window focus: KeyEvent { action=ACTION_UP, keyCode=KEYCODE_BACK, scanCode=0, metaState=0, flags=0x68, repeatCount=0, eventTime=44026440, downTime=44026404, deviceId=-1, source=0x101 }
07-03 12:26:42.030  1907  1932 I chatty  : uid=1000(system) Binder_1 expire 13 lines
07-03 12:26:43.015  1907  3367 I chatty  : uid=1000(system) Binder_D expire 10 lines
07-03 12:26:47.087  1907  1961 I chatty  : uid=1000(system) android.bg expire 9 lines
07-03 12:26:47.528 27254 27283 D ActivityThread: Loading provider com.android.email.provider;com.android.email.notifier: com.android.email.provider.EmailProvider
07-03 12:26:48.039  1907  2917 I chatty  : uid=1000(system) Binder_8 expire 10 lines
07-03 12:27:02.352  1907  2303 I chatty  : uid=1000(system) AlarmManager expire 12 lines
07-03 12:27:02.391  1907  1907 I chatty  : uid=1000 system_server expire 15 lines
07-03 12:27:02.716  2389  2389 D StatusBarKeyguardViewManager: showKeyguard, but hide Bouncer
07-03 12:27:03.455  1907  2318 I chatty  : uid=1000(system) WifiService expire 13 lines
07-03 12:27:05.000  1907  2421 I chatty  : uid=1000(system) Binder_4 expire 11 lines
07-03 12:27:06.196  1907  3035 I chatty  : uid=1000(system) Binder_B expire 10 lines
07-03 12:27:11.847  1907  5711 I chatty  : uid=1000(system) Binder_E expire 10 lines
07-03 12:27:11.848  1907  2319 I chatty  : uid=1000(system) ConnectivitySer expire 11 lines
07-03 12:27:29.320  1907  5738 I chatty  : uid=1000(system) Binder_F expire 12 lines
07-03 12:28:03.806  1907  2299 I chatty  : uid=1000(system) UEventObserver expire 10 lines
07-03 12:28:24.827  1907  2134 I chatty  : uid=1000(system) PowerManagerSer expire 10 lines
07-03 12:28:25.656  2389  2389 D StatusBarKeyguardViewManager: showKeyguard, but hide Bouncer
07-03 12:28:32.076  1907  3355 I chatty  : uid=1000(system) Binder_C expire 18 lines
07-03 12:31:12.581   359   359 I chatty  : uid=1000(system) /system/bin/surfaceflinger expire 24 lines
07-03 12:31:12.996  1907  2155 I chatty  : uid=1000(system) PackageManager expire 10 lines
07-03 12:31:15.946 28188 28203 D DefContainer: Copying /data/local/tmp/app-debug.apk to base.apk
07-03 12:31:16.484  1907  3005 I chatty  : uid=1000(system) Binder_9 expire 13 lines
07-03 12:31:18.259  1907  1965 I chatty  : uid=1000(system) ActivityManager expire 11 lines
07-03 12:31:25.918  1907  1907 I chatty  : uid=1000 system_server expire 10 lines
07-03 12:31:26.967 28510 28510 I chatty  : uid=1000(system) com.android.keychain expire 1 line
07-03 12:31:28.622  1907  2405 I chatty  : uid=1000(system) Binder_3 expire 10 lines
07-03 12:31:40.908  1907  2303 I chatty  : uid=1000(system) AlarmManager expire 10 lines
07-03 12:32:11.227 29719 29719 E ActivityThread: Service com.google.android.gms.car.CarService has leaked ServiceConnection com.google.android.gms.car.CarCallService@6a047a3 that was originally bound here
07-03 12:32:11.227 29719 29719 E ActivityThread: android.app.ServiceConnectionLeaked: Service com.google.android.gms.car.CarService has leaked ServiceConnection com.google.android.gms.car.CarCallService@6a047a3 that was originally bound here
07-03 12:32:11.227 29719 29719 E ActivityThread: 	at android.app.LoadedApk$ServiceDispatcher.<init>(LoadedApk.java:1092)
07-03 12:32:11.227 29719 29719 E ActivityThread: 	at android.app.LoadedApk.getServiceDispatcher(LoadedApk.java:986)
07-03 12:32:11.227 29719 29719 E ActivityThread: 	at android.app.ContextImpl.bindServiceCommon(ContextImpl.java:1303)
07-03 12:32:11.227 29719 29719 E ActivityThread: 	at android.app.ContextImpl.bindService(ContextImpl.java:1286)
07-03 12:32:11.227 29719 29719 E ActivityThread: 	at android.content.ContextWrapper.bindService(ContextWrapper.java:604)
07-03 12:32:11.227 29719 29719 E ActivityThread: 	at android.content.ContextWrapper.bindService(ContextWrapper.java:604)
07-03 12:32:11.227 29719 29719 E ActivityThread: 	at android.content.ContextWrapper.bindService(ContextWrapper.java:604)
07-03 12:32:11.227 29719 29719 E ActivityThread: 	at irv.a(:com.google.android.gms:120)
07-03 12:32:11.227 29719 29719 E ActivityThread: 	at irv.a(:com.google.android.gms:137)
07-03 12:32:11.227 29719 29719 E ActivityThread: 	at com.google.android.gms.car.CarCallService.h(:com.google.android.gms:76)
07-03 12:32:11.227 29719 29719 E ActivityThread: 	at com.google.android.gms.car.CarCallService.<init>(:com.google.android.gms:64)
07-03 12:32:11.227 29719 29719 E ActivityThread: 	at fgl.i(:com.google.android.gms:551)
07-03 12:32:11.227 29719 29719 E ActivityThread: 	at com.google.android.gms.car.CarChimeraService.onBind(:com.google.android.gms:163)
07-03 12:32:11.227 29719 29719 E ActivityThread: 	at com.google.android.chimera.container.ServiceProxy.onBind(:com.google.android.gms:160)
07-03 12:32:11.227 29719 29719 E ActivityThread: 	at android.app.ActivityThread.handleBindService(ActivityThread.java:2922)
07-03 12:32:11.227 29719 29719 E ActivityThread: 	at android.app.ActivityThread.-wrap2(ActivityThread.java)
07-03 12:32:11.227 29719 29719 E ActivityThread: 	at android.app.ActivityThread$H.handleMessage(ActivityThread.java:1442)
07-03 12:32:11.227 29719 29719 E ActivityThread: 	at android.os.Handler.dispatchMessage(Handler.java:102)
07-03 12:32:11.227 29719 29719 E ActivityThread: 	at android.os.Looper.loop(Looper.java:148)
07-03 12:32:11.227 29719 29719 E ActivityThread: 	at android.app.ActivityThread.main(ActivityThread.java:5443)
07-03 12:32:11.227 29719 29719 E ActivityThread: 	at java.lang.reflect.Method.invoke(Native Method)
07-03 12:32:11.227 29719 29719 E ActivityThread: 	at com.android.internal.os.ZygoteInit$MethodAndArgsCaller.run(ZygoteInit.java:728)
07-03 12:32:11.227 29719 29719 E ActivityThread: 	at com.android.internal.os.ZygoteInit.main(ZygoteInit.java:618)
07-03 12:32:11.227  1907  3006 I chatty  : uid=1000(system) Binder_A expire 11 lines
07-03 12:32:18.273  1907  2123 I chatty  : uid=1000(system) android.display expire 11 lines
07-03 12:32:19.472  1907  5738 I chatty  : uid=1000(system) Binder_F expire 10 lines
07-03 12:32:19.710  1907  2617 I chatty  : uid=1000(system) Binder_5 expire 10 lines
07-03 12:32:19.711  1907  2318 I chatty  : uid=1000(system) WifiService expire 10 lines
07-03 12:32:22.848  2389  2389 D StatusBarKeyguardViewManager: showKeyguard, but hide Bouncer
07-03 12:32:36.179  1907  1907 I chatty  : uid=1000 system_server expire 12 lines
07-03 12:32:36.423  1907  2767 I chatty  : uid=1000(system) Binder_6 expire 12 lines
07-03 12:32:49.029  1907  2155 I chatty  : uid=1000(system) PackageManager expire 10 lines
07-03 12:32:50.919 29908 29918 D DefContainer: Copying /data/local/tmp/app-debug.apk to base.apk
07-03 12:32:51.450  1907  2303 I chatty  : uid=1000(system) AlarmManager expire 13 lines
07-03 12:32:57.394  1907  1965 I chatty  : uid=1000(system) ActivityManager expire 10 lines
07-03 12:32:57.766 29978 29978 I chatty  : uid=1000(system) com.android.keychain expire 1 line
07-03 12:32:57.833  1907  1933 I chatty  : uid=1000(system) Binder_2 expire 11 lines
07-03 12:32:59.179   359  1046 I chatty  : uid=1000(system) EventThread expire 10 lines
07-03 12:33:00.702   359   359 I chatty  : uid=1000(system) /system/bin/surfaceflinger expire 12 lines
07-03 12:33:01.471  1907  2917 I chatty  : uid=1000(system) Binder_8 expire 10 lines
07-03 12:33:01.731  1907  3035 I chatty  : uid=1000(system) Binder_B expire 10 lines
07-03 12:33:04.743  1907  2319 I chatty  : uid=1000(system) ConnectivitySer expire 11 lines
07-03 12:33:05.033  1907  2876 I chatty  : uid=1000(system) Binder_7 expire 10 lines
07-03 12:33:43.074  1907  2134 I chatty  : uid=1000(system) PowerManagerSer expire 15 lines
07-03 12:33:48.233  2389  2389 D StatusBarKeyguardViewManager: showKeyguard, but hide Bouncer
07-03 12:34:03.147  1907  1907 I chatty  : uid=1000 system_server expire 10 lines
07-03 12:34:09.735  1907  3005 I chatty  : uid=1000(system) Binder_9 expire 11 lines
07-03 12:34:09.983 31133 31164 D ActivityThread: Loading provider com.android.email.provider;com.android.email.notifier: com.android.email.provider.EmailProvider
07-03 12:34:11.965  1907  1932 I chatty  : uid=1000(system) Binder_1 expire 12 lines
07-03 12:34:12.144  1907  2318 I chatty  : uid=1000(system) WifiService expire 10 lines
07-03 12:34:19.783   359   359 I chatty  : uid=1000(system) /system/bin/surfaceflinger expire 19 lines
07-03 12:34:19.840  2389  2389 D StatusBarKeyguardViewManager: showKeyguard, but hide Bouncer
07-03 12:34:20.692  1907  2421 I chatty  : uid=1000(system) Binder_4 expire 12 lines
07-03 12:34:44.726 31715 31740 D ActivityThread: Loading provider com.android.email.provider;com.android.email.notifier: com.android.email.provider.EmailProvider
07-03 12:34:51.767   359  1046 I chatty  : uid=1000(system) EventThread expire 13 lines
07-03 12:35:00.001  1907  2303 I chatty  : uid=1000(system) AlarmManager expire 11 lines
07-03 12:35:28.367  2389  2389 D StatusBarKeyguardViewManager: showKeyguard, but hide Bouncer
07-03 12:35:45.770  1907  1907 I chatty  : uid=1000 system_server expire 11 lines
07-03 12:35:46.065  1907  2767 I chatty  : uid=1000(system) Binder_6 expire 6 lines
07-03 12:35:46.893  1907  2318 I chatty  : uid=1000(system) WifiService expire 10 lines
07-03 12:35:46.905  1907  3367 I chatty  : uid=1000(system) Binder_D expire 11 lines
07-03 12:36:03.458  1907  6063 I chatty  : uid=1000(system) Binder_10 expire 11 lines
07-03 12:36:04.581  1907  2299 I chatty  : uid=1000(system) UEventObserver expire 12 lines
07-03 12:36:34.444  1907  1965 I chatty  : uid=1000(system) ActivityManager expire 13 lines
07-03 12:37:18.492  1907  2305 I chatty  : uid=1000(system) InputReader expire 6 lines
07-03 12:37:20.848   359   359 I chatty  : uid=1000(system) /system/bin/surfaceflinger expire 12 lines
07-03 12:37:31.001  1907  2917 I chatty  : uid=1000(system) Binder_8 expire 10 lines
07-03 12:37:46.063  1907  2134 I chatty  : uid=1000(system) PowerManagerSer expire 11 lines
07-03 12:37:46.490  2389  2389 D StatusBarKeyguardViewManager: showKeyguard, but hide Bouncer
07-03 12:37:46.736  1907  2617 I chatty  : uid=1000(system) Binder_5 expire 4 lines
07-03 12:37:47.149  1907  2123 I chatty  : uid=1000(system) android.display expire 7 lines
07-03 12:37:59.999  1907  2303 I chatty  : uid=1000(system) AlarmManager expire 27 lines
07-03 12:38:00.079  1907  1907 I chatty  : uid=1000 system_server expire 28 lines
07-03 12:38:09.666  1907  5711 I chatty  : uid=1000(system) Binder_E expire 8 lines
07-03 12:38:28.628  2389  2389 D StatusBarKeyguardViewManager: showKeyguard, but hide Bouncer
07-03 12:38:33.799  1907  3035 I chatty  : uid=1000(system) Binder_B expire 6 lines
07-03 12:42:20.694  1907  5738 I chatty  : uid=1000(system) Binder_F expire 10 lines
07-03 12:49:42.351  2161  2189 D ActivityThread: Loading provider com.android.email.provider;com.android.email.notifier: com.android.email.provider.EmailProvider
07-03 12:49:44.244  1907  2299 I chatty  : uid=1000(system) UEventObserver expire 15 lines
07-03 12:50:42.858  1907  2303 I chatty  : uid=1000(system) AlarmManager expire 20 lines
07-03 12:50:42.867  1907  1907 I chatty  : uid=1000 system_server expire 13 lines
07-03 12:52:46.069  1907  2318 I chatty  : uid=1000(system) WifiService expire 12 lines
07-03 12:52:46.096  1907  2405 I chatty  : uid=1000(system) Binder_3 expire 8 lines
07-03 12:52:47.441  1907  1965 I chatty  : uid=1000(system) ActivityManager expire 12 lines
07-03 12:54:38.670   359  1046 I chatty  : uid=1000(system) EventThread expire 4 lines
07-03 12:54:39.582   359   359 I chatty  : uid=1000(system) /system/bin/surfaceflinger expire 9 lines
07-03 12:54:45.010  1907  3355 I chatty  : uid=1000(system) Binder_C expire 10 lines
07-03 12:54:49.759  1907  2134 I chatty  : uid=1000(system) PowerManagerSer expire 3 lines
07-03 12:54:50.682  2389  2389 D StatusBarKeyguardViewManager: showKeyguard, but hide Bouncer
07-03 12:54:52.348  1907  3367 I chatty  : uid=1000(system) Binder_D expire 5 lines
07-03 12:54:52.710  1907  2876 I chatty  : uid=1000(system) Binder_7 expire 7 lines
07-03 12:57:18.513  1907  1907 I chatty  : uid=1000 system_server expire 11 lines
07-03 13:04:43.057  4125  4152 D ActivityThread: Loading provider com.android.email.provider;com.android.email.notifier: com.android.email.provider.EmailProvider
07-03 13:04:43.078  4125  4153 D ActivityThread: Loading provider com.android.email.provider;com.android.email.notifier: com.android.email.provider.EmailProvider
07-03 13:04:43.087  4125  4165 D ActivityThread: Loading provider com.android.email.provider;com.android.email.notifier: com.android.email.provider.EmailProvider
07-03 13:04:43.087  4125  4154 D ActivityThread: Loading provider com.android.email.provider;com.android.email.notifier: com.android.email.provider.EmailProvider
07-03 13:04:43.772  1907  2421 I chatty  : uid=1000(system) Binder_4 expire 4 lines
07-03 13:04:44.463  1907  2299 I chatty  : uid=1000(system) UEventObserver expire 14 lines
07-03 13:04:48.852  1907  6063 I chatty  : uid=1000(system) Binder_10 expire 6 lines
07-03 13:05:44.020  1907  2303 I chatty  : uid=1000(system) AlarmManager expire 29 lines
07-03 13:05:44.029  1907  1907 I chatty  : uid=1000 system_server expire 32 lines
07-03 13:05:47.094  1907  5738 I chatty  : uid=1000(system) Binder_F expire 4 lines
07-03 13:05:47.909  1907  2319 I chatty  : uid=1000(system) ConnectivitySer expire 5 lines
07-03 13:05:48.111  1907  2318 I chatty  : uid=1000(system) WifiService expire 6 lines
07-03 13:06:33.045  1907  1933 I chatty  : uid=1000(system) Binder_2 expire 3 lines
07-03 13:06:33.063  1907  1965 I chatty  : uid=1000(system) ActivityManager expire 7 lines
07-03 13:09:45.382  1907  3005 I chatty  : uid=1000(system) Binder_9 expire 3 lines
07-03 13:19:37.233  1907  3035 I ActivityManager: Process com.google.process.gapps (pid 5231) has died
07-03 13:19:38.336  1907  1907 I ActivityManager: Start proc 5846:com.android.email/u0a10 for service com.android.email/.EmailIntentService
07-03 13:19:38.573  1907  2421 I ActivityManager: Start proc 5865:com.android.exchange/u0a60 for service com.android.exchange/.service.EasService
07-03 13:19:38.648  5846  5879 D ActivityThread: Loading provider com.android.email.provider;com.android.email.notifier: com.android.email.provider.EmailProvider
07-03 13:19:38.972   359   359 I SFPerfTracer:      triggers: (rate: 730:19666) (compose: 0:18) (post: 0:11) (render: 54:1734) (39:339949 frames) (40:388192)
07-03 13:19:38.973   359   359 D SFPerfTracer:        layers: (4:10) (FocusedStackFrame (0xb71ba600): 0:3950)* (DimLayer (0xb7280f80): 0:21)* (DimLayer (0xb7283cf8): 0:8)* (StatusBar (0xb7260098): 40:89264) (com.android.systemui.ImageWallpaper (0xb7278a30): 0:3099)* (DimLayer (0xb7266870): 0:303)* (DimLayer (0xb7279cf8): 0:340)* (com.google.android.keep/com.google.android.keep.activities.BrowseActivity (0xb71e9f60): 0:1033) (InputMethod (0xb727f888): 0:304) (NavigationBar (0xb720ae98): 0:31) 
07-03 13:19:39.221   359  1046 I SFPerfTracer:      triggers: (rate: 0:96) (25905 sw vsyncs) (0 skipped) (395:544291 vsyncs) (397:631263)
07-03 13:19:39.583  1907  2917 W InputMethodManagerService: Window already focused, ignoring focus gain of: com.android.internal.view.IInputMethodClient$Stub$Proxy@bc1a5c7 attribute=null, token = android.os.BinderProxy@cfe5ec3
07-03 13:19:40.016  1907  5711 I ActivityManager: Start proc 5920:com.google.process.gapps/u0a3 for content provider com.google.android.gsf/.gservices.GservicesProvider
07-03 13:19:41.318  1907  3005 D ConnectivityService: listenForNetwork for Listen from uid/pid:10028/5584 for NetworkRequest [ id=204, legacyType=-1, [ Capabilities: INTERNET&NOT_RESTRICTED&TRUSTED] ]
07-03 13:19:41.319  1907  2319 D ConnectivityService: rematching NetworkAgentInfo [WIFI () - 114]
07-03 13:19:41.447  1907  5738 I libprocessgroup: Killing pid 5799 in uid 10128 as part of process group 5762
07-03 13:19:41.447  1907  3367 E WifiService: Multicaster binderDied
07-03 13:19:41.447  1907  2318 D WifiService: Client connection lost with reason: 4
07-03 13:19:41.471  1907  2303 V AlarmManager: sending alarm {6c5cffc type 2 *walarm*:android.content.syncmanager.SYNC_ALARM}
07-03 13:19:41.503  1907  5738 I ActivityManager: Process com.estrongs.android.pop (pid 5762) has died
07-03 13:19:41.511  1907  1907 V AlarmManager: done {6c5cffc, *walarm*:android.content.syncmanager.SYNC_ALARM} [39ms]
07-03 13:19:44.364   359   359 I SFPerfTracer:      triggers: (rate: 730:19673) (compose: 0:18) (post: 0:11) (render: 54:1734) (2:340029 frames) (3:388292)
07-03 13:19:44.364   359   359 D SFPerfTracer:        layers: (7:13) (FocusedStackFrame (0xb71ba600): 0:3950)* (DimLayer (0xb7280f80): 0:21)* (DimLayer (0xb7283cf8): 0:8)* (StatusBar (0xb7260098): 0:89324) (com.android.systemui.ImageWallpaper (0xb7278a30): 0:3099)* (DimLayer (0xb7266870): 0:303)* (DimLayer (0xb7279cf8): 0:340)* (com.google.android.keep/com.google.android.keep.activities.BrowseActivity (0xb71e9f60): 0:1043) (InputMethod (0xb727f888): 0:312) (NavigationBar (0xb720ae98): 0:31) (PopupWindow:78a61d7 (0xb72872c0): 0:12) (PopupWindow:5c63c4b (0xb71ec380): 3:18) (PopupWindow:5c63c4b (0xb724c3c8): 3:8) 
07-03 13:19:45.321   359  1046 I SFPerfTracer:      triggers: (rate: 0:96) (25905 sw vsyncs) (0 skipped) (0:544359 vsyncs) (1:631364)
07-03 13:19:47.017  1907  1965 I ActivityManager: Waited long enough for: ServiceRecord{25a7828 u0 com.truecaller/.service.DataManagerService}
07-03 13:19:55.251   359   359 I SFPerfTracer:      triggers: (rate: 730:19680) (compose: 0:18) (post: 0:11) (render: 54:1734) (8:340082 frames) (9:388392)
07-03 13:19:55.252   359   359 D SFPerfTracer:        layers: (6:16) (FocusedStackFrame (0xb71ba600): 0:3950)* (DimLayer (0xb7280f80): 0:21)* (DimLayer (0xb7283cf8): 0:8)* (StatusBar (0xb7260098): 1:89332) (com.android.systemui.ImageWallpaper (0xb7278a30): 0:3099)* (DimLayer (0xb7266870): 0:303)* (DimLayer (0xb7279cf8): 0:340)* (com.google.android.keep/com.google.android.keep.activities.BrowseActivity (0xb71e9f60): 1:1066) (InputMethod (0xb727f888): 0:330) (NavigationBar (0xb720ae98): 0:31) (PopupWindow:78a61d7 (0xb72872c0): 0:32) (PopupWindow:5c63c4b (0xb71ec380): 0:19)- (PopupWindow:5c63c4b (0xb724c3c8): 0:21)- (PopupWindow:5c63c4b (0xb7248a08): 0:20)- (PopupWindow:5c63c4b (0xb724c3c8): 0:20)- (PopupWindow:5c63c4b (0xb71ec380): 8:18) 
07-03 13:19:55.571   359  1046 I SFPerfTracer:      triggers: (rate: 0:96) (25905 sw vsyncs) (0 skipped) (10:544423 vsyncs) (12:631465)
07-03 13:19:59.999  1907  2303 V AlarmManager: sending alarm {9aa8c2c type 3 *alarm*:android.intent.action.TIME_TICK}
07-03 13:20:00.079  1907  1907 V AlarmManager: done {9aa8c2c, *alarm*:android.intent.action.TIME_TICK} [79ms]
07-03 13:20:05.971  1907  2134 I PowerManagerService: Nap time (uid 1000)...
07-03 13:20:05.972  1907  2134 I PowerManagerService: Going to sleep due to screen timeout (uid 1000)...
07-03 13:20:06.604  1907  2123 I DisplayManagerService: Display device changed state: "Built-in Screen", OFF
07-03 13:20:06.910  1907  2134 I PowerManagerService: Sleeping (uid 1000)...
07-03 13:20:10.462  1907  3367 I ActivityManager: Process com.android.exchange (pid 5865) has died
07-03 13:20:11.013  1907  2303 V AlarmManager: sending alarm {d43fbfa type 2 *walarm*:com.android.internal.policy.impl.PhoneWindowManager.DELAYED_KEYGUARD}
07-03 13:20:11.024  1907  1907 V AlarmManager: done {d43fbfa, *walarm*:com.android.internal.policy.impl.PhoneWindowManager.DELAYED_KEYGUARD} [10ms]
07-03 13:20:11.120  2389  2389 D StatusBarKeyguardViewManager: showKeyguard, but hide Bouncer
07-03 13:20:11.504  1907  2305 I PowerManagerService: Waking up from sleep (uid 1000)...
07-03 13:20:11.508  1907  2123 I DisplayManagerService: Display device changed state: "Built-in Screen", ON
07-03 13:20:13.283   359   359 I SFPerfTracer:      triggers: (rate: 730:19683) (compose: 0:18) (post: 0:11) (render: 54:1734) (92:340209 frames) (93:388554)
07-03 13:20:13.284   359   359 D SFPerfTracer:        layers: (2:13) (FocusedStackFrame (0xb71ba600): 0:3951)* (DimLayer (0xb7280f80): 0:21)* (DimLayer (0xb7283cf8): 0:8)* (StatusBar (0xb7260098): 93:89437) (com.android.systemui.ImageWallpaper (0xb7278a30): 0:3102) (DimLayer (0xb7266870): 0:303)* (DimLayer (0xb7279cf8): 0:340)* (com.google.android.keep/com.google.android.keep.activities.BrowseActivity (0xb71e9f60): 4:1094)* (InputMethod (0xb727f888): 1:334)* (NavigationBar (0xb720ae98): 0:33)- (PopupWindow:78a61d7 (0xb72872c0): 0:32)- (PopupWindow:5c63c4b (0xb71ec380): 0:19)- (ColorFade (0xb724ed58): 0:27)- 
07-03 13:20:13.765   359  1046 I SFPerfTracer:      triggers: (rate: 0:96) (25924 sw vsyncs) (0 skipped) (116:544566 vsyncs) (118:631666)
07-03 13:20:15.669  1907  2155 I ActivityManager: Start proc 6204:com.android.defcontainer/u0a2 for service com.android.defcontainer/.DefaultContainerService
07-03 13:20:15.824  1907  1965 I ActivityManager: Start proc 6217:com.android.vending/u0a38 for broadcast com.android.vending/com.google.android.vending.verifier.PackageVerificationReceiver
07-03 13:20:15.867   359   359 I SFPerfTracer:      triggers: (rate: 730:19683) (compose: 0:18) (post: 0:11) (render: 54:1734) (63:340318 frames) (64:388670)
07-03 13:20:15.867   359   359 D SFPerfTracer:        layers: (3:10) (FocusedStackFrame (0xb71ba600): 0:3951)* (DimLayer (0xb7280f80): 0:21)* (DimLayer (0xb7283cf8): 0:8)* (StatusBar (0xb7260098): 64:89551) (com.android.systemui.ImageWallpaper (0xb7278a30): 0:3102) (DimLayer (0xb7266870): 0:303)* (DimLayer (0xb7279cf8): 0:340)* (com.google.android.keep/com.google.android.keep.activities.BrowseActivity (0xb71e9f60): 2:1099)* (InputMethod (0xb727f888): 0:334)* (NavigationBar (0xb720ae98): 0:18) 
07-03 13:20:16.003  1907  5738 W InputMethodManagerService: Window already focused, ignoring focus gain of: com.android.internal.view.IInputMethodClient$Stub$Proxy@e93ce58 attribute=android.view.inputmethod.EditorInfo@ddddbb1, token = android.os.BinderProxy@cfe5ec3
07-03 13:20:16.140  1907  3005 I ActivityManager: Start proc 6236:com.estrongs.android.pop/u0a128 for broadcast com.estrongs.android.pop/.app.StartServiceReceiver
07-03 13:20:16.348   359  1046 I SFPerfTracer:      triggers: (rate: 0:96) (25924 sw vsyncs) (0 skipped) (99:544710 vsyncs) (101:631814)
07-03 13:20:16.702   359   359 I SFPerfTracer:      triggers: (rate: 730:19684) (compose: 0:18) (post: 0:11) (render: 54:1737) (12:340348 frames) (13:388708)
07-03 13:20:16.702   359   359 D SFPerfTracer:        layers: (4:10) (FocusedStackFrame (0xb71ba600): 0:3953)* (DimLayer (0xb7280f80): 0:21)* (DimLayer (0xb7283cf8): 0:8)* (StatusBar (0xb7260098): 2:89575) (com.android.systemui.ImageWallpaper (0xb7278a30): 1:3114)* (DimLayer (0xb7266870): 0:303)* (DimLayer (0xb7279cf8): 0:342)* (com.google.android.keep/com.google.android.keep.activities.BrowseActivity (0xb71e9f60): 0:1118) (InputMethod (0xb727f888): 2:356) (NavigationBar (0xb720ae98): 11:32) 
07-03 13:20:17.337  1907  2318 D WifiService: New client listening to asynchronous messages
07-03 13:20:17.752  1907  3005 I ActivityManager: Process com.android.email (pid 5846) has died
07-03 13:20:19.148  6204  6215 D DefContainer: Copying /data/local/tmp/com.samplekeyboard to base.apk
07-03 13:20:19.721  1907  2421 D ConnectivityService: ConnectivityService NetworkRequestInfo binderDied(NetworkRequest [ id=204, legacyType=-1, [ Capabilities: INTERNET&NOT_RESTRICTED&TRUSTED] ], android.os.BinderProxy@55a3319)
07-03 13:20:19.722  1907  2318 D WifiService: Client connection lost with reason: 4
07-03 13:20:19.725  1907  2319 D ConnectivityService: releasing NetworkRequest NetworkRequest [ id=204, legacyType=-1, [ Capabilities: INTERNET&NOT_RESTRICTED&TRUSTED] ]
07-03 13:20:19.726  1907  6063 I ActivityManager: Process com.google.android.googlequicksearchbox:search (pid 5584) has died
07-03 13:20:19.754  1907  2319 E ConnectivityService: RemoteException caught trying to send a callback msg for NetworkRequest [ id=204, legacyType=-1, [ Capabilities: INTERNET&NOT_RESTRICTED&TRUSTED] ]
07-03 13:20:21.414  1907  1965 I ActivityManager: Force stopping com.samplekeyboard appid=10004 user=-1: uninstall pkg
07-03 13:20:21.414  1907  1965 I ActivityManager: Killing 30175:com.samplekeyboard/u0a4 (adj 1): stop com.samplekeyboard
07-03 13:20:21.433  1907  3367 I WindowState: WIN DEATH: Window{16df546 u0 InputMethod}
07-03 13:20:21.452  1907  1965 W ActivityManager: Scheduling restart of crashed service com.samplekeyboard/.SoftKeyboard in 1000ms
07-03 13:20:21.461  1907  1965 I ActivityManager:   Force stopping service ServiceRecord{ebdda04 u0 com.samplekeyboard/.SoftKeyboard}
07-03 13:20:21.476  1907  1932 W ActivityManager: Spurious death for ProcessRecord{151e7d5 0:com.samplekeyboard/u0a4}, curProc for 30175: null
07-03 13:20:21.526  1907  2123 W WindowAnimator: Failed to dispatch window animation state change.
07-03 13:20:21.526  1907  2123 W WindowAnimator: android.os.DeadObjectException
07-03 13:20:21.526  1907  2123 W WindowAnimator: 	at android.os.BinderProxy.transactNative(Native Method)
07-03 13:20:21.526  1907  2123 W WindowAnimator: 	at android.os.BinderProxy.transact(Binder.java:503)
07-03 13:20:21.526  1907  2123 W WindowAnimator: 	at android.view.IWindow$Stub$Proxy.onAnimationStarted(IWindow.java:520)
07-03 13:20:21.526  1907  2123 W WindowAnimator: 	at com.android.server.wm.WindowAnimator.updateWindowsLocked(WindowAnimator.java:282)
07-03 13:20:21.526  1907  2123 W WindowAnimator: 	at com.android.server.wm.WindowAnimator.animateLocked(WindowAnimator.java:678)
07-03 13:20:21.526  1907  2123 W WindowAnimator: 	at com.android.server.wm.WindowAnimator.-wrap0(WindowAnimator.java)
07-03 13:20:21.526  1907  2123 W WindowAnimator: 	at com.android.server.wm.WindowAnimator$1.doFrame(WindowAnimator.java:123)
07-03 13:20:21.526  1907  2123 W WindowAnimator: 	at android.view.Choreographer$CallbackRecord.run(Choreographer.java:856)
07-03 13:20:21.526  1907  2123 W WindowAnimator: 	at android.view.Choreographer.doCallbacks(Choreographer.java:670)
07-03 13:20:21.526  1907  2123 W WindowAnimator: 	at android.view.Choreographer.doFrame(Choreographer.java:603)
07-03 13:20:21.526  1907  2123 W WindowAnimator: 	at android.view.Choreographer$FrameDisplayEventReceiver.run(Choreographer.java:844)
07-03 13:20:21.526  1907  2123 W WindowAnimator: 	at android.os.Handler.handleCallback(Handler.java:746)
07-03 13:20:21.526  1907  2123 W WindowAnimator: 	at android.os.Handler.dispatchMessage(Handler.java:95)
07-03 13:20:21.526  1907  2123 W WindowAnimator: 	at android.os.Looper.loop(Looper.java:148)
07-03 13:20:21.526  1907  2123 W WindowAnimator: 	at android.os.HandlerThread.run(HandlerThread.java:61)
07-03 13:20:21.526  1907  2123 W WindowAnimator: 	at com.android.server.ServiceThread.run(ServiceThread.java:46)
07-03 13:20:21.526  1907  1907 W InputMethodManagerService: Session failed to close due to remote exception
07-03 13:20:21.526  1907  1907 W InputMethodManagerService: android.os.DeadObjectException
07-03 13:20:21.526  1907  1907 W InputMethodManagerService: 	at android.os.BinderProxy.transactNative(Native Method)
07-03 13:20:21.526  1907  1907 W InputMethodManagerService: 	at android.os.BinderProxy.transact(Binder.java:503)
07-03 13:20:21.526  1907  1907 W InputMethodManagerService: 	at com.android.internal.view.IInputMethodSession$Stub$Proxy.finishSession(IInputMethodSession.java:305)
07-03 13:20:21.526  1907  1907 W InputMethodManagerService: 	at com.android.server.InputMethodManagerService.finishSessionLocked(InputMethodManagerService.java:1586)
07-03 13:20:21.526  1907  1907 W InputMethodManagerService: 	at com.android.server.InputMethodManagerService.clearClientSessionLocked(InputMethodManagerService.java:1577)
07-03 13:20:21.526  1907  1907 W InputMethodManagerService: 	at com.android.server.InputMethodManagerService.clearCurMethodLocked(InputMethodManagerService.java:1603)
07-03 13:20:21.526  1907  1907 W InputMethodManagerService: 	at com.android.server.InputMethodManagerService.onServiceDisconnected(InputMethodManagerService.java:1622)
07-03 13:20:21.526  1907  1907 W InputMethodManagerService: 	at android.app.LoadedApk$ServiceDispatcher.doDeath(LoadedApk.java:1228)
07-03 13:20:21.526  1907  1907 W InputMethodManagerService: 	at android.app.LoadedApk$ServiceDispatcher$RunConnection.run(LoadedApk.java:1242)
07-03 13:20:21.526  1907  1907 W InputMethodManagerService: 	at android.os.Handler.handleCallback(Handler.java:746)
07-03 13:20:21.526  1907  1907 W InputMethodManagerService: 	at android.os.Handler.dispatchMessage(Handler.java:95)
07-03 13:20:21.526  1907  1907 W InputMethodManagerService: 	at android.os.Looper.loop(Looper.java:148)
07-03 13:20:21.526  1907  1907 W InputMethodManagerService: 	at com.android.server.SystemServer.run(SystemServer.java:288)
07-03 13:20:21.526  1907  1907 W InputMethodManagerService: 	at com.android.server.SystemServer.main(SystemServer.java:173)
07-03 13:20:21.526  1907  1907 W InputMethodManagerService: 	at java.lang.reflect.Method.invoke(Native Method)
07-03 13:20:21.526  1907  1907 W InputMethodManagerService: 	at com.android.internal.os.ZygoteInit$MethodAndArgsCaller.run(ZygoteInit.java:728)
07-03 13:20:21.526  1907  1907 W InputMethodManagerService: 	at com.android.internal.os.ZygoteInit.main(ZygoteInit.java:618)
07-03 13:20:21.699  1907  2123 W WindowAnimator: Failed to dispatch window animation state change.
07-03 13:20:21.699  1907  2123 W WindowAnimator: android.os.DeadObjectException
07-03 13:20:21.699  1907  2123 W WindowAnimator: 	at android.os.BinderProxy.transactNative(Native Method)
07-03 13:20:21.699  1907  2123 W WindowAnimator: 	at android.os.BinderProxy.transact(Binder.java:503)
07-03 13:20:21.699  1907  2123 W WindowAnimator: 	at android.view.IWindow$Stub$Proxy.onAnimationStopped(IWindow.java:534)
07-03 13:20:21.699  1907  2123 W WindowAnimator: 	at com.android.server.wm.WindowAnimator.updateWindowsLocked(WindowAnimator.java:286)
07-03 13:20:21.699  1907  2123 W WindowAnimator: 	at com.android.server.wm.WindowAnimator.animateLocked(WindowAnimator.java:678)
07-03 13:20:21.699  1907  2123 W WindowAnimator: 	at com.android.server.wm.WindowAnimator.-wrap0(WindowAnimator.java)
07-03 13:20:21.699  1907  2123 W WindowAnimator: 	at com.android.server.wm.WindowAnimator$1.doFrame(WindowAnimator.java:123)
07-03 13:20:21.699  1907  2123 W WindowAnimator: 	at android.view.Choreographer$CallbackRecord.run(Choreographer.java:856)
07-03 13:20:21.699  1907  2123 W WindowAnimator: 	at android.view.Choreographer.doCallbacks(Choreographer.java:670)
07-03 13:20:21.699  1907  2123 W WindowAnimator: 	at android.view.Choreographer.doFrame(Choreographer.java:603)
07-03 13:20:21.699  1907  2123 W WindowAnimator: 	at android.view.Choreographer$FrameDisplayEventReceiver.run(Choreographer.java:844)
07-03 13:20:21.699  1907  2123 W WindowAnimator: 	at android.os.Handler.handleCallback(Handler.java:746)
07-03 13:20:21.699  1907  2123 W WindowAnimator: 	at android.os.Handler.dispatchMessage(Handler.java:95)
07-03 13:20:21.699  1907  2123 W WindowAnimator: 	at android.os.Looper.loop(Looper.java:148)
07-03 13:20:21.699  1907  2123 W WindowAnimator: 	at android.os.HandlerThread.run(HandlerThread.java:61)
07-03 13:20:21.699  1907  2123 W WindowAnimator: 	at com.android.server.ServiceThread.run(ServiceThread.java:46)
07-03 13:20:22.250  1907  2155 I PackageManager: Package com.samplekeyboard codePath changed from /data/app/com.samplekeyboard-2 to /data/app/com.samplekeyboard-1; Retaining data and using new
07-03 13:20:22.254  1907  1965 I ActivityManager: Force stopping com.samplekeyboard appid=10004 user=-1: replace pkg
07-03 13:20:22.255  1907  2155 W PackageManager: Code path for com.samplekeyboard changing from /data/app/com.samplekeyboard-2 to /data/app/com.samplekeyboard-1
07-03 13:20:22.255  1907  2155 W PackageManager: Resource path for com.samplekeyboard changing from /data/app/com.samplekeyboard-2 to /data/app/com.samplekeyboard-1
07-03 13:20:24.123  1907  2155 W PackageManager: Couldn't remove dex file for package:  at location /data/app/com.samplekeyboard-2/base.apk, retcode=-1
07-03 13:20:24.124  1907  2155 I ActivityManager: Force stopping com.samplekeyboard appid=10004 user=0: pkg removed
07-03 13:20:24.168  1907  1965 I ActivityManager: Start proc 6353:android.process.acore/u0a15 for broadcast com.android.providers.contacts/.PackageIntentReceiver
07-03 13:20:24.171  1907  2155 W ActivityManager: Skipping broadcast of Intent { act=android.intent.action.PACKAGE_REMOVED dat=package:com.samplekeyboard flg=0x4000010 (has extras) }: user 10 is stopped
07-03 13:20:24.175  1907  2155 W ActivityManager: Skipping broadcast of Intent { act=android.intent.action.PACKAGE_ADDED dat=package:com.samplekeyboard flg=0x4000010 (has extras) }: user 10 is stopped
07-03 13:20:24.177  1907  2155 W ActivityManager: Skipping broadcast of Intent { act=android.intent.action.PACKAGE_REPLACED dat=package:com.samplekeyboard flg=0x4000010 (has extras) }: user 10 is stopped
07-03 13:20:24.177  1907  2155 W ActivityManager: Skipping broadcast of Intent { act=android.intent.action.MY_PACKAGE_REPLACED flg=0x4000010 pkg=com.samplekeyboard (has extras) }: user 10 is stopped
07-03 13:20:24.303  1907  1907 D JobSchedulerService: Receieved: android.intent.action.PACKAGE_REMOVED
07-03 13:20:24.724  1907  1932 I ActivityManager: Start proc 6387:com.android.keychain/1000 for broadcast com.android.keychain/.KeyChainBroadcastReceiver
07-03 13:20:24.856  6387  6387 W ContextImpl: Calling a method in the system process without a qualified user: android.app.ContextImpl.startService:1221 android.content.ContextWrapper.startService:581 android.content.ContextWrapper.startService:581 com.android.keychain.KeyChainBroadcastReceiver.onReceive:12 android.app.ActivityThread.handleReceiver:2743 
07-03 13:20:25.132  1907  3006 I ActivityManager: Start proc 6408:com.samplekeyboard/u0a4 for service com.samplekeyboard/.SoftKeyboard
07-03 13:20:25.132  1907  3006 V InputMethodManagerService: Adding window token: android.os.Binder@5ef948b
07-03 13:20:25.454  1907  2405 I ActivityManager: moveHomeStack, setupComplete:true
07-03 13:20:25.473   359   359 I SFPerfTracer:      triggers: (rate: 730:19686) (compose: 0:18) (post: 0:11) (render: 54:1738) (75:340461 frames) (76:388839)
07-03 13:20:25.473   359   359 D SFPerfTracer:        layers: (3:10) (FocusedStackFrame (0xb71ba600): 0:3953)* (DimLayer (0xb7280f80): 0:21)* (DimLayer (0xb7283cf8): 0:8)* (StatusBar (0xb7260098): 1:89583) (com.android.systemui.ImageWallpaper (0xb7278a30): 0:3114)* (DimLayer (0xb7266870): 0:303)* (DimLayer (0xb7279cf8): 0:342)* (com.google.android.keep/com.google.android.keep.activities.BrowseActivity (0xb71e9f60): 15:1171) (InputMethod (0xb727f888): 0:366)- (NavigationBar (0xb720ae98): 75:108) 
07-03 13:20:25.563  1907  2617 I ActivityManager: Start proc 6434:com.google.android.apps.docs/u0a68 for broadcast com.google.android.apps.docs/.receivers.AppPackageAddRemoveReceiver
07-03 13:20:25.598   359  1046 I SFPerfTracer:      triggers: (rate: 0:96) (25924 sw vsyncs) (0 skipped) (85:544847 vsyncs) (87:631978)
07-03 13:20:25.622  1907  2917 I ActivityManager: Start proc 6446:com.google.android.googlequicksearchbox:search/u0a28 for service com.google.android.googlequicksearchbox/com.google.android.apps.gsa.sidekick.main.remoteservice.NowService
07-03 13:20:26.146  3023  3023 W ViewRootImpl: Dropping event due to no window focus: KeyEvent { action=ACTION_DOWN, keyCode=KEYCODE_BACK, scanCode=0, metaState=0, flags=0x48, repeatCount=0, eventTime=47252103, downTime=47252103, deviceId=-1, source=0x101 }
07-03 13:20:26.146  3023  3023 W ViewRootImpl: Cancelling event due to no window focus: KeyEvent { action=ACTION_UP, keyCode=KEYCODE_BACK, scanCode=0, metaState=0, flags=0x68, repeatCount=0, eventTime=47252270, downTime=47252103, deviceId=-1, source=0x101 }
07-03 13:20:26.146  3023  3023 W ViewRootImpl: Cancelling event due to no window focus: KeyEvent { action=ACTION_UP, keyCode=KEYCODE_BACK, scanCode=0, metaState=0, flags=0x68, repeatCount=0, eventTime=47252270, downTime=47252103, deviceId=-1, source=0x101 }
07-03 13:20:26.146  3023  3023 W ViewRootImpl: Cancelling event due to no window focus: KeyEvent { action=ACTION_UP, keyCode=KEYCODE_BACK, scanCode=0, metaState=0, flags=0x68, repeatCount=0, eventTime=47252270, downTime=47252103, deviceId=-1, source=0x101 }
07-03 13:20:26.146  3023  3023 W ViewRootImpl: Cancelling event due to no window focus: KeyEvent { action=ACTION_UP, keyCode=KEYCODE_BACK, scanCode=0, metaState=0, flags=0x68, repeatCount=0, eventTime=47252270, downTime=47252103, deviceId=-1, source=0x101 }
07-03 13:20:26.147  3023  3023 W ViewRootImpl: Cancelling event due to no window focus: KeyEvent { action=ACTION_UP, keyCode=KEYCODE_BACK, scanCode=0, metaState=0, flags=0x68, repeatCount=0, eventTime=47252270, downTime=47252103, deviceId=-1, source=0x101 }
07-03 13:20:26.147  3023  3023 W ViewRootImpl: Cancelling event due to no window focus: KeyEvent { action=ACTION_UP, keyCode=KEYCODE_BACK, scanCode=0, metaState=0, flags=0x68, repeatCount=0, eventTime=47252270, downTime=47252103, deviceId=-1, source=0x101 }
07-03 13:20:26.154  3023  3023 W ViewRootImpl: Cancelling event due to no window focus: KeyEvent { action=ACTION_UP, keyCode=KEYCODE_BACK, scanCode=0, metaState=0, flags=0x68, repeatCount=0, eventTime=47252270, downTime=47252103, deviceId=-1, source=0x101 }
07-03 13:20:26.154  3023  3023 W ViewRootImpl: Cancelling event due to no window focus: KeyEvent { action=ACTION_UP, keyCode=KEYCODE_BACK, scanCode=0, metaState=0, flags=0x68, repeatCount=0, eventTime=47252270, downTime=47252103, deviceId=-1, source=0x101 }
07-03 13:20:26.154  3023  3023 W ViewRootImpl: Cancelling event due to no window focus: KeyEvent { action=ACTION_UP, keyCode=KEYCODE_BACK, scanCode=0, metaState=0, flags=0x68, repeatCount=0, eventTime=47252270, downTime=47252103, deviceId=-1, source=0x101 }
07-03 13:20:26.155  3023  3023 W ViewRootImpl: Dropping event due to no window focus: KeyEvent { action=ACTION_DOWN, keyCode=KEYCODE_BACK, scanCode=0, metaState=0, flags=0x48, repeatCount=0, eventTime=47252271, downTime=47252271, deviceId=-1, source=0x101 }
07-03 13:20:26.157  3023  3023 W ViewRootImpl: Cancelling event due to no window focus: KeyEvent { action=ACTION_UP, keyCode=KEYCODE_BACK, scanCode=0, metaState=0, flags=0x68, repeatCount=0, eventTime=47252273, downTime=47252271, deviceId=-1, source=0x101 }
07-03 13:20:26.157  3023  3023 W ViewRootImpl: Cancelling event due to no window focus: KeyEvent { action=ACTION_UP, keyCode=KEYCODE_BACK, scanCode=0, metaState=0, flags=0x68, repeatCount=0, eventTime=47252273, downTime=47252271, deviceId=-1, source=0x101 }
07-03 13:20:26.157  3023  3023 W ViewRootImpl: Cancelling event due to no window focus: KeyEvent { action=ACTION_UP, keyCode=KEYCODE_BACK, scanCode=0, metaState=0, flags=0x68, repeatCount=0, eventTime=47252273, downTime=47252271, deviceId=-1, source=0x101 }
07-03 13:20:26.157  3023  3023 W ViewRootImpl: Cancelling event due to no window focus: KeyEvent { action=ACTION_UP, keyCode=KEYCODE_BACK, scanCode=0, metaState=0, flags=0x68, repeatCount=0, eventTime=47252273, downTime=47252271, deviceId=-1, source=0x101 }
07-03 13:20:26.157  3023  3023 W ViewRootImpl: Cancelling event due to no window focus: KeyEvent { action=ACTION_UP, keyCode=KEYCODE_BACK, scanCode=0, metaState=0, flags=0x68, repeatCount=0, eventTime=47252273, downTime=47252271, deviceId=-1, source=0x101 }
07-03 13:20:26.157  3023  3023 W ViewRootImpl: Cancelling event due to no window focus: KeyEvent { action=ACTION_UP, keyCode=KEYCODE_BACK, scanCode=0, metaState=0, flags=0x68, repeatCount=0, eventTime=47252273, downTime=47252271, deviceId=-1, source=0x101 }
07-03 13:20:26.157  3023  3023 W ViewRootImpl: Cancelling event due to no window focus: KeyEvent { action=ACTION_UP, keyCode=KEYCODE_BACK, scanCode=0, metaState=0, flags=0x68, repeatCount=0, eventTime=47252273, downTime=47252271, deviceId=-1, source=0x101 }
07-03 13:20:26.157  3023  3023 W ViewRootImpl: Cancelling event due to no window focus: KeyEvent { action=ACTION_UP, keyCode=KEYCODE_BACK, scanCode=0, metaState=0, flags=0x68, repeatCount=0, eventTime=47252273, downTime=47252271, deviceId=-1, source=0x101 }
07-03 13:20:26.157  3023  3023 W ViewRootImpl: Cancelling event due to no window focus: KeyEvent { action=ACTION_UP, keyCode=KEYCODE_BACK, scanCode=0, metaState=0, flags=0x68, repeatCount=0, eventTime=47252273, downTime=47252271, deviceId=-1, source=0x101 }
07-03 13:20:26.516  1907  3005 E WifiService: Multicaster binderDied
07-03 13:20:26.516  1907  3367 I libprocessgroup: Killing pid 6307 in uid 10128 as part of process group 6236
07-03 13:20:26.516  1907  2318 D WifiService: Client connection lost with reason: 4
07-03 13:20:26.521  1907  3367 I libprocessgroup: Killing pid 6307 in uid 10128 as part of process group 6236
