07-02 23:32:34.488  1907  1907 I chatty  : uid=1000 system_server expire 12 lines
07-02 23:32:35.975  1907  3005 I chatty  : uid=1000(system) Binder_9 expire 10 lines
07-02 23:32:36.242  1907  2617 I chatty  : uid=1000(system) Binder_5 expire 10 lines
07-02 23:32:54.623  2389  2389 D StatusBarKeyguardViewManager: showKeyguard, but hide Bouncer
07-02 23:32:55.588  1907  2318 I chatty  : uid=1000(system) WifiService expire 10 lines
07-02 23:33:02.432  1907  2319 I chatty  : uid=1000(system) ConnectivitySer expire 14 lines
07-02 23:33:41.638  1907  2299 I chatty  : uid=1000(system) UEventObserver expire 10 lines
07-02 23:34:09.073  1907  1965 I chatty  : uid=1000(system) ActivityManager expire 11 lines
07-02 23:34:09.155   359  1046 I chatty  : uid=1000(system) EventThread expire 17 lines
07-02 23:34:10.439   359   359 I chatty  : uid=1000(system) /system/bin/surfaceflinger expire 12 lines
07-02 23:34:26.749  1907  1933 I chatty  : uid=1000(system) Binder_2 expire 13 lines
07-02 23:34:31.190  2389  2389 D StatusBarKeyguardViewManager: showKeyguard, but hide Bouncer
07-02 23:34:42.164  1907  2303 I chatty  : uid=1000(system) AlarmManager expire 12 lines
07-02 23:34:42.179  1907  1907 I chatty  : uid=1000 system_server expire 14 lines
07-02 23:36:14.699  1907  5738 I chatty  : uid=1000(system) Binder_F expire 12 lines
07-02 23:39:41.458  1907  2134 I chatty  : uid=1000(system) PowerManagerSer expire 11 lines
07-02 23:39:41.465  2389  2389 D StatusBarKeyguardViewManager: showKeyguard, but hide Bouncer
07-02 23:40:34.159  1907  2303 I chatty  : uid=1000(system) AlarmManager expire 14 lines
07-02 23:40:34.185  1907  1907 I chatty  : uid=1000 system_server expire 17 lines
07-02 23:46:08.453  1907  2123 I chatty  : uid=1000(system) android.display expire 10 lines
07-02 23:46:18.989  2389  2389 D StatusBarKeyguardViewManager: showKeyguard, but hide Bouncer
07-02 23:48:00.905  1907  2421 I chatty  : uid=1000(system) Binder_4 expire 12 lines
07-02 23:48:30.658  1907  2876 I chatty  : uid=1000(system) Binder_7 expire 11 lines
07-02 23:49:41.716  1907  1961 I chatty  : uid=1000(system) android.bg expire 10 lines
07-02 23:49:41.992  1907  3006 I chatty  : uid=1000(system) Binder_A expire 11 lines
07-02 23:49:42.029  2589  2620 D ActivityThread: Loading provider com.android.email.provider;com.android.email.notifier: com.android.email.provider.EmailProvider
07-02 23:49:42.452  1907  3367 I chatty  : uid=1000(system) Binder_D expire 11 lines
07-02 23:49:51.134  1907  2303 I chatty  : uid=1000(system) AlarmManager expire 10 lines
07-02 23:49:51.157  1907  1907 I chatty  : uid=1000 system_server expire 11 lines
07-02 23:51:31.330  1907  2299 I chatty  : uid=1000(system) UEventObserver expire 18 lines
07-02 23:51:42.057  1907  2917 I chatty  : uid=1000(system) Binder_8 expire 11 lines
07-02 23:51:42.161  1907  3035 I chatty  : uid=1000(system) Binder_B expire 14 lines
07-02 23:51:42.190  3224  3254 D ActivityThread: Loading provider com.android.email.provider;com.android.email.notifier: com.android.email.provider.EmailProvider
07-02 23:53:06.378  1907  2405 I chatty  : uid=1000(system) Binder_3 expire 14 lines
07-02 23:53:09.958  3023  3023 E ActivityThread: Performing stop of activity that is not resumed: {com.google.android.googlequicksearchbox/com.google.android.launcher.GEL}
07-02 23:53:09.958  3023  3023 E ActivityThread: java.lang.RuntimeException: Performing stop of activity that is not resumed: {com.google.android.googlequicksearchbox/com.google.android.launcher.GEL}
07-02 23:53:09.958  3023  3023 E ActivityThread: 	at android.app.ActivityThread.performStopActivityInner(ActivityThread.java:3486)
07-02 23:53:09.958  3023  3023 E ActivityThread: 	at android.app.ActivityThread.handleStopActivity(ActivityThread.java:3571)
07-02 23:53:09.958  3023  3023 E ActivityThread: 	at android.app.ActivityThread.-wrap20(ActivityThread.java)
07-02 23:53:09.958  3023  3023 E ActivityThread: 	at android.app.ActivityThread$H.handleMessage(ActivityThread.java:1383)
07-02 23:53:09.958  3023  3023 E ActivityThread: 	at android.os.Handler.dispatchMessage(Handler.java:102)
07-02 23:53:09.958  3023  3023 E ActivityThread: 	at android.os.Looper.loop(Looper.java:148)
07-02 23:53:09.958  3023  3023 E ActivityThread: 	at android.app.ActivityThread.main(ActivityThread.java:5443)
07-02 23:53:09.958  3023  3023 E ActivityThread: 	at java.lang.reflect.Method.invoke(Native Method)
07-02 23:53:09.958  3023  3023 E ActivityThread: 	at com.android.internal.os.ZygoteInit$MethodAndArgsCaller.run(ZygoteInit.java:728)
07-02 23:53:09.958  3023  3023 E ActivityThread: 	at com.android.internal.os.ZygoteInit.main(ZygoteInit.java:618)
07-02 23:53:10.286  1907  2617 I chatty  : uid=1000(system) Binder_5 expire 10 lines
07-02 23:53:14.041  1907  2303 I chatty  : uid=1000(system) AlarmManager expire 13 lines
07-02 23:53:14.049  1907  1907 I chatty  : uid=1000 system_server expire 13 lines
07-02 23:53:17.783  3912  3938 D ActivityThread: Loading provider com.google.android.gmail.provider;com.android.mail.notifier;com.google.android.gm.email.provider;com.google.android.gm.email.notifier: com.android.email.provider.EmailProvider
07-02 23:53:19.361   359   359 I chatty  : uid=1000(system) /system/bin/surfaceflinger expire 20 lines
07-02 23:53:27.108  1907  3355 I chatty  : uid=1000(system) Binder_C expire 10 lines
07-02 23:53:59.019  3023  3023 W ViewRootImpl: Dropping event due to no window focus: KeyEvent { action=ACTION_DOWN, keyCode=KEYCODE_BACK, scanCode=0, metaState=0, flags=0x48, repeatCount=0, eventTime=32806669, downTime=32806669, deviceId=-1, source=0x101 }
07-02 23:53:59.019  3023  3023 W ViewRootImpl: Cancelling event due to no window focus: KeyEvent { action=ACTION_UP, keyCode=KEYCODE_BACK, scanCode=0, metaState=0, flags=0x68, repeatCount=0, eventTime=32806877, downTime=32806669, deviceId=-1, source=0x101 }
07-02 23:53:59.020  3023  3023 W ViewRootImpl: Cancelling event due to no window focus: KeyEvent { action=ACTION_UP, keyCode=KEYCODE_BACK, scanCode=0, metaState=0, flags=0x68, repeatCount=0, eventTime=32806877, downTime=32806669, deviceId=-1, source=0x101 }
07-02 23:53:59.020  3023  3023 W ViewRootImpl: Cancelling event due to no window focus: KeyEvent { action=ACTION_UP, keyCode=KEYCODE_BACK, scanCode=0, metaState=0, flags=0x68, repeatCount=0, eventTime=32806877, downTime=32806669, deviceId=-1, source=0x101 }
07-02 23:53:59.020  3023  3023 W ViewRootImpl: Cancelling event due to no window focus: KeyEvent { action=ACTION_UP, keyCode=KEYCODE_BACK, scanCode=0, metaState=0, flags=0x68, repeatCount=0, eventTime=32806877, downTime=32806669, deviceId=-1, source=0x101 }
07-02 23:53:59.020  3023  3023 W ViewRootImpl: Cancelling event due to no window focus: KeyEvent { action=ACTION_UP, keyCode=KEYCODE_BACK, scanCode=0, metaState=0, flags=0x68, repeatCount=0, eventTime=32806877, downTime=32806669, deviceId=-1, source=0x101 }
07-02 23:53:59.020  3023  3023 W ViewRootImpl: Cancelling event due to no window focus: KeyEvent { action=ACTION_UP, keyCode=KEYCODE_BACK, scanCode=0, metaState=0, flags=0x68, repeatCount=0, eventTime=32806877, downTime=32806669, deviceId=-1, source=0x101 }
07-02 23:53:59.022  3023  3023 W ViewRootImpl: Cancelling event due to no window focus: KeyEvent { action=ACTION_UP, keyCode=KEYCODE_BACK, scanCode=0, metaState=0, flags=0x68, repeatCount=0, eventTime=32806877, downTime=32806669, deviceId=-1, source=0x101 }
07-02 23:53:59.022  3023  3023 W ViewRootImpl: Cancelling event due to no window focus: KeyEvent { action=ACTION_UP, keyCode=KEYCODE_BACK, scanCode=0, metaState=0, flags=0x68, repeatCount=0, eventTime=32806877, downTime=32806669, deviceId=-1, source=0x101 }
07-02 23:53:59.023  3023  3023 W ViewRootImpl: Cancelling event due to no window focus: KeyEvent { action=ACTION_UP, keyCode=KEYCODE_BACK, scanCode=0, metaState=0, flags=0x68, repeatCount=0, eventTime=32806877, downTime=32806669, deviceId=-1, source=0x101 }
07-02 23:53:59.023  3023  3023 W ViewRootImpl: Dropping event due to no window focus: KeyEvent { action=ACTION_DOWN, keyCode=KEYCODE_BACK, scanCode=0, metaState=0, flags=0x48, repeatCount=0, eventTime=32806878, downTime=32806878, deviceId=-1, source=0x101 }
07-02 23:53:59.024  3023  3023 W ViewRootImpl: Cancelling event due to no window focus: KeyEvent { action=ACTION_UP, keyCode=KEYCODE_BACK, scanCode=0, metaState=0, flags=0x68, repeatCount=0, eventTime=32806881, downTime=32806878, deviceId=-1, source=0x101 }
07-02 23:53:59.024  3023  3023 W ViewRootImpl: Cancelling event due to no window focus: KeyEvent { action=ACTION_UP, keyCode=KEYCODE_BACK, scanCode=0, metaState=0, flags=0x68, repeatCount=0, eventTime=32806881, downTime=32806878, deviceId=-1, source=0x101 }
07-02 23:53:59.024  3023  3023 W ViewRootImpl: Cancelling event due to no window focus: KeyEvent { action=ACTION_UP, keyCode=KEYCODE_BACK, scanCode=0, metaState=0, flags=0x68, repeatCount=0, eventTime=32806881, downTime=32806878, deviceId=-1, source=0x101 }
07-02 23:53:59.024  3023  3023 W ViewRootImpl: Cancelling event due to no window focus: KeyEvent { action=ACTION_UP, keyCode=KEYCODE_BACK, scanCode=0, metaState=0, flags=0x68, repeatCount=0, eventTime=32806881, downTime=32806878, deviceId=-1, source=0x101 }
07-02 23:53:59.024  3023  3023 W ViewRootImpl: Cancelling event due to no window focus: KeyEvent { action=ACTION_UP, keyCode=KEYCODE_BACK, scanCode=0, metaState=0, flags=0x68, repeatCount=0, eventTime=32806881, downTime=32806878, deviceId=-1, source=0x101 }
07-02 23:53:59.024  3023  3023 W ViewRootImpl: Cancelling event due to no window focus: KeyEvent { action=ACTION_UP, keyCode=KEYCODE_BACK, scanCode=0, metaState=0, flags=0x68, repeatCount=0, eventTime=32806881, downTime=32806878, deviceId=-1, source=0x101 }
07-02 23:53:59.024  3023  3023 W ViewRootImpl: Cancelling event due to no window focus: KeyEvent { action=ACTION_UP, keyCode=KEYCODE_BACK, scanCode=0, metaState=0, flags=0x68, repeatCount=0, eventTime=32806881, downTime=32806878, deviceId=-1, source=0x101 }
07-02 23:53:59.024  3023  3023 W ViewRootImpl: Cancelling event due to no window focus: KeyEvent { action=ACTION_UP, keyCode=KEYCODE_BACK, scanCode=0, metaState=0, flags=0x68, repeatCount=0, eventTime=32806881, downTime=32806878, deviceId=-1, source=0x101 }
07-02 23:53:59.024  3023  3023 W ViewRootImpl: Cancelling event due to no window focus: KeyEvent { action=ACTION_UP, keyCode=KEYCODE_BACK, scanCode=0, metaState=0, flags=0x68, repeatCount=0, eventTime=32806881, downTime=32806878, deviceId=-1, source=0x101 }
07-02 23:53:59.663   359   359 I chatty  : uid=1000(system) /system/bin/surfaceflinger expire 50 lines
07-02 23:54:00.360   359  1046 I chatty  : uid=1000(system) EventThread expire 18 lines
07-02 23:54:01.426  2389  2389 D StatusBarKeyguardViewManager: showKeyguard, but hide Bouncer
07-02 23:54:11.708  1907  2318 I chatty  : uid=1000(system) WifiService expire 10 lines
07-02 23:54:11.717  1907  2767 I chatty  : uid=1000(system) Binder_6 expire 10 lines
07-02 23:54:43.895  1907  2123 I chatty  : uid=1000(system) android.display expire 10 lines
07-02 23:54:54.415  2389  2389 D StatusBarKeyguardViewManager: showKeyguard, but hide Bouncer
07-02 23:54:54.499  1907  1965 I chatty  : uid=1000(system) ActivityManager expire 12 lines
07-02 23:54:55.826  1907  6063 I chatty  : uid=1000(system) Binder_10 expire 11 lines
07-02 23:55:01.738  1907  1907 I chatty  : uid=1000 system_server expire 27 lines
07-02 23:55:11.407  1907  3005 I chatty  : uid=1000(system) Binder_9 expire 10 lines
07-02 23:55:11.464  1907  1932 I chatty  : uid=1000(system) Binder_1 expire 11 lines
07-02 23:55:11.516  1907  5711 I chatty  : uid=1000(system) Binder_E expire 11 lines
07-02 23:55:28.655  1907  2155 I chatty  : uid=1000(system) PackageManager expire 10 lines
07-02 23:55:31.441  6029  6040 D DefContainer: Copying /data/local/tmp/app-debug.apk to base.apk
07-02 23:55:34.062  1907  2303 I chatty  : uid=1000(system) AlarmManager expire 21 lines
07-02 23:55:34.206  2389  2389 D StatusBarKeyguardViewManager: showKeyguard, but hide Bouncer
07-02 23:55:34.957  1907  2318 I chatty  : uid=1000(system) WifiService expire 14 lines
07-02 23:55:35.214  1907  3355 I chatty  : uid=1000(system) Binder_C expire 10 lines
07-02 23:55:42.986  1907  2421 I chatty  : uid=1000(system) Binder_4 expire 11 lines
07-02 23:55:44.265  1907  5738 I chatty  : uid=1000(system) Binder_F expire 10 lines
07-02 23:55:44.394  1907  2617 I chatty  : uid=1000(system) Binder_5 expire 13 lines
07-02 23:55:46.799  6347  6347 I chatty  : uid=1000(system) com.android.keychain expire 1 line
07-02 23:55:47.364  1907  1933 I chatty  : uid=1000(system) Binder_2 expire 11 lines
07-02 23:55:53.988  1907  3006 I chatty  : uid=1000(system) Binder_A expire 10 lines
07-02 23:55:57.374  1907  2405 I chatty  : uid=1000(system) Binder_3 expire 10 lines
07-02 23:55:57.428  1907  2319 I chatty  : uid=1000(system) ConnectivitySer expire 11 lines
07-02 23:55:57.432  1907  3367 I chatty  : uid=1000(system) Binder_D expire 11 lines
07-02 23:56:03.133  1907  2299 I chatty  : uid=1000(system) UEventObserver expire 10 lines
07-02 23:57:24.861  1907  2876 I chatty  : uid=1000(system) Binder_7 expire 10 lines
07-02 23:57:27.538  1907  3035 I chatty  : uid=1000(system) Binder_B expire 11 lines
07-02 23:57:28.304  1907  1965 I chatty  : uid=1000(system) ActivityManager expire 12 lines
07-02 23:59:03.738  1907  2134 I chatty  : uid=1000(system) PowerManagerSer expire 10 lines
07-02 23:59:08.939  2389  2389 D StatusBarKeyguardViewManager: showKeyguard, but hide Bouncer
07-02 23:59:14.857  1907  2303 I chatty  : uid=1000(system) AlarmManager expire 10 lines
07-02 23:59:14.866  1907  1907 I chatty  : uid=1000 system_server expire 10 lines
07-03 00:00:00.261  1907  1932 I chatty  : uid=1000(system) Binder_1 expire 12 lines
07-03 00:00:00.373  1907  5711 I chatty  : uid=1000(system) Binder_E expire 10 lines
07-03 00:00:23.963  1907  2318 I chatty  : uid=1000(system) WifiService expire 10 lines
07-03 00:00:24.472  8405  8420 D ActivityThread: Loading provider com.google.android.gmail.provider;com.android.mail.notifier;com.google.android.gm.email.provider;com.google.android.gm.email.notifier: com.android.email.provider.EmailProvider
07-03 00:00:54.837  1907  2305 I chatty  : uid=1000(system) InputReader expire 10 lines
07-03 00:00:55.068   359  1046 I chatty  : uid=1000(system) EventThread expire 15 lines
07-03 00:00:57.191   359   359 I chatty  : uid=1000(system) /system/bin/surfaceflinger expire 21 lines
07-03 00:01:49.506  4435  4517 I ActivityThread: Removing dead content provider:android.content.ContentProviderProxy@5cc2fce
07-03 00:01:49.506  4435  4517 I ActivityThread: Removing dead content provider:android.content.ContentProviderProxy@5cc2fce
07-03 00:01:49.514  1907  3355 I chatty  : uid=1000(system) Binder_C expire 11 lines
07-03 00:01:49.552  1907  2917 I chatty  : uid=1000(system) Binder_8 expire 10 lines
07-03 00:01:51.477  1907  1907 I chatty  : uid=1000 system_server expire 10 lines
07-03 00:01:51.559  2389  2389 D StatusBarKeyguardViewManager: showKeyguard, but hide Bouncer
07-03 00:01:53.827   359   359 I chatty  : uid=1000(system) /system/bin/surfaceflinger expire 16 lines
07-03 00:01:57.939  1907  2303 I chatty  : uid=1000(system) AlarmManager expire 11 lines
07-03 00:01:59.269  4435  4517 I ActivityThread: Removing dead content provider:android.content.ContentProviderProxy@5b99dfc
07-03 00:01:59.269  4435  4517 I ActivityThread: Removing dead content provider:android.content.ContentProviderProxy@5b99dfc
07-03 00:01:59.847  1907  2155 I chatty  : uid=1000(system) PackageManager expire 11 lines
07-03 00:02:03.960  1907  2299 I chatty  : uid=1000(system) UEventObserver expire 10 lines
07-03 00:02:09.841  1907  2134 I chatty  : uid=1000(system) PowerManagerSer expire 12 lines
07-03 00:02:10.368  1907  2123 I chatty  : uid=1000(system) android.display expire 10 lines
07-03 00:02:12.379  1907  3005 I chatty  : uid=1000(system) Binder_9 expire 10 lines
07-03 00:02:14.962  2389  2389 D StatusBarKeyguardViewManager: showKeyguard, but hide Bouncer
07-03 00:02:15.772  1907  1907 I chatty  : uid=1000 system_server expire 10 lines
07-03 00:02:31.153   234   245 E Cryptfs : not running with encryption, aborting
07-03 00:02:31.153  1907  2308 I chatty  : uid=1000(system) CryptdConnector expire 1 line
07-03 00:02:40.731  1907  2303 I chatty  : uid=1000(system) AlarmManager expire 12 lines
07-03 00:03:24.336  9745  9774 D ActivityThread: Loading provider com.google.android.gmail.provider;com.android.mail.notifier;com.google.android.gm.email.provider;com.google.android.gm.email.notifier: com.android.email.provider.EmailProvider
07-03 00:03:27.453  1907  2318 I chatty  : uid=1000(system) WifiService expire 12 lines
07-03 00:03:27.997  1907  2767 I chatty  : uid=1000(system) Binder_6 expire 10 lines
07-03 00:04:09.526  1907  1907 I chatty  : uid=1000 system_server expire 12 lines
07-03 00:04:25.917  1907  6063 I chatty  : uid=1000(system) Binder_10 expire 12 lines
07-03 00:04:42.545 10210 10235 D ActivityThread: Loading provider com.android.email.provider;com.android.email.notifier: com.android.email.provider.EmailProvider
07-03 00:04:42.553 10210 10236 D ActivityThread: Loading provider com.android.email.provider;com.android.email.notifier: com.android.email.provider.EmailProvider
07-03 00:04:45.925   359  1046 I chatty  : uid=1000(system) EventThread expire 15 lines
07-03 00:04:47.696   359   359 I chatty  : uid=1000(system) /system/bin/surfaceflinger expire 35 lines
07-03 00:04:59.999  1907  2303 I chatty  : uid=1000(system) AlarmManager expire 12 lines
07-03 00:05:13.758  1907  2421 I chatty  : uid=1000(system) Binder_4 expire 10 lines
07-03 00:05:13.761  1907  3367 I chatty  : uid=1000(system) Binder_D expire 11 lines
07-03 00:06:44.302   801   893 E NetlinkListener: recvmsg failed (No buffer space available)
07-03 00:06:44.302   755   908 E NetlinkListener: recvmsg failed (No buffer space available)
07-03 00:06:44.319   359   359 I chatty  : uid=1000(system) /system/bin/surfaceflinger expire 27 lines
07-03 00:06:45.095   359  1046 I chatty  : uid=1000(system) EventThread expire 10 lines
07-03 00:06:49.582  1907  1907 I chatty  : uid=1000 system_server expire 12 lines
07-03 00:06:54.594  1907  1933 I chatty  : uid=1000(system) Binder_2 expire 10 lines
07-03 00:07:20.610  1907  2303 I chatty  : uid=1000(system) AlarmManager expire 11 lines
07-03 00:07:51.484  2389  2389 D StatusBarKeyguardViewManager: showKeyguard, but hide Bouncer
07-03 00:08:00.196  1907  2123 I chatty  : uid=1000(system) android.display expire 14 lines
07-03 00:08:02.622   359   359 I chatty  : uid=1000(system) /system/bin/surfaceflinger expire 18 lines
07-03 00:08:04.056  1907  2405 I chatty  : uid=1000(system) Binder_3 expire 11 lines
07-03 00:08:04.735   359  1046 I chatty  : uid=1000(system) EventThread expire 16 lines
07-03 00:08:28.520  1907  2876 I chatty  : uid=1000(system) Binder_7 expire 10 lines
07-03 00:08:39.170  1907  2134 I chatty  : uid=1000(system) PowerManagerSer expire 11 lines
07-03 00:08:43.929  2389  2389 D StatusBarKeyguardViewManager: showKeyguard, but hide Bouncer
07-03 00:08:44.090  1907  1965 I chatty  : uid=1000(system) ActivityManager expire 10 lines
07-03 00:08:47.773   359   359 I chatty  : uid=1000(system) /system/bin/surfaceflinger expire 24 lines
07-03 00:08:50.062  1907  2318 I chatty  : uid=1000(system) WifiService expire 11 lines
07-03 00:08:59.764  1907  1907 I chatty  : uid=1000 system_server expire 13 lines
07-03 00:09:30.370 28133 28133 W ViewRootImpl: Dropping event due to no window focus: KeyEvent { action=ACTION_DOWN, keyCode=KEYCODE_BACK, scanCode=0, metaState=0, flags=0x48, repeatCount=0, eventTime=33714753, downTime=33714753, deviceId=-1, source=0x101 }
07-03 00:09:30.565 28133 28133 W ViewRootImpl: Cancelling event due to no window focus: KeyEvent { action=ACTION_UP, keyCode=KEYCODE_BACK, scanCode=0, metaState=0, flags=0x68, repeatCount=0, eventTime=33714755, downTime=33714753, deviceId=-1, source=0x101 }
07-03 00:09:30.565 28133 28133 W ViewRootImpl: Cancelling event due to no window focus: KeyEvent { action=ACTION_UP, keyCode=KEYCODE_BACK, scanCode=0, metaState=0, flags=0x68, repeatCount=0, eventTime=33714755, downTime=33714753, deviceId=-1, source=0x101 }
07-03 00:09:30.584 28133 28133 W ViewRootImpl: Cancelling event due to no window focus: KeyEvent { action=ACTION_UP, keyCode=KEYCODE_BACK, scanCode=0, metaState=0, flags=0x68, repeatCount=0, eventTime=33714755, downTime=33714753, deviceId=-1, source=0x101 }
07-03 00:09:30.584 28133 28133 W ViewRootImpl: Cancelling event due to no window focus: KeyEvent { action=ACTION_UP, keyCode=KEYCODE_BACK, scanCode=0, metaState=0, flags=0x68, repeatCount=0, eventTime=33714755, downTime=33714753, deviceId=-1, source=0x101 }
07-03 00:09:30.584 28133 28133 W ViewRootImpl: Cancelling event due to no window focus: KeyEvent { action=ACTION_UP, keyCode=KEYCODE_BACK, scanCode=0, metaState=0, flags=0x68, repeatCount=0, eventTime=33714755, downTime=33714753, deviceId=-1, source=0x101 }
07-03 00:09:30.584 28133 28133 W ViewRootImpl: Cancelling event due to no window focus: KeyEvent { action=ACTION_UP, keyCode=KEYCODE_BACK, scanCode=0, metaState=0, flags=0x68, repeatCount=0, eventTime=33714755, downTime=33714753, deviceId=-1, source=0x101 }
07-03 00:09:30.584 28133 28133 W ViewRootImpl: Cancelling event due to no window focus: KeyEvent { action=ACTION_UP, keyCode=KEYCODE_BACK, scanCode=0, metaState=0, flags=0x68, repeatCount=0, eventTime=33714755, downTime=33714753, deviceId=-1, source=0x101 }
07-03 00:09:30.584 28133 28133 W ViewRootImpl: Cancelling event due to no window focus: KeyEvent { action=ACTION_UP, keyCode=KEYCODE_BACK, scanCode=0, metaState=0, flags=0x68, repeatCount=0, eventTime=33714755, downTime=33714753, deviceId=-1, source=0x101 }
07-03 00:09:30.585 28133 28133 W ViewRootImpl: Cancelling event due to no window focus: KeyEvent { action=ACTION_UP, keyCode=KEYCODE_BACK, scanCode=0, metaState=0, flags=0x68, repeatCount=0, eventTime=33714755, downTime=33714753, deviceId=-1, source=0x101 }
07-03 00:09:30.585 28133 28133 W ViewRootImpl: Dropping event due to no window focus: KeyEvent { action=ACTION_DOWN, keyCode=KEYCODE_BACK, scanCode=0, metaState=0, flags=0x48, repeatCount=0, eventTime=33714937, downTime=33714937, deviceId=-1, source=0x101 }
07-03 00:09:31.340   359   359 I chatty  : uid=1000(system) /system/bin/surfaceflinger expire 57 lines
07-03 00:09:31.844  1907  2303 I chatty  : uid=1000(system) AlarmManager expire 11 lines
07-03 00:09:31.904   359  1046 I chatty  : uid=1000(system) EventThread expire 14 lines
07-03 00:09:32.098  1907  2304 I chatty  : uid=1000(system) InputDispatcher expire 10 lines
07-03 00:09:32.167  3023  3023 W ViewRootImpl: Cancelling event due to no window focus: KeyEvent { action=ACTION_UP, keyCode=KEYCODE_BACK, scanCode=0, metaState=0, flags=0x68, repeatCount=0, eventTime=33716223, downTime=33715829, deviceId=-1, source=0x101 }
07-03 00:09:32.167  3023  3023 W ViewRootImpl: Cancelling event due to no window focus: KeyEvent { action=ACTION_UP, keyCode=KEYCODE_BACK, scanCode=0, metaState=0, flags=0x68, repeatCount=0, eventTime=33716223, downTime=33715829, deviceId=-1, source=0x101 }
07-03 00:09:32.167  3023  3023 W ViewRootImpl: Cancelling event due to no window focus: KeyEvent { action=ACTION_UP, keyCode=KEYCODE_BACK, scanCode=0, metaState=0, flags=0x68, repeatCount=0, eventTime=33716223, downTime=33715829, deviceId=-1, source=0x101 }
07-03 00:09:32.167  3023  3023 W ViewRootImpl: Cancelling event due to no window focus: KeyEvent { action=ACTION_UP, keyCode=KEYCODE_BACK, scanCode=0, metaState=0, flags=0x68, repeatCount=0, eventTime=33716223, downTime=33715829, deviceId=-1, source=0x101 }
07-03 00:09:32.167  3023  3023 W ViewRootImpl: Cancelling event due to no window focus: KeyEvent { action=ACTION_UP, keyCode=KEYCODE_BACK, scanCode=0, metaState=0, flags=0x68, repeatCount=0, eventTime=33716223, downTime=33715829, deviceId=-1, source=0x101 }
07-03 00:09:32.167  3023  3023 W ViewRootImpl: Cancelling event due to no window focus: KeyEvent { action=ACTION_UP, keyCode=KEYCODE_BACK, scanCode=0, metaState=0, flags=0x68, repeatCount=0, eventTime=33716223, downTime=33715829, deviceId=-1, source=0x101 }
07-03 00:09:32.168  3023  3023 W ViewRootImpl: Cancelling event due to no window focus: KeyEvent { action=ACTION_UP, keyCode=KEYCODE_BACK, scanCode=0, metaState=0, flags=0x68, repeatCount=0, eventTime=33716223, downTime=33715829, deviceId=-1, source=0x101 }
07-03 00:09:32.168  3023  3023 W ViewRootImpl: Cancelling event due to no window focus: KeyEvent { action=ACTION_UP, keyCode=KEYCODE_BACK, scanCode=0, metaState=0, flags=0x68, repeatCount=0, eventTime=33716223, downTime=33715829, deviceId=-1, source=0x101 }
07-03 00:09:32.168  3023  3023 W ViewRootImpl: Cancelling event due to no window focus: KeyEvent { action=ACTION_UP, keyCode=KEYCODE_BACK, scanCode=0, metaState=0, flags=0x68, repeatCount=0, eventTime=33716223, downTime=33715829, deviceId=-1, source=0x101 }
07-03 00:09:44.684  1907  2299 I chatty  : uid=1000(system) UEventObserver expire 11 lines
07-03 00:09:52.229  2389  2389 D StatusBarKeyguardViewManager: showKeyguard, but hide Bouncer
07-03 00:09:57.023  1907  5738 I chatty  : uid=1000(system) Binder_F expire 14 lines
07-03 00:10:53.309  2389  2389 D StatusBarKeyguardViewManager: showKeyguard, but hide Bouncer
07-03 00:10:53.750   359   359 I chatty  : uid=1000(system) /system/bin/surfaceflinger expire 76 lines
07-03 00:10:58.411   359  1046 I chatty  : uid=1000(system) EventThread expire 26 lines
07-03 00:11:00.058  1907  1907 I chatty  : uid=1000 system_server expire 11 lines
07-03 00:11:05.103  1907  5711 I chatty  : uid=1000(system) Binder_E expire 13 lines
07-03 00:11:20.643  1907  3035 I chatty  : uid=1000(system) Binder_B expire 13 lines
07-03 00:11:28.935  1907  2303 I chatty  : uid=1000(system) AlarmManager expire 15 lines
07-03 00:11:43.937  1907  2123 I chatty  : uid=1000(system) android.display expire 11 lines
07-03 00:11:50.470  1907  2421 I chatty  : uid=1000(system) Binder_4 expire 11 lines
07-03 00:12:46.831   801   893 E NetlinkListener: recvmsg failed (No buffer space available)
07-03 00:12:46.831   755   908 E NetlinkListener: recvmsg failed (No buffer space available)
07-03 00:12:47.116   359  1046 I chatty  : uid=1000(system) EventThread expire 36 lines
07-03 00:12:47.201   359   359 I chatty  : uid=1000(system) /system/bin/surfaceflinger expire 100 lines
07-03 00:13:40.018  1907  2917 I chatty  : uid=1000(system) Binder_8 expire 15 lines
07-03 00:14:00.058  1907  1907 I chatty  : uid=1000 system_server expire 12 lines
07-03 00:14:08.528  1907  2617 I chatty  : uid=1000(system) Binder_5 expire 10 lines
07-03 00:14:08.716  1907  2123 I chatty  : uid=1000(system) android.display expire 12 lines
07-03 00:14:45.034  1907  3355 I chatty  : uid=1000(system) Binder_C expire 10 lines
07-03 00:16:13.514  2389  2389 D StatusBarKeyguardViewManager: showKeyguard, but hide Bouncer
07-03 00:16:23.894  1907  2303 I chatty  : uid=1000(system) AlarmManager expire 10 lines
07-03 00:16:54.735  1907  2123 I chatty  : uid=1000(system) android.display expire 10 lines
07-03 00:16:57.724   359   359 I chatty  : uid=1000(system) /system/bin/surfaceflinger expire 17 lines
07-03 00:16:58.842  1907  1932 I chatty  : uid=1000(system) Binder_1 expire 10 lines
07-03 00:16:59.069  1907  2305 I chatty  : uid=1000(system) InputReader expire 10 lines
07-03 00:16:59.522   359  1046 I chatty  : uid=1000(system) EventThread expire 15 lines
07-03 00:16:59.864  2389  2389 D StatusBarKeyguardViewManager: showKeyguard, but hide Bouncer
07-03 00:17:00.206  1907  3005 I chatty  : uid=1000(system) Binder_9 expire 10 lines
07-03 00:17:00.567  1907  1907 I chatty  : uid=1000 system_server expire 11 lines
07-03 00:17:01.250  1907  2318 I chatty  : uid=1000(system) WifiService expire 14 lines
07-03 00:17:01.451  1907  3006 I chatty  : uid=1000(system) Binder_A expire 10 lines
07-03 00:17:03.129  1907  2134 I chatty  : uid=1000(system) PowerManagerSer expire 11 lines
07-03 00:17:03.136  2389  2389 D StatusBarKeyguardViewManager: showKeyguard, but hide Bouncer
07-03 00:17:04.713  1907  2299 I chatty  : uid=1000(system) UEventObserver expire 17 lines
07-03 00:17:06.337  1907  1933 I chatty  : uid=1000(system) Binder_2 expire 12 lines
07-03 00:17:08.371  1907  1965 I chatty  : uid=1000(system) ActivityManager expire 11 lines
07-03 00:19:43.373 17939 17967 D ActivityThread: Loading provider com.android.email.provider;com.android.email.notifier: com.android.email.provider.EmailProvider
07-03 00:19:50.531  1907  2303 I chatty  : uid=1000(system) AlarmManager expire 14 lines
07-03 00:19:50.978  1907  2876 I chatty  : uid=1000(system) Binder_7 expire 11 lines
07-03 00:19:51.147  1907  2405 I chatty  : uid=1000(system) Binder_3 expire 11 lines
07-03 00:19:58.709 18267 18282 D ActivityThread: Loading provider com.google.android.gmail.provider;com.android.mail.notifier;com.google.android.gm.email.provider;com.google.android.gm.email.notifier: com.android.email.provider.EmailProvider
07-03 00:20:00.065  1907  1907 I chatty  : uid=1000 system_server expire 14 lines
07-03 00:20:00.441   359   359 I chatty  : uid=1000(system) /system/bin/surfaceflinger expire 62 lines
07-03 00:20:09.768 18469 18497 D ActivityThread: Loading provider com.android.email.provider;com.android.email.notifier: com.android.email.provider.EmailProvider
07-03 00:20:22.797  1907  2767 I chatty  : uid=1000(system) Binder_6 expire 12 lines
07-03 00:21:01.843   359  1046 I chatty  : uid=1000(system) EventThread expire 10 lines
07-03 00:21:04.586  1907  3035 I chatty  : uid=1000(system) Binder_B expire 10 lines
07-03 00:22:00.202   801   893 E NetlinkListener: recvmsg failed (No buffer space available)
07-03 00:22:00.202   755   908 E NetlinkListener: recvmsg failed (No buffer space available)
07-03 00:22:00.511  1907  2318 I chatty  : uid=1000(system) WifiService expire 10 lines
07-03 00:22:00.529   359  1046 I chatty  : uid=1000(system) EventThread expire 18 lines
07-03 00:22:01.900  1907  1965 I chatty  : uid=1000(system) ActivityManager expire 11 lines
07-03 00:22:02.384  1907  6063 I chatty  : uid=1000(system) Binder_10 expire 11 lines
07-03 00:22:04.823  1907  5738 I chatty  : uid=1000(system) Binder_F expire 10 lines
07-03 00:22:05.193  1907  3367 I chatty  : uid=1000(system) Binder_D expire 12 lines
07-03 00:22:05.203  1907  2319 I chatty  : uid=1000(system) ConnectivitySer expire 12 lines
07-03 00:22:09.666   359   359 I chatty  : uid=1000(system) /system/bin/surfaceflinger expire 46 lines
07-03 00:22:10.766  1907  2917 I chatty  : uid=1000(system) Binder_8 expire 12 lines
07-03 00:22:13.767  1907  2303 I chatty  : uid=1000(system) AlarmManager expire 12 lines
07-03 00:22:13.783  1907  1907 I chatty  : uid=1000 system_server expire 12 lines
07-03 00:22:13.926  2389  2389 D StatusBarKeyguardViewManager: showKeyguard, but hide Bouncer
07-03 00:22:52.856  1907  3355 I chatty  : uid=1000(system) Binder_C expire 10 lines
07-03 00:22:57.678  1907  2123 I chatty  : uid=1000(system) android.display expire 12 lines
07-03 00:22:59.713  1907  2299 I chatty  : uid=1000(system) UEventObserver expire 10 lines
07-03 00:23:00.545  1907  2421 I chatty  : uid=1000(system) Binder_4 expire 11 lines
07-03 00:23:26.406  1907  1961 I chatty  : uid=1000(system) android.bg expire 10 lines
07-03 00:24:06.209  1907  3006 I chatty  : uid=1000(system) Binder_A expire 10 lines
07-03 00:24:11.677  1907  5711 I chatty  : uid=1000(system) Binder_E expire 16 lines
07-03 00:24:12.014  3023  3023 W ViewRootImpl: Dropping event due to no window focus: KeyEvent { action=ACTION_DOWN, keyCode=KEYCODE_BACK, scanCode=0, metaState=0, flags=0x48, repeatCount=0, eventTime=34596422, downTime=34596422, deviceId=-1, source=0x101 }
07-03 00:24:12.015  3023  3023 W ViewRootImpl: Cancelling event due to no window focus: KeyEvent { action=ACTION_UP, keyCode=KEYCODE_BACK, scanCode=0, metaState=0, flags=0x68, repeatCount=0, eventTime=34596424, downTime=34596422, deviceId=-1, source=0x101 }
07-03 00:24:12.016  3023  3023 W ViewRootImpl: Cancelling event due to no window focus: KeyEvent { action=ACTION_UP, keyCode=KEYCODE_BACK, scanCode=0, metaState=0, flags=0x68, repeatCount=0, eventTime=34596424, downTime=34596422, deviceId=-1, source=0x101 }
07-03 00:24:12.016  3023  3023 W ViewRootImpl: Cancelling event due to no window focus: KeyEvent { action=ACTION_UP, keyCode=KEYCODE_BACK, scanCode=0, metaState=0, flags=0x68, repeatCount=0, eventTime=34596424, downTime=34596422, deviceId=-1, source=0x101 }
07-03 00:24:12.016  3023  3023 W ViewRootImpl: Cancelling event due to no window focus: KeyEvent { action=ACTION_UP, keyCode=KEYCODE_BACK, scanCode=0, metaState=0, flags=0x68, repeatCount=0, eventTime=34596424, downTime=34596422, deviceId=-1, source=0x101 }
07-03 00:24:12.016  3023  3023 W ViewRootImpl: Cancelling event due to no window focus: KeyEvent { action=ACTION_UP, keyCode=KEYCODE_BACK, scanCode=0, metaState=0, flags=0x68, repeatCount=0, eventTime=34596424, downTime=34596422, deviceId=-1, source=0x101 }
07-03 00:24:12.016  3023  3023 W ViewRootImpl: Cancelling event due to no window focus: KeyEvent { action=ACTION_UP, keyCode=KEYCODE_BACK, scanCode=0, metaState=0, flags=0x68, repeatCount=0, eventTime=34596424, downTime=34596422, deviceId=-1, source=0x101 }
07-03 00:24:12.016  3023  3023 W ViewRootImpl: Cancelling event due to no window focus: KeyEvent { action=ACTION_UP, keyCode=KEYCODE_BACK, scanCode=0, metaState=0, flags=0x68, repeatCount=0, eventTime=34596424, downTime=34596422, deviceId=-1, source=0x101 }
07-03 00:24:12.016  3023  3023 W ViewRootImpl: Cancelling event due to no window focus: KeyEvent { action=ACTION_UP, keyCode=KEYCODE_BACK, scanCode=0, metaState=0, flags=0x68, repeatCount=0, eventTime=34596424, downTime=34596422, deviceId=-1, source=0x101 }
07-03 00:24:12.016  3023  3023 W ViewRootImpl: Cancelling event due to no window focus: KeyEvent { action=ACTION_UP, keyCode=KEYCODE_BACK, scanCode=0, metaState=0, flags=0x68, repeatCount=0, eventTime=34596424, downTime=34596422, deviceId=-1, source=0x101 }
07-03 00:24:13.723   359  1046 I chatty  : uid=1000(system) EventThread expire 15 lines
07-03 00:24:13.834  1907  2767 I chatty  : uid=1000(system) Binder_6 expire 11 lines
07-03 00:24:27.261   359   359 I chatty  : uid=1000(system) /system/bin/surfaceflinger expire 28 lines
07-03 00:24:27.779  1907  2617 I chatty  : uid=1000(system) Binder_5 expire 11 lines
07-03 00:24:32.243  2389  2389 D StatusBarKeyguardViewManager: showKeyguard, but hide Bouncer
07-03 00:24:58.025  1907  2303 I chatty  : uid=1000(system) AlarmManager expire 10 lines
07-03 00:24:58.040  1907  1907 I chatty  : uid=1000 system_server expire 14 lines
07-03 00:25:18.002  1907  1932 I chatty  : uid=1000(system) Binder_1 expire 10 lines
07-03 00:25:20.658  2389  2389 D StatusBarKeyguardViewManager: showKeyguard, but hide Bouncer
07-03 00:25:24.687  1907  2299 I chatty  : uid=1000(system) UEventObserver expire 10 lines
07-03 00:26:09.996  1907  1933 I chatty  : uid=1000(system) Binder_2 expire 28 lines
07-03 00:26:35.395  1907  2318 I chatty  : uid=1000(system) WifiService expire 10 lines
07-03 00:26:49.052  1907  1907 I chatty  : uid=1000 system_server expire 14 lines
07-03 00:27:03.886 22766 22766 W ActivityThread: ClassLoader.loadClass: The class loader returned by Thread.getContextClassLoader() may fail for processes that host multiple applications. You should explicitly specify a context class loader. For example: Thread.setContextClassLoader(getClass().getClassLoader());
07-03 00:27:04.934   359   359 I chatty  : uid=1000(system) /system/bin/surfaceflinger expire 17 lines
07-03 00:27:06.571  1907  1965 I chatty  : uid=1000(system) ActivityManager expire 10 lines
07-03 00:27:22.975  1907  2303 I chatty  : uid=1000(system) AlarmManager expire 10 lines
07-03 00:27:47.149  1907  2134 I chatty  : uid=1000(system) PowerManagerSer expire 12 lines
07-03 00:27:52.296  2389  2389 D StatusBarKeyguardViewManager: showKeyguard, but hide Bouncer
07-03 00:27:52.519   359   359 I chatty  : uid=1000(system) /system/bin/surfaceflinger expire 64 lines
07-03 00:28:08.081  1907  2123 I chatty  : uid=1000(system) android.display expire 10 lines
07-03 00:28:08.350   359  1046 I chatty  : uid=1000(system) EventThread expire 17 lines
07-03 00:28:12.061  1907  2405 I chatty  : uid=1000(system) Binder_3 expire 12 lines
07-03 00:28:38.889  1907  1907 I chatty  : uid=1000 system_server expire 14 lines
07-03 00:28:59.741 21548 21548 W ViewRootImpl: Dropping event due to root view being removed: MotionEvent { action=ACTION_UP, actionButton=0, id[0]=0, x[0]=648.0, y[0]=396.0, toolType[0]=TOOL_TYPE_FINGER, buttonState=0, metaState=0, flags=0x0, edgeFlags=0x0, pointerCount=1, historySize=0, eventTime=34885152, downTime=34885119, deviceId=3, source=0xd002 }
07-03 00:28:59.744  1907  3005 I chatty  : uid=1000(system) Binder_9 expire 10 lines
07-03 00:29:00.000  1907  2303 I chatty  : uid=1000(system) AlarmManager expire 12 lines
07-03 00:29:02.255   359  1046 I chatty  : uid=1000(system) EventThread expire 11 lines
07-03 00:29:03.736  1907  2299 I chatty  : uid=1000(system) UEventObserver expire 16 lines
07-03 00:29:04.311   359   359 I chatty  : uid=1000(system) /system/bin/surfaceflinger expire 26 lines
07-03 00:29:17.588  1907  2318 I chatty  : uid=1000(system) WifiService expire 10 lines
07-03 00:29:21.011  2389  2389 D StatusBarKeyguardViewManager: showKeyguard, but hide Bouncer
07-03 00:31:14.050  1907  5738 I chatty  : uid=1000(system) Binder_F expire 11 lines
07-03 00:31:14.294  3023  3023 W ViewRootImpl: Dropping event due to no window focus: KeyEvent { action=ACTION_DOWN, keyCode=KEYCODE_BACK, scanCode=0, metaState=0, flags=0x48, repeatCount=0, eventTime=35019702, downTime=35019702, deviceId=-1, source=0x101 }
07-03 00:31:14.329  3023  3023 W ViewRootImpl: Cancelling event due to no window focus: KeyEvent { action=ACTION_UP, keyCode=KEYCODE_BACK, scanCode=0, metaState=0, flags=0x68, repeatCount=0, eventTime=35019705, downTime=35019702, deviceId=-1, source=0x101 }
07-03 00:31:14.329  3023  3023 W ViewRootImpl: Cancelling event due to no window focus: KeyEvent { action=ACTION_UP, keyCode=KEYCODE_BACK, scanCode=0, metaState=0, flags=0x68, repeatCount=0, eventTime=35019705, downTime=35019702, deviceId=-1, source=0x101 }
07-03 00:31:14.329  3023  3023 W ViewRootImpl: Cancelling event due to no window focus: KeyEvent { action=ACTION_UP, keyCode=KEYCODE_BACK, scanCode=0, metaState=0, flags=0x68, repeatCount=0, eventTime=35019705, downTime=35019702, deviceId=-1, source=0x101 }
07-03 00:31:14.329  3023  3023 W ViewRootImpl: Cancelling event due to no window focus: KeyEvent { action=ACTION_UP, keyCode=KEYCODE_BACK, scanCode=0, metaState=0, flags=0x68, repeatCount=0, eventTime=35019705, downTime=35019702, deviceId=-1, source=0x101 }
07-03 00:31:14.329  3023  3023 W ViewRootImpl: Cancelling event due to no window focus: KeyEvent { action=ACTION_UP, keyCode=KEYCODE_BACK, scanCode=0, metaState=0, flags=0x68, repeatCount=0, eventTime=35019705, downTime=35019702, deviceId=-1, source=0x101 }
07-03 00:31:14.329  3023  3023 W ViewRootImpl: Cancelling event due to no window focus: KeyEvent { action=ACTION_UP, keyCode=KEYCODE_BACK, scanCode=0, metaState=0, flags=0x68, repeatCount=0, eventTime=35019705, downTime=35019702, deviceId=-1, source=0x101 }
07-03 00:31:14.330  3023  3023 W ViewRootImpl: Cancelling event due to no window focus: KeyEvent { action=ACTION_UP, keyCode=KEYCODE_BACK, scanCode=0, metaState=0, flags=0x68, repeatCount=0, eventTime=35019705, downTime=35019702, deviceId=-1, source=0x101 }
07-03 00:31:14.330  3023  3023 W ViewRootImpl: Cancelling event due to no window focus: KeyEvent { action=ACTION_UP, keyCode=KEYCODE_BACK, scanCode=0, metaState=0, flags=0x68, repeatCount=0, eventTime=35019705, downTime=35019702, deviceId=-1, source=0x101 }
07-03 00:31:14.330  3023  3023 W ViewRootImpl: Cancelling event due to no window focus: KeyEvent { action=ACTION_UP, keyCode=KEYCODE_BACK, scanCode=0, metaState=0, flags=0x68, repeatCount=0, eventTime=35019705, downTime=35019702, deviceId=-1, source=0x101 }
07-03 00:31:16.689  1907  2617 I chatty  : uid=1000(system) Binder_5 expire 13 lines
07-03 00:31:24.285   359   359 I chatty  : uid=1000(system) /system/bin/surfaceflinger expire 11 lines
07-03 00:31:28.101  1907  2303 I chatty  : uid=1000(system) AlarmManager expire 12 lines
07-03 00:31:28.110  1907  1907 I chatty  : uid=1000 system_server expire 14 lines
07-03 00:31:34.761  2389  2389 D StatusBarKeyguardViewManager: showKeyguard, but hide Bouncer
07-03 00:34:06.209  1907  3355 I chatty  : uid=1000(system) Binder_C expire 10 lines
07-03 00:34:09.755  1907  2876 I chatty  : uid=1000(system) Binder_7 expire 11 lines
07-03 00:34:25.202  1907  2134 I chatty  : uid=1000(system) PowerManagerSer expire 12 lines
07-03 00:34:30.277  2389  2389 D StatusBarKeyguardViewManager: showKeyguard, but hide Bouncer
07-03 00:34:41.038  1907  2303 I chatty  : uid=1000(system) AlarmManager expire 24 lines
07-03 00:34:41.144  1907  1907 I chatty  : uid=1000 system_server expire 29 lines
07-03 00:40:38.478  1907  3035 I chatty  : uid=1000(system) Binder_B expire 13 lines
07-03 00:42:56.817  1907  2123 I chatty  : uid=1000(system) android.display expire 10 lines
07-03 00:42:57.032   359  1046 I chatty  : uid=1000(system) EventThread expire 10 lines
07-03 00:42:58.928   359   359 I chatty  : uid=1000(system) /system/bin/surfaceflinger expire 42 lines
07-03 00:43:24.822  1907  2348 I chatty  : uid=1000(system) backup expire 1 line
07-03 00:43:55.996 26399 26409 D DefContainer: Copying /data/local/tmp/app-debug.apk to base.apk
07-03 00:43:58.551   359   359 I chatty  : uid=1000(system) /system/bin/surfaceflinger expire 32 lines
07-03 00:43:58.774  1907  3367 I chatty  : uid=1000(system) Binder_D expire 10 lines
07-03 00:44:00.000  1907  2303 I chatty  : uid=1000(system) AlarmManager expire 16 lines
07-03 00:44:00.234  1907  2421 I chatty  : uid=1000(system) Binder_4 expire 11 lines
07-03 00:44:00.289  1907  1907 I chatty  : uid=1000 system_server expire 15 lines
07-03 00:44:01.452  1907  1965 I chatty  : uid=1000(system) ActivityManager expire 10 lines
07-03 00:44:01.815  1907  2767 I chatty  : uid=1000(system) Binder_6 expire 10 lines
07-03 00:44:04.550  1907  2299 I chatty  : uid=1000(system) UEventObserver expire 14 lines
07-03 00:44:10.239 26751 26751 I chatty  : uid=1000(system) com.android.keychain expire 1 line
07-03 00:44:10.981   359  1046 I chatty  : uid=1000(system) EventThread expire 14 lines
07-03 00:44:13.493  1907  6063 I chatty  : uid=1000(system) Binder_10 expire 10 lines
07-03 00:44:17.825  1907  2318 I chatty  : uid=1000(system) WifiService expire 10 lines
07-03 00:44:21.036  1907  1932 I chatty  : uid=1000(system) Binder_1 expire 11 lines
07-03 00:44:26.778  1907  3006 I chatty  : uid=1000(system) Binder_A expire 31 lines
07-03 00:45:39.979  2389  2389 D StatusBarKeyguardViewManager: showKeyguard, but hide Bouncer
07-03 00:45:46.114  1907  3355 I chatty  : uid=1000(system) Binder_C expire 12 lines
07-03 00:45:56.671  1907  2305 I chatty  : uid=1000(system) InputReader expire 12 lines
07-03 00:45:59.070   359  1046 I chatty  : uid=1000(system) EventThread expire 17 lines
07-03 00:45:59.238   359   359 I chatty  : uid=1000(system) /system/bin/surfaceflinger expire 76 lines
07-03 00:45:59.305  1907  5711 I chatty  : uid=1000(system) Binder_E expire 24 lines
07-03 00:45:59.999  1907  2303 I chatty  : uid=1000(system) AlarmManager expire 13 lines
07-03 00:46:00.110  1907  1907 I chatty  : uid=1000 system_server expire 25 lines
07-03 00:46:38.743  1907  2617 I chatty  : uid=1000(system) Binder_5 expire 12 lines
07-03 00:46:38.744  1907  2318 I chatty  : uid=1000(system) WifiService expire 11 lines
07-03 00:46:40.067  1907  5738 I chatty  : uid=1000(system) Binder_F expire 11 lines
07-03 00:46:41.509  1907  2123 I chatty  : uid=1000(system) android.display expire 10 lines
07-03 00:47:02.092  1907  2917 I chatty  : uid=1000(system) Binder_8 expire 12 lines
07-03 00:47:29.784  1907 29191 I chatty  : uid=1000 system_server expire 3 lines
07-03 00:47:37.013   801   893 E NetlinkListener: recvmsg failed (No buffer space available)
07-03 00:47:37.016   755   908 E NetlinkListener: recvmsg failed (No buffer space available)
07-03 00:47:37.834  2389  2389 D StatusBarKeyguardViewManager: showKeyguard, but hide Bouncer
07-03 00:47:38.016  1907  3035 I chatty  : uid=1000(system) Binder_B expire 10 lines
07-03 00:47:38.094  1907  6063 I chatty  : uid=1000(system) Binder_10 expire 10 lines
07-03 00:47:38.479  1907  1965 I chatty  : uid=1000(system) ActivityManager expire 16 lines
07-03 00:47:38.804  2389  2389 D StatusBarKeyguardViewManager: setOccluded(true): mOccluded = false  mShowing = true
07-03 00:47:38.804  2389  2389 D StatusBarKeyguardViewManager: mOccluded = true and Keyguard/Bouncer are all hidden now
07-03 00:47:39.298   359  1046 I chatty  : uid=1000(system) EventThread expire 13 lines
07-03 00:47:41.303   359   359 I chatty  : uid=1000(system) /system/bin/surfaceflinger expire 26 lines
07-03 00:47:42.454  2389  2389 D StatusBarKeyguardViewManager: mOccluded = true and Keyguard/Bouncer are all hidden now
07-03 00:47:47.816  1907  2305 I chatty  : uid=1000(system) InputReader expire 11 lines
07-03 00:47:52.402  1907  1907 I chatty  : uid=1000 system_server expire 16 lines
07-03 00:47:53.909  1907  2319 I chatty  : uid=1000(system) ConnectivitySer expire 44 lines
07-03 00:47:58.503  1907  2421 I chatty  : uid=1000(system) Binder_4 expire 33 lines
07-03 00:47:58.603  1907 29703 I chatty  : uid=1000 system_server expire 2 lines
07-03 00:47:58.612  1907  2767 I chatty  : uid=1000(system) Binder_6 expire 10 lines
07-03 00:47:59.565  1907  2123 I chatty  : uid=1000(system) android.display expire 30 lines
07-03 00:48:00.811  1907  5711 I chatty  : uid=1000(system) Binder_E expire 11 lines
07-03 00:48:01.083  1907  3367 I chatty  : uid=1000(system) Binder_D expire 18 lines
07-03 00:48:04.575  2389  2389 D StatusBarKeyguardViewManager: setOccluded(false): mOccluded = true  mShowing = true
07-03 00:48:04.578  2389  2389 D StatusBarKeyguardViewManager: showKeyguard, but hide Bouncer
07-03 00:48:05.519  1907  1907 I chatty  : uid=1000 system_server expire 201 lines
07-03 00:48:08.032  1907  1933 I chatty  : uid=1000(system) Binder_2 expire 12 lines
07-03 00:48:08.093  1907  3006 I chatty  : uid=1000(system) Binder_A expire 15 lines
07-03 00:48:08.403  1907  3005 I chatty  : uid=1000(system) Binder_9 expire 28 lines
07-03 00:48:10.531  1907  1932 I chatty  : uid=1000(system) Binder_1 expire 11 lines
07-03 00:48:17.059  1907  1965 I chatty  : uid=1000(system) ActivityManager expire 33 lines
07-03 00:49:19.264  1907  2310 I chatty  : uid=1000(system) NetworkStats expire 5 lines
07-03 00:49:37.554   359   359 I chatty  : uid=1000(system) /system/bin/surfaceflinger expire 70 lines
07-03 00:49:39.602   359  1046 I chatty  : uid=1000(system) EventThread expire 33 lines
07-03 00:49:42.240  1907  2319 I chatty  : uid=1000(system) ConnectivitySer expire 125 lines
07-03 00:49:42.782  1907  2303 I chatty  : uid=1000(system) AlarmManager expire 115 lines
07-03 00:49:46.595  1907  3085 I chatty  : uid=1000(system) AsyncQueryWorke expire 1 line
07-03 00:49:47.362  1907 30564 I chatty  : uid=1000 system_server expire 4 lines
07-03 00:51:06.330  1907  2876 I chatty  : uid=1000(system) Binder_7 expire 52 lines
07-03 00:55:22.052  1907  2318 I chatty  : uid=1000(system) WifiService expire 12 lines
07-03 00:55:22.082  1907  5738 I chatty  : uid=1000(system) Binder_F expire 10 lines
07-03 00:56:54.604  1907  2405 I chatty  : uid=1000(system) Binder_3 expire 28 lines
07-03 01:11:58.223  1907 21161 I chatty  : uid=1000(system) AsyncTask #4 expire 2 lines
07-03 01:12:00.718  1907  1016 I chatty  : uid=1000(system) AsyncTask #5 expire 2 lines
07-03 01:12:00.777  1907  6063 I chatty  : uid=1000(system) Binder_10 expire 17 lines
07-03 01:12:35.788  1907  2299 I chatty  : uid=1000(system) UEventObserver expire 11 lines
07-03 01:13:36.629  1907  3355 I chatty  : uid=1000(system) Binder_C expire 15 lines
07-03 01:14:29.479  1907  3035 I chatty  : uid=1000(system) Binder_B expire 15 lines
07-03 01:14:29.846  1907  2617 I chatty  : uid=1000(system) Binder_5 expire 11 lines
07-03 01:15:04.050  2389  2389 D StatusBarKeyguardViewManager: showKeyguard, but hide Bouncer
07-03 01:15:10.001  1907  2303 I chatty  : uid=1000(system) AlarmManager expire 10 lines
07-03 01:15:10.058  1907  1907 I chatty  : uid=1000 system_server expire 10 lines
07-03 01:15:12.279  1907  2405 I chatty  : uid=1000(system) Binder_3 expire 11 lines
07-03 01:15:22.050  1907  2123 I chatty  : uid=1000(system) android.display expire 10 lines
07-03 01:15:30.163   359  1046 I chatty  : uid=1000(system) EventThread expire 11 lines
07-03 01:15:30.189   359   359 I chatty  : uid=1000(system) /system/bin/surfaceflinger expire 10 lines
07-03 01:15:34.400  2389  2389 D StatusBarKeyguardViewManager: showKeyguard, but hide Bouncer
07-03 01:15:34.467  1907  3005 I chatty  : uid=1000(system) Binder_9 expire 11 lines
07-03 01:15:34.483  1907  1965 I chatty  : uid=1000(system) ActivityManager expire 10 lines
07-03 01:15:34.553  1907  2319 I chatty  : uid=1000(system) ConnectivitySer expire 12 lines
07-03 01:15:36.167  1907  3006 I chatty  : uid=1000(system) Binder_A expire 11 lines
07-03 01:15:40.591  2758  2788 D ActivityThread: Loading provider com.google.android.gmail.provider;com.android.mail.notifier;com.google.android.gm.email.provider;com.google.android.gm.email.notifier: com.android.email.provider.EmailProvider
07-03 01:15:40.920  1907  2876 I chatty  : uid=1000(system) Binder_7 expire 17 lines
07-03 01:15:43.544   755   908 E NetlinkListener: recvmsg failed (No buffer space available)
07-03 01:15:43.548   801   893 E NetlinkListener: recvmsg failed (No buffer space available)
