--------- beginning of system
07-02 21:04:00.385  2389  2389 D StatusBarKeyguardViewManager: showKeyguard, but hide Bouncer
07-02 21:04:00.611  1907  1907 I chatty  : uid=1000 system_server expire 18 lines
07-02 21:04:08.627  1907  2303 I chatty  : uid=1000(system) AlarmManager expire 17 lines
07-02 21:04:36.790  1907  2305 I chatty  : uid=1000(system) InputReader expire 10 lines
07-02 21:04:36.797  1907  2123 I chatty  : uid=1000(system) android.display expire 11 lines
07-02 21:04:37.968  1907  2405 I chatty  : uid=1000(system) Binder_3 expire 10 lines
07-02 21:04:38.005   359  1046 I chatty  : uid=1000(system) EventThread expire 10 lines
07-02 21:04:39.232  1907  1965 I chatty  : uid=1000(system) ActivityManager expire 10 lines
07-02 21:04:39.314  1907  3355 I chatty  : uid=1000(system) Binder_C expire 10 lines
07-02 21:04:39.324   359   359 I chatty  : uid=1000(system) /system/bin/surfaceflinger expire 19 lines
07-02 21:04:39.529  1907  2767 I chatty  : uid=1000(system) Binder_6 expire 14 lines
07-02 21:04:39.736  1907  5711 I chatty  : uid=1000(system) Binder_E expire 10 lines
07-02 21:04:40.767  1907  2917 I chatty  : uid=1000(system) Binder_8 expire 12 lines
07-02 21:04:40.790  1907  3035 I chatty  : uid=1000(system) Binder_B expire 10 lines
07-02 21:04:40.790  1907  3006 I chatty  : uid=1000(system) Binder_A expire 14 lines
07-02 21:04:40.791  1907  2318 I chatty  : uid=1000(system) WifiService expire 11 lines
07-02 21:04:40.791  1907  2319 I chatty  : uid=1000(system) ConnectivitySer expire 12 lines
07-02 21:04:45.855  1907  2617 I chatty  : uid=1000(system) Binder_5 expire 14 lines
07-02 21:05:00.312  1907  2134 I chatty  : uid=1000(system) PowerManagerSer expire 12 lines
07-02 21:05:05.410  1907  2299 I chatty  : uid=1000(system) UEventObserver expire 10 lines
07-02 21:05:05.427  2389  2389 D StatusBarKeyguardViewManager: showKeyguard, but hide Bouncer
07-02 21:05:11.945  1907  5738 I chatty  : uid=1000(system) Binder_F expire 10 lines
07-02 21:05:40.604  2389  2389 D StatusBarKeyguardViewManager: showKeyguard, but hide Bouncer
07-02 21:05:52.511  1907  2876 I chatty  : uid=1000(system) Binder_7 expire 12 lines
07-02 21:07:50.226  1907  1961 I chatty  : uid=1000(system) android.bg expire 11 lines
07-02 21:07:50.730 26416 26450 D ActivityThread: Loading provider com.android.email.provider;com.android.email.notifier: com.android.email.provider.EmailProvider
07-02 21:07:50.969 26400 26462 D ActivityThread: Loading provider com.google.android.gmail.provider;com.android.mail.notifier;com.google.android.gm.email.provider;com.google.android.gm.email.notifier: com.android.email.provider.EmailProvider
07-02 21:07:51.414  1907  3367 I chatty  : uid=1000(system) Binder_D expire 11 lines
07-02 21:07:51.417  1907  6063 I chatty  : uid=1000(system) Binder_10 expire 10 lines
07-02 21:07:54.324  1907  3005 I chatty  : uid=1000(system) Binder_9 expire 12 lines
07-02 21:08:51.554  1907  2303 I chatty  : uid=1000(system) AlarmManager expire 12 lines
07-02 21:08:51.564  1907  1907 I chatty  : uid=1000 system_server expire 17 lines
07-02 21:09:27.396   359   359 I chatty  : uid=1000(system) /system/bin/surfaceflinger expire 20 lines
07-02 21:09:28.644  1907  2421 I chatty  : uid=1000(system) Binder_4 expire 10 lines
07-02 21:09:57.073  2389  2389 D StatusBarKeyguardViewManager: showKeyguard, but hide Bouncer
07-02 21:12:52.765   359  1046 I chatty  : uid=1000(system) EventThread expire 13 lines
07-02 21:13:07.548 27241 27275 D ActivityThread: Loading provider com.android.email.provider;com.android.email.notifier: com.android.email.provider.EmailProvider
07-02 21:13:07.883   359   359 I chatty  : uid=1000(system) /system/bin/surfaceflinger expire 20 lines
07-02 21:13:20.459  1907  2303 I chatty  : uid=1000(system) AlarmManager expire 10 lines
07-02 21:13:20.496  1907  1907 I chatty  : uid=1000 system_server expire 10 lines
07-02 21:13:20.535  1907  2155 I chatty  : uid=1000(system) PackageManager expire 10 lines
07-02 21:13:20.659  3023  3023 W ViewRootImpl: Dropping event due to no window focus: KeyEvent { action=ACTION_DOWN, keyCode=KEYCODE_BACK, scanCode=0, metaState=0, flags=0x48, repeatCount=0, eventTime=28101514, downTime=28101514, deviceId=-1, source=0x101 }
07-02 21:13:20.665  3023  3023 W ViewRootImpl: Cancelling event due to no window focus: KeyEvent { action=ACTION_UP, keyCode=KEYCODE_BACK, scanCode=0, metaState=0, flags=0x68, repeatCount=0, eventTime=28101517, downTime=28101514, deviceId=-1, source=0x101 }
07-02 21:13:20.665  3023  3023 W ViewRootImpl: Cancelling event due to no window focus: KeyEvent { action=ACTION_UP, keyCode=KEYCODE_BACK, scanCode=0, metaState=0, flags=0x68, repeatCount=0, eventTime=28101517, downTime=28101514, deviceId=-1, source=0x101 }
07-02 21:13:20.665  3023  3023 W ViewRootImpl: Cancelling event due to no window focus: KeyEvent { action=ACTION_UP, keyCode=KEYCODE_BACK, scanCode=0, metaState=0, flags=0x68, repeatCount=0, eventTime=28101517, downTime=28101514, deviceId=-1, source=0x101 }
07-02 21:13:20.665  3023  3023 W ViewRootImpl: Cancelling event due to no window focus: KeyEvent { action=ACTION_UP, keyCode=KEYCODE_BACK, scanCode=0, metaState=0, flags=0x68, repeatCount=0, eventTime=28101517, downTime=28101514, deviceId=-1, source=0x101 }
07-02 21:13:20.665  3023  3023 W ViewRootImpl: Cancelling event due to no window focus: KeyEvent { action=ACTION_UP, keyCode=KEYCODE_BACK, scanCode=0, metaState=0, flags=0x68, repeatCount=0, eventTime=28101517, downTime=28101514, deviceId=-1, source=0x101 }
07-02 21:13:20.665  3023  3023 W ViewRootImpl: Cancelling event due to no window focus: KeyEvent { action=ACTION_UP, keyCode=KEYCODE_BACK, scanCode=0, metaState=0, flags=0x68, repeatCount=0, eventTime=28101517, downTime=28101514, deviceId=-1, source=0x101 }
07-02 21:13:20.665  3023  3023 W ViewRootImpl: Cancelling event due to no window focus: KeyEvent { action=ACTION_UP, keyCode=KEYCODE_BACK, scanCode=0, metaState=0, flags=0x68, repeatCount=0, eventTime=28101517, downTime=28101514, deviceId=-1, source=0x101 }
07-02 21:13:20.665  3023  3023 W ViewRootImpl: Cancelling event due to no window focus: KeyEvent { action=ACTION_UP, keyCode=KEYCODE_BACK, scanCode=0, metaState=0, flags=0x68, repeatCount=0, eventTime=28101517, downTime=28101514, deviceId=-1, source=0x101 }
07-02 21:13:20.665  3023  3023 W ViewRootImpl: Cancelling event due to no window focus: KeyEvent { action=ACTION_UP, keyCode=KEYCODE_BACK, scanCode=0, metaState=0, flags=0x68, repeatCount=0, eventTime=28101517, downTime=28101514, deviceId=-1, source=0x101 }
07-02 21:13:24.191 27387 27398 D DefContainer: Copying /data/local/tmp/app-debug.apk to base.apk
07-02 21:13:32.284  1907  1965 I chatty  : uid=1000(system) ActivityManager expire 11 lines
07-02 21:13:32.731  1907  1932 I chatty  : uid=1000(system) Binder_1 expire 11 lines
07-02 21:13:33.246 27634 27634 I chatty  : uid=1000(system) com.android.keychain expire 1 line
07-02 21:13:34.778  1907  1933 I chatty  : uid=1000(system) Binder_2 expire 12 lines
07-02 21:13:34.886  1907  2134 I chatty  : uid=1000(system) PowerManagerSer expire 11 lines
07-02 21:13:35.166  2389  2389 D StatusBarKeyguardViewManager: showKeyguard, but hide Bouncer
07-02 21:13:38.542  1907  2318 I chatty  : uid=1000(system) WifiService expire 12 lines
07-02 21:13:39.599  1907  2123 I chatty  : uid=1000(system) android.display expire 10 lines
07-02 21:13:57.778  1907  2319 I chatty  : uid=1000(system) ConnectivitySer expire 10 lines
07-02 21:13:57.788  1907  2405 I chatty  : uid=1000(system) Binder_3 expire 11 lines
07-02 21:13:59.297   359  1046 I chatty  : uid=1000(system) EventThread expire 13 lines
07-02 21:13:59.322   359   359 I chatty  : uid=1000(system) /system/bin/surfaceflinger expire 12 lines
07-02 21:14:01.132 28691 28711 D ActivityThread: Loading provider com.google.android.gmail.provider;com.android.mail.notifier;com.google.android.gm.email.provider;com.google.android.gm.email.notifier: com.android.email.provider.EmailProvider
07-02 21:14:01.457  1907  5711 I chatty  : uid=1000(system) Binder_E expire 10 lines
07-02 21:14:04.981  1907  2767 I chatty  : uid=1000(system) Binder_6 expire 11 lines
07-02 21:14:05.239  1907  2299 I chatty  : uid=1000(system) UEventObserver expire 11 lines
07-02 21:14:05.859  1907  1907 I chatty  : uid=1000 system_server expire 14 lines
07-02 21:14:26.709  1907  2617 I chatty  : uid=1000(system) Binder_5 expire 10 lines
07-02 21:14:31.255  2389  2389 D StatusBarKeyguardViewManager: showKeyguard, but hide Bouncer
07-02 21:14:57.081  1907  2303 I chatty  : uid=1000(system) AlarmManager expire 15 lines
07-02 21:14:57.983  1907  2876 I chatty  : uid=1000(system) Binder_7 expire 12 lines
07-02 21:16:07.331  1907  2155 I chatty  : uid=1000(system) PackageManager expire 10 lines
07-02 21:16:08.990 29111 29122 D DefContainer: Copying /data/local/tmp/app-debug.apk to base.apk
07-02 21:16:14.638  1907  3005 I chatty  : uid=1000(system) Binder_9 expire 11 lines
07-02 21:16:15.717 29210 29210 I chatty  : uid=1000(system) com.android.keychain expire 1 line
07-02 21:16:15.804  1907  6063 I chatty  : uid=1000(system) Binder_10 expire 11 lines
07-02 21:16:19.421  2389  2389 D StatusBarKeyguardViewManager: showKeyguard, but hide Bouncer
07-02 21:16:22.164   359   359 I chatty  : uid=1000(system) /system/bin/surfaceflinger expire 13 lines
07-02 21:16:24.229  1907  1932 I chatty  : uid=1000(system) Binder_1 expire 10 lines
07-02 21:16:27.266  1907  2318 I chatty  : uid=1000(system) WifiService expire 13 lines
07-02 21:16:28.019  1907  2917 I chatty  : uid=1000(system) Binder_8 expire 12 lines
07-02 21:16:31.586  1907  1933 I chatty  : uid=1000(system) Binder_2 expire 10 lines
07-02 21:16:32.421  1907  1907 I chatty  : uid=1000 system_server expire 17 lines
07-02 21:16:51.143  2389  2389 D StatusBarKeyguardViewManager: showKeyguard, but hide Bouncer
07-02 21:17:12.052  1907  1965 I chatty  : uid=1000(system) ActivityManager expire 10 lines
07-02 21:17:12.295  1907  3355 I chatty  : uid=1000(system) Binder_C expire 10 lines
07-02 21:17:12.313  1907  2421 I chatty  : uid=1000(system) Binder_4 expire 10 lines
07-02 21:17:16.306  1907  2303 I chatty  : uid=1000(system) AlarmManager expire 26 lines
07-02 21:17:33.791  1907  3006 I chatty  : uid=1000(system) Binder_A expire 11 lines
07-02 21:18:48.962   359  1046 I chatty  : uid=1000(system) EventThread expire 18 lines
07-02 21:18:49.751 30560 30560 I ActivityThread: Removing dead content provider:android.content.ContentProviderProxy@bb5d405
07-02 21:18:51.011   359   359 I chatty  : uid=1000(system) /system/bin/surfaceflinger expire 10 lines
07-02 21:18:51.148  1907  5738 I chatty  : uid=1000(system) Binder_F expire 17 lines
07-02 21:18:55.984  1907  3035 I chatty  : uid=1000(system) Binder_B expire 11 lines
07-02 21:19:00.073  1907  1907 I chatty  : uid=1000 system_server expire 23 lines
07-02 21:19:21.420  1907  2123 I chatty  : uid=1000(system) android.display expire 11 lines
07-02 21:19:25.924  2389  2389 D StatusBarKeyguardViewManager: showKeyguard, but hide Bouncer
07-02 21:19:37.498  1907  2767 I chatty  : uid=1000(system) Binder_6 expire 13 lines
07-02 21:22:46.622  1907  2319 I chatty  : uid=1000(system) ConnectivitySer expire 12 lines
07-02 21:23:59.735  1907  2305 I chatty  : uid=1000(system) InputReader expire 10 lines
07-02 21:24:02.313   359   359 I chatty  : uid=1000(system) /system/bin/surfaceflinger expire 35 lines
07-02 21:25:05.087  2977  2977 I chatty  : uid=1000(system) com.motorola.process.system expire 10 lines
07-02 21:25:10.408 28496 28496 W ViewRootImpl: Dropping event due to no window focus: KeyEvent { action=ACTION_DOWN, keyCode=KEYCODE_BACK, scanCode=0, metaState=0, flags=0x48, repeatCount=0, eventTime=28811906, downTime=28811906, deviceId=-1, source=0x101 }
07-02 21:25:11.415   359   359 I chatty  : uid=1000(system) /system/bin/surfaceflinger expire 14 lines
07-02 21:25:12.213  3023  3023 W ViewRootImpl: Dropping event due to no window focus: KeyEvent { action=ACTION_DOWN, keyCode=KEYCODE_BACK, scanCode=0, metaState=0, flags=0x48, repeatCount=0, eventTime=28813456, downTime=28813456, deviceId=-1, source=0x101 }
07-02 21:25:12.213  3023  3023 W ViewRootImpl: Cancelling event due to no window focus: KeyEvent { action=ACTION_UP, keyCode=KEYCODE_BACK, scanCode=0, metaState=0, flags=0x68, repeatCount=0, eventTime=28813759, downTime=28813456, deviceId=-1, source=0x101 }
07-02 21:25:12.215  3023  3023 W ViewRootImpl: Cancelling event due to no window focus: KeyEvent { action=ACTION_UP, keyCode=KEYCODE_BACK, scanCode=0, metaState=0, flags=0x68, repeatCount=0, eventTime=28813759, downTime=28813456, deviceId=-1, source=0x101 }
07-02 21:25:12.215  3023  3023 W ViewRootImpl: Cancelling event due to no window focus: KeyEvent { action=ACTION_UP, keyCode=KEYCODE_BACK, scanCode=0, metaState=0, flags=0x68, repeatCount=0, eventTime=28813759, downTime=28813456, deviceId=-1, source=0x101 }
07-02 21:25:12.215  3023  3023 W ViewRootImpl: Cancelling event due to no window focus: KeyEvent { action=ACTION_UP, keyCode=KEYCODE_BACK, scanCode=0, metaState=0, flags=0x68, repeatCount=0, eventTime=28813759, downTime=28813456, deviceId=-1, source=0x101 }
07-02 21:25:12.215  3023  3023 W ViewRootImpl: Cancelling event due to no window focus: KeyEvent { action=ACTION_UP, keyCode=KEYCODE_BACK, scanCode=0, metaState=0, flags=0x68, repeatCount=0, eventTime=28813759, downTime=28813456, deviceId=-1, source=0x101 }
07-02 21:25:12.215  3023  3023 W ViewRootImpl: Cancelling event due to no window focus: KeyEvent { action=ACTION_UP, keyCode=KEYCODE_BACK, scanCode=0, metaState=0, flags=0x68, repeatCount=0, eventTime=28813759, downTime=28813456, deviceId=-1, source=0x101 }
07-02 21:25:12.215  3023  3023 W ViewRootImpl: Cancelling event due to no window focus: KeyEvent { action=ACTION_UP, keyCode=KEYCODE_BACK, scanCode=0, metaState=0, flags=0x68, repeatCount=0, eventTime=28813759, downTime=28813456, deviceId=-1, source=0x101 }
07-02 21:25:12.215  3023  3023 W ViewRootImpl: Cancelling event due to no window focus: KeyEvent { action=ACTION_UP, keyCode=KEYCODE_BACK, scanCode=0, metaState=0, flags=0x68, repeatCount=0, eventTime=28813759, downTime=28813456, deviceId=-1, source=0x101 }
07-02 21:25:12.216  3023  3023 W ViewRootImpl: Cancelling event due to no window focus: KeyEvent { action=ACTION_UP, keyCode=KEYCODE_BACK, scanCode=0, metaState=0, flags=0x68, repeatCount=0, eventTime=28813759, downTime=28813456, deviceId=-1, source=0x101 }
07-02 21:25:12.997   359  1046 I chatty  : uid=1000(system) EventThread expire 16 lines
07-02 21:25:24.940  1907  2303 I chatty  : uid=1000(system) AlarmManager expire 26 lines
07-02 21:25:24.956  1907  1907 I chatty  : uid=1000 system_server expire 12 lines
07-02 21:25:27.188  1907  2134 I chatty  : uid=1000(system) PowerManagerSer expire 12 lines
07-02 21:25:32.374  2389  2389 D StatusBarKeyguardViewManager: showKeyguard, but hide Bouncer
07-02 21:25:33.239  1907  2131 I chatty  : uid=1000(system) CpuTracker expire 10 lines
07-02 21:25:33.618  1907  2318 I chatty  : uid=1000(system) WifiService expire 11 lines
07-02 21:26:16.015  2389  2389 D StatusBarKeyguardViewManager: showKeyguard, but hide Bouncer
07-02 21:26:41.741  1907  1907 I chatty  : uid=1000 system_server expire 17 lines
07-02 21:27:44.642  1907  2299 I chatty  : uid=1000(system) UEventObserver expire 17 lines
07-02 21:28:23.465  1907  1965 I chatty  : uid=1000(system) ActivityManager expire 10 lines
07-02 21:33:11.112  1907  6063 I chatty  : uid=1000(system) Binder_10 expire 10 lines
07-02 21:33:25.758  1907  2405 I chatty  : uid=1000(system) Binder_3 expire 10 lines
07-02 21:34:43.099  1413  1444 D ActivityThread: Loading provider com.android.email.provider;com.android.email.notifier: com.android.email.provider.EmailProvider
07-02 21:34:54.771  1907  3005 I chatty  : uid=1000(system) Binder_9 expire 11 lines
07-02 21:34:59.689  1907  2322 I chatty  : uid=1000(system) ranker expire 6 lines
07-02 21:35:00.040  1907  1907 I chatty  : uid=1000 system_server expire 11 lines
07-02 21:35:44.402  1907  2303 I chatty  : uid=1000(system) AlarmManager expire 17 lines
07-02 21:39:14.355   359   359 I chatty  : uid=1000(system) /system/bin/surfaceflinger expire 26 lines
07-02 21:39:17.970  1907  3367 I chatty  : uid=1000(system) Binder_D expire 10 lines
07-02 21:39:23.362  1907  2917 I chatty  : uid=1000(system) Binder_8 expire 11 lines
07-02 21:39:48.933  2403  2424 D ActivityThread: Loading provider com.android.email.provider;com.android.email.notifier: com.android.email.provider.EmailProvider
07-02 21:39:49.970   359   359 I chatty  : uid=1000(system) /system/bin/surfaceflinger expire 13 lines
07-02 21:39:57.026  1907  1971 I chatty  : uid=1000(system) android.ui expire 10 lines
07-02 21:39:57.422  1907  2123 I chatty  : uid=1000(system) android.display expire 12 lines
07-02 21:39:58.251   359  1046 I chatty  : uid=1000(system) EventThread expire 18 lines
07-02 21:40:00.059  1907  1907 I chatty  : uid=1000 system_server expire 10 lines
07-02 21:40:45.735  2389  2389 D StatusBarKeyguardViewManager: showKeyguard, but hide Bouncer
07-02 21:40:46.206  1907  2299 I chatty  : uid=1000(system) UEventObserver expire 10 lines
07-02 21:41:14.028   359   359 I chatty  : uid=1000(system) /system/bin/surfaceflinger expire 47 lines
07-02 21:41:15.386  1907  3035 I chatty  : uid=1000(system) Binder_B expire 10 lines
07-02 21:41:15.768  1907  1932 I chatty  : uid=1000(system) Binder_1 expire 15 lines
07-02 21:41:16.345  1907  2318 I chatty  : uid=1000(system) WifiService expire 10 lines
07-02 21:41:53.728  1907  1965 I chatty  : uid=1000(system) ActivityManager expire 10 lines
07-02 21:42:21.015   801   893 E NetlinkListener: recvmsg failed (No buffer space available)
07-02 21:42:21.020   755   908 E NetlinkListener: recvmsg failed (No buffer space available)
07-02 21:42:21.679   359   359 I chatty  : uid=1000(system) /system/bin/surfaceflinger expire 59 lines
07-02 21:42:23.777   359  1046 I chatty  : uid=1000(system) EventThread expire 21 lines
07-02 21:42:27.159  3023  3023 W ViewRootImpl: Dropping event due to no window focus: KeyEvent { action=ACTION_DOWN, keyCode=KEYCODE_BACK, scanCode=0, metaState=0, flags=0x48, repeatCount=0, eventTime=29848022, downTime=29848022, deviceId=-1, source=0x101 }
07-02 21:42:27.174  3023  3023 W ViewRootImpl: Cancelling event due to no window focus: KeyEvent { action=ACTION_UP, keyCode=KEYCODE_BACK, scanCode=0, metaState=0, flags=0x68, repeatCount=0, eventTime=29848129, downTime=29848022, deviceId=-1, source=0x101 }
07-02 21:42:27.174  3023  3023 W ViewRootImpl: Cancelling event due to no window focus: KeyEvent { action=ACTION_UP, keyCode=KEYCODE_BACK, scanCode=0, metaState=0, flags=0x68, repeatCount=0, eventTime=29848129, downTime=29848022, deviceId=-1, source=0x101 }
07-02 21:42:27.174  3023  3023 W ViewRootImpl: Cancelling event due to no window focus: KeyEvent { action=ACTION_UP, keyCode=KEYCODE_BACK, scanCode=0, metaState=0, flags=0x68, repeatCount=0, eventTime=29848129, downTime=29848022, deviceId=-1, source=0x101 }
07-02 21:42:27.174  3023  3023 W ViewRootImpl: Cancelling event due to no window focus: KeyEvent { action=ACTION_UP, keyCode=KEYCODE_BACK, scanCode=0, metaState=0, flags=0x68, repeatCount=0, eventTime=29848129, downTime=29848022, deviceId=-1, source=0x101 }
07-02 21:42:27.174  3023  3023 W ViewRootImpl: Cancelling event due to no window focus: KeyEvent { action=ACTION_UP, keyCode=KEYCODE_BACK, scanCode=0, metaState=0, flags=0x68, repeatCount=0, eventTime=29848129, downTime=29848022, deviceId=-1, source=0x101 }
07-02 21:42:27.174  3023  3023 W ViewRootImpl: Cancelling event due to no window focus: KeyEvent { action=ACTION_UP, keyCode=KEYCODE_BACK, scanCode=0, metaState=0, flags=0x68, repeatCount=0, eventTime=29848129, downTime=29848022, deviceId=-1, source=0x101 }
07-02 21:42:27.174  3023  3023 W ViewRootImpl: Cancelling event due to no window focus: KeyEvent { action=ACTION_UP, keyCode=KEYCODE_BACK, scanCode=0, metaState=0, flags=0x68, repeatCount=0, eventTime=29848129, downTime=29848022, deviceId=-1, source=0x101 }
07-02 21:42:27.175  3023  3023 W ViewRootImpl: Cancelling event due to no window focus: KeyEvent { action=ACTION_UP, keyCode=KEYCODE_BACK, scanCode=0, metaState=0, flags=0x68, repeatCount=0, eventTime=29848129, downTime=29848022, deviceId=-1, source=0x101 }
07-02 21:42:27.175  3023  3023 W ViewRootImpl: Cancelling event due to no window focus: KeyEvent { action=ACTION_UP, keyCode=KEYCODE_BACK, scanCode=0, metaState=0, flags=0x68, repeatCount=0, eventTime=29848129, downTime=29848022, deviceId=-1, source=0x101 }
07-02 21:42:28.138  1907  2617 I chatty  : uid=1000(system) Binder_5 expire 10 lines
07-02 21:42:29.530  1907  2303 I chatty  : uid=1000(system) AlarmManager expire 12 lines
07-02 21:42:29.550  1907  1907 I chatty  : uid=1000 system_server expire 14 lines
07-02 21:42:29.651 12242 12242 W ViewRootImpl: Dropping event due to no window focus: KeyEvent { action=ACTION_DOWN, keyCode=KEYCODE_BACK, scanCode=0, metaState=0, flags=0x48, repeatCount=0, eventTime=29850482, downTime=29850482, deviceId=-1, source=0x101 }
07-02 21:42:29.652 12242 12242 W ViewRootImpl: Cancelling event due to no window focus: KeyEvent { action=ACTION_UP, keyCode=KEYCODE_BACK, scanCode=0, metaState=0, flags=0x68, repeatCount=0, eventTime=29850497, downTime=29850482, deviceId=-1, source=0x101 }
07-02 21:42:29.652 12242 12242 W ViewRootImpl: Cancelling event due to no window focus: KeyEvent { action=ACTION_UP, keyCode=KEYCODE_BACK, scanCode=0, metaState=0, flags=0x68, repeatCount=0, eventTime=29850497, downTime=29850482, deviceId=-1, source=0x101 }
07-02 21:42:29.652 12242 12242 W ViewRootImpl: Cancelling event due to no window focus: KeyEvent { action=ACTION_UP, keyCode=KEYCODE_BACK, scanCode=0, metaState=0, flags=0x68, repeatCount=0, eventTime=29850497, downTime=29850482, deviceId=-1, source=0x101 }
07-02 21:42:29.652 12242 12242 W ViewRootImpl: Cancelling event due to no window focus: KeyEvent { action=ACTION_UP, keyCode=KEYCODE_BACK, scanCode=0, metaState=0, flags=0x68, repeatCount=0, eventTime=29850497, downTime=29850482, deviceId=-1, source=0x101 }
07-02 21:42:29.652 12242 12242 W ViewRootImpl: Cancelling event due to no window focus: KeyEvent { action=ACTION_UP, keyCode=KEYCODE_BACK, scanCode=0, metaState=0, flags=0x68, repeatCount=0, eventTime=29850497, downTime=29850482, deviceId=-1, source=0x101 }
07-02 21:42:29.652 12242 12242 W ViewRootImpl: Cancelling event due to no window focus: KeyEvent { action=ACTION_UP, keyCode=KEYCODE_BACK, scanCode=0, metaState=0, flags=0x68, repeatCount=0, eventTime=29850497, downTime=29850482, deviceId=-1, source=0x101 }
07-02 21:42:29.652 12242 12242 W ViewRootImpl: Cancelling event due to no window focus: KeyEvent { action=ACTION_UP, keyCode=KEYCODE_BACK, scanCode=0, metaState=0, flags=0x68, repeatCount=0, eventTime=29850497, downTime=29850482, deviceId=-1, source=0x101 }
07-02 21:42:29.652 12242 12242 W ViewRootImpl: Cancelling event due to no window focus: KeyEvent { action=ACTION_UP, keyCode=KEYCODE_BACK, scanCode=0, metaState=0, flags=0x68, repeatCount=0, eventTime=29850497, downTime=29850482, deviceId=-1, source=0x101 }
07-02 21:42:29.652 12242 12242 W ViewRootImpl: Cancelling event due to no window focus: KeyEvent { action=ACTION_UP, keyCode=KEYCODE_BACK, scanCode=0, metaState=0, flags=0x68, repeatCount=0, eventTime=29850497, downTime=29850482, deviceId=-1, source=0x101 }
07-02 21:42:30.074  1907  5711 I chatty  : uid=1000(system) Binder_E expire 14 lines
07-02 21:42:30.173  3023  3023 W ViewRootImpl: Dropping event due to no window focus: KeyEvent { action=ACTION_DOWN, keyCode=KEYCODE_BACK, scanCode=0, metaState=0, flags=0x48, repeatCount=0, eventTime=29850947, downTime=29850947, deviceId=-1, source=0x101 }
07-02 21:42:30.174  3023  3023 W ViewRootImpl: Cancelling event due to no window focus: KeyEvent { action=ACTION_UP, keyCode=KEYCODE_BACK, scanCode=0, metaState=0, flags=0x68, repeatCount=0, eventTime=29851147, downTime=29850947, deviceId=-1, source=0x101 }
07-02 21:42:30.174  3023  3023 W ViewRootImpl: Cancelling event due to no window focus: KeyEvent { action=ACTION_UP, keyCode=KEYCODE_BACK, scanCode=0, metaState=0, flags=0x68, repeatCount=0, eventTime=29851147, downTime=29850947, deviceId=-1, source=0x101 }
07-02 21:42:30.174  3023  3023 W ViewRootImpl: Cancelling event due to no window focus: KeyEvent { action=ACTION_UP, keyCode=KEYCODE_BACK, scanCode=0, metaState=0, flags=0x68, repeatCount=0, eventTime=29851147, downTime=29850947, deviceId=-1, source=0x101 }
07-02 21:42:30.174  3023  3023 W ViewRootImpl: Cancelling event due to no window focus: KeyEvent { action=ACTION_UP, keyCode=KEYCODE_BACK, scanCode=0, metaState=0, flags=0x68, repeatCount=0, eventTime=29851147, downTime=29850947, deviceId=-1, source=0x101 }
07-02 21:42:30.174  3023  3023 W ViewRootImpl: Cancelling event due to no window focus: KeyEvent { action=ACTION_UP, keyCode=KEYCODE_BACK, scanCode=0, metaState=0, flags=0x68, repeatCount=0, eventTime=29851147, downTime=29850947, deviceId=-1, source=0x101 }
07-02 21:42:30.174  3023  3023 W ViewRootImpl: Cancelling event due to no window focus: KeyEvent { action=ACTION_UP, keyCode=KEYCODE_BACK, scanCode=0, metaState=0, flags=0x68, repeatCount=0, eventTime=29851147, downTime=29850947, deviceId=-1, source=0x101 }
07-02 21:42:30.174  3023  3023 W ViewRootImpl: Cancelling event due to no window focus: KeyEvent { action=ACTION_UP, keyCode=KEYCODE_BACK, scanCode=0, metaState=0, flags=0x68, repeatCount=0, eventTime=29851147, downTime=29850947, deviceId=-1, source=0x101 }
07-02 21:42:30.175  3023  3023 W ViewRootImpl: Cancelling event due to no window focus: KeyEvent { action=ACTION_UP, keyCode=KEYCODE_BACK, scanCode=0, metaState=0, flags=0x68, repeatCount=0, eventTime=29851147, downTime=29850947, deviceId=-1, source=0x101 }
07-02 21:42:30.175  3023  3023 W ViewRootImpl: Cancelling event due to no window focus: KeyEvent { action=ACTION_UP, keyCode=KEYCODE_BACK, scanCode=0, metaState=0, flags=0x68, repeatCount=0, eventTime=29851147, downTime=29850947, deviceId=-1, source=0x101 }
07-02 21:42:32.468  1907  2421 I chatty  : uid=1000(system) Binder_4 expire 12 lines
07-02 21:42:33.074  1907  3006 I chatty  : uid=1000(system) Binder_A expire 13 lines
07-02 21:42:47.432  1907  2123 I chatty  : uid=1000(system) android.display expire 10 lines
07-02 21:42:49.336  1907  3005 I chatty  : uid=1000(system) Binder_9 expire 11 lines
07-02 21:43:29.809  2389  2389 V DeadZone: consuming errant click: (120.0,41.0)
07-02 21:43:31.347   359  1046 I chatty  : uid=1000(system) EventThread expire 13 lines
07-02 21:43:31.366   359   359 I chatty  : uid=1000(system) /system/bin/surfaceflinger expire 19 lines
07-02 21:43:34.652  2389  2389 V DeadZone: consuming errant click: (136.0,51.0)
07-02 21:44:01.771  2389  2389 D StatusBarKeyguardViewManager: showKeyguard, but hide Bouncer
07-02 21:44:25.061  1907  2123 I chatty  : uid=1000(system) android.display expire 10 lines
07-02 21:44:29.721   359   359 I chatty  : uid=1000(system) /system/bin/surfaceflinger expire 21 lines
07-02 21:44:32.161  1907  3355 I chatty  : uid=1000(system) Binder_C expire 10 lines
07-02 21:44:33.986  1907  6063 I chatty  : uid=1000(system) Binder_10 expire 10 lines
07-02 21:45:17.660  1907  2134 I chatty  : uid=1000(system) PowerManagerSer expire 10 lines
07-02 21:45:22.738  2389  2389 D StatusBarKeyguardViewManager: showKeyguard, but hide Bouncer
07-02 21:45:24.476   359   359 I chatty  : uid=1000(system) /system/bin/surfaceflinger expire 75 lines
07-02 21:45:26.213  1907  2299 I chatty  : uid=1000(system) UEventObserver expire 16 lines
07-02 21:45:26.639   359  1046 I chatty  : uid=1000(system) EventThread expire 15 lines
07-02 21:45:31.178  1907  2303 I chatty  : uid=1000(system) AlarmManager expire 12 lines
07-02 21:45:31.183  1907  1907 I chatty  : uid=1000 system_server expire 12 lines
07-02 21:45:59.230  1907  1933 I chatty  : uid=1000(system) Binder_2 expire 10 lines
07-02 21:46:36.523  1907  2123 I chatty  : uid=1000(system) android.display expire 10 lines
07-02 21:46:37.102   801   893 E NetlinkListener: recvmsg failed (No buffer space available)
07-02 21:46:37.102   755   908 E NetlinkListener: recvmsg failed (No buffer space available)
07-02 21:46:41.430   359   359 I chatty  : uid=1000(system) /system/bin/surfaceflinger expire 48 lines
07-02 21:46:42.976   359  1046 I chatty  : uid=1000(system) EventThread expire 11 lines
07-02 21:47:27.689  3023  3023 W ViewRootImpl: Dropping event due to no window focus: KeyEvent { action=ACTION_DOWN, keyCode=KEYCODE_BACK, scanCode=0, metaState=0, flags=0x48, repeatCount=0, eventTime=30148532, downTime=30148532, deviceId=-1, source=0x101 }
07-02 21:47:27.713  3023  3023 W ViewRootImpl: Cancelling event due to no window focus: KeyEvent { action=ACTION_UP, keyCode=KEYCODE_BACK, scanCode=0, metaState=0, flags=0x68, repeatCount=0, eventTime=30148630, downTime=30148532, deviceId=-1, source=0x101 }
07-02 21:47:27.713  3023  3023 W ViewRootImpl: Cancelling event due to no window focus: KeyEvent { action=ACTION_UP, keyCode=KEYCODE_BACK, scanCode=0, metaState=0, flags=0x68, repeatCount=0, eventTime=30148630, downTime=30148532, deviceId=-1, source=0x101 }
07-02 21:47:27.713  3023  3023 W ViewRootImpl: Cancelling event due to no window focus: KeyEvent { action=ACTION_UP, keyCode=KEYCODE_BACK, scanCode=0, metaState=0, flags=0x68, repeatCount=0, eventTime=30148630, downTime=30148532, deviceId=-1, source=0x101 }
07-02 21:47:27.713  3023  3023 W ViewRootImpl: Cancelling event due to no window focus: KeyEvent { action=ACTION_UP, keyCode=KEYCODE_BACK, scanCode=0, metaState=0, flags=0x68, repeatCount=0, eventTime=30148630, downTime=30148532, deviceId=-1, source=0x101 }
07-02 21:47:27.713  3023  3023 W ViewRootImpl: Cancelling event due to no window focus: KeyEvent { action=ACTION_UP, keyCode=KEYCODE_BACK, scanCode=0, metaState=0, flags=0x68, repeatCount=0, eventTime=30148630, downTime=30148532, deviceId=-1, source=0x101 }
07-02 21:47:27.713  3023  3023 W ViewRootImpl: Cancelling event due to no window focus: KeyEvent { action=ACTION_UP, keyCode=KEYCODE_BACK, scanCode=0, metaState=0, flags=0x68, repeatCount=0, eventTime=30148630, downTime=30148532, deviceId=-1, source=0x101 }
07-02 21:47:27.714  3023  3023 W ViewRootImpl: Cancelling event due to no window focus: KeyEvent { action=ACTION_UP, keyCode=KEYCODE_BACK, scanCode=0, metaState=0, flags=0x68, repeatCount=0, eventTime=30148630, downTime=30148532, deviceId=-1, source=0x101 }
07-02 21:47:27.714  3023  3023 W ViewRootImpl: Cancelling event due to no window focus: KeyEvent { action=ACTION_UP, keyCode=KEYCODE_BACK, scanCode=0, metaState=0, flags=0x68, repeatCount=0, eventTime=30148630, downTime=30148532, deviceId=-1, source=0x101 }
07-02 21:47:27.714  3023  3023 W ViewRootImpl: Cancelling event due to no window focus: KeyEvent { action=ACTION_UP, keyCode=KEYCODE_BACK, scanCode=0, metaState=0, flags=0x68, repeatCount=0, eventTime=30148630, downTime=30148532, deviceId=-1, source=0x101 }
07-02 21:47:28.895   359   359 I chatty  : uid=1000(system) /system/bin/surfaceflinger expire 57 lines
07-02 21:47:45.128  1907  2876 I chatty  : uid=1000(system) Binder_7 expire 11 lines
07-02 21:48:07.167  1907  2405 I chatty  : uid=1000(system) Binder_3 expire 10 lines
07-02 21:48:11.077   359  1046 I chatty  : uid=1000(system) EventThread expire 16 lines
07-02 21:48:21.790  1907  2123 I chatty  : uid=1000(system) android.display expire 10 lines
07-02 21:48:31.398  1907  2303 I chatty  : uid=1000(system) AlarmManager expire 13 lines
07-02 21:48:31.408  1907  1907 I chatty  : uid=1000 system_server expire 10 lines
07-02 21:49:11.564  1907  2312 I chatty  : uid=1000(system) WifiP2pService expire 10 lines
07-02 21:49:37.004  1907  5738 I chatty  : uid=1000(system) Binder_F expire 10 lines
07-02 21:49:38.804  1907  3006 I chatty  : uid=1000(system) Binder_A expire 10 lines
07-02 21:49:40.451 10506 10557 D ActivityThread: Loading provider com.android.email.provider;com.android.email.notifier: com.android.email.provider.EmailProvider
07-02 21:49:43.317  2389  2389 D StatusBarKeyguardViewManager: showKeyguard, but hide Bouncer
07-02 21:49:44.523  1907  1907 I chatty  : uid=1000 system_server expire 19 lines
07-02 21:49:45.305  1907  1932 I chatty  : uid=1000(system) Binder_1 expire 10 lines
07-02 21:49:46.711  1907  2318 I chatty  : uid=1000(system) WifiService expire 11 lines
07-02 21:49:46.936  1907  3367 I chatty  : uid=1000(system) Binder_D expire 10 lines
07-02 21:49:57.952  1907  2303 I chatty  : uid=1000(system) AlarmManager expire 16 lines
07-02 21:49:58.891   359   359 I chatty  : uid=1000(system) /system/bin/surfaceflinger expire 35 lines
07-02 21:50:00.005   359  1046 I chatty  : uid=1000(system) EventThread expire 13 lines
07-02 21:50:01.728  1907  2421 I chatty  : uid=1000(system) Binder_4 expire 10 lines
07-02 21:50:03.977 10978 11002 D ActivityThread: Loading provider com.android.email.provider;com.android.email.notifier: com.android.email.provider.EmailProvider
07-02 21:50:09.333  2389  2389 D StatusBarKeyguardViewManager: showKeyguard, but hide Bouncer
07-02 21:50:09.423  1907  1965 I chatty  : uid=1000(system) ActivityManager expire 10 lines
07-02 21:50:10.758  1907  3005 I chatty  : uid=1000(system) Binder_9 expire 11 lines
07-02 21:56:10.758  1907  2917 I chatty  : uid=1000(system) Binder_8 expire 11 lines
07-02 21:59:33.746  1907  2123 I chatty  : uid=1000(system) android.display expire 21 lines
07-02 21:59:34.848  1907  5711 I chatty  : uid=1000(system) Binder_E expire 11 lines
07-02 21:59:35.520  1907  3035 I chatty  : uid=1000(system) Binder_B expire 10 lines
07-02 21:59:37.358  1907  2299 I chatty  : uid=1000(system) UEventObserver expire 10 lines
07-02 21:59:40.803  1907  2319 I chatty  : uid=1000(system) ConnectivitySer expire 13 lines
07-02 21:59:43.232  1907  2303 I chatty  : uid=1000(system) AlarmManager expire 10 lines
07-02 21:59:43.246  1907  1907 I chatty  : uid=1000 system_server expire 14 lines
07-02 21:59:44.397  1907  2617 I chatty  : uid=1000(system) Binder_5 expire 10 lines
07-02 22:00:11.936  1907  2134 I chatty  : uid=1000(system) PowerManagerSer expire 12 lines
07-02 22:00:12.364  2389  2389 D StatusBarKeyguardViewManager: showKeyguard, but hide Bouncer
07-02 22:00:20.062  1907  2303 I chatty  : uid=1000(system) AlarmManager expire 13 lines
07-02 22:00:30.134   359  1046 I chatty  : uid=1000(system) EventThread expire 20 lines
07-02 22:00:30.473  2389  2389 D StatusBarKeyguardViewManager: showKeyguard, but hide Bouncer
07-02 22:00:42.575  1907  1907 I chatty  : uid=1000 system_server expire 19 lines
07-02 22:00:50.974  1907  2305 I chatty  : uid=1000(system) InputReader expire 10 lines
07-02 22:00:51.232   359   359 I chatty  : uid=1000(system) /system/bin/surfaceflinger expire 57 lines
07-02 22:00:56.393  1907  3355 I chatty  : uid=1000(system) Binder_C expire 11 lines
07-02 22:00:58.452  1907  2767 I chatty  : uid=1000(system) Binder_6 expire 10 lines
07-02 22:01:06.400  1907  2319 I chatty  : uid=1000(system) ConnectivitySer expire 16 lines
07-02 22:02:18.481   755   908 E NetlinkListener: recvmsg failed (No buffer space available)
07-02 22:02:18.481   801   893 E NetlinkListener: recvmsg failed (No buffer space available)
07-02 22:02:21.903   359   359 I chatty  : uid=1000(system) /system/bin/surfaceflinger expire 83 lines
07-02 22:02:23.816   359  1046 I chatty  : uid=1000(system) EventThread expire 18 lines
07-02 22:02:26.072  1907  2303 I chatty  : uid=1000(system) AlarmManager expire 10 lines
07-02 22:02:26.661  1907  2123 I chatty  : uid=1000(system) android.display expire 17 lines
07-02 22:04:14.745  1907  2319 I chatty  : uid=1000(system) ConnectivitySer expire 14 lines
07-02 22:04:34.084  1907  2405 I chatty  : uid=1000(system) Binder_3 expire 10 lines
07-02 22:04:43.136 15766 15819 D ActivityThread: Loading provider com.android.email.provider;com.android.email.notifier: com.android.email.provider.EmailProvider
07-02 22:04:43.274   359   359 I chatty  : uid=1000(system) /system/bin/surfaceflinger expire 92 lines
07-02 22:04:45.390   359  1046 I chatty  : uid=1000(system) EventThread expire 22 lines
07-02 22:04:45.805  1907  1933 I chatty  : uid=1000(system) Binder_2 expire 10 lines
07-02 22:04:50.977  1907  2303 I chatty  : uid=1000(system) AlarmManager expire 10 lines
07-02 22:04:50.996  1907  1907 I chatty  : uid=1000 system_server expire 10 lines
07-02 22:05:01.187  1907  2299 I chatty  : uid=1000(system) UEventObserver expire 10 lines
07-02 22:07:04.629   755   908 E NetlinkListener: recvmsg failed (No buffer space available)
07-02 22:07:04.630   801   893 E NetlinkListener: recvmsg failed (No buffer space available)
07-02 22:07:07.347   359  1046 I chatty  : uid=1000(system) EventThread expire 36 lines
07-02 22:07:08.183   359   359 I chatty  : uid=1000(system) /system/bin/surfaceflinger expire 173 lines
07-02 22:07:33.324  1907  2303 I chatty  : uid=1000(system) AlarmManager expire 11 lines
07-02 22:07:33.342  1907  1907 I chatty  : uid=1000 system_server expire 11 lines
07-02 22:10:27.975  1907  2319 I chatty  : uid=1000(system) ConnectivitySer expire 14 lines
07-02 22:10:35.186  1907  5738 I chatty  : uid=1000(system) Binder_F expire 14 lines
07-02 22:10:41.653  1907  2299 I chatty  : uid=1000(system) UEventObserver expire 15 lines
07-02 22:10:41.739  1907  6063 I chatty  : uid=1000(system) Binder_10 expire 11 lines
07-02 22:10:51.566   421 20719 E SchedPolicy: sched_setscheduler failed: tid 20719, errno=1
07-02 22:10:51.566   421 20720 E SchedPolicy: sched_setscheduler failed: tid 20720, errno=1
07-02 22:10:51.566   421 20721 E SchedPolicy: sched_setscheduler failed: tid 20721, errno=1
07-02 22:10:51.566   421 20722 E SchedPolicy: sched_setscheduler failed: tid 20722, errno=1
07-02 22:10:57.326   359   359 I chatty  : uid=1000(system) /system/bin/surfaceflinger expire 71 lines
07-02 22:11:00.437  1907  2303 I chatty  : uid=1000(system) AlarmManager expire 12 lines
07-02 22:11:00.444  1907  1907 I chatty  : uid=1000 system_server expire 13 lines
07-02 22:11:01.042   359  1046 I chatty  : uid=1000(system) EventThread expire 13 lines
07-02 22:11:26.556  1907  3005 I chatty  : uid=1000(system) Binder_9 expire 12 lines
07-02 22:12:21.950  1907  2123 I chatty  : uid=1000(system) android.display expire 15 lines
07-02 22:12:23.551  1907  3355 I chatty  : uid=1000(system) Binder_C expire 11 lines
07-02 22:12:32.866  1907  3006 I chatty  : uid=1000(system) Binder_A expire 10 lines
07-02 22:13:09.559  1907  2319 I chatty  : uid=1000(system) ConnectivitySer expire 16 lines
07-02 22:13:18.447   801   893 E NetlinkListener: recvmsg failed (No buffer space available)
07-02 22:13:18.448   755   908 E NetlinkListener: recvmsg failed (No buffer space available)
07-02 22:13:18.455  1907  3367 I chatty  : uid=1000(system) Binder_D expire 10 lines
07-02 22:13:19.389   359   359 I chatty  : uid=1000(system) /system/bin/surfaceflinger expire 30 lines
07-02 22:13:21.482   359  1046 I chatty  : uid=1000(system) EventThread expire 13 lines
07-02 22:13:31.547  1907  2303 I chatty  : uid=1000(system) AlarmManager expire 10 lines
07-02 22:13:31.572  1907  1907 I chatty  : uid=1000 system_server expire 11 lines
07-02 22:13:51.392  1907  2421 I chatty  : uid=1000(system) Binder_4 expire 11 lines
07-02 22:14:09.765  1907  2304 I chatty  : uid=1000(system) InputDispatcher expire 10 lines
07-02 22:14:11.041  1907  2318 I chatty  : uid=1000(system) WifiService expire 11 lines
07-02 22:14:12.188  2389  2389 D StatusBarKeyguardViewManager: showKeyguard, but hide Bouncer
07-02 22:14:13.366  1907  1965 I chatty  : uid=1000(system) ActivityManager expire 10 lines
07-02 22:14:13.562  1907  2876 I chatty  : uid=1000(system) Binder_7 expire 11 lines
07-02 22:15:26.678  1907  2303 I chatty  : uid=1000(system) AlarmManager expire 42 lines
07-02 22:15:26.738  1907  1907 I chatty  : uid=1000 system_server expire 42 lines
07-02 22:19:42.521  1907  1961 I chatty  : uid=1000(system) android.bg expire 10 lines
07-02 22:19:42.802 23363 23387 D ActivityThread: Loading provider com.android.email.provider;com.android.email.notifier: com.android.email.provider.EmailProvider
07-02 22:19:42.819 23363 23389 D ActivityThread: Loading provider com.android.email.provider;com.android.email.notifier: com.android.email.provider.EmailProvider
07-02 22:19:47.038  1907  2303 I chatty  : uid=1000(system) AlarmManager expire 97 lines
07-02 22:19:47.065  1907  1907 I chatty  : uid=1000 system_server expire 159 lines
07-02 22:20:07.259  1907  2299 I chatty  : uid=1000(system) UEventObserver expire 12 lines
07-02 22:32:46.095  1907  2319 I chatty  : uid=1000(system) ConnectivitySer expire 27 lines
07-02 22:33:08.659  1907  5711 I chatty  : uid=1000(system) Binder_E expire 10 lines
07-02 22:49:42.347  1907  2917 I chatty  : uid=1000(system) Binder_8 expire 10 lines
07-02 22:49:42.395 24735 24761 D ActivityThread: Loading provider com.android.email.provider;com.android.email.notifier: com.android.email.provider.EmailProvider
07-02 22:49:42.402 24735 24764 D ActivityThread: Loading provider com.android.email.provider;com.android.email.notifier: com.android.email.provider.EmailProvider
07-02 22:49:53.885  1907  2299 I chatty  : uid=1000(system) UEventObserver expire 10 lines
07-02 22:50:13.356  1907  2123 I chatty  : uid=1000(system) android.display expire 11 lines
07-02 22:50:13.423  1907  1907 I chatty  : uid=1000 system_server expire 11 lines
07-02 22:50:14.761   359   359 I chatty  : uid=1000(system) /system/bin/surfaceflinger expire 22 lines
07-02 22:50:25.383  1907  2303 I chatty  : uid=1000(system) AlarmManager expire 11 lines
07-02 22:50:56.764  2389  2389 D StatusBarKeyguardViewManager: showKeyguard, but hide Bouncer
07-02 22:51:08.096  1907  3005 I chatty  : uid=1000(system) Binder_9 expire 11 lines
07-02 22:51:08.425  1907  2405 I chatty  : uid=1000(system) Binder_3 expire 11 lines
07-02 22:52:31.120  1907  2319 I chatty  : uid=1000(system) ConnectivitySer expire 24 lines
07-02 22:52:32.650   359   359 I chatty  : uid=1000(system) /system/bin/surfaceflinger expire 31 lines
07-02 22:52:33.112   359  1046 I chatty  : uid=1000(system) EventThread expire 10 lines
07-02 22:52:33.449  1907  2134 I chatty  : uid=1000(system) PowerManagerSer expire 10 lines
07-02 22:52:33.455  2389  2389 D StatusBarKeyguardViewManager: showKeyguard, but hide Bouncer
07-02 22:54:07.331  1907  1907 I chatty  : uid=1000 system_server expire 16 lines
07-02 22:55:29.735  1907  2617 I chatty  : uid=1000(system) Binder_5 expire 11 lines
07-02 22:55:43.697  2389  2389 D StatusBarKeyguardViewManager: showKeyguard, but hide Bouncer
07-02 22:55:58.281  1907  2303 I chatty  : uid=1000(system) AlarmManager expire 16 lines
07-02 22:57:37.549  1907  2123 I chatty  : uid=1000(system) android.display expire 10 lines
07-02 22:57:37.744  1907  2319 I chatty  : uid=1000(system) ConnectivitySer expire 15 lines
07-02 22:57:39.602   359   359 I chatty  : uid=1000(system) /system/bin/surfaceflinger expire 13 lines
07-02 22:58:05.536  2389  2389 D StatusBarKeyguardViewManager: showKeyguard, but hide Bouncer
07-02 22:58:07.704  1907  1907 I chatty  : uid=1000 system_server expire 11 lines
07-02 22:58:16.548  1907  3006 I chatty  : uid=1000(system) Binder_A expire 12 lines
07-02 22:58:19.690  1907  2318 I chatty  : uid=1000(system) WifiService expire 11 lines
07-02 23:02:51.683   359   359 I chatty  : uid=1000(system) /system/bin/surfaceflinger expire 13 lines
07-02 23:02:53.864   359  1046 I chatty  : uid=1000(system) EventThread expire 11 lines
07-02 23:02:59.088 20475 20475 W ViewRootImpl: Dropping event due to no window focus: KeyEvent { action=ACTION_DOWN, keyCode=KEYCODE_BACK, scanCode=0, metaState=0, flags=0x48, repeatCount=0, eventTime=32101425, downTime=32101425, deviceId=-1, source=0x101 }
07-02 23:03:00.000  1907  2303 I chatty  : uid=1000(system) AlarmManager expire 25 lines
07-02 23:03:00.041  1907  1907 I chatty  : uid=1000 system_server expire 10 lines
07-02 23:03:01.232  1907  2305 I chatty  : uid=1000(system) InputReader expire 10 lines
07-02 23:03:02.356  2389  2389 D StatusBarKeyguardViewManager: showKeyguard, but hide Bouncer
07-02 23:04:01.137   755   908 E NetlinkListener: recvmsg failed (No buffer space available)
07-02 23:04:01.606   801   893 E NetlinkListener: recvmsg failed (No buffer space available)
07-02 23:04:43.061 27464 27507 D ActivityThread: Loading provider com.android.email.provider;com.android.email.notifier: com.android.email.provider.EmailProvider
07-02 23:04:43.069 27464 27511 D ActivityThread: Loading provider com.android.email.provider;com.android.email.notifier: com.android.email.provider.EmailProvider
07-02 23:04:53.994  1907  1933 I chatty  : uid=1000(system) Binder_2 expire 14 lines
07-02 23:05:34.970  1907  1965 I chatty  : uid=1000(system) ActivityManager expire 10 lines
07-02 23:05:44.475   359   359 I chatty  : uid=1000(system) /system/bin/surfaceflinger expire 22 lines
07-02 23:05:45.309  2389  2389 D StatusBarKeyguardViewManager: showKeyguard, but hide Bouncer
07-02 23:05:46.359  1907  3367 I chatty  : uid=1000(system) Binder_D expire 11 lines
07-02 23:06:13.217  1907  1907 I chatty  : uid=1000 system_server expire 18 lines
07-02 23:06:13.447  1907  3355 I chatty  : uid=1000(system) Binder_C expire 10 lines
07-02 23:06:13.847  1907  2421 I chatty  : uid=1000(system) Binder_4 expire 13 lines
07-02 23:08:22.937  1907  2299 I chatty  : uid=1000(system) UEventObserver expire 11 lines
07-02 23:12:21.354  1907  2319 I chatty  : uid=1000(system) ConnectivitySer expire 17 lines
07-02 23:13:06.126  2389  2389 D StatusBarKeyguardViewManager: showKeyguard, but hide Bouncer
07-02 23:13:21.424  1907  2303 I chatty  : uid=1000(system) AlarmManager expire 16 lines
07-02 23:13:21.427  1907  1907 I chatty  : uid=1000 system_server expire 20 lines
07-02 23:13:21.703  1907  1932 I chatty  : uid=1000(system) Binder_1 expire 10 lines
07-02 23:14:49.823  1907  2123 I chatty  : uid=1000(system) android.display expire 10 lines
07-02 23:14:50.848   359   359 I chatty  : uid=1000(system) /system/bin/surfaceflinger expire 12 lines
07-02 23:14:52.395   359  1046 I chatty  : uid=1000(system) EventThread expire 10 lines
07-02 23:15:06.608  1907  2134 I chatty  : uid=1000(system) PowerManagerSer expire 10 lines
07-02 23:15:11.736  2389  2389 D StatusBarKeyguardViewManager: showKeyguard, but hide Bouncer
07-02 23:17:26.737  2389  2389 D StatusBarKeyguardViewManager: showKeyguard, but hide Bouncer
07-02 23:17:42.149  1907  2303 I chatty  : uid=1000(system) AlarmManager expire 14 lines
07-02 23:17:42.185  1907  1907 I chatty  : uid=1000 system_server expire 14 lines
07-02 23:21:53.806   359   359 I chatty  : uid=1000(system) /system/bin/surfaceflinger expire 10 lines
07-02 23:21:54.111  1907  6063 I chatty  : uid=1000(system) Binder_10 expire 10 lines
07-02 23:21:54.193  2445  2445 I chatty  : uid=1000(system) com.motorola.modemservice expire 1 line
07-02 23:21:54.208  2977  2977 I chatty  : uid=1000(system) com.motorola.process.system expire 10 lines
07-02 23:21:54.793  1907  2312 I chatty  : uid=1000(system) WifiP2pService expire 13 lines
07-02 23:22:09.887  2389  2389 D StatusBarKeyguardViewManager: showKeyguard, but hide Bouncer
07-02 23:22:11.362  1907  3035 I chatty  : uid=1000(system) Binder_B expire 10 lines
07-02 23:23:10.722  1907  2303 I chatty  : uid=1000(system) AlarmManager expire 15 lines
07-02 23:23:10.726  1907  1907 I chatty  : uid=1000 system_server expire 19 lines
07-02 23:23:11.765  1907  2312 I chatty  : uid=1000(system) WifiP2pService expire 12 lines
07-02 23:25:37.358  2389  2389 D StatusBarKeyguardViewManager: showKeyguard, but hide Bouncer
07-02 23:25:56.564 30182 30204 D ActivityThread: Loading provider com.google.android.gmail.provider;com.android.mail.notifier;com.google.android.gm.email.provider;com.google.android.gm.email.notifier: com.android.email.provider.EmailProvider
07-02 23:26:24.245  1907  2312 I chatty  : uid=1000(system) WifiP2pService expire 10 lines
07-02 23:27:12.094  1907  2299 I chatty  : uid=1000(system) UEventObserver expire 12 lines
07-02 23:29:02.049  1907  2134 I chatty  : uid=1000(system) PowerManagerSer expire 12 lines
07-02 23:29:02.900  2389  2389 D StatusBarKeyguardViewManager: showKeyguard, but hide Bouncer
07-02 23:29:02.928   359  1046 I chatty  : uid=1000(system) EventThread expire 10 lines
07-02 23:29:03.430  1907  2123 I chatty  : uid=1000(system) android.display expire 10 lines
07-02 23:29:05.863   359   359 I chatty  : uid=1000(system) /system/bin/surfaceflinger expire 13 lines
07-02 23:29:26.129  1907  2319 I chatty  : uid=1000(system) ConnectivitySer expire 12 lines
07-02 23:29:56.434  1907  2303 I chatty  : uid=1000(system) AlarmManager expire 15 lines
07-02 23:29:56.438  1907  1907 I chatty  : uid=1000 system_server expire 15 lines
07-02 23:29:56.525  2389  2389 D StatusBarKeyguardViewManager: showKeyguard, but hide Bouncer
07-02 23:31:52.547  1907  2305 I chatty  : uid=1000(system) InputReader expire 10 lines
07-02 23:31:54.541   359   359 I chatty  : uid=1000(system) /system/bin/surfaceflinger expire 17 lines
07-02 23:32:02.067  1907  2767 I chatty  : uid=1000(system) Binder_6 expire 10 lines
07-02 23:32:02.801  1907  2318 I chatty  : uid=1000(system) WifiService expire 16 lines
07-02 23:32:03.036   359  1046 I chatty  : uid=1000(system) EventThread expire 11 lines
07-02 23:32:09.549   801   893 E NetlinkListener: recvmsg failed (No buffer space available)
07-02 23:32:09.549   755   908 E NetlinkListener: recvmsg failed (No buffer space available)
07-02 23:32:16.759   359   359 I chatty  : uid=1000(system) /system/bin/surfaceflinger expire 11 lines
07-02 23:32:30.332  1907  2313 I chatty  : uid=1000(system) WifiStateMachin expire 1 line
07-02 23:32:30.342  1907  2319 I chatty  : uid=1000(system) ConnectivitySer expire 27 lines
07-02 23:32:34.440  1907  2303 I chatty  : uid=1000(system) AlarmManager expire 10 lines
