--------- beginning of system
07-03 16:28:33.066  2389  2389 D StatusBarKeyguardViewManager: showKeyguard, but hide Bouncer
07-03 16:28:45.496  1907  1965 I chatty  : uid=1000(system) ActivityManager expire 11 lines
07-03 16:28:46.002  1907  2767 I chatty  : uid=1000(system) Binder_6 expire 12 lines
07-03 16:28:58.362  1907  2303 I chatty  : uid=1000(system) AlarmManager expire 11 lines
07-03 16:28:58.412  1907  1907 I chatty  : uid=1000 system_server expire 15 lines
07-03 16:29:01.372  1907  2299 I chatty  : uid=1000(system) UEventObserver expire 11 lines
07-03 16:29:06.136  1907  2305 I chatty  : uid=1000(system) InputReader expire 10 lines
07-03 16:29:06.151  1907  2123 I chatty  : uid=1000(system) android.display expire 10 lines
07-03 16:29:07.351   359   359 I chatty  : uid=1000(system) /system/bin/surfaceflinger expire 10 lines
07-03 16:29:08.499   359  1046 I chatty  : uid=1000(system) EventThread expire 10 lines
07-03 16:29:08.620  1907  5711 I chatty  : uid=1000(system) Binder_E expire 10 lines
07-03 16:29:35.066  1907  2134 I chatty  : uid=1000(system) PowerManagerSer expire 12 lines
07-03 16:29:40.134  2389  2389 D StatusBarKeyguardViewManager: showKeyguard, but hide Bouncer
07-03 16:30:18.604  1907  2876 I chatty  : uid=1000(system) Binder_7 expire 15 lines
07-03 16:30:28.084  1907  3035 I chatty  : uid=1000(system) Binder_B expire 12 lines
07-03 16:31:10.895  1907  2617 I chatty  : uid=1000(system) Binder_5 expire 12 lines
07-03 16:31:16.396   359   359 I chatty  : uid=1000(system) /system/bin/surfaceflinger expire 10 lines
07-03 16:31:19.105  2389  2389 D StatusBarKeyguardViewManager: showKeyguard, but hide Bouncer
07-03 16:31:26.796  1907  3367 I chatty  : uid=1000(system) Binder_D expire 10 lines
07-03 16:31:28.391  1907  2405 I chatty  : uid=1000(system) Binder_3 expire 10 lines
07-03 16:31:36.954  1907  2303 I chatty  : uid=1000(system) AlarmManager expire 10 lines
07-03 16:31:36.961  1907  1907 I chatty  : uid=1000 system_server expire 14 lines
07-03 16:32:12.158  2389  2389 D StatusBarKeyguardViewManager: showKeyguard, but hide Bouncer
07-03 16:34:52.169   359   359 I chatty  : uid=1000(system) /system/bin/surfaceflinger expire 12 lines
07-03 16:34:53.014  1907  5738 I chatty  : uid=1000(system) Binder_F expire 14 lines
07-03 16:34:53.037  1907  1932 I chatty  : uid=1000(system) Binder_1 expire 11 lines
07-03 16:34:53.549   359  1046 I chatty  : uid=1000(system) EventThread expire 11 lines
07-03 16:35:00.000  1907  2303 I chatty  : uid=1000(system) AlarmManager expire 14 lines
07-03 16:35:00.057  1907  1907 I chatty  : uid=1000 system_server expire 14 lines
07-03 16:35:01.852 27810 27810 W ViewRootImpl: Dropping event due to no window focus: KeyEvent { action=ACTION_DOWN, keyCode=KEYCODE_BACK, scanCode=0, metaState=0, flags=0x48, repeatCount=0, eventTime=56090485, downTime=56090485, deviceId=-1, source=0x101 }
07-03 16:35:01.852 27810 27810 W ViewRootImpl: Cancelling event due to no window focus: KeyEvent { action=ACTION_UP, keyCode=KEYCODE_BACK, scanCode=0, metaState=0, flags=0x68, repeatCount=0, eventTime=56090676, downTime=56090485, deviceId=-1, source=0x101 }
07-03 16:35:01.852 27810 27810 W ViewRootImpl: Cancelling event due to no window focus: KeyEvent { action=ACTION_UP, keyCode=KEYCODE_BACK, scanCode=0, metaState=0, flags=0x68, repeatCount=0, eventTime=56090676, downTime=56090485, deviceId=-1, source=0x101 }
07-03 16:35:01.852 27810 27810 W ViewRootImpl: Cancelling event due to no window focus: KeyEvent { action=ACTION_UP, keyCode=KEYCODE_BACK, scanCode=0, metaState=0, flags=0x68, repeatCount=0, eventTime=56090676, downTime=56090485, deviceId=-1, source=0x101 }
07-03 16:35:01.852 27810 27810 W ViewRootImpl: Cancelling event due to no window focus: KeyEvent { action=ACTION_UP, keyCode=KEYCODE_BACK, scanCode=0, metaState=0, flags=0x68, repeatCount=0, eventTime=56090676, downTime=56090485, deviceId=-1, source=0x101 }
07-03 16:35:01.853 27810 27810 W ViewRootImpl: Cancelling event due to no window focus: KeyEvent { action=ACTION_UP, keyCode=KEYCODE_BACK, scanCode=0, metaState=0, flags=0x68, repeatCount=0, eventTime=56090676, downTime=56090485, deviceId=-1, source=0x101 }
07-03 16:35:01.853 27810 27810 W ViewRootImpl: Cancelling event due to no window focus: KeyEvent { action=ACTION_UP, keyCode=KEYCODE_BACK, scanCode=0, metaState=0, flags=0x68, repeatCount=0, eventTime=56090676, downTime=56090485, deviceId=-1, source=0x101 }
07-03 16:35:01.853 27810 27810 W ViewRootImpl: Cancelling event due to no window focus: KeyEvent { action=ACTION_UP, keyCode=KEYCODE_BACK, scanCode=0, metaState=0, flags=0x68, repeatCount=0, eventTime=56090676, downTime=56090485, deviceId=-1, source=0x101 }
07-03 16:35:01.853 27810 27810 W ViewRootImpl: Cancelling event due to no window focus: KeyEvent { action=ACTION_UP, keyCode=KEYCODE_BACK, scanCode=0, metaState=0, flags=0x68, repeatCount=0, eventTime=56090676, downTime=56090485, deviceId=-1, source=0x101 }
07-03 16:35:01.853 27810 27810 W ViewRootImpl: Cancelling event due to no window focus: KeyEvent { action=ACTION_UP, keyCode=KEYCODE_BACK, scanCode=0, metaState=0, flags=0x68, repeatCount=0, eventTime=56090676, downTime=56090485, deviceId=-1, source=0x101 }
07-03 16:35:01.860 27810 27810 W ViewRootImpl: Dropping event due to no window focus: KeyEvent { action=ACTION_DOWN, keyCode=KEYCODE_BACK, scanCode=0, metaState=0, flags=0x48, repeatCount=0, eventTime=56090677, downTime=56090677, deviceId=-1, source=0x101 }
07-03 16:35:01.904 27810 27810 W ViewRootImpl: Cancelling event due to no window focus: KeyEvent { action=ACTION_UP, keyCode=KEYCODE_BACK, scanCode=0, metaState=0, flags=0x68, repeatCount=0, eventTime=56090679, downTime=56090677, deviceId=-1, source=0x101 }
07-03 16:35:01.904 27810 27810 W ViewRootImpl: Cancelling event due to no window focus: KeyEvent { action=ACTION_UP, keyCode=KEYCODE_BACK, scanCode=0, metaState=0, flags=0x68, repeatCount=0, eventTime=56090679, downTime=56090677, deviceId=-1, source=0x101 }
07-03 16:35:01.904 27810 27810 W ViewRootImpl: Cancelling event due to no window focus: KeyEvent { action=ACTION_UP, keyCode=KEYCODE_BACK, scanCode=0, metaState=0, flags=0x68, repeatCount=0, eventTime=56090679, downTime=56090677, deviceId=-1, source=0x101 }
07-03 16:35:01.904 27810 27810 W ViewRootImpl: Cancelling event due to no window focus: KeyEvent { action=ACTION_UP, keyCode=KEYCODE_BACK, scanCode=0, metaState=0, flags=0x68, repeatCount=0, eventTime=56090679, downTime=56090677, deviceId=-1, source=0x101 }
07-03 16:35:01.904 27810 27810 W ViewRootImpl: Cancelling event due to no window focus: KeyEvent { action=ACTION_UP, keyCode=KEYCODE_BACK, scanCode=0, metaState=0, flags=0x68, repeatCount=0, eventTime=56090679, downTime=56090677, deviceId=-1, source=0x101 }
07-03 16:35:01.904 27810 27810 W ViewRootImpl: Cancelling event due to no window focus: KeyEvent { action=ACTION_UP, keyCode=KEYCODE_BACK, scanCode=0, metaState=0, flags=0x68, repeatCount=0, eventTime=56090679, downTime=56090677, deviceId=-1, source=0x101 }
07-03 16:35:01.904 27810 27810 W ViewRootImpl: Cancelling event due to no window focus: KeyEvent { action=ACTION_UP, keyCode=KEYCODE_BACK, scanCode=0, metaState=0, flags=0x68, repeatCount=0, eventTime=56090679, downTime=56090677, deviceId=-1, source=0x101 }
07-03 16:35:01.904 27810 27810 W ViewRootImpl: Cancelling event due to no window focus: KeyEvent { action=ACTION_UP, keyCode=KEYCODE_BACK, scanCode=0, metaState=0, flags=0x68, repeatCount=0, eventTime=56090679, downTime=56090677, deviceId=-1, source=0x101 }
07-03 16:35:01.904 27810 27810 W ViewRootImpl: Cancelling event due to no window focus: KeyEvent { action=ACTION_UP, keyCode=KEYCODE_BACK, scanCode=0, metaState=0, flags=0x68, repeatCount=0, eventTime=56090679, downTime=56090677, deviceId=-1, source=0x101 }
07-03 16:35:02.808  9169  9169 W ViewRootImpl: Dropping event due to no window focus: KeyEvent { action=ACTION_DOWN, keyCode=KEYCODE_BACK, scanCode=0, metaState=0, flags=0x48, repeatCount=0, eventTime=56091535, downTime=56091535, deviceId=-1, source=0x101 }
07-03 16:35:02.808  9169  9169 W ViewRootImpl: Cancelling event due to no window focus: KeyEvent { action=ACTION_UP, keyCode=KEYCODE_BACK, scanCode=0, metaState=0, flags=0x68, repeatCount=0, eventTime=56091537, downTime=56091535, deviceId=-1, source=0x101 }
07-03 16:35:02.808  9169  9169 W ViewRootImpl: Cancelling event due to no window focus: KeyEvent { action=ACTION_UP, keyCode=KEYCODE_BACK, scanCode=0, metaState=0, flags=0x68, repeatCount=0, eventTime=56091537, downTime=56091535, deviceId=-1, source=0x101 }
07-03 16:35:02.838  9169  9169 W ViewRootImpl: Cancelling event due to no window focus: KeyEvent { action=ACTION_UP, keyCode=KEYCODE_BACK, scanCode=0, metaState=0, flags=0x68, repeatCount=0, eventTime=56091537, downTime=56091535, deviceId=-1, source=0x101 }
07-03 16:35:02.838  9169  9169 W ViewRootImpl: Cancelling event due to no window focus: KeyEvent { action=ACTION_UP, keyCode=KEYCODE_BACK, scanCode=0, metaState=0, flags=0x68, repeatCount=0, eventTime=56091537, downTime=56091535, deviceId=-1, source=0x101 }
07-03 16:35:02.838  9169  9169 W ViewRootImpl: Cancelling event due to no window focus: KeyEvent { action=ACTION_UP, keyCode=KEYCODE_BACK, scanCode=0, metaState=0, flags=0x68, repeatCount=0, eventTime=56091537, downTime=56091535, deviceId=-1, source=0x101 }
07-03 16:35:02.838  9169  9169 W ViewRootImpl: Cancelling event due to no window focus: KeyEvent { action=ACTION_UP, keyCode=KEYCODE_BACK, scanCode=0, metaState=0, flags=0x68, repeatCount=0, eventTime=56091537, downTime=56091535, deviceId=-1, source=0x101 }
07-03 16:35:02.881  9169  9169 W ViewRootImpl: Cancelling event due to no window focus: KeyEvent { action=ACTION_UP, keyCode=KEYCODE_BACK, scanCode=0, metaState=0, flags=0x68, repeatCount=0, eventTime=56091537, downTime=56091535, deviceId=-1, source=0x101 }
07-03 16:35:02.881  9169  9169 W ViewRootImpl: Cancelling event due to no window focus: KeyEvent { action=ACTION_UP, keyCode=KEYCODE_BACK, scanCode=0, metaState=0, flags=0x68, repeatCount=0, eventTime=56091537, downTime=56091535, deviceId=-1, source=0x101 }
07-03 16:35:02.882  9169  9169 W ViewRootImpl: Cancelling event due to no window focus: KeyEvent { action=ACTION_UP, keyCode=KEYCODE_BACK, scanCode=0, metaState=0, flags=0x68, repeatCount=0, eventTime=56091537, downTime=56091535, deviceId=-1, source=0x101 }
07-03 16:35:02.882  9169  9169 W ViewRootImpl: Dropping event due to no window focus: KeyEvent { action=ACTION_DOWN, keyCode=KEYCODE_BACK, scanCode=0, metaState=0, flags=0x48, repeatCount=0, eventTime=56091710, downTime=56091710, deviceId=-1, source=0x101 }
07-03 16:35:03.685   359   359 I chatty  : uid=1000(system) /system/bin/surfaceflinger expire 18 lines
07-03 16:35:04.609  3023  3023 W ViewRootImpl: Dropping event due to no window focus: KeyEvent { action=ACTION_DOWN, keyCode=KEYCODE_BACK, scanCode=0, metaState=0, flags=0x48, repeatCount=0, eventTime=56093352, downTime=56093352, deviceId=-1, source=0x101 }
07-03 16:35:04.610  3023  3023 W ViewRootImpl: Cancelling event due to no window focus: KeyEvent { action=ACTION_UP, keyCode=KEYCODE_BACK, scanCode=0, metaState=0, flags=0x68, repeatCount=0, eventTime=56093355, downTime=56093352, deviceId=-1, source=0x101 }
07-03 16:35:04.610  3023  3023 W ViewRootImpl: Cancelling event due to no window focus: KeyEvent { action=ACTION_UP, keyCode=KEYCODE_BACK, scanCode=0, metaState=0, flags=0x68, repeatCount=0, eventTime=56093355, downTime=56093352, deviceId=-1, source=0x101 }
07-03 16:35:04.610  3023  3023 W ViewRootImpl: Cancelling event due to no window focus: KeyEvent { action=ACTION_UP, keyCode=KEYCODE_BACK, scanCode=0, metaState=0, flags=0x68, repeatCount=0, eventTime=56093355, downTime=56093352, deviceId=-1, source=0x101 }
07-03 16:35:04.610  3023  3023 W ViewRootImpl: Cancelling event due to no window focus: KeyEvent { action=ACTION_UP, keyCode=KEYCODE_BACK, scanCode=0, metaState=0, flags=0x68, repeatCount=0, eventTime=56093355, downTime=56093352, deviceId=-1, source=0x101 }
07-03 16:35:04.610  3023  3023 W ViewRootImpl: Cancelling event due to no window focus: KeyEvent { action=ACTION_UP, keyCode=KEYCODE_BACK, scanCode=0, metaState=0, flags=0x68, repeatCount=0, eventTime=56093355, downTime=56093352, deviceId=-1, source=0x101 }
07-03 16:35:04.610  3023  3023 W ViewRootImpl: Cancelling event due to no window focus: KeyEvent { action=ACTION_UP, keyCode=KEYCODE_BACK, scanCode=0, metaState=0, flags=0x68, repeatCount=0, eventTime=56093355, downTime=56093352, deviceId=-1, source=0x101 }
07-03 16:35:04.610  3023  3023 W ViewRootImpl: Cancelling event due to no window focus: KeyEvent { action=ACTION_UP, keyCode=KEYCODE_BACK, scanCode=0, metaState=0, flags=0x68, repeatCount=0, eventTime=56093355, downTime=56093352, deviceId=-1, source=0x101 }
07-03 16:35:04.610  3023  3023 W ViewRootImpl: Cancelling event due to no window focus: KeyEvent { action=ACTION_UP, keyCode=KEYCODE_BACK, scanCode=0, metaState=0, flags=0x68, repeatCount=0, eventTime=56093355, downTime=56093352, deviceId=-1, source=0x101 }
07-03 16:35:04.610  3023  3023 W ViewRootImpl: Cancelling event due to no window focus: KeyEvent { action=ACTION_UP, keyCode=KEYCODE_BACK, scanCode=0, metaState=0, flags=0x68, repeatCount=0, eventTime=56093355, downTime=56093352, deviceId=-1, source=0x101 }
07-03 16:35:05.744  1907  2348 I chatty  : uid=1000(system) backup expire 2 lines
07-03 16:35:06.069  1907  3006 I chatty  : uid=1000(system) Binder_A expire 12 lines
07-03 16:35:07.864  1907  2318 I chatty  : uid=1000(system) WifiService expire 11 lines
07-03 16:35:13.584  1907  2319 I chatty  : uid=1000(system) ConnectivitySer expire 11 lines
07-03 16:35:24.803  2389  2389 D StatusBarKeyguardViewManager: showKeyguard, but hide Bouncer
07-03 16:35:30.984  1907  2917 I chatty  : uid=1000(system) Binder_8 expire 11 lines
07-03 16:37:12.857  1907  1961 I chatty  : uid=1000(system) android.bg expire 10 lines
07-03 16:37:26.977  1907  1933 I chatty  : uid=1000(system) Binder_2 expire 10 lines
07-03 16:38:07.607  1907  2155 I chatty  : uid=1000(system) PackageManager expire 10 lines
07-03 16:38:10.744  1907  3355 I chatty  : uid=1000(system) Binder_C expire 10 lines
07-03 16:38:10.761 29883 29893 D DefContainer: Copying /data/local/tmp/app-debug.apk to base.apk
07-03 16:38:16.369  1907  1907 I chatty  : uid=1000 system_server expire 11 lines
07-03 16:38:16.415  1907  6063 I chatty  : uid=1000(system) Binder_10 expire 11 lines
07-03 16:38:17.205 30029 30029 I chatty  : uid=1000(system) com.android.keychain expire 1 line
07-03 16:38:19.818  1907  2421 I chatty  : uid=1000(system) Binder_4 expire 14 lines
07-03 16:38:20.268  1907  3005 I chatty  : uid=1000(system) Binder_9 expire 11 lines
07-03 16:38:30.404  1907  2123 I chatty  : uid=1000(system) android.display expire 10 lines
07-03 16:38:45.043  1907  2303 I chatty  : uid=1000(system) AlarmManager expire 11 lines
07-03 16:38:48.532  1907  1965 I chatty  : uid=1000(system) ActivityManager expire 12 lines
07-03 16:38:49.928 31342 31370 D ActivityThread: Loading provider com.android.email.provider;com.android.email.notifier: com.android.email.provider.EmailProvider
07-03 16:38:50.778   359   359 I chatty  : uid=1000(system) /system/bin/surfaceflinger expire 11 lines
07-03 16:38:51.229  1907  2405 I chatty  : uid=1000(system) Binder_3 expire 16 lines
07-03 16:38:51.246  2977  2977 I chatty  : uid=1000(system) com.motorola.process.system expire 10 lines
07-03 16:38:51.923   359  1046 I chatty  : uid=1000(system) EventThread expire 10 lines
07-03 16:39:00.066  1907  1907 I chatty  : uid=1000 system_server expire 13 lines
07-03 16:39:10.082  1907  2134 I chatty  : uid=1000(system) PowerManagerSer expire 13 lines
07-03 16:39:15.237  2389  2389 D StatusBarKeyguardViewManager: showKeyguard, but hide Bouncer
07-03 16:39:15.341   359   359 I chatty  : uid=1000(system) /system/bin/surfaceflinger expire 14 lines
07-03 16:39:49.694  1907  6063 I chatty  : uid=1000(system) Binder_10 expire 10 lines
07-03 16:40:06.607  1907  2318 I chatty  : uid=1000(system) WifiService expire 11 lines
07-03 16:40:09.614  1907  2767 I chatty  : uid=1000(system) Binder_6 expire 14 lines
07-03 16:40:46.823  1907  2303 I chatty  : uid=1000(system) AlarmManager expire 10 lines
07-03 16:40:46.926  2389  2389 D StatusBarKeyguardViewManager: showKeyguard, but hide Bouncer
07-03 16:41:12.781  1907  1907 I chatty  : uid=1000 system_server expire 10 lines
07-03 16:41:55.186  1907  2319 I chatty  : uid=1000(system) ConnectivitySer expire 19 lines
07-03 16:43:59.139   359   359 I chatty  : uid=1000(system) /system/bin/surfaceflinger expire 14 lines
07-03 16:44:04.527  2389  2389 V DeadZone: consuming errant click: (79.0,0.0)
07-03 16:44:09.267  2389  2389 V DeadZone: consuming errant click: (139.0,16.0)
07-03 16:44:10.037   359  1046 I chatty  : uid=1000(system) EventThread expire 11 lines
07-03 16:44:31.962  1907  2155 I chatty  : uid=1000(system) PackageManager expire 10 lines
07-03 16:44:34.344 32570 32581 D DefContainer: Copying /data/local/tmp/app-debug.apk to base.apk
07-03 16:44:36.209   359   359 I chatty  : uid=1000(system) /system/bin/surfaceflinger expire 12 lines
07-03 16:44:42.656  1907  1907 I chatty  : uid=1000 system_server expire 11 lines
07-03 16:44:42.728  2389  2389 D StatusBarKeyguardViewManager: showKeyguard, but hide Bouncer
07-03 16:44:46.136 32757 32757 I chatty  : uid=1000(system) com.android.keychain expire 1 line
07-03 16:44:49.238  1907  2917 I chatty  : uid=1000(system) Binder_8 expire 11 lines
07-03 16:44:49.493  1907  5711 I chatty  : uid=1000(system) Binder_E expire 10 lines
07-03 16:44:53.458  1907  3035 I chatty  : uid=1000(system) Binder_B expire 10 lines
07-03 16:44:54.800  1907  3005 I chatty  : uid=1000(system) Binder_9 expire 11 lines
07-03 16:44:55.628  1907  2876 I chatty  : uid=1000(system) Binder_7 expire 11 lines
07-03 16:45:00.000  1907  2303 I chatty  : uid=1000(system) AlarmManager expire 20 lines
07-03 16:45:01.198  1907  3367 I chatty  : uid=1000(system) Binder_D expire 10 lines
07-03 16:45:01.320  1907  2299 I chatty  : uid=1000(system) UEventObserver expire 10 lines
07-03 16:45:27.705  1907  2134 I chatty  : uid=1000(system) PowerManagerSer expire 12 lines
07-03 16:45:32.827  2389  2389 D StatusBarKeyguardViewManager: showKeyguard, but hide Bouncer
07-03 16:45:37.105  1907  2123 I chatty  : uid=1000(system) android.display expire 11 lines
07-03 16:45:38.473   359   359 I chatty  : uid=1000(system) /system/bin/surfaceflinger expire 16 lines
07-03 16:45:40.885   359  1046 I chatty  : uid=1000(system) EventThread expire 13 lines
07-03 16:45:42.031  2389  2389 V DeadZone: consuming errant click: (542.0,19.0)
07-03 16:46:00.063  1907  1907 I chatty  : uid=1000 system_server expire 11 lines
07-03 16:46:15.781  1907  2617 I chatty  : uid=1000(system) Binder_5 expire 10 lines
07-03 16:46:36.948  1907  2155 I chatty  : uid=1000(system) PackageManager expire 10 lines
07-03 16:46:38.650  2000  2010 D DefContainer: Copying /data/local/tmp/app-debug.apk to base.apk
07-03 16:46:42.338   359   359 I chatty  : uid=1000(system) /system/bin/surfaceflinger expire 35 lines
07-03 16:46:43.533  1907  1965 I chatty  : uid=1000(system) ActivityManager expire 10 lines
07-03 16:46:43.567  1907  2421 I chatty  : uid=1000(system) Binder_4 expire 11 lines
07-03 16:46:43.652  1907  1907 I chatty  : uid=1000 system_server expire 13 lines
07-03 16:46:44.710  2082  2082 I chatty  : uid=1000(system) com.android.keychain expire 1 line
07-03 16:46:44.775  1907  3006 I chatty  : uid=1000(system) Binder_A expire 10 lines
07-03 16:46:44.775  1907  5738 I chatty  : uid=1000(system) Binder_F expire 11 lines
07-03 16:46:44.776  1907  2318 I chatty  : uid=1000(system) WifiService expire 11 lines
07-03 16:46:48.225  1907  1932 I chatty  : uid=1000(system) Binder_1 expire 14 lines
07-03 16:46:53.838  1907  1933 I chatty  : uid=1000(system) Binder_2 expire 15 lines
07-03 16:46:59.999  1907  2303 I chatty  : uid=1000(system) AlarmManager expire 12 lines
07-03 16:47:30.191  1907  6063 I chatty  : uid=1000(system) Binder_10 expire 10 lines
07-03 16:47:30.237  1907  2405 I chatty  : uid=1000(system) Binder_3 expire 11 lines
07-03 16:47:33.841   359  1046 I chatty  : uid=1000(system) EventThread expire 22 lines
07-03 16:47:45.921   755   908 E NetlinkListener: recvmsg failed (No buffer space available)
07-03 16:47:45.921   801   893 E NetlinkListener: recvmsg failed (No buffer space available)
07-03 16:47:47.463   359   359 I chatty  : uid=1000(system) /system/bin/surfaceflinger expire 52 lines
07-03 16:47:51.083  2389  2389 V DeadZone: consuming errant click: (295.0,6.0)
07-03 16:47:51.590  2389  2389 V DeadZone: consuming errant click: (596.0,4.0)
07-03 16:47:54.910  2977  2977 I chatty  : uid=1000(system) com.motorola.process.system expire 10 lines
07-03 16:48:57.950  1907  3005 I chatty  : uid=1000(system) Binder_9 expire 11 lines
07-03 16:49:33.928  2389  2389 V DeadZone: consuming errant click: (293.0,2.0)
07-03 16:49:34.497   359  1046 I chatty  : uid=1000(system) EventThread expire 11 lines
07-03 16:49:36.863  1907  2303 I chatty  : uid=1000(system) AlarmManager expire 16 lines
07-03 16:49:36.881  1907  1907 I chatty  : uid=1000 system_server expire 16 lines
07-03 16:49:38.535   359   359 I chatty  : uid=1000(system) /system/bin/surfaceflinger expire 12 lines
07-03 16:49:42.122  1907  5738 I chatty  : uid=1000(system) Binder_F expire 10 lines
07-03 16:49:48.854  2389  2389 V DeadZone: consuming errant click: (321.0,6.0)
07-03 16:49:50.202  2389  2389 V DeadZone: consuming errant click: (310.0,11.0)
07-03 16:49:50.662  2389  2389 V DeadZone: consuming errant click: (322.0,7.0)
07-03 16:49:55.085  2389  2389 V DeadZone: consuming errant click: (296.0,3.0)
07-03 16:50:04.068   359   359 I chatty  : uid=1000(system) /system/bin/surfaceflinger expire 11 lines
07-03 16:50:14.541  1907  2319 I chatty  : uid=1000(system) ConnectivitySer expire 13 lines
07-03 16:50:34.734  1907  2123 I chatty  : uid=1000(system) android.display expire 11 lines
07-03 16:50:39.348  2389  2389 D StatusBarKeyguardViewManager: showKeyguard, but hide Bouncer
07-03 16:50:51.697  1907  2917 I chatty  : uid=1000(system) Binder_8 expire 10 lines
07-03 16:51:01.774  1907  1965 I chatty  : uid=1000(system) ActivityManager expire 10 lines
07-03 16:51:28.252  1907  2305 I chatty  : uid=1000(system) InputReader expire 10 lines
07-03 16:51:36.668  1907  2318 I chatty  : uid=1000(system) WifiService expire 11 lines
07-03 16:51:36.803  1907  5711 I chatty  : uid=1000(system) Binder_E expire 12 lines
07-03 16:51:39.489  2389  2389 V DeadZone: consuming errant click: (323.0,2.0)
07-03 16:51:42.131   359   359 I chatty  : uid=1000(system) /system/bin/surfaceflinger expire 18 lines
07-03 16:51:45.492   359  1046 I chatty  : uid=1000(system) EventThread expire 17 lines
07-03 16:52:00.000  1907  2303 I chatty  : uid=1000(system) AlarmManager expire 18 lines
07-03 16:52:00.053  1907  1907 I chatty  : uid=1000 system_server expire 19 lines
07-03 16:52:42.045  1907  2155 I chatty  : uid=1000(system) PackageManager expire 10 lines
07-03 16:52:44.802  6705  6716 D DefContainer: Copying /data/local/tmp/app-debug.apk to base.apk
07-03 16:52:46.146  1907  2421 I chatty  : uid=1000(system) Binder_4 expire 11 lines
07-03 16:52:55.481   359   359 I chatty  : uid=1000(system) /system/bin/surfaceflinger expire 14 lines
07-03 16:52:58.301  1907  3355 I chatty  : uid=1000(system) Binder_C expire 13 lines
07-03 16:52:58.488  6921  6921 I chatty  : uid=1000(system) com.android.keychain expire 1 line
07-03 16:53:01.052  1907  2876 I chatty  : uid=1000(system) Binder_7 expire 11 lines
07-03 16:53:04.891  1907  3035 I chatty  : uid=1000(system) Binder_B expire 10 lines
07-03 16:54:00.593  2389  2389 V DeadZone: consuming errant click: (308.0,7.0)
07-03 16:54:01.060  2389  2389 V DeadZone: consuming errant click: (269.0,22.0)
07-03 16:54:01.071   359  1046 I chatty  : uid=1000(system) EventThread expire 16 lines
07-03 16:54:01.617  2389  2389 V DeadZone: consuming errant click: (271.0,15.0)
07-03 16:54:02.193  2389  2389 V DeadZone: consuming errant click: (271.0,13.0)
07-03 16:54:03.875   359   359 I chatty  : uid=1000(system) /system/bin/surfaceflinger expire 10 lines
07-03 16:54:04.341  2389  2389 V DeadZone: consuming errant click: (268.0,5.0)
07-03 16:54:04.834  2389  2389 V DeadZone: consuming errant click: (280.0,4.0)
07-03 16:54:05.318  2389  2389 V DeadZone: consuming errant click: (287.0,0.0)
07-03 16:54:20.331  1907  2134 I chatty  : uid=1000(system) PowerManagerSer expire 15 lines
07-03 16:54:23.551  1907  2303 I chatty  : uid=1000(system) AlarmManager expire 38 lines
07-03 16:54:23.553  1907  1907 I chatty  : uid=1000 system_server expire 38 lines
07-03 16:54:24.023  8183  8220 D ActivityThread: Loading provider com.android.email.provider;com.android.email.notifier: com.android.email.provider.EmailProvider
07-03 16:54:25.518  2389  2389 D StatusBarKeyguardViewManager: showKeyguard, but hide Bouncer
07-03 16:54:27.020  1907  1933 I chatty  : uid=1000(system) Binder_2 expire 10 lines
07-03 16:54:53.838  1907  5711 I chatty  : uid=1000(system) Binder_E expire 15 lines
07-03 16:55:11.925   359   359 I chatty  : uid=1000(system) /system/bin/surfaceflinger expire 16 lines
07-03 16:55:12.979  2389  2389 V DeadZone: consuming errant click: (308.0,5.0)
07-03 16:55:13.568  2389  2389 V DeadZone: consuming errant click: (281.0,3.0)
07-03 16:55:21.329  1907  2299 I chatty  : uid=1000(system) UEventObserver expire 14 lines
07-03 16:55:37.648  2389  2389 D StatusBarKeyguardViewManager: showKeyguard, but hide Bouncer
07-03 16:56:20.838  1907  2767 I chatty  : uid=1000(system) Binder_6 expire 10 lines
07-03 16:56:45.266  1907  2617 I chatty  : uid=1000(system) Binder_5 expire 10 lines
07-03 16:56:45.372  1907  1965 I chatty  : uid=1000(system) ActivityManager expire 11 lines
07-03 16:56:45.445  1907  3005 I chatty  : uid=1000(system) Binder_9 expire 14 lines
07-03 16:56:45.476  1907  3006 I chatty  : uid=1000(system) Binder_A expire 10 lines
07-03 17:03:13.665  1907  2318 I chatty  : uid=1000(system) WifiService expire 10 lines
07-03 17:03:23.363  1907  1932 I chatty  : uid=1000(system) Binder_1 expire 10 lines
07-03 17:05:17.937  1907  5738 I chatty  : uid=1000(system) Binder_F expire 11 lines
07-03 17:08:17.881  1907  2303 I chatty  : uid=1000(system) AlarmManager expire 18 lines
07-03 17:08:17.888  1907  1907 I chatty  : uid=1000 system_server expire 21 lines
07-03 17:08:17.954  2389  2389 D StatusBarKeyguardViewManager: showKeyguard, but hide Bouncer
07-03 17:08:25.666  1907  2123 I chatty  : uid=1000(system) android.display expire 12 lines
07-03 17:08:27.111   359   359 I chatty  : uid=1000(system) /system/bin/surfaceflinger expire 10 lines
07-03 17:08:28.208   359  1046 I chatty  : uid=1000(system) EventThread expire 10 lines
07-03 17:08:47.942  2389  2389 D StatusBarKeyguardViewManager: showKeyguard, but hide Bouncer
07-03 17:09:25.246  1907  3367 I chatty  : uid=1000(system) Binder_D expire 11 lines
07-03 17:09:25.267 10530 10557 D ActivityThread: Loading provider com.android.email.provider;com.android.email.notifier: com.android.email.provider.EmailProvider
07-03 17:09:25.272 10530 10558 D ActivityThread: Loading provider com.android.email.provider;com.android.email.notifier: com.android.email.provider.EmailProvider
07-03 17:10:41.807  1907  2299 I chatty  : uid=1000(system) UEventObserver expire 10 lines
07-03 17:12:23.449  1907  2617 I chatty  : uid=1000(system) Binder_5 expire 10 lines
07-03 17:15:38.817  1907  2155 I chatty  : uid=1000(system) PackageManager expire 10 lines
07-03 17:15:41.012 11721 11731 D DefContainer: Copying /data/local/tmp/app-debug.apk to base.apk
07-03 17:15:44.775  1907  2303 I chatty  : uid=1000(system) AlarmManager expire 12 lines
07-03 17:15:44.781  1907  1907 I chatty  : uid=1000 system_server expire 10 lines
07-03 17:15:48.997  1907  1965 I chatty  : uid=1000(system) ActivityManager expire 10 lines
07-03 17:15:49.994 11844 11844 I chatty  : uid=1000(system) com.android.keychain expire 1 line
07-03 17:15:53.463   359   359 I chatty  : uid=1000(system) /system/bin/surfaceflinger expire 10 lines
07-03 17:15:54.427  1907  2917 I chatty  : uid=1000(system) Binder_8 expire 15 lines
07-03 17:15:55.447  1907  2319 I chatty  : uid=1000(system) ConnectivitySer expire 12 lines
07-03 17:15:58.429  1907  3355 I chatty  : uid=1000(system) Binder_C expire 10 lines
07-03 17:15:58.489  1907  2318 I chatty  : uid=1000(system) WifiService expire 10 lines
07-03 17:15:59.516  1907  2876 I chatty  : uid=1000(system) Binder_7 expire 12 lines
07-03 17:16:18.482  2389  2389 V DeadZone: consuming errant click: (276.0,19.0)
07-03 17:16:18.494   359  1046 I chatty  : uid=1000(system) EventThread expire 18 lines
07-03 17:16:19.166   359   359 I chatty  : uid=1000(system) /system/bin/surfaceflinger expire 12 lines
07-03 17:16:20.056  2389  2389 V DeadZone: consuming errant click: (261.0,10.0)
07-03 17:16:20.542  2389  2389 V DeadZone: consuming errant click: (282.0,4.0)
07-03 17:16:26.324  2389  2389 V DeadZone: consuming errant click: (291.0,2.0)
07-03 17:16:31.398  1907  1907 I chatty  : uid=1000 system_server expire 12 lines
07-03 17:16:33.363  1907  2421 I chatty  : uid=1000(system) Binder_4 expire 10 lines
07-03 17:16:33.542  1907  2405 I chatty  : uid=1000(system) Binder_3 expire 11 lines
07-03 17:16:47.443  2389  2389 V DeadZone: consuming errant click: (329.0,7.0)
07-03 17:16:48.043  2389  2389 V DeadZone: consuming errant click: (341.0,1.0)
07-03 17:16:49.575  2389  2389 V DeadZone: consuming errant click: (362.0,3.0)
07-03 17:16:50.026  2389  2389 V DeadZone: consuming errant click: (357.0,11.0)
07-03 17:16:50.283  2389  2389 V DeadZone: consuming errant click: (362.0,3.0)
07-03 17:16:50.633  2389  2389 V DeadZone: consuming errant click: (365.0,3.0)
07-03 17:16:53.393  2389  2389 V DeadZone: consuming errant click: (363.0,3.0)
07-03 17:16:53.566  2389  2389 V DeadZone: consuming errant click: (366.0,0.0)
07-03 17:16:53.757  2389  2389 V DeadZone: consuming errant click: (364.0,0.0)
07-03 17:16:53.941  2389  2389 V DeadZone: consuming errant click: (362.0,2.0)
07-03 17:16:54.134  2389  2389 V DeadZone: consuming errant click: (361.0,5.0)
07-03 17:16:59.302  1907  2303 I chatty  : uid=1000(system) AlarmManager expire 11 lines
07-03 17:17:03.744  1907  1932 I chatty  : uid=1000(system) Binder_1 expire 11 lines
07-03 17:17:06.867  2389  2389 V DeadZone: consuming errant click: (279.0,2.0)
07-03 17:17:10.410  2389  2389 V DeadZone: consuming errant click: (271.0,8.0)
07-03 17:17:14.018   359   359 I chatty  : uid=1000(system) /system/bin/surfaceflinger expire 23 lines
07-03 17:17:24.901  1907  2319 I chatty  : uid=1000(system) ConnectivitySer expire 12 lines
07-03 17:17:27.572  1907  2134 I chatty  : uid=1000(system) PowerManagerSer expire 12 lines
07-03 17:17:32.696  2389  2389 D StatusBarKeyguardViewManager: showKeyguard, but hide Bouncer
07-03 17:18:46.814   359  1046 I chatty  : uid=1000(system) EventThread expire 14 lines
07-03 17:18:48.519   359   359 I chatty  : uid=1000(system) /system/bin/surfaceflinger expire 19 lines
07-03 17:19:00.075  1907  1907 I chatty  : uid=1000 system_server expire 13 lines
07-03 17:19:08.710  2389  2389 D StatusBarKeyguardViewManager: showKeyguard, but hide Bouncer
07-03 17:19:18.392  1907  2303 I chatty  : uid=1000(system) AlarmManager expire 11 lines
07-03 17:19:20.997  1907  6063 I chatty  : uid=1000(system) Binder_10 expire 10 lines
07-03 17:20:19.424  1907  3005 I chatty  : uid=1000(system) Binder_9 expire 10 lines
07-03 17:20:45.491  2389  2389 D StatusBarKeyguardViewManager: showKeyguard, but hide Bouncer
07-03 17:20:45.794  1907  2303 I chatty  : uid=1000(system) AlarmManager expire 19 lines
07-03 17:20:45.800  1907  1907 I chatty  : uid=1000 system_server expire 11 lines
07-03 17:20:52.611  1907  2123 I chatty  : uid=1000(system) android.display expire 10 lines
07-03 17:20:53.334  1907  1933 I chatty  : uid=1000(system) Binder_2 expire 16 lines
07-03 17:20:54.524   359   359 I chatty  : uid=1000(system) /system/bin/surfaceflinger expire 10 lines
07-03 17:21:21.031   755   908 E NetlinkListener: recvmsg failed (No buffer space available)
07-03 17:21:21.032   801   893 E NetlinkListener: recvmsg failed (No buffer space available)
07-03 17:21:23.059   359   359 I chatty  : uid=1000(system) /system/bin/surfaceflinger expire 51 lines
07-03 17:21:24.488   359  1046 I chatty  : uid=1000(system) EventThread expire 23 lines
07-03 17:21:39.429  1907  2155 I chatty  : uid=1000(system) PackageManager expire 10 lines
07-03 17:21:41.717 15318 15328 D DefContainer: Copying /data/local/tmp/app-debug.apk to base.apk
07-03 17:21:46.669  1907  2134 I chatty  : uid=1000(system) PowerManagerSer expire 10 lines
07-03 17:21:47.830  1907  1965 I chatty  : uid=1000(system) ActivityManager expire 10 lines
07-03 17:21:48.788 15437 15437 I chatty  : uid=1000(system) com.android.keychain expire 1 line
07-03 17:21:49.313  1907  2767 I chatty  : uid=1000(system) Binder_6 expire 11 lines
07-03 17:21:50.874  1907  2318 I chatty  : uid=1000(system) WifiService expire 10 lines
07-03 17:21:51.827  1907  3035 I chatty  : uid=1000(system) Binder_B expire 11 lines
07-03 17:21:52.127  1907  3006 I chatty  : uid=1000(system) Binder_A expire 10 lines
07-03 17:21:53.856  1907  2319 I chatty  : uid=1000(system) ConnectivitySer expire 11 lines
07-03 17:21:55.627  1907  2617 I chatty  : uid=1000(system) Binder_5 expire 11 lines
07-03 17:22:02.260  1907  2305 I chatty  : uid=1000(system) InputReader expire 10 lines
07-03 17:22:02.663  2389  2389 D StatusBarKeyguardViewManager: showKeyguard, but hide Bouncer
07-03 17:22:05.197  1907  3355 I chatty  : uid=1000(system) Binder_C expire 11 lines
07-03 17:22:06.636  1907  2917 I chatty  : uid=1000(system) Binder_8 expire 10 lines
07-03 17:22:09.692  1907  1907 I chatty  : uid=1000 system_server expire 12 lines
07-03 17:22:11.188  1907  5711 I chatty  : uid=1000(system) Binder_E expire 11 lines
07-03 17:23:17.654  1907  3367 I chatty  : uid=1000(system) Binder_D expire 10 lines
07-03 17:24:03.596  2389  2389 V DeadZone: consuming errant click: (284.0,3.0)
07-03 17:24:04.168  2389  2389 V DeadZone: consuming errant click: (273.0,14.0)
07-03 17:24:04.912   359  1046 I chatty  : uid=1000(system) EventThread expire 12 lines
07-03 17:24:05.706  1907  2303 I chatty  : uid=1000(system) AlarmManager expire 11 lines
07-03 17:24:06.541  2389  2389 V DeadZone: consuming errant click: (281.0,4.0)
07-03 17:24:07.142  2389  2389 V DeadZone: consuming errant click: (269.0,7.0)
07-03 17:24:08.968   359   359 I chatty  : uid=1000(system) /system/bin/surfaceflinger expire 10 lines
07-03 17:24:15.174  1907  1907 I chatty  : uid=1000 system_server expire 22 lines
07-03 17:24:19.468  2389  2389 V DeadZone: consuming errant click: (321.0,1.0)
07-03 17:24:25.733 17864 17890 D ActivityThread: Loading provider com.android.email.provider;com.android.email.notifier: com.android.email.provider.EmailProvider
07-03 17:24:26.049   359   359 I chatty  : uid=1000(system) /system/bin/surfaceflinger expire 16 lines
07-03 17:25:01.270  2389  2389 V DeadZone: consuming errant click: (318.0,4.0)
07-03 17:25:01.680  2389  2389 V DeadZone: consuming errant click: (318.0,7.0)
07-03 17:25:02.036  2389  2389 V DeadZone: consuming errant click: (322.0,10.0)
07-03 17:25:02.418  2389  2389 V DeadZone: consuming errant click: (311.0,4.0)
07-03 17:25:02.971   359   359 I chatty  : uid=1000(system) /system/bin/surfaceflinger expire 10 lines
07-03 17:25:06.715   359  1046 I chatty  : uid=1000(system) EventThread expire 20 lines
07-03 17:25:38.849  2389  2389 D StatusBarKeyguardViewManager: showKeyguard, but hide Bouncer
07-03 17:26:04.713  1907  2303 I chatty  : uid=1000(system) AlarmManager expire 11 lines
07-03 17:26:06.021  1907  1965 I chatty  : uid=1000(system) ActivityManager expire 10 lines
07-03 17:26:07.157  1907  1932 I chatty  : uid=1000(system) Binder_1 expire 10 lines
07-03 17:26:21.667  1907  2299 I chatty  : uid=1000(system) UEventObserver expire 11 lines
07-03 17:33:06.942   359   359 I chatty  : uid=1000(system) /system/bin/surfaceflinger expire 32 lines
07-03 17:33:07.777  2389  2389 D StatusBarKeyguardViewManager: showKeyguard, but hide Bouncer
07-03 17:33:08.464  1907  2318 I chatty  : uid=1000(system) WifiService expire 11 lines
07-03 17:33:08.653  1907  2405 I chatty  : uid=1000(system) Binder_3 expire 10 lines
07-03 17:34:42.694  1907  2303 I chatty  : uid=1000(system) AlarmManager expire 14 lines
07-03 17:34:42.702  1907  1907 I chatty  : uid=1000 system_server expire 13 lines
07-03 17:35:24.293  1907  3005 I chatty  : uid=1000(system) Binder_9 expire 10 lines
07-03 17:35:25.671  1907  5738 I chatty  : uid=1000(system) Binder_F expire 12 lines
07-03 17:36:34.857  2389  2389 V DeadZone: consuming errant click: (280.0,0.0)
07-03 17:36:35.600  2389  2389 V DeadZone: consuming errant click: (299.0,9.0)
07-03 17:36:36.152   359  1046 I chatty  : uid=1000(system) EventThread expire 10 lines
07-03 17:36:43.188   359   359 I chatty  : uid=1000(system) /system/bin/surfaceflinger expire 12 lines
07-03 17:36:52.166  1907  2134 I chatty  : uid=1000(system) PowerManagerSer expire 12 lines
07-03 17:36:57.173  1907  2303 I chatty  : uid=1000(system) AlarmManager expire 32 lines
07-03 17:36:57.201  1907  1907 I chatty  : uid=1000 system_server expire 30 lines
07-03 17:36:57.280  2389  2389 D StatusBarKeyguardViewManager: showKeyguard, but hide Bouncer
07-03 17:37:50.922  1907  1965 I chatty  : uid=1000(system) ActivityManager expire 16 lines
07-03 17:39:19.031  1907  1961 I chatty  : uid=1000(system) android.bg expire 11 lines
07-03 17:39:28.570 21617 21643 D ActivityThread: Loading provider com.android.email.provider;com.android.email.notifier: com.android.email.provider.EmailProvider
07-03 17:49:01.411  1907  6063 I chatty  : uid=1000(system) Binder_10 expire 18 lines
07-03 17:50:19.750  1907  2876 I chatty  : uid=1000(system) Binder_7 expire 23 lines
07-03 17:50:19.957  1907  5711 I chatty  : uid=1000(system) Binder_E expire 10 lines
07-03 17:53:32.803  1907  2421 I chatty  : uid=1000(system) Binder_4 expire 10 lines
07-03 17:53:32.877  1907  1907 I chatty  : uid=1000 system_server expire 12 lines
07-03 17:54:09.354  1907  2155 I chatty  : uid=1000(system) PackageManager expire 10 lines
07-03 17:54:11.800 22651 22661 D DefContainer: Copying /data/local/tmp/app-debug.apk to base.apk
07-03 17:54:11.809  1907  2318 I chatty  : uid=1000(system) WifiService expire 13 lines
07-03 17:54:15.787  1907  2767 I chatty  : uid=1000(system) Binder_6 expire 10 lines
07-03 17:54:17.729 22761 22761 I chatty  : uid=1000(system) com.android.keychain expire 1 line
07-03 17:54:23.322  1907  2319 I chatty  : uid=1000(system) ConnectivitySer expire 14 lines
07-03 17:54:24.377  1907  3006 I chatty  : uid=1000(system) Binder_A expire 10 lines
07-03 17:54:39.291  1907  2303 I chatty  : uid=1000(system) AlarmManager expire 12 lines
07-03 17:55:45.942  1907  2123 I chatty  : uid=1000(system) android.display expire 11 lines
07-03 17:55:58.943 23632 23658 D ActivityThread: Loading provider com.android.email.provider;com.android.email.notifier: com.android.email.provider.EmailProvider
07-03 17:56:00.061  1907  1907 I chatty  : uid=1000 system_server expire 17 lines
07-03 17:56:02.287  1907  2299 I chatty  : uid=1000(system) UEventObserver expire 10 lines
07-03 17:56:17.681  1907  1965 I chatty  : uid=1000(system) ActivityManager expire 10 lines
07-03 17:56:18.784  1907  1933 I chatty  : uid=1000(system) Binder_2 expire 18 lines
07-03 17:56:18.891  1907  5738 I chatty  : uid=1000(system) Binder_F expire 11 lines
07-03 17:56:21.780  2389  2389 D StatusBarKeyguardViewManager: showKeyguard, but hide Bouncer
07-03 17:57:41.739  1907  1974 I chatty  : uid=1000(system) android.fg expire 1 line
07-03 17:57:42.159  1907  3035 I chatty  : uid=1000(system) Binder_B expire 10 lines
07-03 17:57:43.316  1907  3367 I chatty  : uid=1000(system) Binder_D expire 10 lines
07-03 17:57:44.317  1907  2617 I chatty  : uid=1000(system) Binder_5 expire 10 lines
07-03 17:57:44.438   359   359 I chatty  : uid=1000(system) /system/bin/surfaceflinger expire 19 lines
07-03 17:57:45.207  1907  2767 I chatty  : uid=1000(system) Binder_6 expire 14 lines
07-03 17:57:45.486   359  1046 I chatty  : uid=1000(system) EventThread expire 13 lines
07-03 17:57:45.582  1907  2304 I chatty  : uid=1000(system) InputDispatcher expire 13 lines
07-03 17:57:46.420  1907  2303 I chatty  : uid=1000(system) AlarmManager expire 24 lines
07-03 17:57:47.997  1907  2917 I chatty  : uid=1000(system) Binder_8 expire 21 lines
07-03 17:58:21.442  2389  2389 V DeadZone: consuming errant click: (255.0,1.0)
07-03 17:58:23.350  2389  2389 V DeadZone: consuming errant click: (271.0,4.0)
07-03 17:58:24.526   359   359 I chatty  : uid=1000(system) /system/bin/surfaceflinger expire 12 lines
07-03 17:58:26.728  2389  2389 V DeadZone: consuming errant click: (268.0,4.0)
07-03 17:58:39.160  1907  2319 I chatty  : uid=1000(system) ConnectivitySer expire 10 lines
07-03 17:58:58.327  2389  2389 D StatusBarKeyguardViewManager: showKeyguard, but hide Bouncer
07-03 17:59:08.551  1907  1907 I chatty  : uid=1000 system_server expire 22 lines
07-03 17:59:54.253  1907  2318 I chatty  : uid=1000(system) WifiService expire 13 lines
07-03 18:01:20.711   359  1046 I chatty  : uid=1000(system) EventThread expire 13 lines
07-03 18:01:22.102   359   359 I chatty  : uid=1000(system) /system/bin/surfaceflinger expire 17 lines
07-03 18:01:23.983  1907  5711 I chatty  : uid=1000(system) Binder_E expire 10 lines
07-03 18:01:38.861  1907  2134 I chatty  : uid=1000(system) PowerManagerSer expire 10 lines
07-03 18:01:43.868  1907  2303 I chatty  : uid=1000(system) AlarmManager expire 16 lines
07-03 18:01:43.941  2389  2389 D StatusBarKeyguardViewManager: showKeyguard, but hide Bouncer
07-03 18:01:48.825  1907  2123 I chatty  : uid=1000(system) android.display expire 14 lines
07-03 18:02:00.055  1907  1907 I chatty  : uid=1000 system_server expire 27 lines
07-03 18:02:05.938  2389  2389 D StatusBarKeyguardViewManager: showKeyguard, but hide Bouncer
07-03 18:02:07.488  1907  2305 I chatty  : uid=1000(system) InputReader expire 10 lines
07-03 18:02:10.049   359   359 I chatty  : uid=1000(system) /system/bin/surfaceflinger expire 18 lines
07-03 18:02:11.328  1907  3652 I chatty  : uid=1000(system) AsyncTask #2 expire 4 lines
07-03 18:02:11.909  1907  1932 I chatty  : uid=1000(system) Binder_1 expire 14 lines
07-03 18:02:31.202  2389  2389 D StatusBarKeyguardViewManager: showKeyguard, but hide Bouncer
07-03 18:02:34.906  1907  1907 I chatty  : uid=1000 system_server expire 38 lines
07-03 18:02:34.963  1907  2876 I chatty  : uid=1000(system) Binder_7 expire 11 lines
07-03 18:02:34.984  1907  1016 I chatty  : uid=1000(system) AsyncTask #5 expire 1 line
07-03 18:02:35.185  1907  3006 I chatty  : uid=1000(system) Binder_A expire 11 lines
07-03 18:02:36.661  1907  2421 I chatty  : uid=1000(system) Binder_4 expire 22 lines
07-03 18:02:36.780  1907  6063 I chatty  : uid=1000(system) Binder_10 expire 10 lines
07-03 18:02:36.787  1907  1965 I chatty  : uid=1000(system) ActivityManager expire 12 lines
07-03 18:02:40.850  1907  3367 I chatty  : uid=1000(system) Binder_D expire 11 lines
07-03 18:04:16.891  2389  2389 D StatusBarKeyguardViewManager: showKeyguard, but hide Bouncer
07-03 18:04:39.929  1907  2303 I chatty  : uid=1000(system) AlarmManager expire 16 lines
07-03 18:04:41.267  1907  1907 I chatty  : uid=1000 system_server expire 13 lines
07-03 18:05:55.726  1907  2421 I chatty  : uid=1000(system) Binder_4 expire 10 lines
07-03 18:06:47.715  1907  2767 I chatty  : uid=1000(system) Binder_6 expire 10 lines
07-03 18:07:25.776  1907  2123 I chatty  : uid=1000(system) android.display expire 13 lines
07-03 18:07:27.865  1907  2617 I chatty  : uid=1000(system) Binder_5 expire 10 lines
07-03 18:07:28.432   359  1046 I chatty  : uid=1000(system) EventThread expire 10 lines
07-03 18:07:32.101   359   359 I chatty  : uid=1000(system) /system/bin/surfaceflinger expire 12 lines
07-03 18:07:32.242  1907  2917 I chatty  : uid=1000(system) Binder_8 expire 10 lines
07-03 18:07:36.680  1907  2405 I chatty  : uid=1000(system) Binder_3 expire 10 lines
07-03 18:07:39.165   755   908 E NetlinkListener: recvmsg failed (No buffer space available)
07-03 18:07:39.165   801   893 E NetlinkListener: recvmsg failed (No buffer space available)
07-03 18:07:39.631  1907  1965 I chatty  : uid=1000(system) ActivityManager expire 10 lines
07-03 18:07:44.790  1907  1907 I chatty  : uid=1000 system_server expire 27 lines
07-03 18:07:48.050  1907  2299 I chatty  : uid=1000(system) UEventObserver expire 11 lines
07-03 18:07:55.997  1907  2319 I chatty  : uid=1000(system) ConnectivitySer expire 29 lines
07-03 18:08:05.517  1907  2134 I chatty  : uid=1000(system) PowerManagerSer expire 10 lines
07-03 18:08:10.684  2389  2389 D StatusBarKeyguardViewManager: showKeyguard, but hide Bouncer
07-03 18:08:11.477  1907  2318 I chatty  : uid=1000(system) WifiService expire 12 lines
07-03 18:08:21.313  1907  2303 I chatty  : uid=1000(system) AlarmManager expire 22 lines
07-03 18:13:55.976  1907  2312 I chatty  : uid=1000(system) WifiP2pService expire 10 lines
07-03 18:14:10.850  1907  2313 I chatty  : uid=1000(system) WifiStateMachin expire 9 lines
07-03 18:14:10.893  1907 15515 I chatty  : uid=1000 system_server expire 1 line
07-03 18:14:11.772  1907  2311 I chatty  : uid=1000(system) NetworkPolicy expire 4 lines
07-03 18:14:12.101  1907  3367 I chatty  : uid=1000(system) Binder_D expire 11 lines
07-03 18:14:16.362 28963 29001 D ActivityThread: Loading provider com.android.email.provider;com.android.email.notifier: com.android.email.provider.EmailProvider
07-03 18:14:16.985  1907  3035 I chatty  : uid=1000(system) Binder_B expire 10 lines
07-03 18:14:17.931  1907  3355 I chatty  : uid=1000(system) Binder_C expire 14 lines
07-03 18:14:22.699  1907  2319 I chatty  : uid=1000(system) ConnectivitySer expire 13 lines
07-03 18:14:24.495  1907  3005 I chatty  : uid=1000(system) Binder_9 expire 11 lines
07-03 18:14:26.641  1907  6063 I chatty  : uid=1000(system) Binder_10 expire 11 lines
07-03 18:14:31.712  1907  1907 I chatty  : uid=1000 system_server expire 19 lines
07-03 18:14:33.838  1907  2303 I chatty  : uid=1000(system) AlarmManager expire 11 lines
07-03 18:14:43.173 29698 29727 D ActivityThread: Loading provider com.android.email.provider;com.android.email.notifier: com.android.email.provider.EmailProvider
07-03 18:14:43.176 29698 29729 D ActivityThread: Loading provider com.android.email.provider;com.android.email.notifier: com.android.email.provider.EmailProvider
07-03 18:14:43.191 29698 29731 D ActivityThread: Loading provider com.android.email.provider;com.android.email.notifier: com.android.email.provider.EmailProvider
07-03 18:14:44.181  1907  1965 I chatty  : uid=1000(system) ActivityManager expire 10 lines
07-03 18:14:45.197  1907  1933 I chatty  : uid=1000(system) Binder_2 expire 10 lines
07-03 18:14:45.846  1907  2310 I chatty  : uid=1000(system) NetworkStats expire 2 lines
07-03 18:16:45.247   359   359 I chatty  : uid=1000(system) /system/bin/surfaceflinger expire 41 lines
07-03 18:16:55.751  2389  2389 D StatusBarKeyguardViewManager: showKeyguard, but hide Bouncer
07-03 18:16:56.411  1907  5711 I chatty  : uid=1000(system) Binder_E expire 12 lines
07-03 18:17:11.930  1907  2303 I chatty  : uid=1000(system) AlarmManager expire 42 lines
07-03 18:17:11.966  1907  1907 I chatty  : uid=1000 system_server expire 42 lines
07-03 18:18:02.649  1907  2319 I chatty  : uid=1000(system) ConnectivitySer expire 10 lines
07-03 18:18:09.553  1907  2917 I chatty  : uid=1000(system) Binder_8 expire 11 lines
07-03 18:34:42.530 31221 31245 D ActivityThread: Loading provider com.android.email.provider;com.android.email.notifier: com.android.email.provider.EmailProvider
07-03 18:35:26.122  1907  2303 I chatty  : uid=1000(system) AlarmManager expire 28 lines
07-03 18:35:26.147  1907  1907 I chatty  : uid=1000 system_server expire 31 lines
07-03 18:35:53.368  1907  2617 I chatty  : uid=1000(system) Binder_5 expire 10 lines
07-03 18:35:53.391  1907  5738 I chatty  : uid=1000(system) Binder_F expire 10 lines
07-03 18:35:54.738  1907  3367 I chatty  : uid=1000(system) Binder_D expire 24 lines
07-03 18:36:00.552  1907  2876 I chatty  : uid=1000(system) Binder_7 expire 10 lines
07-03 18:38:39.422   359  1046 I chatty  : uid=1000(system) EventThread expire 38 lines
07-03 18:38:53.652  1907  2299 I chatty  : uid=1000(system) UEventObserver expire 10 lines
07-03 18:38:56.167  2977  2977 I chatty  : uid=1000(system) com.motorola.process.system expire 11 lines
07-03 18:39:30.714  1907  2421 I chatty  : uid=1000(system) Binder_4 expire 10 lines
07-03 18:39:40.207   359   359 I chatty  : uid=1000(system) /system/bin/surfaceflinger expire 46 lines
07-03 18:39:40.799  1907  2123 I chatty  : uid=1000(system) android.display expire 11 lines
07-03 18:39:50.670  1907  2318 I chatty  : uid=1000(system) WifiService expire 12 lines
07-03 18:39:50.987  1907  3005 I chatty  : uid=1000(system) Binder_9 expire 11 lines
07-03 18:40:14.042  1907  1932 I chatty  : uid=1000(system) Binder_1 expire 13 lines
07-03 18:40:15.260  1907  3006 I chatty  : uid=1000(system) Binder_A expire 27 lines
07-03 18:41:12.047  2389  2389 V DeadZone: consuming errant click: (195.0,0.0)
07-03 18:41:12.526   359  1046 I chatty  : uid=1000(system) EventThread expire 10 lines
07-03 18:41:12.546   359   359 I chatty  : uid=1000(system) /system/bin/surfaceflinger expire 14 lines
07-03 18:41:13.008  1907  2303 I chatty  : uid=1000(system) AlarmManager expire 22 lines
07-03 18:41:13.034  1907  1907 I chatty  : uid=1000 system_server expire 15 lines
07-03 18:41:32.269   801   893 E NetlinkListener: recvmsg failed (No buffer space available)
07-03 18:41:32.269   755   908 E NetlinkListener: recvmsg failed (No buffer space available)
