07-03 18:42:05.649   359   359 I chatty  : uid=1000(system) /system/bin/surfaceflinger expire 12 lines
07-03 18:42:08.208  2389  2389 V DeadZone: consuming errant click: (320.0,1.0)
07-03 18:42:12.528  2389  2389 V DeadZone: consuming errant click: (303.0,1.0)
07-03 18:42:22.877  2389  2389 D StatusBarKeyguardViewManager: showKeyguard, but hide Bouncer
07-03 18:44:21.494  1907  1965 I chatty  : uid=1000(system) ActivityManager expire 18 lines
07-03 18:44:21.577   359  1046 I chatty  : uid=1000(system) EventThread expire 20 lines
07-03 18:44:23.437  2389  2389 D StatusBarKeyguardViewManager: showKeyguard, but hide Bouncer
07-03 18:45:42.076  1907  1907 I chatty  : uid=1000 system_server expire 13 lines
07-03 18:49:42.523  2145  2170 D ActivityThread: Loading provider com.android.email.provider;com.android.email.notifier: com.android.email.provider.EmailProvider
07-03 18:49:58.944  1907  2303 I chatty  : uid=1000(system) AlarmManager expire 20 lines
07-03 18:49:58.970  1907  1907 I chatty  : uid=1000 system_server expire 31 lines
07-03 18:53:52.846  1907  2364 I chatty  : uid=1000 system_server expire 4 lines
07-03 18:53:54.007  2389  2389 D StatusBarKeyguardViewManager: setOccluded(true): mOccluded = false  mShowing = true
07-03 18:53:54.008  2389  2389 D StatusBarKeyguardViewManager: mOccluded = true and Keyguard/Bouncer are all hidden now
07-03 18:53:54.013  1907  1933 I chatty  : uid=1000(system) Binder_2 expire 17 lines
07-03 18:53:54.080  1907  2123 I chatty  : uid=1000(system) android.display expire 18 lines
07-03 18:53:54.103  1907  1907 I chatty  : uid=1000 system_server expire 33 lines
07-03 18:55:44.200  1907  6063 I chatty  : uid=1000(system) Binder_10 expire 42 lines
07-03 18:55:44.291  1907  2838 I chatty  : uid=1000 system_server expire 2 lines
07-03 18:55:52.382  1907  3084 I chatty  : uid=1000(system) setAudioMode expire 1 line
07-03 18:55:52.385  1907  2918 I chatty  : uid=1000 system_server expire 3 lines
07-03 18:55:56.036  2389  2389 D StatusBarKeyguardViewManager: setOccluded(false): mOccluded = true  mShowing = true
07-03 18:55:56.039  2389  2389 D StatusBarKeyguardViewManager: showKeyguard, but hide Bouncer
07-03 18:55:56.457  1907  3006 I chatty  : uid=1000(system) Binder_A expire 10 lines
07-03 18:55:56.616  1907  2405 I chatty  : uid=1000(system) Binder_3 expire 10 lines
07-03 18:55:56.955   359   359 I chatty  : uid=1000(system) /system/bin/surfaceflinger expire 28 lines
07-03 18:55:58.166  1907  2303 I chatty  : uid=1000(system) AlarmManager expire 40 lines
07-03 18:55:58.189  1907  1907 I chatty  : uid=1000 system_server expire 25 lines
07-03 18:56:00.609  1907  2299 I chatty  : uid=1000(system) UEventObserver expire 10 lines
07-03 18:56:04.537  1907  1932 I chatty  : uid=1000(system) Binder_1 expire 13 lines
07-03 18:56:14.212  1907  3005 I chatty  : uid=1000(system) Binder_9 expire 12 lines
07-03 18:56:20.226  1907  1933 I chatty  : uid=1000(system) Binder_2 expire 12 lines
07-03 18:56:28.430  1907  1965 I chatty  : uid=1000(system) ActivityManager expire 11 lines
07-03 18:56:45.138  1907  3367 I chatty  : uid=1000(system) Binder_D expire 11 lines
07-03 18:56:45.568  1907  6063 I chatty  : uid=1000(system) Binder_10 expire 12 lines
07-03 18:56:47.410 19215  3814 E ActivityThread: Failed to find provider info for com.facebook.katana.provider.AttributionIdProvider
07-03 18:56:48.414 19215  3814 E ActivityThread: Failed to find provider info for com.facebook.katana.provider.AttributionIdProvider
07-03 18:56:48.439   359  1046 I chatty  : uid=1000(system) EventThread expire 12 lines
07-03 18:56:49.441   359   359 I chatty  : uid=1000(system) /system/bin/surfaceflinger expire 10 lines
07-03 18:56:52.825  1907  2304 I chatty  : uid=1000(system) InputDispatcher expire 10 lines
07-03 18:56:52.946  1907  3355 I chatty  : uid=1000(system) Binder_C expire 45 lines
07-03 18:56:53.215  1907  2123 I chatty  : uid=1000(system) android.display expire 12 lines
07-03 18:56:53.414 19215  3814 E ActivityThread: Failed to find provider info for com.facebook.katana.provider.AttributionIdProvider
07-03 18:56:53.475 19215  3814 E ActivityThread: Failed to find provider info for com.facebook.katana.provider.AttributionIdProvider
07-03 18:56:54.103  1907  2767 I chatty  : uid=1000(system) Binder_6 expire 13 lines
07-03 18:56:56.382  1907  5912 I chatty  : uid=1000(system) AsyncTask #3 expire 2 lines
07-03 18:56:56.669  1907  3035 I chatty  : uid=1000(system) Binder_B expire 10 lines
07-03 18:56:58.695  1907  5711 I chatty  : uid=1000(system) Binder_E expire 10 lines
07-03 18:56:59.954 19215  3814 E ActivityThread: Failed to find provider info for com.facebook.katana.provider.AttributionIdProvider
07-03 18:57:00.080  1907  1907 I chatty  : uid=1000 system_server expire 39 lines
07-03 18:57:02.060   359   359 I chatty  : uid=1000(system) /system/bin/surfaceflinger expire 23 lines
07-03 18:59:43.984  1907  2876 I chatty  : uid=1000(system) Binder_7 expire 10 lines
07-03 19:04:18.545  1907  2319 I chatty  : uid=1000(system) ConnectivitySer expire 14 lines
07-03 19:04:18.583  1907  3509 I chatty  : uid=1000(system) AsyncTask #1 expire 1 line
07-03 19:04:18.655  1907  5738 I chatty  : uid=1000(system) Binder_F expire 10 lines
07-03 19:04:22.399  1907  2405 I chatty  : uid=1000(system) Binder_3 expire 11 lines
07-03 19:05:33.708   359  1046 I chatty  : uid=1000(system) EventThread expire 15 lines
07-03 19:05:36.321  1907  2617 I chatty  : uid=1000(system) Binder_5 expire 10 lines
07-03 19:05:41.755  1907  2303 I chatty  : uid=1000(system) AlarmManager expire 11 lines
07-03 19:05:48.771  7195  7232 D ActivityThread: Loading provider com.android.email.provider;com.android.email.notifier: com.android.email.provider.EmailProvider
07-03 19:05:49.836  1907  3355 I chatty  : uid=1000(system) Binder_C expire 14 lines
07-03 19:05:49.836  6426  6426 W ViewRootImpl: Dropping event due to root view being removed: MotionEvent { action=ACTION_UP, actionButton=0, id[0]=0, x[0]=179.0, y[0]=-8.0, toolType[0]=TOOL_TYPE_FINGER, buttonState=0, metaState=0, flags=0x0, edgeFlags=0x0, pointerCount=1, historySize=0, eventTime=62316722, downTime=62316690, deviceId=3, source=0xd002 }
07-03 19:05:49.841  1907  3006 I chatty  : uid=1000(system) Binder_A expire 11 lines
07-03 19:05:59.652  6426  6426 W ViewRootImpl: Dropping event due to root view being removed: MotionEvent { action=ACTION_UP, actionButton=0, id[0]=0, x[0]=194.0, y[0]=-6.0, toolType[0]=TOOL_TYPE_FINGER, buttonState=0, metaState=0, flags=0x0, edgeFlags=0x0, pointerCount=1, historySize=0, eventTime=62326542, downTime=62326499, deviceId=3, source=0xd002 }
07-03 19:06:00.064  1907  1907 I chatty  : uid=1000 system_server expire 15 lines
07-03 19:06:00.363   359   359 I chatty  : uid=1000(system) /system/bin/surfaceflinger expire 31 lines
07-03 19:06:00.919  6426  6426 W ViewRootImpl: Dropping event due to root view being removed: MotionEvent { action=ACTION_UP, actionButton=0, id[0]=0, x[0]=642.0, y[0]=407.0, toolType[0]=TOOL_TYPE_FINGER, buttonState=0, metaState=0, flags=0x0, edgeFlags=0x0, pointerCount=1, historySize=0, eventTime=62327823, downTime=62327774, deviceId=3, source=0xd002 }
07-03 19:06:22.291  1907  2421 I chatty  : uid=1000(system) Binder_4 expire 11 lines
07-03 19:06:28.736  1907  2318 I chatty  : uid=1000(system) WifiService expire 12 lines
07-03 19:06:30.446  1907  1965 I chatty  : uid=1000(system) ActivityManager expire 13 lines
07-03 19:06:45.854   801   893 E NetlinkListener: recvmsg failed (No buffer space available)
07-03 19:06:45.855   755   908 E NetlinkListener: recvmsg failed (No buffer space available)
07-03 19:06:47.094   359  1046 I chatty  : uid=1000(system) EventThread expire 82 lines
07-03 19:06:48.349   359   359 I chatty  : uid=1000(system) /system/bin/surfaceflinger expire 229 lines
07-03 19:07:41.575  1907  2123 I chatty  : uid=1000(system) android.display expire 15 lines
07-03 19:07:43.188  1907  2917 I chatty  : uid=1000(system) Binder_8 expire 11 lines
07-03 19:08:00.002  1907  2303 I chatty  : uid=1000(system) AlarmManager expire 18 lines
07-03 19:09:31.317  1907  1907 I chatty  : uid=1000 system_server expire 10 lines
07-03 19:09:33.259  1907  6063 I chatty  : uid=1000(system) Binder_10 expire 11 lines
07-03 19:09:41.806  1907  3367 I chatty  : uid=1000(system) Binder_D expire 11 lines
07-03 19:09:53.229  1907  3035 I chatty  : uid=1000(system) Binder_B expire 10 lines
07-03 19:10:07.234  1907  2299 I chatty  : uid=1000(system) UEventObserver expire 14 lines
07-03 19:10:11.517  1907  2405 I chatty  : uid=1000(system) Binder_3 expire 10 lines
07-03 19:10:15.505  1907  5711 I chatty  : uid=1000(system) Binder_E expire 10 lines
07-03 19:11:25.064  1907  1932 I chatty  : uid=1000(system) Binder_1 expire 10 lines
07-03 19:11:36.836  1907  5738 I chatty  : uid=1000(system) Binder_F expire 10 lines
07-03 19:11:36.837  1907  2319 I chatty  : uid=1000(system) ConnectivitySer expire 12 lines
07-03 19:11:39.838  1907  3355 I chatty  : uid=1000(system) Binder_C expire 11 lines
07-03 19:11:44.081  1907  1965 I chatty  : uid=1000(system) ActivityManager expire 11 lines
07-03 19:11:45.375  1907  2767 I chatty  : uid=1000(system) Binder_6 expire 10 lines
07-03 19:11:53.005   801   893 E NetlinkListener: recvmsg failed (No buffer space available)
07-03 19:11:53.007   755   908 E NetlinkListener: recvmsg failed (No buffer space available)
07-03 19:11:54.264   359   359 I chatty  : uid=1000(system) /system/bin/surfaceflinger expire 62 lines
07-03 19:11:55.460   359  1046 I chatty  : uid=1000(system) EventThread expire 24 lines
07-03 19:11:56.048  1907  2303 I chatty  : uid=1000(system) AlarmManager expire 11 lines
07-03 19:11:56.094  1907  1907 I chatty  : uid=1000 system_server expire 11 lines
07-03 19:11:59.117  1907  2123 I chatty  : uid=1000(system) android.display expire 10 lines
07-03 19:11:59.679  1907  3006 I chatty  : uid=1000(system) Binder_A expire 12 lines
07-03 19:12:03.438  1907  2876 I chatty  : uid=1000(system) Binder_7 expire 10 lines
07-03 19:12:31.428  1907  3005 I chatty  : uid=1000(system) Binder_9 expire 10 lines
07-03 19:12:59.557  1907  2318 I chatty  : uid=1000(system) WifiService expire 11 lines
07-03 19:13:07.654  1907  1933 I chatty  : uid=1000(system) Binder_2 expire 11 lines
07-03 19:13:08.457  1907  2917 I chatty  : uid=1000(system) Binder_8 expire 13 lines
07-03 19:13:11.890  1907  2617 I chatty  : uid=1000(system) Binder_5 expire 10 lines
07-03 19:13:21.406  8712  8712 E ActivityThread: Performing stop of activity that is not resumed: {com.android.chrome/org.chromium.chrome.browser.ChromeTabbedActivity}
07-03 19:13:21.406  8712  8712 E ActivityThread: java.lang.RuntimeException: Performing stop of activity that is not resumed: {com.android.chrome/org.chromium.chrome.browser.ChromeTabbedActivity}
07-03 19:13:21.406  8712  8712 E ActivityThread: 	at android.app.ActivityThread.performStopActivityInner(ActivityThread.java:3486)
07-03 19:13:21.406  8712  8712 E ActivityThread: 	at android.app.ActivityThread.handleStopActivity(ActivityThread.java:3571)
07-03 19:13:21.406  8712  8712 E ActivityThread: 	at android.app.ActivityThread.-wrap20(ActivityThread.java)
07-03 19:13:21.406  8712  8712 E ActivityThread: 	at android.app.ActivityThread$H.handleMessage(ActivityThread.java:1383)
07-03 19:13:21.406  8712  8712 E ActivityThread: 	at android.os.Handler.dispatchMessage(Handler.java:102)
07-03 19:13:21.406  8712  8712 E ActivityThread: 	at android.os.Looper.loop(Looper.java:148)
07-03 19:13:21.406  8712  8712 E ActivityThread: 	at android.app.ActivityThread.main(ActivityThread.java:5443)
07-03 19:13:21.406  8712  8712 E ActivityThread: 	at java.lang.reflect.Method.invoke(Native Method)
07-03 19:13:21.406  8712  8712 E ActivityThread: 	at com.android.internal.os.ZygoteInit$MethodAndArgsCaller.run(ZygoteInit.java:728)
07-03 19:13:21.406  8712  8712 E ActivityThread: 	at com.android.internal.os.ZygoteInit.main(ZygoteInit.java:618)
07-03 19:13:21.700   359   359 I chatty  : uid=1000(system) /system/bin/surfaceflinger expire 31 lines
07-03 19:13:22.364   359  1046 I chatty  : uid=1000(system) EventThread expire 11 lines
07-03 19:13:22.670  1907  2303 I chatty  : uid=1000(system) AlarmManager expire 14 lines
07-03 19:13:22.680  1907  1907 I chatty  : uid=1000 system_server expire 14 lines
07-03 19:13:30.365  1907  2319 I chatty  : uid=1000(system) ConnectivitySer expire 13 lines
07-03 19:14:05.097  2389  2389 D StatusBarKeyguardViewManager: showKeyguard, but hide Bouncer
07-03 19:14:58.036  1907  3035 I chatty  : uid=1000(system) Binder_B expire 10 lines
07-03 19:14:58.146  1907  6063 I chatty  : uid=1000(system) Binder_10 expire 10 lines
07-03 19:15:39.244  1907  1965 I chatty  : uid=1000(system) ActivityManager expire 10 lines
07-03 19:16:45.014  1907  2305 I chatty  : uid=1000(system) InputReader expire 11 lines
07-03 19:16:45.038  1907  1907 I chatty  : uid=1000 system_server expire 14 lines
07-03 19:16:45.312   359  1046 I chatty  : uid=1000(system) EventThread expire 26 lines
07-03 19:16:47.337   359   359 I chatty  : uid=1000(system) /system/bin/surfaceflinger expire 56 lines
07-03 19:16:52.127  2389  2389 D StatusBarKeyguardViewManager: showKeyguard, but hide Bouncer
07-03 19:16:55.642  1907  2123 I chatty  : uid=1000(system) android.display expire 14 lines
07-03 19:16:57.000  1907  5711 I chatty  : uid=1000(system) Binder_E expire 11 lines
07-03 19:16:59.251  1907  2421 I chatty  : uid=1000(system) Binder_4 expire 12 lines
07-03 19:17:00.000  1907  2303 I chatty  : uid=1000(system) AlarmManager expire 13 lines
07-03 19:18:27.187   755   908 E NetlinkListener: recvmsg failed (No buffer space available)
07-03 19:18:27.191   801   893 E NetlinkListener: recvmsg failed (No buffer space available)
07-03 19:18:27.693   359  1046 I chatty  : uid=1000(system) EventThread expire 11 lines
07-03 19:18:27.783  1907  1965 I chatty  : uid=1000(system) ActivityManager expire 10 lines
07-03 19:18:30.928   359   359 I chatty  : uid=1000(system) /system/bin/surfaceflinger expire 26 lines
07-03 19:18:32.794  1907  2131 I chatty  : uid=1000(system) CpuTracker expire 5 lines
07-03 19:18:33.170  1907  1907 I chatty  : uid=1000 system_server expire 10 lines
07-03 19:18:35.264  1907  3006 I chatty  : uid=1000(system) Binder_A expire 10 lines
07-03 19:18:46.068  1907  2299 I chatty  : uid=1000(system) UEventObserver expire 10 lines
07-03 19:19:07.891  1907  2134 I chatty  : uid=1000(system) PowerManagerSer expire 10 lines
07-03 19:19:08.307  2389  2389 D StatusBarKeyguardViewManager: showKeyguard, but hide Bouncer
07-03 19:19:08.530  1907  3005 I chatty  : uid=1000(system) Binder_9 expire 12 lines
07-03 19:19:16.395  1907  2303 I chatty  : uid=1000(system) AlarmManager expire 10 lines
07-03 19:19:43.884  1907  2767 I chatty  : uid=1000(system) Binder_6 expire 10 lines
07-03 19:19:49.537 17689 17717 D ActivityThread: Loading provider com.android.email.provider;com.android.email.notifier: com.android.email.provider.EmailProvider
07-03 19:19:50.109  1907  3367 I chatty  : uid=1000(system) Binder_D expire 11 lines
07-03 19:20:15.354  1907  5738 I chatty  : uid=1000(system) Binder_F expire 11 lines
07-03 19:20:22.570  1907  1907 I chatty  : uid=1000 system_server expire 10 lines
07-03 19:20:22.902  1907  3355 I chatty  : uid=1000(system) Binder_C expire 10 lines
07-03 19:20:24.616  1907  2876 I chatty  : uid=1000(system) Binder_7 expire 10 lines
07-03 19:20:24.724   359  1046 I chatty  : uid=1000(system) EventThread expire 10 lines
07-03 19:20:24.994   359   359 I chatty  : uid=1000(system) /system/bin/surfaceflinger expire 14 lines
07-03 19:20:26.413  1907  2318 I chatty  : uid=1000(system) WifiService expire 11 lines
07-03 19:20:27.119  1907  1932 I chatty  : uid=1000(system) Binder_1 expire 10 lines
07-03 19:20:50.137  1907  1961 I chatty  : uid=1000(system) android.bg expire 10 lines
07-03 19:20:50.399 18292 18330 D ActivityThread: Loading provider com.android.email.provider;com.android.email.notifier: com.android.email.provider.EmailProvider
07-03 19:20:50.405 18292 18331 D ActivityThread: Loading provider com.android.email.provider;com.android.email.notifier: com.android.email.provider.EmailProvider
07-03 19:20:51.112   359   359 I chatty  : uid=1000(system) /system/bin/surfaceflinger expire 24 lines
07-03 19:20:56.728  1907  1933 I chatty  : uid=1000(system) Binder_2 expire 11 lines
07-03 19:20:59.354  2445  2445 I chatty  : uid=1000(system) com.motorola.modemservice expire 3 lines
07-03 19:21:00.334  1907  2312 I chatty  : uid=1000(system) WifiP2pService expire 13 lines
07-03 19:21:12.099 18425 18482 E ActivityThread: Failed to find provider info for com.lenovo.security.packageinstall.SilentInstallProvider
07-03 19:21:13.627   359  1046 I chatty  : uid=1000(system) EventThread expire 13 lines
07-03 19:21:18.736  1907  2617 I chatty  : uid=1000(system) Binder_5 expire 15 lines
07-03 19:21:20.445  1907 18906 I chatty  : uid=1000 system_server expire 1 line
07-03 19:21:21.431  1907  2405 I chatty  : uid=1000(system) Binder_3 expire 12 lines
07-03 19:21:23.163  1907  1971 I chatty  : uid=1000(system) android.ui expire 2 lines
07-03 19:21:29.353  1907  1907 I chatty  : uid=1000 system_server expire 12 lines
07-03 19:21:37.707  1907  2319 I chatty  : uid=1000(system) ConnectivitySer expire 22 lines
07-03 19:21:38.232 19184 19222 E ActivityThread: Failed to find provider info for com.lenovo.security.packageinstall.SilentInstallProvider
07-03 19:21:41.077  1907  2303 I chatty  : uid=1000(system) AlarmManager expire 11 lines
07-03 19:21:47.923  1907  2123 I chatty  : uid=1000(system) android.display expire 12 lines
07-03 19:21:48.142  1907  2312 I chatty  : uid=1000(system) WifiP2pService expire 12 lines
07-03 19:21:48.297   359   359 I chatty  : uid=1000(system) /system/bin/surfaceflinger expire 33 lines
07-03 19:21:51.294  1907 19604 I chatty  : uid=1000 system_server expire 4 lines
07-03 19:21:52.760  1907  2122 I chatty  : uid=1000(system) android.io expire 4 lines
07-03 19:21:58.442  1907  3005 I chatty  : uid=1000(system) Binder_9 expire 10 lines
07-03 19:22:04.680   359  1046 I chatty  : uid=1000(system) EventThread expire 11 lines
07-03 19:22:38.318  1907  2421 I chatty  : uid=1000(system) Binder_4 expire 12 lines
07-03 19:22:41.422  1907  3035 I chatty  : uid=1000(system) Binder_B expire 11 lines
07-03 19:22:41.691  1907  1965 I chatty  : uid=1000(system) ActivityManager expire 10 lines
07-03 19:22:43.909  1907  2155 I chatty  : uid=1000(system) PackageManager expire 11 lines
07-03 19:22:52.395 21092 21104 D DefContainer: Copying /storage/emulated/0/SHAREit/apps/Mini Militia.apk to base.apk
07-03 19:22:56.667   359   359 I chatty  : uid=1000(system) /system/bin/surfaceflinger expire 12 lines
07-03 19:22:58.611  1907  2303 I chatty  : uid=1000(system) AlarmManager expire 13 lines
07-03 19:22:58.737  1907  1907 I chatty  : uid=1000 system_server expire 12 lines
07-03 19:23:00.728  1907  5711 I chatty  : uid=1000(system) Binder_E expire 10 lines
07-03 19:23:00.869  2977  2977 I chatty  : uid=1000(system) com.motorola.process.system expire 13 lines
07-03 19:23:04.981  1907  2318 I chatty  : uid=1000(system) WifiService expire 13 lines
07-03 19:23:05.007  1907  2917 I chatty  : uid=1000(system) Binder_8 expire 10 lines
07-03 19:23:07.829  1907  2299 I chatty  : uid=1000(system) UEventObserver expire 10 lines
07-03 19:23:13.230 21421 21421 I chatty  : uid=1000(system) com.android.settings expire 1 line
07-03 19:23:16.541  1907  2319 I chatty  : uid=1000(system) ConnectivitySer expire 14 lines
07-03 19:23:17.065  1907  2876 I chatty  : uid=1000(system) Binder_7 expire 13 lines
07-03 19:23:17.657   387  1777 E NetlinkEvent: Unknown ifindex 30 in RTM_DELADDR
07-03 19:23:20.277  1907  1932 I chatty  : uid=1000(system) Binder_1 expire 10 lines
07-03 19:23:20.689  1907  6063 I chatty  : uid=1000(system) Binder_10 expire 10 lines
07-03 19:23:22.891   755   908 E NetlinkListener: recvmsg failed (No buffer space available)
07-03 19:23:24.153  1907  2312 I chatty  : uid=1000(system) WifiP2pService expire 13 lines
07-03 19:23:24.300   359  1046 I chatty  : uid=1000(system) EventThread expire 16 lines
07-03 19:23:30.855  1907  3006 I chatty  : uid=1000(system) Binder_A expire 10 lines
07-03 19:23:31.065  1907  3367 I chatty  : uid=1000(system) Binder_D expire 10 lines
07-03 19:23:53.627  1907  3355 I chatty  : uid=1000(system) Binder_C expire 10 lines
07-03 19:23:54.125  1907  2617 I chatty  : uid=1000(system) Binder_5 expire 11 lines
07-03 19:23:54.211  1907  2405 I chatty  : uid=1000(system) Binder_3 expire 10 lines
07-03 19:23:54.288   359   359 I chatty  : uid=1000(system) /system/bin/surfaceflinger expire 12 lines
07-03 19:23:55.255  1907  2767 I chatty  : uid=1000(system) Binder_6 expire 10 lines
07-03 19:23:55.575  1907  1933 I chatty  : uid=1000(system) Binder_2 expire 25 lines
07-03 19:24:16.005  1907  5738 I chatty  : uid=1000(system) Binder_F expire 10 lines
07-03 19:24:29.410  1907  2304 I chatty  : uid=1000(system) InputDispatcher expire 12 lines
07-03 19:24:40.452  3023  3023 W ViewRootImpl: Dropping event due to no window focus: KeyEvent { action=ACTION_DOWN, keyCode=KEYCODE_BACK, scanCode=0, metaState=0, flags=0x48, repeatCount=0, eventTime=63356737, downTime=63356737, deviceId=-1, source=0x101 }
07-03 19:24:40.466  3023  3023 W ViewRootImpl: Cancelling event due to no window focus: KeyEvent { action=ACTION_UP, keyCode=KEYCODE_BACK, scanCode=0, metaState=0, flags=0x68, repeatCount=0, eventTime=63356739, downTime=63356737, deviceId=-1, source=0x101 }
07-03 19:24:40.466  3023  3023 W ViewRootImpl: Cancelling event due to no window focus: KeyEvent { action=ACTION_UP, keyCode=KEYCODE_BACK, scanCode=0, metaState=0, flags=0x68, repeatCount=0, eventTime=63356739, downTime=63356737, deviceId=-1, source=0x101 }
07-03 19:24:40.466  3023  3023 W ViewRootImpl: Cancelling event due to no window focus: KeyEvent { action=ACTION_UP, keyCode=KEYCODE_BACK, scanCode=0, metaState=0, flags=0x68, repeatCount=0, eventTime=63356739, downTime=63356737, deviceId=-1, source=0x101 }
07-03 19:24:40.466  3023  3023 W ViewRootImpl: Cancelling event due to no window focus: KeyEvent { action=ACTION_UP, keyCode=KEYCODE_BACK, scanCode=0, metaState=0, flags=0x68, repeatCount=0, eventTime=63356739, downTime=63356737, deviceId=-1, source=0x101 }
07-03 19:24:40.470  3023  3023 W ViewRootImpl: Cancelling event due to no window focus: KeyEvent { action=ACTION_UP, keyCode=KEYCODE_BACK, scanCode=0, metaState=0, flags=0x68, repeatCount=0, eventTime=63356739, downTime=63356737, deviceId=-1, source=0x101 }
07-03 19:24:40.470  3023  3023 W ViewRootImpl: Cancelling event due to no window focus: KeyEvent { action=ACTION_UP, keyCode=KEYCODE_BACK, scanCode=0, metaState=0, flags=0x68, repeatCount=0, eventTime=63356739, downTime=63356737, deviceId=-1, source=0x101 }
07-03 19:24:40.474  1907  2876 I chatty  : uid=1000(system) Binder_7 expire 11 lines
07-03 19:24:40.475  3023  3023 W ViewRootImpl: Cancelling event due to no window focus: KeyEvent { action=ACTION_UP, keyCode=KEYCODE_BACK, scanCode=0, metaState=0, flags=0x68, repeatCount=0, eventTime=63356739, downTime=63356737, deviceId=-1, source=0x101 }
07-03 19:24:40.476  3023  3023 W ViewRootImpl: Cancelling event due to no window focus: KeyEvent { action=ACTION_UP, keyCode=KEYCODE_BACK, scanCode=0, metaState=0, flags=0x68, repeatCount=0, eventTime=63356739, downTime=63356737, deviceId=-1, source=0x101 }
07-03 19:24:40.476  3023  3023 W ViewRootImpl: Cancelling event due to no window focus: KeyEvent { action=ACTION_UP, keyCode=KEYCODE_BACK, scanCode=0, metaState=0, flags=0x68, repeatCount=0, eventTime=63356739, downTime=63356737, deviceId=-1, source=0x101 }
07-03 19:24:40.501  1907  2123 I chatty  : uid=1000(system) android.display expire 13 lines
07-03 19:24:40.652  1907  2319 I chatty  : uid=1000(system) ConnectivitySer expire 19 lines
07-03 19:24:42.004   359  1046 I chatty  : uid=1000(system) EventThread expire 14 lines
07-03 19:24:43.076   359   359 I chatty  : uid=1000(system) /system/bin/surfaceflinger expire 12 lines
07-03 19:24:43.743  1907  3006 I chatty  : uid=1000(system) Binder_A expire 33 lines
07-03 19:24:45.929  1907  2307 I chatty  : uid=1000(system) VoldConnector expire 1 line
07-03 19:24:45.995  1907  1965 I chatty  : uid=1000(system) ActivityManager expire 13 lines
07-03 19:24:46.381  1907  2917 I chatty  : uid=1000(system) Binder_8 expire 12 lines
07-03 19:24:46.456  1907  2312 I chatty  : uid=1000(system) WifiP2pService expire 10 lines
07-03 19:24:46.890  1907  5711 I chatty  : uid=1000(system) Binder_E expire 10 lines
07-03 19:24:53.724  2389  2389 D StatusBarKeyguardViewManager: showKeyguard, but hide Bouncer
07-03 19:24:56.567  1907  2319 I chatty  : uid=1000(system) ConnectivitySer expire 23 lines
07-03 19:25:12.253  1907  2303 I chatty  : uid=1000(system) AlarmManager expire 15 lines
07-03 19:25:12.283  1907  1907 I chatty  : uid=1000 system_server expire 17 lines
07-03 19:25:22.809  1907  2318 I chatty  : uid=1000(system) WifiService expire 11 lines
07-03 19:27:09.991  1907  3367 I chatty  : uid=1000(system) Binder_D expire 10 lines
07-03 19:27:10.020  1907  1932 I chatty  : uid=1000(system) Binder_1 expire 26 lines
07-03 19:27:46.345  2389  2389 D StatusBarKeyguardViewManager: showKeyguard, but hide Bouncer
07-03 19:27:47.908  1907  3005 I chatty  : uid=1000(system) Binder_9 expire 11 lines
07-03 19:27:49.019   359   359 I chatty  : uid=1000(system) /system/bin/surfaceflinger expire 33 lines
07-03 19:27:50.164  1907  2303 I chatty  : uid=1000(system) AlarmManager expire 25 lines
07-03 19:27:51.755  1907  2319 I chatty  : uid=1000(system) ConnectivitySer expire 14 lines
07-03 19:27:52.176  1907  1907 I chatty  : uid=1000 system_server expire 53 lines
07-03 19:28:02.802  1907  2299 I chatty  : uid=1000(system) UEventObserver expire 10 lines
07-03 19:28:14.863  1907  2123 I chatty  : uid=1000(system) android.display expire 11 lines
07-03 19:28:17.060  1907  2617 I chatty  : uid=1000(system) Binder_5 expire 12 lines
07-03 19:28:17.196  1907  1933 I chatty  : uid=1000(system) Binder_2 expire 10 lines
07-03 19:28:23.154  1907  5738 I chatty  : uid=1000(system) Binder_F expire 10 lines
07-03 19:28:23.224  1907 21161 I chatty  : uid=1000(system) AsyncTask #4 expire 1 line
07-03 19:28:23.348  1907  2421 I chatty  : uid=1000(system) Binder_4 expire 11 lines
07-03 19:28:27.301   359  1046 I chatty  : uid=1000(system) EventThread expire 18 lines
07-03 19:28:30.095   801   893 E NetlinkListener: recvmsg failed (No buffer space available)
07-03 19:28:31.960  1907  2319 I chatty  : uid=1000(system) ConnectivitySer expire 151 lines
07-03 19:28:37.532  1907  2876 I chatty  : uid=1000(system) Binder_7 expire 15 lines
07-03 19:28:41.981  1907  1907 I chatty  : uid=1000 system_server expire 120 lines
07-03 19:28:42.310  1907  3035 I chatty  : uid=1000(system) Binder_B expire 12 lines
07-03 19:31:27.869  1907  1965 I chatty  : uid=1000(system) ActivityManager expire 10 lines
07-03 19:32:27.121  1907  2303 I chatty  : uid=1000(system) AlarmManager expire 105 lines
07-03 19:37:17.765  1907  1932 I chatty  : uid=1000(system) Binder_1 expire 14 lines
07-03 19:38:51.226  1907  3005 I chatty  : uid=1000(system) Binder_9 expire 22 lines
07-03 19:41:34.960  1907 23824 I chatty  : uid=1000(system) DhcpClient expire 1 line
07-03 19:44:17.213  1907  3355 I chatty  : uid=1000(system) Binder_C expire 13 lines
07-03 19:44:36.984  1907  2299 I chatty  : uid=1000(system) UEventObserver expire 12 lines
07-03 19:49:42.690  1907  2917 I chatty  : uid=1000(system) Binder_8 expire 14 lines
07-03 19:49:42.740 27771 27796 D ActivityThread: Loading provider com.android.email.provider;com.android.email.notifier: com.android.email.provider.EmailProvider
07-03 19:49:43.391  1907  2319 I chatty  : uid=1000(system) ConnectivitySer expire 30 lines
07-03 19:49:52.073  1907  2303 I chatty  : uid=1000(system) AlarmManager expire 30 lines
07-03 19:49:52.097  1907  1907 I chatty  : uid=1000 system_server expire 30 lines
07-03 19:52:26.063  1907  2318 I chatty  : uid=1000(system) WifiService expire 10 lines
07-03 19:52:26.297  1907  2405 I chatty  : uid=1000(system) Binder_3 expire 14 lines
07-03 19:53:06.427   359   359 I chatty  : uid=1000(system) /system/bin/surfaceflinger expire 20 lines
07-03 19:53:11.503  2389  2389 D StatusBarKeyguardViewManager: showKeyguard, but hide Bouncer
07-03 19:53:19.170  1907  2319 I chatty  : uid=1000(system) ConnectivitySer expire 22 lines
07-03 19:53:25.083  1907  2303 I chatty  : uid=1000(system) AlarmManager expire 46 lines
07-03 19:53:25.142  1907  1907 I chatty  : uid=1000 system_server expire 45 lines
07-03 19:53:25.728  1907  3006 I chatty  : uid=1000(system) Binder_A expire 11 lines
07-03 19:53:26.079  1907  2876 I chatty  : uid=1000(system) Binder_7 expire 10 lines
07-03 19:53:28.343  2389  2389 D StatusBarKeyguardViewManager: showKeyguard, but hide Bouncer
07-03 19:53:29.554  1907  1965 I chatty  : uid=1000(system) ActivityManager expire 19 lines
07-03 19:53:35.415  1907  3005 I chatty  : uid=1000(system) Binder_9 expire 11 lines
07-03 19:57:11.146  1907  2305 I chatty  : uid=1000(system) InputReader expire 10 lines
07-03 19:57:11.183  1907  2123 I chatty  : uid=1000(system) android.display expire 10 lines
07-03 19:57:28.099   359   359 I chatty  : uid=1000(system) /system/bin/surfaceflinger expire 33 lines
07-03 19:57:34.175  1907  6063 I chatty  : uid=1000(system) Binder_10 expire 10 lines
07-03 19:58:03.426  1907  2299 I chatty  : uid=1000(system) UEventObserver expire 11 lines
07-03 19:58:11.933  1907  3367 I chatty  : uid=1000(system) Binder_D expire 13 lines
07-03 19:58:18.415  2389  2389 V DeadZone: consuming errant click: (297.0,4.0)
07-03 19:58:20.284   359  1046 I chatty  : uid=1000(system) EventThread expire 15 lines
07-03 19:58:20.953   359   359 I chatty  : uid=1000(system) /system/bin/surfaceflinger expire 35 lines
07-03 19:58:26.476  1907  2303 I chatty  : uid=1000(system) AlarmManager expire 13 lines
07-03 19:58:26.499  1907  1907 I chatty  : uid=1000 system_server expire 12 lines
07-03 19:58:35.712  1907  2319 I chatty  : uid=1000(system) ConnectivitySer expire 10 lines
07-03 19:59:01.644  1907  5738 I chatty  : uid=1000(system) Binder_F expire 11 lines
07-03 19:59:36.381  1907  2767 I chatty  : uid=1000(system) Binder_6 expire 14 lines
07-03 19:59:37.318   755   908 E NetlinkListener: recvmsg failed (No buffer space available)
07-03 19:59:37.321   801   893 E NetlinkListener: recvmsg failed (No buffer space available)
07-03 19:59:39.371   359  1046 I chatty  : uid=1000(system) EventThread expire 14 lines
07-03 19:59:40.025   359   359 I chatty  : uid=1000(system) /system/bin/surfaceflinger expire 24 lines
07-03 19:59:48.107  1907  2319 I chatty  : uid=1000(system) ConnectivitySer expire 25 lines
07-03 19:59:56.597  1907  2318 I chatty  : uid=1000(system) WifiService expire 10 lines
07-03 20:00:13.989  1907  2123 I chatty  : uid=1000(system) android.display expire 17 lines
07-03 20:00:22.751  2977  2977 I chatty  : uid=1000(system) com.motorola.process.system expire 10 lines
07-03 20:00:23.227 30829 31408 E ActivityThread: Failed to find provider info for com.androidkeyboard.makeDict.aosp
07-03 20:00:24.161  1907  2303 I chatty  : uid=1000(system) AlarmManager expire 36 lines
07-03 20:00:24.222  1907  1907 I chatty  : uid=1000 system_server expire 38 lines
07-03 20:00:25.011   359   359 I chatty  : uid=1000(system) /system/bin/surfaceflinger expire 98 lines
07-03 20:00:29.215  1907  2421 I chatty  : uid=1000(system) Binder_4 expire 19 lines
07-03 20:00:30.422  1907  2319 I chatty  : uid=1000(system) ConnectivitySer expire 67 lines
07-03 20:00:31.384  1907  2876 I chatty  : uid=1000(system) Binder_7 expire 34 lines
07-03 20:00:36.905  1907  5711 I chatty  : uid=1000(system) Binder_E expire 16 lines
07-03 20:01:23.343   359  1046 I chatty  : uid=1000(system) EventThread expire 33 lines
07-03 20:01:39.816  1907  2304 I chatty  : uid=1000(system) InputDispatcher expire 11 lines
07-03 20:01:42.197  1907  3005 I chatty  : uid=1000(system) Binder_9 expire 10 lines
07-03 20:02:45.925  1907  1932 I chatty  : uid=1000(system) Binder_1 expire 12 lines
07-03 20:02:47.085  1907  2917 I chatty  : uid=1000(system) Binder_8 expire 19 lines
07-03 20:02:49.629  1907  1933 I chatty  : uid=1000(system) Binder_2 expire 10 lines
07-03 20:03:07.112  1907  2405 I chatty  : uid=1000(system) Binder_3 expire 12 lines
07-03 20:03:12.547  1907  3035 I chatty  : uid=1000(system) Binder_B expire 10 lines
07-03 20:03:16.964  1907  1965 I chatty  : uid=1000(system) ActivityManager expire 11 lines
07-03 20:03:26.362  1907  2617 I chatty  : uid=1000(system) Binder_5 expire 13 lines
07-03 20:03:43.906  1907  3367 I chatty  : uid=1000(system) Binder_D expire 10 lines
07-03 20:03:48.005  1907  2767 I chatty  : uid=1000(system) Binder_6 expire 10 lines
07-03 20:04:31.002  1907  2318 I chatty  : uid=1000(system) WifiService expire 10 lines
07-03 20:04:31.192  1907  3231 I chatty  : uid=1000 system_server expire 1 line
07-03 20:04:43.815  3459  3485 D ActivityThread: Loading provider com.android.email.provider;com.android.email.notifier: com.android.email.provider.EmailProvider
07-03 20:04:43.819  3459  3486 D ActivityThread: Loading provider com.android.email.provider;com.android.email.notifier: com.android.email.provider.EmailProvider
07-03 20:04:43.831  3459  3494 D ActivityThread: Loading provider com.android.email.provider;com.android.email.notifier: com.android.email.provider.EmailProvider
07-03 20:04:43.984  1907  2319 I chatty  : uid=1000(system) ConnectivitySer expire 52 lines
07-03 20:04:44.772   359   359 I chatty  : uid=1000(system) /system/bin/surfaceflinger expire 38 lines
07-03 20:04:48.586   359  1046 I chatty  : uid=1000(system) EventThread expire 11 lines
07-03 20:04:50.926  1907  3005 I chatty  : uid=1000(system) Binder_9 expire 11 lines
07-03 20:05:00.000  1907  2303 I chatty  : uid=1000(system) AlarmManager expire 14 lines
07-03 20:05:00.095  1907  1907 I chatty  : uid=1000 system_server expire 14 lines
07-03 20:05:28.041  1907  5711 I chatty  : uid=1000(system) Binder_E expire 11 lines
07-03 20:05:53.117  1907  3006 I chatty  : uid=1000(system) Binder_A expire 10 lines
07-03 20:05:57.887  1907  5738 I chatty  : uid=1000(system) Binder_F expire 11 lines
07-03 20:05:58.010  1907  6063 I chatty  : uid=1000(system) Binder_10 expire 10 lines
07-03 20:05:58.386  1907  2123 I chatty  : uid=1000(system) android.display expire 12 lines
07-03 20:06:06.256  1907  3355 I chatty  : uid=1000(system) Binder_C expire 10 lines
07-03 20:06:24.466  1907  2876 I chatty  : uid=1000(system) Binder_7 expire 10 lines
07-03 20:06:28.794   755   908 E NetlinkListener: recvmsg failed (No buffer space available)
07-03 20:06:28.797   801   893 E NetlinkListener: recvmsg failed (No buffer space available)
07-03 20:06:30.725   359  1046 I chatty  : uid=1000(system) EventThread expire 27 lines
07-03 20:06:31.177   359   359 I chatty  : uid=1000(system) /system/bin/surfaceflinger expire 64 lines
07-03 20:06:42.155  1907  2319 I chatty  : uid=1000(system) ConnectivitySer expire 62 lines
07-03 20:06:47.259  1907  2421 I chatty  : uid=1000(system) Binder_4 expire 12 lines
07-03 20:07:03.404  1907  2299 I chatty  : uid=1000(system) UEventObserver expire 13 lines
07-03 20:07:21.547  1907  1965 I chatty  : uid=1000(system) ActivityManager expire 10 lines
07-03 20:07:26.776  1907  2303 I chatty  : uid=1000(system) AlarmManager expire 11 lines
07-03 20:07:26.789  1907  1907 I chatty  : uid=1000 system_server expire 12 lines
07-03 20:08:27.628  1907  2312 I chatty  : uid=1000(system) WifiP2pService expire 9 lines
07-03 20:09:06.661  3023  3023 W ViewRootImpl: Dropping event due to no window focus: KeyEvent { action=ACTION_DOWN, keyCode=KEYCODE_BACK, scanCode=0, metaState=0, flags=0x48, repeatCount=0, eventTime=64830343, downTime=64830343, deviceId=-1, source=0x101 }
07-03 20:09:06.668  3023  3023 W ViewRootImpl: Cancelling event due to no window focus: KeyEvent { action=ACTION_UP, keyCode=KEYCODE_BACK, scanCode=0, metaState=0, flags=0x68, repeatCount=0, eventTime=64830345, downTime=64830343, deviceId=-1, source=0x101 }
07-03 20:09:06.668  3023  3023 W ViewRootImpl: Cancelling event due to no window focus: KeyEvent { action=ACTION_UP, keyCode=KEYCODE_BACK, scanCode=0, metaState=0, flags=0x68, repeatCount=0, eventTime=64830345, downTime=64830343, deviceId=-1, source=0x101 }
07-03 20:09:06.670  3023  3023 W ViewRootImpl: Cancelling event due to no window focus: KeyEvent { action=ACTION_UP, keyCode=KEYCODE_BACK, scanCode=0, metaState=0, flags=0x68, repeatCount=0, eventTime=64830345, downTime=64830343, deviceId=-1, source=0x101 }
07-03 20:09:06.670  3023  3023 W ViewRootImpl: Cancelling event due to no window focus: KeyEvent { action=ACTION_UP, keyCode=KEYCODE_BACK, scanCode=0, metaState=0, flags=0x68, repeatCount=0, eventTime=64830345, downTime=64830343, deviceId=-1, source=0x101 }
07-03 20:09:06.670  3023  3023 W ViewRootImpl: Cancelling event due to no window focus: KeyEvent { action=ACTION_UP, keyCode=KEYCODE_BACK, scanCode=0, metaState=0, flags=0x68, repeatCount=0, eventTime=64830345, downTime=64830343, deviceId=-1, source=0x101 }
07-03 20:09:06.670  3023  3023 W ViewRootImpl: Cancelling event due to no window focus: KeyEvent { action=ACTION_UP, keyCode=KEYCODE_BACK, scanCode=0, metaState=0, flags=0x68, repeatCount=0, eventTime=64830345, downTime=64830343, deviceId=-1, source=0x101 }
07-03 20:09:06.670  3023  3023 W ViewRootImpl: Cancelling event due to no window focus: KeyEvent { action=ACTION_UP, keyCode=KEYCODE_BACK, scanCode=0, metaState=0, flags=0x68, repeatCount=0, eventTime=64830345, downTime=64830343, deviceId=-1, source=0x101 }
07-03 20:09:06.670  3023  3023 W ViewRootImpl: Cancelling event due to no window focus: KeyEvent { action=ACTION_UP, keyCode=KEYCODE_BACK, scanCode=0, metaState=0, flags=0x68, repeatCount=0, eventTime=64830345, downTime=64830343, deviceId=-1, source=0x101 }
07-03 20:09:06.670  3023  3023 W ViewRootImpl: Cancelling event due to no window focus: KeyEvent { action=ACTION_UP, keyCode=KEYCODE_BACK, scanCode=0, metaState=0, flags=0x68, repeatCount=0, eventTime=64830345, downTime=64830343, deviceId=-1, source=0x101 }
07-03 20:09:07.550   359  1046 I chatty  : uid=1000(system) EventThread expire 29 lines
07-03 20:09:08.619  1907  2303 I chatty  : uid=1000(system) AlarmManager expire 12 lines
07-03 20:09:08.638  1907  1907 I chatty  : uid=1000 system_server expire 14 lines
07-03 20:09:09.155   359   359 I chatty  : uid=1000(system) /system/bin/surfaceflinger expire 59 lines
07-03 20:09:12.892  1907  3367 I chatty  : uid=1000(system) Binder_D expire 12 lines
07-03 20:09:13.598  1907  2917 I chatty  : uid=1000(system) Binder_8 expire 10 lines
07-03 20:09:14.095  1907  1932 I chatty  : uid=1000(system) Binder_1 expire 10 lines
07-03 20:09:17.746  1907  2319 I chatty  : uid=1000(system) ConnectivitySer expire 12 lines
07-03 20:09:49.655  1907  2617 I chatty  : uid=1000(system) Binder_5 expire 11 lines
07-03 20:10:07.274  1907  1933 I chatty  : uid=1000(system) Binder_2 expire 11 lines
07-03 20:11:04.294  3023  3023 W ViewRootImpl: Dropping event due to no window focus: KeyEvent { action=ACTION_DOWN, keyCode=KEYCODE_BACK, scanCode=0, metaState=0, flags=0x48, repeatCount=0, eventTime=64947992, downTime=64947992, deviceId=-1, source=0x101 }
07-03 20:11:04.322  3023  3023 W ViewRootImpl: Cancelling event due to no window focus: KeyEvent { action=ACTION_UP, keyCode=KEYCODE_BACK, scanCode=0, metaState=0, flags=0x68, repeatCount=0, eventTime=64948026, downTime=64947992, deviceId=-1, source=0x101 }
07-03 20:11:04.322  3023  3023 W ViewRootImpl: Cancelling event due to no window focus: KeyEvent { action=ACTION_UP, keyCode=KEYCODE_BACK, scanCode=0, metaState=0, flags=0x68, repeatCount=0, eventTime=64948026, downTime=64947992, deviceId=-1, source=0x101 }
07-03 20:11:04.324  3023  3023 W ViewRootImpl: Cancelling event due to no window focus: KeyEvent { action=ACTION_UP, keyCode=KEYCODE_BACK, scanCode=0, metaState=0, flags=0x68, repeatCount=0, eventTime=64948026, downTime=64947992, deviceId=-1, source=0x101 }
07-03 20:11:04.325  3023  3023 W ViewRootImpl: Cancelling event due to no window focus: KeyEvent { action=ACTION_UP, keyCode=KEYCODE_BACK, scanCode=0, metaState=0, flags=0x68, repeatCount=0, eventTime=64948026, downTime=64947992, deviceId=-1, source=0x101 }
07-03 20:11:04.325  3023  3023 W ViewRootImpl: Cancelling event due to no window focus: KeyEvent { action=ACTION_UP, keyCode=KEYCODE_BACK, scanCode=0, metaState=0, flags=0x68, repeatCount=0, eventTime=64948026, downTime=64947992, deviceId=-1, source=0x101 }
07-03 20:11:04.325  3023  3023 W ViewRootImpl: Cancelling event due to no window focus: KeyEvent { action=ACTION_UP, keyCode=KEYCODE_BACK, scanCode=0, metaState=0, flags=0x68, repeatCount=0, eventTime=64948026, downTime=64947992, deviceId=-1, source=0x101 }
07-03 20:11:04.325  3023  3023 W ViewRootImpl: Cancelling event due to no window focus: KeyEvent { action=ACTION_UP, keyCode=KEYCODE_BACK, scanCode=0, metaState=0, flags=0x68, repeatCount=0, eventTime=64948026, downTime=64947992, deviceId=-1, source=0x101 }
07-03 20:11:04.325  3023  3023 W ViewRootImpl: Cancelling event due to no window focus: KeyEvent { action=ACTION_UP, keyCode=KEYCODE_BACK, scanCode=0, metaState=0, flags=0x68, repeatCount=0, eventTime=64948026, downTime=64947992, deviceId=-1, source=0x101 }
07-03 20:11:04.325  3023  3023 W ViewRootImpl: Cancelling event due to no window focus: KeyEvent { action=ACTION_UP, keyCode=KEYCODE_BACK, scanCode=0, metaState=0, flags=0x68, repeatCount=0, eventTime=64948026, downTime=64947992, deviceId=-1, source=0x101 }
07-03 20:11:04.449  3023  3023 W ViewRootImpl: Dropping event due to no window focus: KeyEvent { action=ACTION_DOWN, keyCode=KEYCODE_BACK, scanCode=0, metaState=0, flags=0x48, repeatCount=0, eventTime=64948199, downTime=64948199, deviceId=-1, source=0x101 }
07-03 20:11:04.449  3023  3023 W ViewRootImpl: Cancelling event due to no window focus: KeyEvent { action=ACTION_UP, keyCode=KEYCODE_BACK, scanCode=0, metaState=0, flags=0x68, repeatCount=0, eventTime=64948206, downTime=64948199, deviceId=-1, source=0x101 }
07-03 20:11:04.449  3023  3023 W ViewRootImpl: Cancelling event due to no window focus: KeyEvent { action=ACTION_UP, keyCode=KEYCODE_BACK, scanCode=0, metaState=0, flags=0x68, repeatCount=0, eventTime=64948206, downTime=64948199, deviceId=-1, source=0x101 }
07-03 20:11:04.449  3023  3023 W ViewRootImpl: Cancelling event due to no window focus: KeyEvent { action=ACTION_UP, keyCode=KEYCODE_BACK, scanCode=0, metaState=0, flags=0x68, repeatCount=0, eventTime=64948206, downTime=64948199, deviceId=-1, source=0x101 }
07-03 20:11:04.449  3023  3023 W ViewRootImpl: Cancelling event due to no window focus: KeyEvent { action=ACTION_UP, keyCode=KEYCODE_BACK, scanCode=0, metaState=0, flags=0x68, repeatCount=0, eventTime=64948206, downTime=64948199, deviceId=-1, source=0x101 }
07-03 20:11:04.450  3023  3023 W ViewRootImpl: Cancelling event due to no window focus: KeyEvent { action=ACTION_UP, keyCode=KEYCODE_BACK, scanCode=0, metaState=0, flags=0x68, repeatCount=0, eventTime=64948206, downTime=64948199, deviceId=-1, source=0x101 }
07-03 20:11:04.450  3023  3023 W ViewRootImpl: Cancelling event due to no window focus: KeyEvent { action=ACTION_UP, keyCode=KEYCODE_BACK, scanCode=0, metaState=0, flags=0x68, repeatCount=0, eventTime=64948206, downTime=64948199, deviceId=-1, source=0x101 }
07-03 20:11:04.450  3023  3023 W ViewRootImpl: Cancelling event due to no window focus: KeyEvent { action=ACTION_UP, keyCode=KEYCODE_BACK, scanCode=0, metaState=0, flags=0x68, repeatCount=0, eventTime=64948206, downTime=64948199, deviceId=-1, source=0x101 }
07-03 20:11:04.450  3023  3023 W ViewRootImpl: Cancelling event due to no window focus: KeyEvent { action=ACTION_UP, keyCode=KEYCODE_BACK, scanCode=0, metaState=0, flags=0x68, repeatCount=0, eventTime=64948206, downTime=64948199, deviceId=-1, source=0x101 }
07-03 20:11:04.450  3023  3023 W ViewRootImpl: Cancelling event due to no window focus: KeyEvent { action=ACTION_UP, keyCode=KEYCODE_BACK, scanCode=0, metaState=0, flags=0x68, repeatCount=0, eventTime=64948206, downTime=64948199, deviceId=-1, source=0x101 }
07-03 20:11:04.958   359   359 I chatty  : uid=1000(system) /system/bin/surfaceflinger expire 51 lines
07-03 20:11:06.471  1907  6063 I chatty  : uid=1000(system) Binder_10 expire 10 lines
07-03 20:11:06.872   359  1046 I chatty  : uid=1000(system) EventThread expire 30 lines
07-03 20:11:08.761  1907  1965 I chatty  : uid=1000(system) ActivityManager expire 11 lines
07-03 20:11:09.467  1907  2303 I chatty  : uid=1000(system) AlarmManager expire 10 lines
07-03 20:11:09.912  1907  1907 I chatty  : uid=1000 system_server expire 16 lines
07-03 20:11:10.517  1907  2405 I chatty  : uid=1000(system) Binder_3 expire 10 lines
07-03 20:11:11.738  1907  2123 I chatty  : uid=1000(system) android.display expire 11 lines
07-03 20:11:12.258  2389  2389 D StatusBarKeyguardViewManager: showKeyguard, but hide Bouncer
07-03 20:11:29.155   801   893 E NetlinkListener: recvmsg failed (No buffer space available)
07-03 20:11:29.155   755   908 E NetlinkListener: recvmsg failed (No buffer space available)
07-03 20:11:29.403  1907  2876 I chatty  : uid=1000(system) Binder_7 expire 10 lines
07-03 20:11:34.993  1907  3355 I chatty  : uid=1000(system) Binder_C expire 12 lines
07-03 20:12:02.764  1907  3005 I chatty  : uid=1000(system) Binder_9 expire 12 lines
07-03 20:13:21.508  2389  2389 D StatusBarKeyguardViewManager: showKeyguard, but hide Bouncer
07-03 20:13:28.964  1907  2303 I chatty  : uid=1000(system) AlarmManager expire 14 lines
07-03 20:13:29.025  1907  1907 I chatty  : uid=1000 system_server expire 20 lines
07-03 20:13:44.965  1907  2299 I chatty  : uid=1000(system) UEventObserver expire 15 lines
07-03 20:16:56.881   359  1046 I chatty  : uid=1000(system) EventThread expire 10 lines
07-03 20:16:58.210  1907  3035 I chatty  : uid=1000(system) Binder_B expire 15 lines
07-03 20:16:58.244   359   359 I chatty  : uid=1000(system) /system/bin/surfaceflinger expire 16 lines
07-03 20:16:58.252  2389  2389 D StatusBarKeyguardViewManager: showKeyguard, but hide Bouncer
07-03 20:18:01.978  1907  2303 I chatty  : uid=1000(system) AlarmManager expire 13 lines
07-03 20:18:02.054  1907  1907 I chatty  : uid=1000 system_server expire 13 lines
07-03 20:19:04.812  1907  2767 I chatty  : uid=1000(system) Binder_6 expire 10 lines
07-03 20:19:19.936  1907  2318 I chatty  : uid=1000(system) WifiService expire 11 lines
07-03 20:19:43.863 11376 11413 D ActivityThread: Loading provider com.android.email.provider;com.android.email.notifier: com.android.email.provider.EmailProvider
07-03 20:19:43.891 11376 11415 D ActivityThread: Loading provider com.android.email.provider;com.android.email.notifier: com.android.email.provider.EmailProvider
07-03 20:19:43.959  1907  5738 I chatty  : uid=1000(system) Binder_F expire 10 lines
07-03 20:19:43.959 11376 11428 D ActivityThread: Loading provider com.android.email.provider;com.android.email.notifier: com.android.email.provider.EmailProvider
07-03 20:19:44.966  1907  1965 I chatty  : uid=1000(system) ActivityManager expire 13 lines
07-03 20:20:33.754 11611 11630 D ActivityThread: Loading provider com.google.android.gmail.provider;com.android.mail.notifier;com.google.android.gm.email.provider;com.google.android.gm.email.notifier: com.android.email.provider.EmailProvider
07-03 20:20:34.070  1907  5711 I chatty  : uid=1000(system) Binder_E expire 10 lines
07-03 20:20:42.086  1907  2303 I chatty  : uid=1000(system) AlarmManager expire 48 lines
07-03 20:20:42.100  1907  1907 I chatty  : uid=1000 system_server expire 46 lines
07-03 20:22:28.764  1907  3006 I chatty  : uid=1000(system) Binder_A expire 10 lines
07-03 20:36:11.464  1907  2421 I chatty  : uid=1000(system) Binder_4 expire 10 lines
07-03 20:36:13.864  1907  2319 I chatty  : uid=1000(system) ConnectivitySer expire 33 lines
07-03 20:36:46.023   359   359 I chatty  : uid=1000(system) /system/bin/surfaceflinger expire 42 lines
07-03 20:36:49.032  1907  2299 I chatty  : uid=1000(system) UEventObserver expire 10 lines
07-03 20:37:06.718  8975  8975 W ViewRootImpl: Dropping event due to no window focus: KeyEvent { action=ACTION_DOWN, keyCode=KEYCODE_BACK, scanCode=0, metaState=0, flags=0x48, repeatCount=0, eventTime=65516586, downTime=65516586, deviceId=-1, source=0x101 }
07-03 20:37:06.738  8975  8975 W ViewRootImpl: Cancelling event due to no window focus: KeyEvent { action=ACTION_UP, keyCode=KEYCODE_BACK, scanCode=0, metaState=0, flags=0x68, repeatCount=0, eventTime=65516662, downTime=65516586, deviceId=-1, source=0x101 }
07-03 20:37:06.738  8975  8975 W ViewRootImpl: Cancelling event due to no window focus: KeyEvent { action=ACTION_UP, keyCode=KEYCODE_BACK, scanCode=0, metaState=0, flags=0x68, repeatCount=0, eventTime=65516662, downTime=65516586, deviceId=-1, source=0x101 }
07-03 20:37:06.739  8975  8975 W ViewRootImpl: Cancelling event due to no window focus: KeyEvent { action=ACTION_UP, keyCode=KEYCODE_BACK, scanCode=0, metaState=0, flags=0x68, repeatCount=0, eventTime=65516662, downTime=65516586, deviceId=-1, source=0x101 }
07-03 20:37:06.739  8975  8975 W ViewRootImpl: Cancelling event due to no window focus: KeyEvent { action=ACTION_UP, keyCode=KEYCODE_BACK, scanCode=0, metaState=0, flags=0x68, repeatCount=0, eventTime=65516662, downTime=65516586, deviceId=-1, source=0x101 }
07-03 20:37:06.739  8975  8975 W ViewRootImpl: Cancelling event due to no window focus: KeyEvent { action=ACTION_UP, keyCode=KEYCODE_BACK, scanCode=0, metaState=0, flags=0x68, repeatCount=0, eventTime=65516662, downTime=65516586, deviceId=-1, source=0x101 }
07-03 20:37:06.739  8975  8975 W ViewRootImpl: Cancelling event due to no window focus: KeyEvent { action=ACTION_UP, keyCode=KEYCODE_BACK, scanCode=0, metaState=0, flags=0x68, repeatCount=0, eventTime=65516662, downTime=65516586, deviceId=-1, source=0x101 }
