07-03 21:57:09.180  9970  9970 I SoftKeyboard: onPress: 114
07-03 21:57:09.182  9970  9970 I SoftKeyboard: onKey: 114
07-03 21:57:09.185  9970  9970 I SoftKeyboard: onRelease: 114
07-03 21:57:09.214   359   359 I SFPerfTracer:      triggers: (rate: 894:25902) (compose: 0:28) (post: 0:17) (render: 80:2472) (28:471571 frames) (29:542282)
07-03 21:57:09.214   359   359 D SFPerfTracer:        layers: (5:11) (FocusedStackFrame (0xb71ba600): 0:5289)* (DimLayer (0xb7280f80): 0:82)* (DimLayer (0xb7283cf8): 0:8)* (StatusBar (0xb7260098): 0:123449) (com.android.systemui.ImageWallpaper (0xb7278a30): 0:4317)* (DimLayer (0xb7279cf8): 0:446)* (DimLayer (0xb72872c0): 0:240)* (com.google.android.keep/com.google.android.keep.activities.BrowseActivity (0xb727afc0): 27:279) (NavigationBar (0xb727f888): 0:34) (InputMethod (0xb72093d0): 6:69) (PopupWindow:78a61d7 (0xb7288a80): 0:34) 
07-03 21:57:09.250  1907  6063 I ActivityManager: Killing 10135:com.google.android.googlequicksearchbox:search/u0a28 (adj 15): empty #7
07-03 21:57:09.270  1907  2318 D WifiService: Client connection lost with reason: 4
07-03 21:57:09.280  9970  9970 I SoftKeyboard: onPress: 107
07-03 21:57:09.282  9970  9970 I SoftKeyboard: onKey: 107
07-03 21:57:09.285  9970  9970 I SoftKeyboard: onRelease: 107
07-03 21:57:09.297  2612  9735 D PkgBroadcastIntentOp: Received broadcast action=android.intent.action.PACKAGE_REPLACED and uri=com.samplekeyboard
07-03 21:57:09.309  2612  2612 D AsyncTaskServiceImpl: Submit a task: nwp
07-03 21:57:09.317  2612 10467 D nwp     : Processing package: com.samplekeyboard
07-03 21:57:09.354  2612 10467 D GassUtils: Found app info for package com.samplekeyboard:1. Hash: e003748e7f5b585dd9412c71b9403fdf4aec02e23a502f80c5856fe59ded509f
07-03 21:57:09.355  2612 10467 D nwp     : Found info for package com.samplekeyboard in db.
07-03 21:57:09.357  3239  3239 E NetworkScheduler.SR: Invalid parameter app
07-03 21:57:09.357  3239  3239 E NetworkScheduler.SR: Invalid package name : Perhaps you didn't include a PendingIntent in the extras?
07-03 21:57:09.360  3239  3239 V ConnectivityManager: isActiveNetworkMetered() returns:false
07-03 21:57:09.373  9970  9970 I SoftKeyboard: onPress: 114
07-03 21:57:09.375  1907  1933 I ActivityManager: Start proc 10336:com.google.android.apps.photos/u0a88 for broadcast com.google.android.apps.photos/.experiments.phenotype.AppUpgradeBroadcastReceiver
07-03 21:57:09.376  9970  9970 I SoftKeyboard: onKey: 114
07-03 21:57:09.385  9970  9970 I SoftKeyboard: onRelease: 114
07-03 21:57:09.450  1907  3005 I AccountManagerService: getTypesVisibleToCaller: isPermitted? true
07-03 21:57:09.451  1907  2421 I AccountManagerService: getTypesVisibleToCaller: isPermitted? true
07-03 21:57:09.452  1907  3367 I AccountManagerService: getTypesVisibleToCaller: isPermitted? true
07-03 21:57:09.472  9970  9970 I SoftKeyboard: onPress: 106
07-03 21:57:09.474  9970  9970 I SoftKeyboard: onKey: 106
07-03 21:57:09.478  9970  9970 I SoftKeyboard: onRelease: 106
07-03 21:57:09.597  9970  9970 I SoftKeyboard: onPress: 114
07-03 21:57:09.599  9970  9970 I SoftKeyboard: onKey: 114
07-03 21:57:09.602  9970  9970 I SoftKeyboard: onRelease: 114
07-03 21:57:09.603  9970  9970 I SoftKeyboard: onPress: 106
07-03 21:57:09.640  9970  9970 I SoftKeyboard: onKey: 106
07-03 21:57:09.647  9970  9970 I SoftKeyboard: onRelease: 106
07-03 21:57:09.814  9970  9970 I SoftKeyboard: onPress: 100
07-03 21:57:09.825  9970  9970 I SoftKeyboard: onKey: 100
07-03 21:57:09.828  9970  9970 I SoftKeyboard: onRelease: 100
07-03 21:57:09.830  9970  9970 I SoftKeyboard: onPress: 100
07-03 21:57:09.832  9970  9970 I SoftKeyboard: onKey: 100
07-03 21:57:09.851  9970  9970 I SoftKeyboard: onRelease: 100
07-03 21:57:10.006  9970  9970 I SoftKeyboard: onPress: 106
07-03 21:57:10.008  9970  9970 I SoftKeyboard: onKey: 106
07-03 21:57:10.012  9970  9970 I SoftKeyboard: onRelease: 106
07-03 21:57:10.013  9970  9970 I SoftKeyboard: onPress: 100
07-03 21:57:10.015  9970  9970 I SoftKeyboard: onKey: 100
07-03 21:57:10.034  9970  9970 I SoftKeyboard: onRelease: 100
07-03 21:57:10.230  9970  9970 I SoftKeyboard: onPress: 106
07-03 21:57:10.232  9970  9970 I SoftKeyboard: onKey: 106
07-03 21:57:10.236  9970  9970 I SoftKeyboard: onRelease: 106
07-03 21:57:10.372  9970  9970 I SoftKeyboard: onPress: 100
07-03 21:57:10.374  9970  9970 I SoftKeyboard: onKey: 100
07-03 21:57:10.377  9970  9970 I SoftKeyboard: onRelease: 100
07-03 21:57:10.506  2612  3353 I Icing   : Indexing 8AC6D11DD13C9D1EEE003FB24B5341CDFC29A97B from com.google.android.gms
07-03 21:57:10.507  2612  3353 I Icing   : Not enough disk space for indexing trimmable
07-03 21:57:10.508  2612  3353 I Icing   : Indexing done 8AC6D11DD13C9D1EEE003FB24B5341CDFC29A97B
07-03 21:57:10.842  1907  2405 I ActivityManager: Start proc 10361:com.google.android.apps.magazines/u0a87 for broadcast com.google.android.apps.magazines/com.google.apps.dots.android.app.receiver.FirstInstallNotificationReceiver
07-03 21:57:11.106 10361 10361 W System  : ClassLoader referenced unknown path: /data/app/com.google.android.apps.magazines-2/lib/arm
07-03 21:57:11.276 10361 10361 I MultiDex: VM with version 2.1.0 has multidex support
07-03 21:57:11.276 10361 10361 I MultiDex: install
07-03 21:57:11.276 10361 10361 I MultiDex: VM has multidex support, MultiDex support library is disabled.
07-03 21:57:11.531  1907  1932 I AccountManagerService: getTypesVisibleToCaller: isPermitted? true
07-03 21:57:11.658 10361 10361 I GAv4    : Google Analytics 8.2.98 is starting up. To enable debug logging on a device run:
07-03 21:57:11.658 10361 10361 I GAv4    :   adb shell setprop log.tag.GAv4 DEBUG
07-03 21:57:11.658 10361 10361 I GAv4    :   adb logcat -s GAv4
07-03 21:57:11.706 10361 10361 W GAv4    : AnalyticsReceiver is not registered or is disabled. Register the receiver for reliable dispatching on non-Google Play devices. See http://goo.gl/8Rd3yj for instructions.
07-03 21:57:11.725 10361 10391 W GAv4    : AnalyticsService not registered in the app manifest. Hits might not be delivered reliably. See http://goo.gl/8Rd3yj for instructions.
07-03 21:57:11.859 10361 10361 V ConnectivityManager: isActiveNetworkMetered() returns:false
07-03 21:57:12.056 10361 10361 I NSApplication: Starting up...
07-03 21:57:12.102 10361 10407 E linker  : readlink('/proc/self/fd/22') failed: Permission denied [fd=22]
07-03 21:57:12.102 10361 10407 E linker  : warning: unable to get realpath for the library "/data/data/com.google.android.apps.magazines/app_outdex-pdflib.dex.jar/pdflib.dex.dex". Will use given name.
07-03 21:57:12.120  1907  3367 I ActivityManager: Start proc 10417:com.google.android.googlequicksearchbox:search/u0a28 for broadcast com.google.android.googlequicksearchbox/com.google.android.apps.gsa.googlequicksearchbox.GelStubAppWatcher
07-03 21:57:12.121  1907  3367 I ActivityManager: Killing 10159:com.lenovo.anyshare.gps/u0a146 (adj 15): empty #7
07-03 21:57:12.174 10361 10361 V ConnectivityManager: isActiveNetworkMetered() returns:false
07-03 21:57:12.300  2612  2612 V Herrevad: NQAS connected
07-03 21:57:12.330  2612  3353 W LocalPredictor: On wifi, but couldn't get security type
07-03 21:57:12.465  2612  3353 V ConnectivityManager: isActiveNetworkMetered() returns:false
07-03 21:57:12.565  1907  2876 I ActivityManager: Killing 10187:com.quickoffice.android/u0a72 (adj 15): empty #7
07-03 21:57:12.639   406   592 I ThermalEngine: Sensor:xo_therm_pu2:44000 mC
07-03 21:57:12.655   406   591 I ThermalEngine: Sensor:batt_therm:37200 mC
07-03 21:57:12.665  1907  1933 I ActivityManager: Start proc 10439:com.google.android.apps.cloudprint/u0a64 for broadcast com.google.android.apps.cloudprint/.printdialog.receivers.UpgradeBroadcastReceiver
07-03 21:57:12.724 10439 10439 W System  : ClassLoader referenced unknown path: /data/app/com.google.android.apps.cloudprint-2/lib/arm
07-03 21:57:12.877  1907  2405 I ActivityManager: Killing 10273:com.appsomniacs.da2/u0a9 (adj 15): empty #7
07-03 21:57:13.333  9970  9970 I SoftKeyboard: onPress: 32
07-03 21:57:13.362  3239  3239 V UserPresentBroadcastReceiver: Received Intent { act=android.intent.action.USER_PRESENT flg=0x24000010 cmp=com.google.android.gms/.trustagent.UserPresentBroadcastReceiver }.
07-03 21:57:13.427  9970  9970 I SoftKeyboard: onKey: 32
07-03 21:57:13.461  9970  9970 I SoftKeyboard: onRelease: 32
07-03 21:57:13.652  3239  3239 V ConnectivityManager: isActiveNetworkMetered() returns:false
07-03 21:57:13.665 10212 10470 W ResourceType: No package identifier when getting value for resource number 0x00000000
07-03 21:57:13.744  3239  3239 V ConnectivityManager: isActiveNetworkMetered() returns:false
07-03 21:57:13.926 29454 29463 I art     : Background sticky concurrent mark sweep GC freed 66844(5MB) AllocSpace objects, 22(396KB) LOS objects, 26% free, 16MB/22MB, paused 5.411ms total 128.353ms
07-03 21:57:13.959 29454 29461 E DataBuffer: Internal data leak within a DataBuffer object detected!  Be sure to explicitly call release() on all DataBuffer extending objects when you are done with them. (Owner:size=1)
07-03 21:57:13.960   359  1046 I SFPerfTracer:      triggers: (rate: 0:117) (37906 sw vsyncs) (0 skipped) (28:772510 vsyncs) (30:894485)
07-03 21:57:13.960  1907  2917 I AccountManagerService: getTypesVisibleToCaller: isPermitted? false
07-03 21:57:14.139  9970  9970 I SoftKeyboard: onPress: 32
07-03 21:57:14.242  9970  9970 I SoftKeyboard: onKey: 32
07-03 21:57:14.247  9970  9970 I SoftKeyboard: onRelease: 32
07-03 21:57:14.782  9970  9970 I SoftKeyboard: onPress: 32
07-03 21:57:14.881   359   359 I SFPerfTracer:      triggers: (rate: 894:25905) (compose: 0:28) (post: 0:17) (render: 80:2472) (4:471642 frames) (5:542383)
07-03 21:57:14.881   359   359 D SFPerfTracer:        layers: (5:12) (FocusedStackFrame (0xb71ba600): 0:5289)* (DimLayer (0xb7280f80): 0:82)* (DimLayer (0xb7283cf8): 0:8)* (StatusBar (0xb7260098): 0:123454) (com.android.systemui.ImageWallpaper (0xb7278a30): 0:4317)* (DimLayer (0xb7279cf8): 0:446)* (DimLayer (0xb72872c0): 0:240)* (com.google.android.keep/com.google.android.keep.activities.BrowseActivity (0xb727afc0): 1:329) (NavigationBar (0xb727f888): 0:34) (InputMethod (0xb72093d0): 1:86) (PopupWindow:78a61d7 (0xb7288a80): 3:95) (PopupWindow:8b43f2 (0xb7247908): 0:17)- 
07-03 21:57:14.891  9970  9970 I SoftKeyboard: onKey: 32
07-03 21:57:14.898  9970  9970 I SoftKeyboard: onRelease: 32
07-03 21:57:15.273  9970  9970 I SoftKeyboard: onPress: 32
07-03 21:57:15.319  9970  9970 I SoftKeyboard: onKey: 32
07-03 21:57:15.339  9970  9970 I SoftKeyboard: onRelease: 32
07-03 21:57:15.797  9970  9970 I SoftKeyboard: onPress: 32
07-03 21:57:15.841  9970  9970 I SoftKeyboard: onKey: 32
07-03 21:57:15.849  9970  9970 I SoftKeyboard: onRelease: 32
07-03 21:57:15.927   359  1046 I SFPerfTracer:      triggers: (rate: 0:117) (37906 sw vsyncs) (0 skipped) (2:772604 vsyncs) (4:894588)
07-03 21:57:16.123  9970  9970 I SoftKeyboard: onPress: 32
07-03 21:57:16.224  9970  9970 I SoftKeyboard: onKey: 32
07-03 21:57:16.226  9970  9970 I SoftKeyboard: onRelease: 32
07-03 21:57:16.522  9970  9970 I SoftKeyboard: onPress: 32
07-03 21:57:16.574  9970  9970 I SoftKeyboard: onKey: 32
07-03 21:57:16.578  9970  9970 I SoftKeyboard: onRelease: 32
07-03 21:57:16.580  1907  3005 I ActivityManager: Killing 10311:com.motorola.context/u0a47 (adj 15): empty #7
07-03 21:57:16.975  9970  9970 I SoftKeyboard: onPress: -5
07-03 21:57:16.978  9970  9970 I SoftKeyboard: onKey: -5
07-03 21:57:16.978  9970  9970 I SoftKeyboard: else length < 0
07-03 21:57:16.978  9970  9970 I SoftKeyboard: KeyDownUp: keycode:67
07-03 21:57:16.998  9970  9970 I SoftKeyboard: onRelease: -5
07-03 21:57:17.173  9970  9970 I SoftKeyboard: onPress: -5
07-03 21:57:17.177  9970  9970 I SoftKeyboard: onKey: -5
07-03 21:57:17.177  9970  9970 I SoftKeyboard: else length < 0
07-03 21:57:17.177  9970  9970 I SoftKeyboard: KeyDownUp: keycode:67
07-03 21:57:17.199  9970  9970 I SoftKeyboard: onRelease: -5
07-03 21:57:17.347  9970  9970 I SoftKeyboard: onPress: -5
07-03 21:57:17.351  9970  9970 I SoftKeyboard: onKey: -5
07-03 21:57:17.351  9970  9970 I SoftKeyboard: else length < 0
07-03 21:57:17.351  9970  9970 I SoftKeyboard: KeyDownUp: keycode:67
07-03 21:57:17.365  9970  9970 I SoftKeyboard: onRelease: -5
07-03 21:57:17.523  9970  9970 I SoftKeyboard: onPress: -5
07-03 21:57:17.527  9970  9970 I SoftKeyboard: onKey: -5
07-03 21:57:17.527  9970  9970 I SoftKeyboard: else length < 0
07-03 21:57:17.527  9970  9970 I SoftKeyboard: KeyDownUp: keycode:67
07-03 21:57:17.548  9970  9970 I SoftKeyboard: onRelease: -5
07-03 21:57:17.681  9970  9970 I SoftKeyboard: onPress: 109
07-03 21:57:17.684  9970  9970 I SoftKeyboard: onKey: 109
07-03 21:57:17.699  9970  9970 I SoftKeyboard: onRelease: 109
07-03 21:57:17.823  9970  9970 I SoftKeyboard: onPress: 109
07-03 21:57:17.826  9970  9970 I SoftKeyboard: onKey: 109
07-03 21:57:17.849  9970  9970 I SoftKeyboard: onRelease: 109
07-03 21:57:17.974  9970  9970 I SoftKeyboard: onPress: 109
07-03 21:57:17.976  9970  9970 I SoftKeyboard: onKey: 109
07-03 21:57:18.000  9970  9970 I SoftKeyboard: onRelease: 109
07-03 21:57:18.522  9970  9970 I SoftKeyboard: onPress: -5
07-03 21:57:18.527  9970  9970 I SoftKeyboard: onKey: -5
07-03 21:57:18.527  9970  9970 I SoftKeyboard: length > 1: 3
07-03 21:57:18.548  9970  9970 I SoftKeyboard: onRelease: -5
07-03 21:57:18.730  9970  9970 I SoftKeyboard: onPress: -5
07-03 21:57:18.734  9970  9970 I SoftKeyboard: onKey: -5
07-03 21:57:18.734  9970  9970 I SoftKeyboard: length > 1: 2
07-03 21:57:18.749  9970  9970 I SoftKeyboard: onRelease: -5
07-03 21:57:18.897  9970  9970 I SoftKeyboard: onPress: -5
07-03 21:57:18.901  9970  9970 I SoftKeyboard: onKey: -5
07-03 21:57:18.908  9970  9970 I SoftKeyboard: length > 0
07-03 21:57:18.914  9970  9970 I SoftKeyboard: onRelease: -5
07-03 21:57:19.047 10212 10236 W FlurryAgent: Flurry session ended
07-03 21:57:19.073  9970  9970 I SoftKeyboard: onPress: -5
07-03 21:57:19.077  9970  9970 I SoftKeyboard: onKey: -5
07-03 21:57:19.077  9970  9970 I SoftKeyboard: else length < 0
07-03 21:57:19.077  9970  9970 I SoftKeyboard: KeyDownUp: keycode:67
07-03 21:57:19.098  9970  9970 I SoftKeyboard: onRelease: -5
07-03 21:57:19.141 10212 10236 W System.err: java.lang.NullPointerException: Attempt to invoke virtual method 'void com.flurry.sdk.kv.a(com.flurry.sdk.ku, java.lang.String)' on a null object reference
07-03 21:57:19.144 10212 10236 W System.err: 	at com.flurry.sdk.kt.d(Unknown Source)
07-03 21:57:19.144 10212 10236 W System.err: 	at com.flurry.sdk.kt$3.a(Unknown Source)
07-03 21:57:19.144 10212 10236 W System.err: 	at com.flurry.sdk.ly.run(Unknown Source)
07-03 21:57:19.144 10212 10236 W System.err: 	at android.os.Handler.handleCallback(Handler.java:746)
07-03 21:57:19.144 10212 10236 W System.err: 	at android.os.Handler.dispatchMessage(Handler.java:95)
07-03 21:57:19.144 10212 10236 W System.err: 	at android.os.Looper.loop(Looper.java:148)
07-03 21:57:19.144 10212 10236 W System.err: 	at android.os.HandlerThread.run(HandlerThread.java:61)
07-03 21:57:19.144 10212 10236 W System.err: java.lang.NullPointerException: Attempt to invoke virtual method 'java.util.List com.flurry.sdk.kv.a()' on a null object reference
07-03 21:57:19.144 10212 10236 W System.err: 	at com.flurry.sdk.kt.g(Unknown Source)
07-03 21:57:19.144 10212 10236 W System.err: 	at com.flurry.sdk.kt$4.a(Unknown Source)
07-03 21:57:19.144 10212 10236 W System.err: 	at com.flurry.sdk.ly.run(Unknown Source)
07-03 21:57:19.145 10212 10236 W System.err: 	at android.os.Handler.handleCallback(Handler.java:746)
07-03 21:57:19.145 10212 10236 W System.err: 	at android.os.Handler.dispatchMessage(Handler.java:95)
07-03 21:57:19.145 10212 10236 W System.err: 	at android.os.Looper.loop(Looper.java:148)
07-03 21:57:19.145 10212 10236 W System.err: 	at android.os.HandlerThread.run(HandlerThread.java:61)
07-03 21:57:19.231  9970  9970 I SoftKeyboard: onPress: -5
07-03 21:57:19.233  9970  9970 I SoftKeyboard: onKey: -5
07-03 21:57:19.233  9970  9970 I SoftKeyboard: else length < 0
07-03 21:57:19.233  9970  9970 I SoftKeyboard: KeyDownUp: keycode:67
07-03 21:57:19.248  9970  9970 I SoftKeyboard: onRelease: -5
07-03 21:57:19.329  1907  2303 V AlarmManager: sending alarm {5e04e6a type 2 *walarm*:com.whatsapp.messaging.MessageService.CLIENT_PINGER_ACTION}
07-03 21:57:19.332  1907  2303 V AlarmManager: sending alarm {740e6ca type 0 *walarm*:com.android.vending/com.google.android.finsky.services.ContentSyncService}
07-03 21:57:19.355  1907  2303 I ActivityManager: Start proc 10517:com.android.vending/u0a38 for service com.android.vending/com.google.android.finsky.services.ContentSyncService
07-03 21:57:19.355  1907  2303 V AlarmManager: sending alarm {fff3d58 type 3 *alarm*:com.google.android.gms/.lockbox.LockboxAlarmReceiver}
07-03 21:57:19.355  1907  2303 V AlarmManager: sending alarm {8f48631 type 1 *alarm*:DXCoreAlarmReceiver}
07-03 21:57:19.356  1907  1907 V AlarmManager: done {740e6ca, *walarm*:com.android.vending/com.google.android.finsky.services.ContentSyncService} [27ms]
07-03 21:57:19.388  1907  1907 V AlarmManager: done {5e04e6a, *walarm*:com.whatsapp.messaging.MessageService.CLIENT_PINGER_ACTION} [59ms]
07-03 21:57:19.390  9970  9970 I SoftKeyboard: onPress: -5
07-03 21:57:19.393  9970  9970 I SoftKeyboard: onKey: -5
07-03 21:57:19.393  9970  9970 I SoftKeyboard: else length < 0
07-03 21:57:19.393  9970  9970 I SoftKeyboard: KeyDownUp: keycode:67
07-03 21:57:19.413  1907  1907 V AlarmManager: done {fff3d58, *alarm*:com.google.android.gms/.lockbox.LockboxAlarmReceiver} [84ms]
07-03 21:57:19.432  9970  9970 I SoftKeyboard: onRelease: -5
07-03 21:57:19.453  1907  1907 V AlarmManager: done {8f48631, *alarm*:DXCoreAlarmReceiver} [124ms]
07-03 21:57:19.461  1907  3005 I AccountManagerService: getTypesVisibleToCaller: isPermitted? true
07-03 21:57:19.581 10517 10517 W System  : ClassLoader referenced unknown path: /data/app/com.android.vending-1/lib/arm
07-03 21:57:19.764  1907  2617 I AccountManagerService: getTypesVisibleToCaller: isPermitted? true
07-03 21:57:19.853 10517 10517 I Finsky  : [1] com.google.android.finsky.FinskyApp.onCreate(428): Initializing network with DFE https://android.clients.google.com/fdfe/
07-03 21:57:20.021 10517 10517 I Finsky  : [1] com.google.android.finsky.services.DailyHygiene.a(171): No need to run daily hygiene.
07-03 21:57:20.031  1907  1933 I AccountManagerService: getTypesVisibleToCaller: isPermitted? true
07-03 21:57:20.047 10517 10517 W Settings: Setting download_manager_max_bytes_over_mobile has moved from android.provider.Settings.Secure to android.provider.Settings.Global.
07-03 21:57:20.051 10517 10517 W Settings: Setting download_manager_recommended_max_bytes_over_mobile has moved from android.provider.Settings.Secure to android.provider.Settings.Global.
07-03 21:57:20.088 10517 10517 I Finsky  : [1] com.google.android.finsky.utils.bk.a(177): Enabling bucket experiment: factor=2.000, zeroDelta=0ms, forceNetwork=false
07-03 21:57:20.090  1907  5711 I AccountManagerService: getTypesVisibleToCaller: isPermitted? true
07-03 21:57:20.091  1907  6063 I AccountManagerService: getTypesVisibleToCaller: isPermitted? true
07-03 21:57:20.092  1907  5738 I AccountManagerService: getTypesVisibleToCaller: isPermitted? true
07-03 21:57:20.113  1907  6063 I AccountManagerService: getTypesVisibleToCaller: isPermitted? true
07-03 21:57:20.118 10517 10517 V ConnectivityManager: isActiveNetworkMetered() returns:false
07-03 21:57:20.122 10517 10517 I Finsky  : [1] com.google.android.finsky.receivers.j.a(1226): Installer kick - no action, not running yet
07-03 21:57:20.129 10517 10517 I Finsky  : [1] com.google.android.finsky.j.j.run(208): Loaded library for account: [jsdgNKV_yDMgYC5ZWRabcENwdK8]
07-03 21:57:20.130 10517 10517 I Finsky  : [1] com.google.android.finsky.j.j.run(214): Finished loading 1 libraries.
07-03 21:57:20.139  1907  2405 I AccountManagerService: getTypesVisibleToCaller: isPermitted? true
07-03 21:57:20.141 10517 10572 I Finsky  : [30666] com.google.android.finsky.c.e.run(1151): Replicating app states via AMAS.
07-03 21:57:20.142  1907  2421 I AccountManagerService: getTypesVisibleToCaller: isPermitted? true
07-03 21:57:20.335  1907  1922 I art     : Background partial concurrent mark sweep GC freed 43955(3MB) AllocSpace objects, 5(232KB) LOS objects, 33% free, 30MB/45MB, paused 2.411ms total 180.127ms
07-03 21:57:20.346  1907  2617 I AccountManagerService: getTypesVisibleToCaller: isPermitted? true
07-03 21:57:20.347  1907  3005 I AccountManagerService: getTypesVisibleToCaller: isPermitted? true
07-03 21:57:20.356 10517 10517 I Finsky  : [1] com.google.android.finsky.c.l.a(270): result=false type=4
07-03 21:57:20.363  1907  1933 I AccountManagerService: getTypesVisibleToCaller: isPermitted? true
07-03 21:57:20.366 10517 10517 I Finsky  : [1] com.google.android.finsky.services.bc.a(1050): Restore complete with 0 success and 0 failed.
07-03 21:57:20.409 10517 10572 I Finsky  : [30666] com.google.android.finsky.c.c.a(311): Completed 0 account content syncs with 0 successful.
07-03 21:57:20.412 10517 10517 I Finsky  : [1] com.google.android.finsky.services.j.a(149): Installation state replication succeeded.
07-03 21:57:20.414  1907  2767 I ActivityManager: Killing 10336:com.google.android.apps.photos/u0a88 (adj 15): empty #7
07-03 21:57:22.643   406   592 I ThermalEngine: Sensor:xo_therm_pu2:44000 mC
07-03 21:57:22.660   406   591 I ThermalEngine: Sensor:batt_therm:37200 mC
07-03 21:57:22.804  1907  1932 I AccountManagerService: getTypesVisibleToCaller: isPermitted? false
07-03 21:57:23.445   359   359 I SFPerfTracer:      triggers: (rate: 894:25908) (compose: 0:28) (post: 0:17) (render: 80:2472) (29:471727 frames) (30:542502)
07-03 21:57:23.445   359   359 D SFPerfTracer:        layers: (5:11) (FocusedStackFrame (0xb71ba600): 0:5289)* (DimLayer (0xb7280f80): 0:82)* (DimLayer (0xb7283cf8): 0:8)* (StatusBar (0xb7260098): 1:123459) (com.android.systemui.ImageWallpaper (0xb7278a30): 0:4317)* (DimLayer (0xb7279cf8): 0:446)* (DimLayer (0xb72872c0): 0:240)* (com.google.android.keep/com.google.android.keep.activities.BrowseActivity (0xb727afc0): 30:386) (NavigationBar (0xb727f888): 0:34) (InputMethod (0xb72093d0): 0:109) (PopupWindow:78a61d7 (0xb7288a80): 0:151) 
07-03 21:57:29.944   359  1046 I SFPerfTracer:      triggers: (rate: 0:117) (37906 sw vsyncs) (0 skipped) (0:772646 vsyncs) (1:894689)
07-03 21:57:31.087  2389  2720 I chatty  : uid=10001(com.android.systemui) PhoneStatusBar expire 15 lines
07-03 21:57:32.648   406   592 I ThermalEngine: Sensor:xo_therm_pu2:44000 mC
07-03 21:57:32.665   406   591 I ThermalEngine: Sensor:batt_therm:37200 mC
07-03 21:57:34.002  1907  2134 I PowerManagerService: Nap time (uid 1000)...
07-03 21:57:34.002  1907  2134 I PowerManagerService: Going to sleep due to screen timeout (uid 1000)...
07-03 21:57:34.005  2389  2926 I chatty  : uid=10001(com.android.systemui) Binder_5 expire 1 line
07-03 21:57:34.052 29454 29454 W IInputConnectionWrapper: getCursorCapsMode on inactive InputConnection
07-03 21:57:34.596  1907  2134 V KeyguardServiceDelegate: onScreenTurnedOff()
07-03 21:57:34.597   359   359 D SurfaceFlinger: Set power mode=0, type=0 flinger=0xb7139df8
07-03 21:57:34.597   359   359 D qdhwcomposer: hwc_setPowerMode: Setting mode 0 on display: 0
07-03 21:57:34.597  1907  2123 I DisplayManagerService: Display device changed state: "Built-in Screen", OFF
07-03 21:57:34.597  1907  2421 I LaunchCheckinHandler: cleanup(): cleared. Last call was 15243 ms ago
07-03 21:57:34.636 29454 29454 W EditorFragment: notify unload note
07-03 21:57:34.912   359  1033 I qdhwcomposer: handle_blank_event: dpy:0 panel power state: 0
07-03 21:57:34.913   359   359 I qdhwcomposer: enable_dcabc: Done setting OFF mode
07-03 21:57:34.914   359   359 D qdhwcomposer: hwc_setPowerMode: Done setting mode 0 on display 0
07-03 21:57:34.914  1907  2356 D SurfaceControl: Excessive delay in setPowerMode(): 317ms
07-03 21:57:34.921  1907  2134 I PowerManagerService: Sleeping (uid 1000)...
07-03 21:57:34.940  1907  1907 D bsthal  : activate, handle: 1598182229, enabled: 0, index 0
07-03 21:57:34.940  1907  1907 E bsthal  : <BST> disable accel, orig state: 1
07-03 21:57:34.940  1907  1907 I bsthal  : <BST> disable sensor <BOSCH BMC150 Acceleration Sensor>
07-03 21:57:34.943   392  2388 D audio_hw_primary: adev_set_parameters: enter: screen_state=off
07-03 21:57:34.943   392  2388 D audio_hw_fm: audio_extn_fm_set_parameters: Inside
07-03 21:57:34.943   392  2388 V audio_hw_fm: audio_extn_fm_set_parameters: enter
07-03 21:57:34.943   392  2388 V audio_hw_fm: audio_extn_fm_set_parameters: exit
07-03 21:57:34.943   392  2388 E bt_a2dp_hw: adev_set_parameters: ERROR: set param called even when stream out is null
07-03 21:57:34.948  1907  2313 E native  : do suspend true
07-03 21:57:34.985  3239  3239 D ScreenOnOffReceiver: Received intent: Intent { act=android.intent.action.SCREEN_OFF flg=0x50000010 }.
07-03 21:57:34.985  3239  3239 D Coffee-OneTimeAuthTrustlet: screen off
07-03 21:57:34.986  3239  3239 D Coffee-OneTimeAuthTrustlet: screen off
07-03 21:57:35.576  1907  2318 D WifiService: New client listening to asynchronous messages
07-03 21:57:35.679  1907  3367 I AccountManagerService: getTypesVisibleToCaller: isPermitted? true
07-03 21:57:35.806  1907  5738 I ActivityManager: Start proc 10657:com.google.android.partnersetup/u0a17 for content provider com.google.android.partnersetup/.RlzAppProvider
07-03 21:57:35.896 10657 10657 W System  : ClassLoader referenced unknown path: /system/priv-app/GooglePartnerSetup/lib/arm
07-03 21:57:35.899  1907  2305 I PowerManagerService: Waking up from sleep (uid 1000)...
07-03 21:57:35.901  1907  1907 V KeyguardServiceDelegate: onStartedWakingUp()
07-03 21:57:35.920  1907  2134 V KeyguardServiceDelegate: onScreenTurnedOn(showListener = com.android.server.policy.PhoneWindowManager$2@c6e7aa1)
07-03 21:57:35.921  1907  2123 I DisplayManagerService: Display device changed state: "Built-in Screen", ON
07-03 21:57:35.921   359   359 D SurfaceFlinger: Set power mode=2, type=0 flinger=0xb7139df8
07-03 21:57:35.921   359   359 D qdhwcomposer: hwc_setPowerMode: Setting mode 2 on display: 0
07-03 21:57:35.931  1907  3035 V KeyguardServiceDelegate: **** SHOWN CALLED ****
07-03 21:57:35.936 29454 29454 W EditorFragment: notify load note
07-03 21:57:35.967  1907  1907 D bsthal  : activate, handle: 1598182229, enabled: 1, index 0
07-03 21:57:35.967  1907  1907 E bsthal  : <BST> enable accel, orig state: 0
07-03 21:57:35.967  1907  1907 I bsthal  : <BST> enable sensor <BOSCH BMC150 Acceleration Sensor>
07-03 21:57:35.967  1907  1907 D bsthal  : setDelay, handle: 1598182229 delay: 200000000
07-03 21:57:35.967  1907  1907 E bsthal  : <BST> set delay: 200000000ns
07-03 21:57:35.967  1907  1907 I bsthal  : <BST> set delay of <BOSCH BMC150 Acceleration Sensor> to 200ms
07-03 21:57:35.967   392  2976 D audio_hw_primary: adev_set_parameters: enter: screen_state=on
07-03 21:57:35.967   392  2976 D audio_hw_fm: audio_extn_fm_set_parameters: Inside
07-03 21:57:35.967   392  2976 V audio_hw_fm: audio_extn_fm_set_parameters: enter
07-03 21:57:35.967   392  2976 V audio_hw_fm: audio_extn_fm_set_parameters: exit
07-03 21:57:35.967   392  2976 E bt_a2dp_hw: adev_set_parameters: ERROR: set param called even when stream out is null
07-03 21:57:35.978  1907  2313 E native  : do suspend false
07-03 21:57:35.998  1907  2313 D WifiConfigStore: No blacklist allowed without epno enabled
07-03 21:57:36.022  2389  2720 I NetworkController.MotorolaMobileSignalController(5): MotorolaMobilePhoneStateListener.onDataActivity: Entered: direction=0
07-03 21:57:36.022  2389  2720 I NetworkController.MotorolaMobileSignalController(5): MotorolaMobilePhoneStateListener.onDataActivity: Entered: direction=0
07-03 21:57:36.022  2389  2720 I NetworkController.MotorolaMobileSignalController(9): MotorolaMobilePhoneStateListener.onDataActivity: Entered: direction=0
07-03 21:57:36.022  2389  2720 I NetworkController.MotorolaMobileSignalController(9): MotorolaMobilePhoneStateListener.onDataActivity: Entered: direction=0
07-03 21:57:36.022  2389  2720 I NetworkController.MotorolaMobileSignalController(5): MotorolaMobilePhoneStateListener.onDataActivity: Entered: direction=0
07-03 21:57:36.031  3239  3239 D ScreenOnOffReceiver: Received intent: Intent { act=android.intent.action.SCREEN_ON flg=0x50000010 }.
07-03 21:57:36.037  2389  2720 D MotoNetwCtrlr: onReceive: intent=Intent { act=android.net.wifi.RSSI_CHANGED flg=0x4000010 (has extras) }
07-03 21:57:36.037  2389  2720 I MotoNetwCtrlr.MotoWifiSignalCtrlr: handleBroadcast: Entered: Intent=Intent { act=android.net.wifi.RSSI_CHANGED flg=0x4000010 (has extras) } Action=android.net.wifi.RSSI_CHANGED
07-03 21:57:36.122  1907  2917 I AccountManagerService: getTypesVisibleToCaller: isPermitted? true
07-03 21:57:36.123  1907  2617 I AccountManagerService: getTypesVisibleToCaller: isPermitted? true
07-03 21:57:36.123  1907  6063 I AccountManagerService: getTypesVisibleToCaller: isPermitted? true
07-03 21:57:36.125  1907  2876 I AccountManagerService: getTypesVisibleToCaller: isPermitted? true
07-03 21:57:36.127  1907  2767 I AccountManagerService: getTypesVisibleToCaller: isPermitted? true
07-03 21:57:36.128  1907  5738 I AccountManagerService: getTypesVisibleToCaller: isPermitted? true
07-03 21:57:36.130   359   359 I qdhwcomposer: enable_dcabc: Done setting UI mode
07-03 21:57:36.130   359   359 D qdhwcomposer: hwc_setPowerMode: Done setting mode 2 on display 0
07-03 21:57:36.130   359  1033 I qdhwcomposer: handle_blank_event: dpy:0 panel power state: 1
07-03 21:57:36.130  1907  2356 D SurfaceControl: Excessive delay in setPowerMode(): 209ms
07-03 21:57:36.130  1907  2134 V KeyguardServiceDelegate: onScreenTurnedOn()
07-03 21:57:36.222  1907  3005 I ActivityManager: Killing 10361:com.google.android.apps.magazines/u0a87 (adj 15): empty #7
07-03 21:57:36.350  1907  3005 I AccountManagerService: getTypesVisibleToCaller: isPermitted? false
07-03 21:57:37.017  2389  2720 D MotoNetwCtrlr: onReceive: intent=Intent { act=android.net.wifi.RSSI_CHANGED flg=0x4000010 (has extras) }
07-03 21:57:37.017  2389  2720 I MotoNetwCtrlr.MotoWifiSignalCtrlr: handleBroadcast: Entered: Intent=Intent { act=android.net.wifi.RSSI_CHANGED flg=0x4000010 (has extras) } Action=android.net.wifi.RSSI_CHANGED
07-03 21:57:37.031   790   874 D TCMD    : NL - Read 56 bytes from update socket.
07-03 21:57:37.031   790   874 D TCMD    : NL - message type is RTM_NEWLINK
07-03 21:57:37.031   790   874 D TCMD    : Listening for incoming client connection request
07-03 21:57:37.532   359   359 I SFPerfTracer:      triggers: (rate: 894:25913) (compose: 0:28) (post: 0:17) (render: 80:2472) (2:471790 frames) (3:542603)
07-03 21:57:37.532   359   359 D SFPerfTracer:        layers: (4:12) (FocusedStackFrame (0xb71ba600): 0:5289)* (DimLayer (0xb7280f80): 0:82)* (DimLayer (0xb7283cf8): 0:8)* (StatusBar (0xb7260098): 2:123477) (com.android.systemui.ImageWallpaper (0xb7278a30): 0:4317)* (DimLayer (0xb7279cf8): 0:446)* (DimLayer (0xb72872c0): 0:240)* (com.google.android.keep/com.google.android.keep.activities.BrowseActivity (0xb727afc0): 1:444) (NavigationBar (0xb727f888): 0:37) (InputMethod (0xb72093d0): 0:113) (PopupWindow:78a61d7 (0xb7288a80): 0:151)- (ColorFade (0xb7247908): 0:26)- 
07-03 21:57:37.558  9970  9970 I SoftKeyboard: onPress: 32
07-03 21:57:37.693  9970  9970 I SoftKeyboard: onKey: 32
07-03 21:57:37.695  9970  9970 I SoftKeyboard: onRelease: 32
07-03 21:57:38.203  2977  3001 I art     : Background sticky concurrent mark sweep GC freed 48351(3MB) AllocSpace objects, 23(1116KB) LOS objects, 38% free, 7MB/12MB, paused 6.856ms total 42.173ms
07-03 21:57:38.241  9970  9970 I SoftKeyboard: onPress: 32
07-03 21:57:38.319  2389  2720 I NetworkController.MotorolaMobileSignalController(5): MotorolaMobilePhoneStateListener.onSignalStrengthsChanged: Entered: signalStrength=SignalStrength: 21 0 -120 -160 -120 -1 -1 99 2147483647 2147483647 2147483647 2147483647 2147483647 gsm|lte level=4
07-03 21:57:38.377  9970  9970 I SoftKeyboard: onKey: 32
07-03 21:57:38.383  9970  9970 I SoftKeyboard: onRelease: 32
07-03 21:57:38.586  6170  6179 I art     : Background sticky concurrent mark sweep GC freed 13770(3MB) AllocSpace objects, 17(336KB) LOS objects, 37% free, 7MB/12MB, paused 5.670ms total 39.930ms
07-03 21:57:38.809  9970  9970 I SoftKeyboard: onPress: 32
07-03 21:57:38.927  9970  9970 I SoftKeyboard: onKey: -101
07-03 21:57:38.983  2389  2720 D MotoNetwCtrlr: onReceive: intent=Intent { act=android.net.wifi.RSSI_CHANGED flg=0x4000010 (has extras) }
07-03 21:57:38.983  2389  2720 I MotoNetwCtrlr.MotoWifiSignalCtrlr: handleBroadcast: Entered: Intent=Intent { act=android.net.wifi.RSSI_CHANGED flg=0x4000010 (has extras) } Action=android.net.wifi.RSSI_CHANGED
07-03 21:57:38.994  9970  9970 I SoftKeyboard: onRelease: -101
07-03 21:57:39.023  1907  3355 V InputMethodManagerService: Adding window token: android.os.Binder@bceb9a6
07-03 21:57:39.024  1907  2303 V AlarmManager: sending alarm {ff9cfe7 type 2 *walarm*:com.android.internal.policy.impl.PhoneWindowManager.DELAYED_KEYGUARD}
07-03 21:57:39.039  1907  1907 V AlarmManager: done {ff9cfe7, *walarm*:com.android.internal.policy.impl.PhoneWindowManager.DELAYED_KEYGUARD} [15ms]
07-03 21:57:39.049  9970 10012 E Surface : getSlotFromBufferLocked: unknown buffer: 0xb90d8ab0
07-03 21:57:39.065  2977  2977 W ContextImpl: Calling a method in the system process without a qualified user: android.app.ContextImpl.sendBroadcast:763 android.content.ContextWrapper.sendBroadcast:396 com.motorola.motocare.internal.settings.SettingsTrigger$1.onChange:435 android.database.ContentObserver.onChange:130 android.database.ContentObserver.onChange:145 
07-03 21:57:39.140  7541  7541 I AndroidIME: com.google.android.apps.inputmethod.libs.framework.core.InputBundleManager: Subtype changes from  to en_IN
07-03 21:57:39.209  7541  7541 I MetadataCleaner: clean() : Metadata version 23502515 is OK for app version 23502515.
07-03 21:57:39.260  3239  3239 V ConnectivityManager: isActiveNetworkMetered() returns:false
07-03 21:57:39.287  7541  7541 I ClearcutLoggerManager: onConnected()
07-03 21:57:39.299  1907  2123 W WindowManager: Force-removing child win Window{eeb785 u0 PopupWindow:78a61d7 EXITING} from container Window{eff772a u0 InputMethod}
07-03 21:57:39.302  7541  7541 I AndroidIME: com.google.android.apps.inputmethod.libs.framework.core.InputBundleManager: Subtype changes from en_IN to en_IN
07-03 21:57:39.357  7541  7541 I ClearcutLoggerManager: onStartInput()
07-03 21:57:39.360  7541  7541 I LatinIme: initialize() : Language = en-IN
07-03 21:57:39.418  3239  3239 D WearableService: callingUid 10003, callindPid: 3239
07-03 21:57:39.424 29454 10729 W KeepMicroApp: GoogleApiClient failed to connect: 16
07-03 21:57:39.463  7541  7541 I ContactsDataManager: onContentChanged()
07-03 21:57:39.463  7541  7642 I MainLoader: Running LM loader for en_IN
07-03 21:57:39.464  7541  7541 I LatinIme: onActivate() : EditorInfo = Package = com.google.android.keep : Type = Text : Learning = Enable : Suggestion = Show : AutoCorrection = Enable : Microphone = Show
07-03 21:57:39.465  7541  7642 I LanguageModelDatabase: findBestLanguageModelForKey() : No entries for en_IN
07-03 21:57:39.465  7541  7642 I LanguageModelDatabase: findBestLanguageModelForKey() : Best Downloadable: DictionaryMetadata : Type = MAIN : Locale = en_GB : Version = 20160422 : URL = https://www.gstatic.com/android/keyboard/dictionarypack/Accordion/main_en_gb_d3_20160422.dict
07-03 21:57:39.465  7541  7642 I LanguageModelDatabase: findBestLanguageModelForKey() : Best Usable: LanguageModelDescriptor : Type = MAIN : Locale = en_GB : Version = 20160111 : Status = CACHED : Path = /data/user/0/com.google.android.inputmethod.latin/files/cache/en_GB_d3.dict : Length = 4439712 : Offset = 0
07-03 21:57:39.466  7541  7642 I MainLoader: Loading the LM to decoder: filepath = /data/user/0/com.google.android.inputmethod.latin/files/cache/en_GB_d3.dict : status = 5
07-03 21:57:39.466  7541  7642 I Delight4Decoder: loadLanguageModel() : MAIN
07-03 21:57:39.468  6170  6276 D Checkin : publish the event [tag = MOT_DEVICE_STATS_L1 event name = SettingLogs]
07-03 21:57:39.498  7541  7642 I Delight4Decoder: loadLanguageModel() : Notify observers
07-03 21:57:39.499  7541  7642 I Delight4Decoder: loadLanguageModel() : BLACKLIST
07-03 21:57:39.503  7541  7642 I Delight4Decoder: loadLanguageModel() : CONTACTS
07-03 21:57:39.524  7541  7642 I Delight4Decoder: loadLanguageModel() : USER_HISTORY
07-03 21:57:39.552  7541  7645 I Adreno-EGL: <qeglDrvAPI_eglInitialize:379>: QUALCOMM Build: 10/09/15, 6cbbf7d, I3193f6e94a
07-03 21:57:39.552  7541  7645 I OpenGLRenderer: Initialized EGL, version 1.4
07-03 21:57:39.989  2389  2720 D MotoNetwCtrlr: onReceive: intent=Intent { act=android.net.wifi.RSSI_CHANGED flg=0x4000010 (has extras) }
07-03 21:57:39.990  2389  2720 I MotoNetwCtrlr.MotoWifiSignalCtrlr: handleBroadcast: Entered: Intent=Intent { act=android.net.wifi.RSSI_CHANGED flg=0x4000010 (has extras) } Action=android.net.wifi.RSSI_CHANGED
07-03 21:57:40.288  7541  7541 I LatinMotionHandler: consumeEvent() : GestureTypingEnabled = true
07-03 21:57:40.292  7541  7541 I Choreographer: Skipped 41 frames!  The application may be doing too much work on its main thread.
07-03 21:57:40.979  2389  2720 D MotoNetwCtrlr: onReceive: intent=Intent { act=android.net.wifi.RSSI_CHANGED flg=0x4000010 (has extras) }
07-03 21:57:40.979  2389  2720 I MotoNetwCtrlr.MotoWifiSignalCtrlr: handleBroadcast: Entered: Intent=Intent { act=android.net.wifi.RSSI_CHANGED flg=0x4000010 (has extras) } Action=android.net.wifi.RSSI_CHANGED
07-03 21:57:41.144  7541  7541 I LatinIme: onDeactivate() : Latency Metrics = {}
07-03 21:57:41.144  7541  7541 I LatinIme: Applicator.applyDiff-time = []
07-03 21:57:41.144  7541  7541 I LatinIme: Applicator.applySuggestionDiff-time = [0 -> [0 -> [Min = 8 : Average = 8 : Max = 8]]
07-03 21:57:41.144  7541  7541 I LatinIme: Applicator.changeKeyboardState-time = []
07-03 21:57:41.144  7541  7541 I LatinIme: Decoder.createOrResetDecoder-time = [0 -> [0 -> [Min = 15 : Average = 15 : Max = 15]]
07-03 21:57:41.144  7541  7541 I LatinIme: Decoder.decodeGesture-time = []
07-03 21:57:41.144  7541  7541 I LatinIme: Decoder.decodeTouch-time = []
07-03 21:57:41.144  7541  7541 I LatinIme: Decoder.fetchSuggestions-time = [0 -> [0 -> [Min = 87 : Average = 87 : Max = 87]]
07-03 21:57:41.144  7541  7541 I LatinIme: Decoder.flushPersonalizedData-time = [0 -> [0 -> [Min = 32 : Average = 32 : Max = 32]]
07-03 21:57:41.144  7541  7541 I LatinIme: Decoder.getLoudsLmContentVersion-time = []
07-03 21:57:41.144  7541  7541 I LatinIme: Decoder.loadLanguageModel.BLACKLIST-time = [0 -> [0 -> [Min = 4 : Average = 4 : Max = 4]]
07-03 21:57:41.144  7541  7541 I LatinIme: Decoder.loadLanguageModel.CONTACTS-time = [0 -> [0 -> [Min = 20 : Average = 20 : Max = 20]]
07-03 21:57:41.144  7541  7541 I LatinIme: Decoder.loadLanguageModel.MAIN-time = [0 -> [0 -> [Min = 32 : Average = 32 : Max = 32]]
07-03 21:57:41.144  7541  7541 I LatinIme: Decoder.loadLanguageModel.PERSONAL_DICTIONARY-time = []
07-03 21:57:41.144  7541  7541 I LatinIme: Decoder.loadLanguageModel.USER_HISTORY-time = [0 -> [0 -> [Min = 759 : Average = 759 : Max = 759]]
07-03 21:57:41.144  7541  7541 I LatinIme: Decoder.parseInputContext-time = [0 -> [0 -> [Min = 35 : Average = 35 : Max = 35]]
07-03 21:57:41.144  7541  7541 I LatinIme: Decoder.scrubDeleteFinish-time = []
07-03 21:57:41.144  7541  7541 I LatinIme: Decoder.selectTextCandidate-time = []
07-03 21:57:41.144  7541  7541 I LatinIme: Decoder.setKeyboardLayout-time = [0 -> [0 -> [Min = 1 : Average = 291 : Max = 582]]
07-03 21:57:41.144  7541  7541 I LatinIme: Decoder.setRuntimeParams-time = [0 -> [0 -> [Min = 0 : Average = 0 : Max = 0]]
07-03 21:57:41.144  7541  7541 I LatinIme: DecoderWrapper.createOrResetDecoder-time = [0 -> [0 -> [Min = 49 : Average = 49 : Max = 49]]
07-03 21:57:41.144  7541  7541 I LatinIme: DecoderWrapper.decodeGesture-time = []
07-03 21:57:41.144  7541  7541 I LatinIme: DecoderWrapper.decodeTouch-time = []
07-03 21:57:41.144  7541  7541 I LatinIme: DecoderWrapper.fetchSuggestions-time = [0 -> [0 -> [Min = 87 : Average = 87 : Max = 87]]
07-03 21:57:41.144  7541  7541 I LatinIme: DecoderWrapper.scrubDeleteFinish-time = []
07-03 21:57:41.144  7541  7541 I LatinIme: DecoderWrapper.scrubDeleteStart-time = []
07-03 21:57:41.144  7541  7541 I LatinIme: DecoderWrapper.selectTextCandidate-time = []
07-03 21:57:41.144  7541  7541 I LatinIme: onDeactivate() : Input Context Metrics = 
07-03 21:57:41.145  7541  7541 I AndroidIME: com.google.android.apps.inputmethod.libs.framework.core.InputBundleManager: Subtype changes from en_IN to hi
07-03 21:57:41.178  7541  7541 I LatinIme: initialize() : Language = hi
07-03 21:57:41.247  7541  7642 I MainLoader: Running LM loader for hi
07-03 21:57:41.249  7541  7642 I LanguageModelDatabase: findBestLanguageModelForKey() : No entries for hi
07-03 21:57:41.249  7541  7642 I MainLoader: Scheduling task to download LM for subtype: hi
07-03 21:57:41.249  7541  7642 I Delight4Decoder: loadLanguageModel() : BLACKLIST
07-03 21:57:41.249  7541  7642 I Delight4Decoder: loadLanguageModel() : CONTACTS
07-03 21:57:41.250  7541  7541 I ContactsDataManager: onContentChanged()
07-03 21:57:41.251  7541  7541 I LatinIme: onActivate() : EditorInfo = Package = com.google.android.keep : Type = Text : Learning = Enable : Suggestion = Show : AutoCorrection = Enable : Microphone = Show
07-03 21:57:41.259  7541  7642 I Delight4Decoder: loadLanguageModel() : USER_HISTORY
07-03 21:57:41.262  7541  7642 I LanguageModelDatabase: findBestLanguageModelForKey() : No entries for hi
07-03 21:57:41.262  7541  7642 I LanguageModelUpdater: Subtype: hi. No usable LM and no available LM for locale: hi
07-03 21:57:41.262  7541  7642 I LanguageModelUpdater: No LM found to download for Subtype: hi
07-03 21:57:41.300   359   359 I SFPerfTracer:      triggers: (rate: 894:25918) (compose: 0:28) (post: 0:17) (render: 80:2472) (0:471869 frames) (1:542703)
07-03 21:57:41.301   359   359 D SFPerfTracer:        layers: (4:12) (FocusedStackFrame (0xb71ba600): 0:5289)* (DimLayer (0xb7280f80): 0:82)* (DimLayer (0xb7283cf8): 0:8)* (StatusBar (0xb7260098): 0:123488) (com.android.systemui.ImageWallpaper (0xb7278a30): 0:4317)* (DimLayer (0xb7279cf8): 0:446)* (DimLayer (0xb72872c0): 0:240)* (com.google.android.keep/com.google.android.keep.activities.BrowseActivity (0xb727afc0): 1:459) (NavigationBar (0xb727f888): 0:37) (InputMethod (0xb72093d0): 0:133)- (PopupWindow:78a61d7 (0xb7247908): 0:58)- (InputMethod (0xb72093d0): 0:20) 
07-03 21:57:41.433  3239  3239 V ConnectivityManager: isActiveNetworkMetered() returns:false
07-03 21:57:41.439  7541  7541 I LatinMotionHandler: consumeEvent() : GestureTypingEnabled = true
07-03 21:57:41.526  3239  3239 V ConnectivityManager: isActiveNetworkMetered() returns:false
07-03 21:57:41.749 29454 29461 E DataBuffer: Internal data leak within a DataBuffer object detected!  Be sure to explicitly call release() on all DataBuffer extending objects when you are done with them. (Owner:size=1)
07-03 21:57:41.761 29454 29461 E DataBuffer: Internal data leak within a DataBuffer object detected!  Be sure to explicitly call release() on all DataBuffer extending objects when you are done with them. (Owner:size=1)
07-03 21:57:41.833  1907  3035 I AccountManagerService: getTypesVisibleToCaller: isPermitted? false
07-03 21:57:42.110  2977  2977 W ContextImpl: Calling a method in the system process without a qualified user: android.app.ContextImpl.sendBroadcast:763 android.content.ContextWrapper.sendBroadcast:396 com.motorola.motocare.internal.settings.SettingsTrigger$1.onChange:435 android.database.ContentObserver.onChange:130 android.database.ContentObserver.onChange:145 
07-03 21:57:42.125  1907  5738 V InputMethodManagerService: Adding window token: android.os.Binder@bac0306
07-03 21:57:42.197  7541  7541 I LatinIme: onDeactivate() : Latency Metrics = {}
07-03 21:57:42.197  7541  7541 I LatinIme: Applicator.applyDiff-time = []
07-03 21:57:42.197  7541  7541 I LatinIme: Applicator.applySuggestionDiff-time = [0 -> [0 -> [Min = 0 : Average = 4 : Max = 8]]
07-03 21:57:42.197  7541  7541 I LatinIme: Applicator.changeKeyboardState-time = []
07-03 21:57:42.197  7541  7541 I LatinIme: Decoder.createOrResetDecoder-time = [0 -> [0 -> [Min = 14 : Average = 14 : Max = 15]]
07-03 21:57:42.197  7541  7541 I LatinIme: Decoder.decodeGesture-time = []
07-03 21:57:42.197  7541  7541 I LatinIme: Decoder.decodeTouch-time = []
07-03 21:57:42.197  7541  7541 I LatinIme: Decoder.fetchSuggestions-time = [0 -> [0 -> [Min = 20 : Average = 53 : Max = 87]]
07-03 21:57:42.197  7541  7541 I LatinIme: Decoder.flushPersonalizedData-time = [0 -> [0 -> [Min = 26 : Average = 29 : Max = 32]]
07-03 21:57:42.197  7541  7541 I LatinIme: Decoder.getLoudsLmContentVersion-time = []
07-03 21:57:42.197  7541  7541 I LatinIme: Decoder.loadLanguageModel.BLACKLIST-time = [0 -> [0 -> [Min = 0 : Average = 2 : Max = 4]]
07-03 21:57:42.197  7541  7541 I LatinIme: Decoder.loadLanguageModel.CONTACTS-time = [0 -> [0 -> [Min = 8 : Average = 14 : Max = 20]]
07-03 21:57:42.197  7541  7541 I LatinIme: Decoder.loadLanguageModel.MAIN-time = [0 -> [0 -> [Min = 32 : Average = 32 : Max = 32]]
07-03 21:57:42.197  7541  7541 I LatinIme: Decoder.loadLanguageModel.PERSONAL_DICTIONARY-time = []
07-03 21:57:42.197  7541  7541 I LatinIme: Decoder.loadLanguageModel.USER_HISTORY-time = [0 -> [0 -> [Min = 1 : Average = 380 : Max = 759]]
07-03 21:57:42.197  7541  7541 I LatinIme: Decoder.parseInputContext-time = [0 -> [0 -> [Min = 1 : Average = 18 : Max = 35]]
07-03 21:57:42.197  7541  7541 I LatinIme: Decoder.scrubDeleteFinish-time = []
07-03 21:57:42.197  7541  7541 I LatinIme: Decoder.selectTextCandidate-time = []
07-03 21:57:42.197  7541  7541 I LatinIme: Decoder.setKeyboardLayout-time = [0 -> [0 -> [Min = 1 : Average = 148 : Max = 582]]
07-03 21:57:42.197  7541  7541 I LatinIme: Decoder.setRuntimeParams-time = [0 -> [0 -> [Min = 0 : Average = 1 : Max = 6]]
07-03 21:57:42.197  7541  7541 I LatinIme: DecoderWrapper.createOrResetDecoder-time = [0 -> [0 -> [Min = 36 : Average = 42 : Max = 49]]
07-03 21:57:42.197  7541  7541 I LatinIme: DecoderWrapper.decodeGesture-time = []
07-03 21:57:42.197  7541  7541 I LatinIme: DecoderWrapper.decodeTouch-time = []
07-03 21:57:42.197  7541  7541 I LatinIme: DecoderWrapper.fetchSuggestions-time = [0 -> [0 -> [Min = 20 : Average = 53 : Max = 87]]
07-03 21:57:42.197  7541  7541 I LatinIme: De