07-03 21:55:47.412  1907  2313 E native  : do suspend true
07-03 21:55:47.603  3239  3239 D ScreenOnOffReceiver: Received intent: Intent { act=android.intent.action.SCREEN_OFF flg=0x50000010 }.
07-03 21:55:47.604  3239  3239 D Coffee-OneTimeAuthTrustlet: screen off
07-03 21:55:47.605  3239  3239 D Coffee-OneTimeAuthTrustlet: screen off
07-03 21:55:48.112  1907  2876 I ActivityManager: Start proc 9324:com.google.android.partnersetup/u0a17 for content provider com.google.android.partnersetup/.RlzAppProvider
07-03 21:55:48.199  9324  9324 W System  : ClassLoader referenced unknown path: /system/priv-app/GooglePartnerSetup/lib/arm
07-03 21:55:48.453  1907  3355 I ActivityManager: Killing 8634:com.google.android.apps.photos/u0a88 (adj 15): empty #7
07-03 21:55:48.700  1907  1922 I art     : Background partial concurrent mark sweep GC freed 34474(2MB) AllocSpace objects, 1(20KB) LOS objects, 33% free, 30MB/45MB, paused 2.306ms total 177.500ms
07-03 21:55:50.110  2389  2720 I chatty  : uid=10001(com.android.systemui) PhoneStatusBar expire 10 lines
07-03 21:55:51.520  1907  2303 V AlarmManager: sending alarm {a0464a0 type 2 *walarm*:com.android.internal.policy.impl.PhoneWindowManager.DELAYED_KEYGUARD}
07-03 21:55:51.528  1907  2303 V AlarmManager: sending alarm {8f48631 type 1 *alarm*:DXCoreAlarmReceiver}
07-03 21:55:51.530  1907  2303 V AlarmManager: sending alarm {fff3d58 type 3 *alarm*:com.google.android.gms/.lockbox.LockboxAlarmReceiver}
07-03 21:55:51.532  1907  1907 V AlarmManager: done {a0464a0, *walarm*:com.android.internal.policy.impl.PhoneWindowManager.DELAYED_KEYGUARD} [13ms]
07-03 21:55:51.546  1907  1907 V AlarmManager: done {8f48631, *alarm*:DXCoreAlarmReceiver} [26ms]
07-03 21:55:51.589  1907  1907 V AlarmManager: done {fff3d58, *alarm*:com.google.android.gms/.lockbox.LockboxAlarmReceiver} [69ms]
07-03 21:55:51.613  1907  3035 I AccountManagerService: getTypesVisibleToCaller: isPermitted? true
07-03 21:55:51.660  2389  2389 D StatusBarKeyguardViewManager: showKeyguard, but hide Bouncer
07-03 21:55:51.713  2389  2389 I chatty  : uid=10001(com.android.systemui) expire 41 lines
07-03 21:55:52.601   406   592 I ThermalEngine: Sensor:xo_therm_pu2:44000 mC
07-03 21:55:52.615   406   591 I ThermalEngine: Sensor:batt_therm:37500 mC
07-03 21:55:56.102  1907  1922 I art     : Background partial concurrent mark sweep GC freed 16174(941KB) AllocSpace objects, 5(224KB) LOS objects, 33% free, 30MB/45MB, paused 2.282ms total 148.065ms
07-03 21:55:58.857  1907  1965 I ActivityManager: Start proc 9433:com.android.cellbroadcastreceiver/u0a5 for broadcast com.android.cellbroadcastreceiver/.CellBroadcastReceiver
07-03 21:55:58.912  5985  5985 D OtaApp  : debug - PollingMangerService, phone state: 0 0 voice Domestic Roaming data Domestic Roaming Vodafone IN Vodafone 40411 Vodafone IN Vodafone 40411  UMTS HSPA CSS not supported -1 -1 RoamInd=-1 DefRoamInd=-1 EmergOnly=false IsDataRoamingFromRegistration=true
07-03 21:55:58.935  9433  9433 W System  : ClassLoader referenced unknown path: /system/priv-app/CellBroadcastReceiver/lib/arm
07-03 21:55:58.952  9433  9433 D CellBroadcastReceiver: subscriptionId = 9
07-03 21:55:58.953  9433  9433 D CellBroadcastReceiver: Service state changed! 0 Full: 0 0 voice Domestic Roaming data Domestic Roaming Vodafone IN Vodafone 40411 Vodafone IN Vodafone 40411  UMTS HSPA CSS not supported -1 -1 RoamInd=-1 DefRoamInd=-1 EmergOnly=false IsDataRoamingFromRegistration=true Current state=-1
07-03 21:55:58.957  9433  9433 D CellBroadcastReceiver: BOTA use case - Settings retained for subId 9: true
07-03 21:55:59.009  3017  8017 D IccSmsInterfaceManager: [IccSmsInterfaceManager] enableGsmBroadcastRange
07-03 21:55:59.010  3017  8017 D IccSmsInterfaceManager: [IccSmsInterfaceManager] Added GSM cell broadcast subscription for MID range 4352 to 4354 from client com.android.cellbroadcastreceiver
07-03 21:55:59.010  3017  8017 D IccSmsInterfaceManager: [IccSmsInterfaceManager] Calling setCellBroadcastActivation(true)
07-03 21:55:59.022  3017  8651 D IccSmsInterfaceManager: [IccSmsInterfaceManager] enableGsmBroadcastRange
07-03 21:55:59.023  3017  8651 D IccSmsInterfaceManager: [IccSmsInterfaceManager] Added GSM cell broadcast subscription for MID range 4356 to 4356 from client com.android.cellbroadcastreceiver
07-03 21:55:59.023  3017  8651 D IccSmsInterfaceManager: [IccSmsInterfaceManager] Calling setCellBroadcastActivation(true)
07-03 21:55:59.036  3017  7440 D IccSmsInterfaceManager: [IccSmsInterfaceManager] enableGsmBroadcastRange
07-03 21:55:59.037  3017  7440 D IccSmsInterfaceManager: [IccSmsInterfaceManager] Added GSM cell broadcast subscription for MID range 4371 to 4372 from client com.android.cellbroadcastreceiver
07-03 21:55:59.037  3017  7440 D IccSmsInterfaceManager: [IccSmsInterfaceManager] Calling setCellBroadcastActivation(true)
07-03 21:55:59.051  3017  3033 D IccSmsInterfaceManager: [IccSmsInterfaceManager] enableCdmaBroadcastRange
07-03 21:55:59.051  3017  3033 D IccSmsInterfaceManager: [IccSmsInterfaceManager] Calling setCdmaBroadcastConfig with 1 configurations
07-03 21:55:59.057  3017  3033 D IccSmsInterfaceManager: [IccSmsInterfaceManager] Failed to add cdma broadcast subscription for MID range 4097 to 4097 from client com.android.cellbroadcastreceiver
07-03 21:55:59.075  3017 21111 D IccSmsInterfaceManager: [IccSmsInterfaceManager] enableGsmBroadcastRange
07-03 21:55:59.075  3017 21111 D IccSmsInterfaceManager: [IccSmsInterfaceManager] Added GSM cell broadcast subscription for MID range 4373 to 4378 from client com.android.cellbroadcastreceiver
07-03 21:55:59.075  3017 21111 D IccSmsInterfaceManager: [IccSmsInterfaceManager] Calling setCellBroadcastActivation(true)
07-03 21:55:59.089  3017 17081 D IccSmsInterfaceManager: [IccSmsInterfaceManager] enableCdmaBroadcastRange
07-03 21:55:59.090  3017 17081 D IccSmsInterfaceManager: [IccSmsInterfaceManager] Calling setCdmaBroadcastConfig with 1 configurations
07-03 21:55:59.096  3017 17081 D IccSmsInterfaceManager: [IccSmsInterfaceManager] Failed to add cdma broadcast subscription for MID range 4098 to 4098 from client com.android.cellbroadcastreceiver
07-03 21:55:59.104  3017  7948 D IccSmsInterfaceManager: [IccSmsInterfaceManager] enableGsmBroadcastRange
07-03 21:55:59.104  3017  7948 D IccSmsInterfaceManager: [IccSmsInterfaceManager] Added GSM cell broadcast subscription for MID range 4379 to 4379 from client com.android.cellbroadcastreceiver
07-03 21:55:59.104  3017  7948 D IccSmsInterfaceManager: [IccSmsInterfaceManager] Calling setCellBroadcastActivation(true)
07-03 21:55:59.118  3017  6375 D IccSmsInterfaceManager: [IccSmsInterfaceManager] enableCdmaBroadcastRange
07-03 21:55:59.119  3017  6375 D IccSmsInterfaceManager: [IccSmsInterfaceManager] Calling setCdmaBroadcastConfig with 1 configurations
07-03 21:55:59.125  3017  6375 D IccSmsInterfaceManager: [IccSmsInterfaceManager] Failed to add cdma broadcast subscription for MID range 4099 to 4099 from client com.android.cellbroadcastreceiver
07-03 21:55:59.136  3017  8017 D IccSmsInterfaceManager: [IccSmsInterfaceManager] enableGsmBroadcastRange
07-03 21:55:59.137  3017  8017 D IccSmsInterfaceManager: [IccSmsInterfaceManager] Added GSM cell broadcast subscription for MID range 4370 to 4370 from client com.android.cellbroadcastreceiver
07-03 21:55:59.137  3017  8017 D IccSmsInterfaceManager: [IccSmsInterfaceManager] Calling setCellBroadcastActivation(true)
07-03 21:55:59.152  3017  8651 D IccSmsInterfaceManager: [IccSmsInterfaceManager] enableCdmaBroadcastRange
07-03 21:55:59.153  3017  8651 D IccSmsInterfaceManager: [IccSmsInterfaceManager] Calling setCdmaBroadcastConfig with 1 configurations
07-03 21:55:59.159  3017  8651 D IccSmsInterfaceManager: [IccSmsInterfaceManager] Failed to add cdma broadcast subscription for MID range 4096 to 4096 from client com.android.cellbroadcastreceiver
07-03 21:55:59.167  3017  7440 D IccSmsInterfaceManager: [IccSmsInterfaceManager] enableGsmBroadcastRange
07-03 21:55:59.167  3017  7440 D IccSmsInterfaceManager: [IccSmsInterfaceManager] Added GSM cell broadcast subscription for MID range 4383 to 4383 from client com.android.cellbroadcastreceiver
07-03 21:55:59.167  3017  7440 D IccSmsInterfaceManager: [IccSmsInterfaceManager] Calling setCellBroadcastActivation(true)
07-03 21:55:59.181  3017  3033 D IccSmsInterfaceManager: [IccSmsInterfaceManager] disableGsmBroadcastRange
07-03 21:55:59.181  3017  3033 D IccSmsInterfaceManager: [IccSmsInterfaceManager] Failed to remove GSM cell broadcast subscription for MID range 50 to 50 from client com.android.cellbroadcastreceiver
07-03 21:55:59.193  3017  7948 D IccSmsInterfaceManager: [IccSmsInterfaceManager] disableGsmBroadcastRange
07-03 21:55:59.193  3017  7948 D IccSmsInterfaceManager: [IccSmsInterfaceManager] Failed to remove GSM cell broadcast subscription for MID range 911 to 928 from client com.android.cellbroadcastreceiver
07-03 21:55:59.235  3017  6375 D IccSmsInterfaceManager: [IccSmsInterfaceManager] disableGsmBroadcastRange
07-03 21:55:59.235  3017  6375 D IccSmsInterfaceManager: [IccSmsInterfaceManager] Failed to remove GSM cell broadcast subscription for MID range 4355 to 4355 from client com.android.cellbroadcastreceiver
07-03 21:55:59.267  3017  8017 D IccSmsInterfaceManager: [IccSmsInterfaceManager] disableGsmBroadcastRange
07-03 21:55:59.268  3017  8017 D IccSmsInterfaceManager: [IccSmsInterfaceManager] Failed to remove GSM cell broadcast subscription for MID range 4380 to 4382 from client com.android.cellbroadcastreceiver
07-03 21:55:59.287  3017  8651 D IccSmsInterfaceManager: [IccSmsInterfaceManager] disableCdmaBroadcastRange
07-03 21:55:59.288  3017  8651 D IccSmsInterfaceManager: [IccSmsInterfaceManager] Failed to remove cdma broadcast subscription for MID range 4100 to 4100 from client com.android.cellbroadcastreceiver
07-03 21:55:59.291  1907  2421 I ActivityManager: Killing 8679:com.android.chrome/u0a50 (adj 15): empty #7
07-03 21:56:02.606   406   592 I ThermalEngine: Sensor:xo_therm_pu2:43000 mC
07-03 21:56:02.619   406   591 I ThermalEngine: Sensor:batt_therm:37500 mC
07-03 21:56:12.611   406   592 I ThermalEngine: Sensor:xo_therm_pu2:43000 mC
07-03 21:56:12.624   406   591 I ThermalEngine: Sensor:batt_therm:37400 mC
07-03 21:56:17.520  1907  2303 V AlarmManager: sending alarm {9aa8c2c type 3 *alarm*:android.intent.action.TIME_TICK}
07-03 21:56:17.522  1907  2303 V AlarmManager: sending alarm {80db858 type 2 *walarm*:com.google.android.intent.action.SEND_IDLE}
07-03 21:56:17.543  1907  1907 V AlarmManager: done {80db858, *walarm*:com.google.android.intent.action.SEND_IDLE} [23ms]
07-03 21:56:17.654  1907  1907 V AlarmManager: done {9aa8c2c, *alarm*:android.intent.action.TIME_TICK} [134ms]
07-03 21:56:18.695  5985  5985 D OtaApp  : debug - PollingMangerService, phone state: 0 0 voice Domestic Roaming data Domestic Roaming Vodafone IN Vodafone 40411 Vodafone IN Vodafone 40411  UMTS HSPA CSS not supported -1 -1 RoamInd=-1 DefRoamInd=-1 EmergOnly=false IsDataRoamingFromRegistration=true
07-03 21:56:18.710  9433  9433 D CellBroadcastReceiver: subscriptionId = 9
07-03 21:56:20.076  1907  1961 I UsageStatsService: User[0] Flushing usage stats to disk
07-03 21:56:22.615   406   592 I ThermalEngine: Sensor:xo_therm_pu2:42000 mC
07-03 21:56:22.628   406   591 I ThermalEngine: Sensor:batt_therm:37300 mC
07-03 21:56:23.405  1907  2299 D BatteryService: uevent={POWER_SUPPLY_TEMP=373, POWER_SUPPLY_STATUS=Charging, POWER_SUPPLY_CAPACITY=90, ACTION=change, DEVPATH=/devices/qpnp-charger-e4a25800/power_supply/battery, POWER_SUPPLY_VOLTAGE_OCV=-22, POWER_SUPPLY_ONLINE=1, SUBSYSTEM=power_supply, POWER_SUPPLY_NUM_SYSTEM_TEMP_LEVELS=4, POWER_SUPPLY_INPUT_CURRENT_MAX=500000, POWER_SUPPLY_VOLTAGE_MAX_DESIGN=4350000, POWER_SUPPLY_CHARGE_FULL=2011000, POWER_SUPPLY_NAME=battery, POWER_SUPPLY_VOLTAGE_MIN_DESIGN=4300000, POWER_SUPPLY_VOLTAGE_MIN=4300000, POWER_SUPPLY_HEALTH=Good, POWER_SUPPLY_CYCLE_COUNT=8, POWER_SUPPLY_TECHNOLOGY=Li-ion, POWER_SUPPLY_CHARGE_TYPE=Fast, POWER_SUPPLY_PRESENT=1, POWER_SUPPLY_INPUT_CURRENT_SETTLED=0, POWER_SUPPLY_MODEL_NAME=UNKNOWN, POWER_SUPPLY_VOLTAGE_NOW=4294164, SEQNUM=79149, POWER_SUPPLY_TEMP_WARM=450, POWER_SUPPLY_TEMP_COOL=0, POWER_SUPPLY_CHARGE_FULL_DESIGN=2022000, POWER_SUPPLY_CURRENT_NOW=-439772, POWER_SUPPLY_CHARGE_COUNTER=149436, POWER_SUPPLY_SYSTEM_TEMP_LEVEL=0, POWER_SUPPLY_INPUT_CURRENT_TRIM=31, POWER_SUPPLY_VOLTAGE_EMPTY=3200000, POWER_SUPPLY_CHARGE_RATE=Normal, POWER_SUPPLY_INPUT_VOLTAGE_REGULATION=0, POWER_SUPPLY_CHARGING_ENABLED=1}
07-03 21:56:23.477  7541  7541 I DownloadManagerWrapper: onReceive() : Charging = true
07-03 21:56:23.528  7541  7541 I DownloadManagerWrapper: onReceive() : Charging = true
07-03 21:56:29.773  1907  2303 V AlarmManager: sending alarm {6c5cffc type 2 *walarm*:android.content.syncmanager.SYNC_ALARM}
07-03 21:56:29.776  1907  1907 V AlarmManager: done {6c5cffc, *walarm*:android.content.syncmanager.SYNC_ALARM} [3ms]
07-03 21:56:29.947  1907  3367 W AppOps  : Bad call: specified package com.google.android.gms under uid 10106 but it is really 10003
07-03 21:56:30.060  3239  3239 I Auth    : [AuthDelegateWrapper] Service intent: Intent { cmp=com.google.android.gms/.auth.account.authenticator.DefaultAuthDelegateService }.
07-03 21:56:30.060  3239  3239 I Auth    : [AuthDelegateWrapper] Service intent: Intent { cmp=com.google.android.gms/.auth.account.authenticator.DefaultAuthDelegateService }.
07-03 21:56:30.447  1907  1922 I art     : Background partial concurrent mark sweep GC freed 19686(1136KB) AllocSpace objects, 4(80KB) LOS objects, 33% free, 30MB/45MB, paused 2.292ms total 136.065ms
07-03 21:56:31.329  3239  3239 V ConnectivityManager: isActiveNetworkMetered() returns:false
07-03 21:56:31.387  3239  3239 V ConnectivityManager: isActiveNetworkMetered() returns:false
07-03 21:56:31.442  3239  3239 V ConnectivityManager: isActiveNetworkMetered() returns:false
07-03 21:56:31.783  2389  2720 I chatty  : uid=10001(com.android.systemui) PhoneStatusBar expire 11 lines
07-03 21:56:32.225  3239  3239 V ConnectivityManager: isActiveNetworkMetered() returns:false
07-03 21:56:32.308 29454 29461 E DataBuffer: Internal data leak within a DataBuffer object detected!  Be sure to explicitly call release() on all DataBuffer extending objects when you are done with them. (Owner:size=1)
07-03 21:56:32.317 29454 29463 I art     : Background partial concurrent mark sweep GC freed 64795(4MB) AllocSpace objects, 7(164KB) LOS objects, 39% free, 13MB/22MB, paused 2.041ms total 161.995ms
07-03 21:56:32.332  4825  9551 I SubscribedFeeds: Received message
07-03 21:56:32.350  1907  2876 I AccountManagerService: getTypesVisibleToCaller: isPermitted? true
07-03 21:56:32.350  1907  5738 I AccountManagerService: getTypesVisibleToCaller: isPermitted? true
07-03 21:56:32.351  1907  3006 I AccountManagerService: getTypesVisibleToCaller: isPermitted? true
07-03 21:56:32.366  4825  9551 I SubscribedFeeds: Received message
07-03 21:56:32.383 29454 29461 E DataBuffer: Internal data leak within a DataBuffer object detected!  Be sure to explicitly call release() on all DataBuffer extending objects when you are done with them. (Owner:size=1)
07-03 21:56:32.448  1907  3367 W AppOps  : Bad call: specified package com.google.android.gms under uid 10106 but it is really 10003
07-03 21:56:32.553 29454  9529 E KeepSync: Error downloading media file1lDvLjz0_wcFJ0yeLlYhq2zlV754gyA
07-03 21:56:32.554 29454  9529 E KeepSync: Downloaded media file failed
07-03 21:56:32.554 29454  9530 E KeepSync: Error downloading media file1Ixdzst1_qHSg0EhtDDk8ps6K7wCUBw
07-03 21:56:32.555 29454  9530 E KeepSync: Downloaded media file failed
07-03 21:56:32.620   406   592 I ThermalEngine: Sensor:xo_therm_pu2:42000 mC
07-03 21:56:32.637   406   591 I ThermalEngine: Sensor:batt_therm:37200 mC
07-03 21:56:33.192  3239  3239 V ConnectivityManager: isActiveNetworkMetered() returns:false
07-03 21:56:33.253  3239  3239 V ConnectivityManager: isActiveNetworkMetered() returns:false
07-03 21:56:33.423  1907  6063 W AppOps  : Bad call: specified package com.google.android.gms under uid 10106 but it is really 10003
07-03 21:56:34.207 29454  9575 E KeepSync: Error downloading media file1Ixdzst1_qHSg0EhtDDk8ps6K7wCUBw
07-03 21:56:34.208 29454  9576 E KeepSync: Error downloading media file1lDvLjz0_wcFJ0yeLlYhq2zlV754gyA
07-03 21:56:34.209 29454  9575 E KeepSync: Downloaded media file failed
07-03 21:56:34.216 29454  9576 E KeepSync: Downloaded media file failed
07-03 21:56:35.742 29454  9585 E KeepSync: Error downloading media file1lDvLjz0_wcFJ0yeLlYhq2zlV754gyA
07-03 21:56:35.743 29454  9585 E KeepSync: Downloaded media file failed
07-03 21:56:35.744 29454  9586 E KeepSync: Error downloading media file1Ixdzst1_qHSg0EhtDDk8ps6K7wCUBw
07-03 21:56:35.745 29454  9586 E KeepSync: Downloaded media file failed
07-03 21:56:41.576  1907  1922 I art     : Background partial concurrent mark sweep GC freed 19920(1126KB) AllocSpace objects, 2(40KB) LOS objects, 33% free, 30MB/45MB, paused 2.298ms total 129.631ms
07-03 21:56:42.624   406   592 I ThermalEngine: Sensor:xo_therm_pu2:42000 mC
07-03 21:56:42.641   406   591 I ThermalEngine: Sensor:batt_therm:37100 mC
07-03 21:56:43.415  1907  2299 D BatteryService: uevent={POWER_SUPPLY_TEMP=371, POWER_SUPPLY_STATUS=Charging, POWER_SUPPLY_CAPACITY=91, ACTION=change, DEVPATH=/devices/qpnp-charger-e4a25800/power_supply/battery, POWER_SUPPLY_VOLTAGE_OCV=-22, POWER_SUPPLY_ONLINE=1, SUBSYSTEM=power_supply, POWER_SUPPLY_NUM_SYSTEM_TEMP_LEVELS=4, POWER_SUPPLY_INPUT_CURRENT_MAX=500000, POWER_SUPPLY_VOLTAGE_MAX_DESIGN=4350000, POWER_SUPPLY_CHARGE_FULL=2011000, POWER_SUPPLY_NAME=battery, POWER_SUPPLY_VOLTAGE_MIN_DESIGN=4300000, POWER_SUPPLY_VOLTAGE_MIN=4300000, POWER_SUPPLY_HEALTH=Good, POWER_SUPPLY_CYCLE_COUNT=8, POWER_SUPPLY_TECHNOLOGY=Li-ion, POWER_SUPPLY_CHARGE_TYPE=Fast, POWER_SUPPLY_PRESENT=1, POWER_SUPPLY_INPUT_CURRENT_SETTLED=0, POWER_SUPPLY_MODEL_NAME=UNKNOWN, POWER_SUPPLY_VOLTAGE_NOW=4287697, SEQNUM=79179, POWER_SUPPLY_TEMP_WARM=450, POWER_SUPPLY_TEMP_COOL=0, POWER_SUPPLY_CHARGE_FULL_DESIGN=2022000, POWER_SUPPLY_CURRENT_NOW=-294226, POWER_SUPPLY_CHARGE_COUNTER=147288, POWER_SUPPLY_SYSTEM_TEMP_LEVEL=0, POWER_SUPPLY_INPUT_CURRENT_TRIM=31, POWER_SUPPLY_VOLTAGE_EMPTY=3200000, POWER_SUPPLY_CHARGE_RATE=Normal, POWER_SUPPLY_INPUT_VOLTAGE_REGULATION=0, POWER_SUPPLY_CHARGING_ENABLED=1}
07-03 21:56:43.494  7541  7541 I DownloadManagerWrapper: onReceive() : Charging = true
07-03 21:56:43.537  7541  7541 I DownloadManagerWrapper: onReceive() : Charging = true
07-03 21:56:44.374  9614  9614 D AndroidRuntime: >>>>>> START com.android.internal.os.RuntimeInit uid 2000 <<<<<<
07-03 21:56:44.397  9614  9614 D AndroidRuntime: CheckJNI is OFF
07-03 21:56:44.537  9614  9614 D ICU     : No timezone override file found: /data/misc/zoneinfo/current/icu/icu_tzdata.dat
07-03 21:56:44.727  9614  9614 I Radio-JNI: register_android_hardware_Radio DONE
07-03 21:56:44.798  9614  9614 D AndroidRuntime: Calling main entry com.android.commands.pm.Pm
07-03 21:56:44.823  1907  2155 I ActivityManager: Start proc 9642:com.android.defcontainer/u0a2 for service com.android.defcontainer/.DefaultContainerService
07-03 21:56:44.958  9203  9203 I Finsky  : [1] com.google.android.vending.verifier.PackageVerificationReceiver.onReceive(41): Verification requested, id = 50
07-03 21:56:48.675  9203  9203 I Finsky  : [1] com.google.android.vending.verifier.ab.a_(1724): Verification id=50 response=0
07-03 21:56:48.678  9203  9203 I Finsky  : [1] com.google.android.vending.verifier.v.b(189): Verification complete: id=50, package_name=com.samplekeyboard
07-03 21:56:48.679  9203  9203 I Finsky  : [1] com.google.android.vending.verifier.v.k(6940): Verifying id=50, result=1
07-03 21:56:48.848  9642  9653 D DefContainer: Copying /data/local/tmp/app-debug.apk to base.apk
07-03 21:56:49.144  1907  2155 I PackageManager.DexOptimizer: Running dexopt (dex2oat) on: /data/app/vmdl1511292430.tmp/base.apk pkg=com.samplekeyboard isa=arm vmSafeMode=false debuggable=true oatDir = /data/app/vmdl1511292430.tmp/oat
07-03 21:56:49.450  9670  9670 I dex2oat : /system/bin/dex2oat -j4 --debuggable
07-03 21:56:49.834  9670  9675 W dex2oat : Before Android 4.1, method int android.support.v7.widget.ListViewCompat.lookForSelectablePosition(int, boolean) would have incorrectly overridden the package-private method in android.widget.ListView
07-03 21:56:49.877  9670  9675 W dex2oat : Before Android 4.1, method android.graphics.PorterDuffColorFilter android.support.graphics.drawable.VectorDrawableCompat.updateTintFilter(android.graphics.PorterDuffColorFilter, android.content.res.ColorStateList, android.graphics.PorterDuff$Mode) would have incorrectly overridden the package-private method in android.graphics.drawable.Drawable
07-03 21:56:51.075  1907  2318 D WifiService: Client connection lost with reason: 4
07-03 21:56:51.096  1907  2405 I ActivityManager: Process com.google.android.googlequicksearchbox:search (pid 9256) has died
07-03 21:56:51.846  1907  3355 I libprocessgroup: Killing pid 9161 in uid 10128 as part of process group 8975
07-03 21:56:51.846  1907  2876 E WifiService: Multicaster binderDied
07-03 21:56:51.846  1907  2318 D WifiService: Client connection lost with reason: 4
07-03 21:56:51.864  1907  3355 I ActivityManager: Process com.estrongs.android.pop (pid 8975) has died
07-03 21:56:52.629   406   592 I ThermalEngine: Sensor:xo_therm_pu2:42000 mC
07-03 21:56:52.646   406   591 I ThermalEngine: Sensor:batt_therm:37000 mC
07-03 21:56:53.412  1907  2876 I ActivityManager: Process com.android.cellbroadcastreceiver (pid 9433) has died
07-03 21:56:53.419  3023  3023 I MemoryTrimmer: Trimming objects from memory, since app is in the background.
07-03 21:56:54.075  9203  9203 I Finsky  : [1] com.google.android.finsky.utils.dm.onTrimMemory(25): Memory trim requested to level 80
07-03 21:56:54.307  9670  9670 I dex2oat : dex2oat took 4.847s (threads: 4) arena alloc=42KB java alloc=2MB native alloc=10MB free=2MB
07-03 21:56:54.426  1907  1965 I ActivityManager: Force stopping com.samplekeyboard appid=10004 user=-1: uninstall pkg
07-03 21:56:54.426  1907  1965 I ActivityManager: Killing 5120:com.samplekeyboard/u0a4 (adj 1): stop com.samplekeyboard
07-03 21:56:54.451  1907  2617 D GraphicsStats: Buffer count: 7
07-03 21:56:54.452  1907  5711 I WindowState: WIN DEATH: Window{c57447d u0 InputMethod}
07-03 21:56:54.495  1907  1907 W InputMethodManagerService: Session failed to close due to remote exception
07-03 21:56:54.495  1907  1907 W InputMethodManagerService: android.os.DeadObjectException
07-03 21:56:54.495  1907  1907 W InputMethodManagerService: 	at android.os.BinderProxy.transactNative(Native Method)
07-03 21:56:54.495  1907  1907 W InputMethodManagerService: 	at android.os.BinderProxy.transact(Binder.java:503)
07-03 21:56:54.495  1907  1907 W InputMethodManagerService: 	at com.android.internal.view.IInputMethodSession$Stub$Proxy.finishSession(IInputMethodSession.java:305)
07-03 21:56:54.495  1907  1907 W InputMethodManagerService: 	at com.android.server.InputMethodManagerService.finishSessionLocked(InputMethodManagerService.java:1586)
07-03 21:56:54.495  1907  1907 W InputMethodManagerService: 	at com.android.server.InputMethodManagerService.clearClientSessionLocked(InputMethodManagerService.java:1577)
07-03 21:56:54.495  1907  1907 W InputMethodManagerService: 	at com.android.server.InputMethodManagerService.clearCurMethodLocked(InputMethodManagerService.java:1603)
07-03 21:56:54.495  1907  1907 W InputMethodManagerService: 	at com.android.server.InputMethodManagerService.onServiceDisconnected(InputMethodManagerService.java:1622)
07-03 21:56:54.495  1907  1907 W InputMethodManagerService: 	at android.app.LoadedApk$ServiceDispatcher.doDeath(LoadedApk.java:1228)
07-03 21:56:54.495  1907  1907 W InputMethodManagerService: 	at android.app.LoadedApk$ServiceDispatcher$RunConnection.run(LoadedApk.java:1242)
07-03 21:56:54.495  1907  1907 W InputMethodManagerService: 	at android.os.Handler.handleCallback(Handler.java:746)
07-03 21:56:54.495  1907  1907 W InputMethodManagerService: 	at android.os.Handler.dispatchMessage(Handler.java:95)
07-03 21:56:54.495  1907  1907 W InputMethodManagerService: 	at android.os.Looper.loop(Looper.java:148)
07-03 21:56:54.495  1907  1907 W InputMethodManagerService: 	at com.android.server.SystemServer.run(SystemServer.java:288)
07-03 21:56:54.495  1907  1907 W InputMethodManagerService: 	at com.android.server.SystemServer.main(SystemServer.java:173)
07-03 21:56:54.495  1907  1907 W InputMethodManagerService: 	at java.lang.reflect.Method.invoke(Native Method)
07-03 21:56:54.495  1907  1907 W InputMethodManagerService: 	at com.android.internal.os.ZygoteInit$MethodAndArgsCaller.run(ZygoteInit.java:728)
07-03 21:56:54.495  1907  1907 W InputMethodManagerService: 	at com.android.internal.os.ZygoteInit.main(ZygoteInit.java:618)
07-03 21:56:54.495  1907  1907 W InputMethodManagerService: Session failed to close due to remote exception
07-03 21:56:54.495  1907  1907 W InputMethodManagerService: android.os.DeadObjectException
07-03 21:56:54.495  1907  1907 W InputMethodManagerService: 	at android.os.BinderProxy.transactNative(Native Method)
07-03 21:56:54.495  1907  1907 W InputMethodManagerService: 	at android.os.BinderProxy.transact(Binder.java:503)
07-03 21:56:54.495  1907  1907 W InputMethodManagerService: 	at com.android.internal.view.IInputMethodSession$Stub$Proxy.finishSession(IInputMethodSession.java:305)
07-03 21:56:54.495  1907  1907 W InputMethodManagerService: 	at com.android.server.InputMethodManagerService.finishSessionLocked(InputMethodManagerService.java:1586)
07-03 21:56:54.495  1907  1907 W InputMethodManagerService: 	at com.android.server.InputMethodManagerService.clearClientSessionLocked(InputMethodManagerService.java:1577)
07-03 21:56:54.495  1907  1907 W InputMethodManagerService: 	at com.android.server.InputMethodManagerService.clearCurMethodLocked(InputMethodManagerService.java:1603)
07-03 21:56:54.495  1907  1907 W InputMethodManagerService: 	at com.android.server.InputMethodManagerService.onServiceDisconnected(InputMethodManagerService.java:1622)
07-03 21:56:54.495  1907  1907 W InputMethodManagerService: 	at android.app.LoadedApk$ServiceDispatcher.doDeath(LoadedApk.java:1228)
07-03 21:56:54.495  1907  1907 W InputMethodManagerService: 	at android.app.LoadedApk$ServiceDispatcher$RunConnection.run(LoadedApk.java:1242)
07-03 21:56:54.495  1907  1907 W InputMethodManagerService: 	at android.os.Handler.handleCallback(Handler.java:746)
07-03 21:56:54.495  1907  1907 W InputMethodManagerService: 	at android.os.Handler.dispatchMessage(Handler.java:95)
07-03 21:56:54.495  1907  1907 W InputMethodManagerService: 	at android.os.Looper.loop(Looper.java:148)
07-03 21:56:54.495  1907  1907 W InputMethodManagerService: 	at com.android.server.SystemServer.run(SystemServer.java:288)
07-03 21:56:54.495  1907  1907 W InputMethodManagerService: 	at com.android.server.SystemServer.main(SystemServer.java:173)
07-03 21:56:54.495  1907  1907 W InputMethodManagerService: 	at java.lang.reflect.Method.invoke(Native Method)
07-03 21:56:54.495  1907  1907 W InputMethodManagerService: 	at com.android.internal.os.ZygoteInit$MethodAndArgsCaller.run(ZygoteInit.java:728)
07-03 21:56:54.495  1907  1907 W InputMethodManagerService: 	at com.android.internal.os.ZygoteInit.main(ZygoteInit.java:618)
07-03 21:56:54.496  1907  1907 W InputMethodManagerService: Session failed to close due to remote exception
07-03 21:56:54.496  1907  1907 W InputMethodManagerService: android.os.DeadObjectException
07-03 21:56:54.496  1907  1907 W InputMethodManagerService: 	at android.os.BinderProxy.transactNative(Native Method)
07-03 21:56:54.496  1907  1907 W InputMethodManagerService: 	at android.os.BinderProxy.transact(Binder.java:503)
07-03 21:56:54.496  1907  1907 W InputMethodManagerService: 	at com.android.internal.view.IInputMethodSession$Stub$Proxy.finishSession(IInputMethodSession.java:305)
07-03 21:56:54.496  1907  1907 W InputMethodManagerService: 	at com.android.server.InputMethodManagerService.finishSessionLocked(InputMethodManagerService.java:1586)
07-03 21:56:54.496  1907  1907 W InputMethodManagerService: 	at com.android.server.InputMethodManagerService.clearClientSessionLocked(InputMethodManagerService.java:1577)
07-03 21:56:54.496  1907  1907 W InputMethodManagerService: 	at com.android.server.InputMethodManagerService.clearCurMethodLocked(InputMethodManagerService.java:1603)
07-03 21:56:54.496  1907  1907 W InputMethodManagerService: 	at com.android.server.InputMethodManagerService.onServiceDisconnected(InputMethodManagerService.java:1622)
07-03 21:56:54.496  1907  1907 W InputMethodManagerService: 	at android.app.LoadedApk$ServiceDispatcher.doDeath(LoadedApk.java:1228)
07-03 21:56:54.496  1907  1907 W InputMethodManagerService: 	at android.app.LoadedApk$ServiceDispatcher$RunConnection.run(LoadedApk.java:1242)
07-03 21:56:54.496  1907  1907 W InputMethodManagerService: 	at android.os.Handler.handleCallback(Handler.java:746)
07-03 21:56:54.496  1907  1907 W InputMethodManagerService: 	at android.os.Handler.dispatchMessage(Handler.java:95)
07-03 21:56:54.496  1907  1907 W InputMethodManagerService: 	at android.os.Looper.loop(Looper.java:148)
07-03 21:56:54.496  1907  1907 W InputMethodManagerService: 	at com.android.server.SystemServer.run(SystemServer.java:288)
07-03 21:56:54.496  1907  1907 W InputMethodManagerService: 	at com.android.server.SystemServer.main(SystemServer.java:173)
07-03 21:56:54.496  1907  1907 W InputMethodManagerService: 	at java.lang.reflect.Method.invoke(Native Method)
07-03 21:56:54.496  1907  1907 W InputMethodManagerService: 	at com.android.internal.os.ZygoteInit$MethodAndArgsCaller.run(ZygoteInit.java:728)
07-03 21:56:54.496  1907  1907 W InputMethodManagerService: 	at com.android.internal.os.ZygoteInit.main(ZygoteInit.java:618)
07-03 21:56:54.521  1907  1965 W ActivityManager: Scheduling restart of crashed service com.samplekeyboard/.SoftKeyboard in 1000ms
07-03 21:56:54.522  1907  1965 I ActivityManager:   Force stopping service ServiceRecord{5d13428 u0 com.samplekeyboard/.SoftKeyboard}
07-03 21:56:54.523  1907  3367 W ActivityManager: Spurious death for ProcessRecord{8df9db 0:com.samplekeyboard/u0a4}, curProc for 5120: null
07-03 21:56:54.636  1907  2155 I PackageManager: Package com.samplekeyboard codePath changed from /data/app/com.samplekeyboard-1 to /data/app/com.samplekeyboard-2; Retaining data and using new
07-03 21:56:54.637  1907  2155 W PackageManager: Code path for com.samplekeyboard changing from /data/app/com.samplekeyboard-1 to /data/app/com.samplekeyboard-2
07-03 21:56:54.637  1907  1965 I ActivityManager: Force stopping com.samplekeyboard appid=10004 user=-1: replace pkg
07-03 21:56:54.637  1907  2155 W PackageManager: Resource path for com.samplekeyboard changing from /data/app/com.samplekeyboard-1 to /data/app/com.samplekeyboard-2
07-03 21:56:56.374  1907  2155 W Settings: Setting install_non_market_apps has moved from android.provider.Settings.Global to android.provider.Settings.Secure, returning read-only value.
07-03 21:56:56.374  1907  2155 I art     : Starting a blocking GC Explicit
07-03 21:56:56.585  1907  2155 I art     : Explicit concurrent mark sweep GC freed 109538(5MB) AllocSpace objects, 34(1024KB) LOS objects, 33% free, 30MB/45MB, paused 2.453ms total 207.133ms
07-03 21:56:56.601  1907  2155 W PackageManager: Couldn't remove dex file for package:  at location /data/app/com.samplekeyboard-1/base.apk, retcode=-1
07-03 21:56:56.602  1907  2155 I ActivityManager: Force stopping com.samplekeyboard appid=10004 user=0: pkg removed
07-03 21:56:56.605  9614  9614 I art     : System.exit called, status: 0
07-03 21:56:56.605  9614  9614 I AndroidRuntime: VM exiting with result code 0.
07-03 21:56:56.619  1907  2155 W ActivityManager: Skipping broadcast of Intent { act=android.intent.action.PACKAGE_REMOVED dat=package:com.samplekeyboard flg=0x4000010 (has extras) }: user 10 is stopped
07-03 21:56:56.624  1907  1907 D JobSchedulerService: Receieved: android.intent.action.PACKAGE_REMOVED
07-03 21:56:56.635  1907  2155 W ActivityManager: Skipping broadcast of Intent { act=android.intent.action.PACKAGE_ADDED dat=package:com.samplekeyboard flg=0x4000010 (has extras) }: user 10 is stopped
07-03 21:56:56.640  1907  2155 W ActivityManager: Skipping broadcast of Intent { act=android.intent.action.PACKAGE_REPLACED dat=package:com.samplekeyboard flg=0x4000010 (has extras) }: user 10 is stopped
07-03 21:56:56.640  1907  2305 I InputReader: Reconfiguring input devices.  changes=0x00000010
07-03 21:56:56.640  1907  2305 W EventHub: Error reading absolute controller 24 for device bma_interrupt fd 106, errno=22
07-03 21:56:56.641  1907  2305 I InputReader: Reconfiguring input devices.  changes=0x00000010
07-03 21:56:56.641  1907  2305 W EventHub: Error reading absolute controller 24 for device bma_interrupt fd 106, errno=22
07-03 21:56:56.643  1907  2305 I InputReader: Reconfiguring input devices.  changes=0x00000010
07-03 21:56:56.644  1907  2305 W EventHub: Error reading absolute controller 24 for device bma_interrupt fd 106, errno=22
07-03 21:56:56.654  1907  3367 I ActivityManager: Start proc 9718:com.android.keychain/1000 for broadcast com.android.keychain/.KeyChainBroadcastReceiver
07-03 21:56:56.655  1907  2155 W ActivityManager: Skipping broadcast of Intent { act=android.intent.action.MY_PACKAGE_REPLACED flg=0x4000010 pkg=com.samplekeyboard (has extras) }: user 10 is stopped
07-03 21:56:56.719  9718  9718 W System  : ClassLoader referenced unknown path: /system/app/KeyChain/lib/arm
07-03 21:56:56.735  9718  9718 W ContextImpl: Calling a method in the system process without a qualified user: android.app.ContextImpl.startService:1221 android.content.ContextWrapper.startService:581 android.content.ContextWrapper.startService:581 com.android.keychain.KeyChainBroadcastReceiver.onReceive:12 android.app.ActivityThread.handleReceiver:2743 
07-03 21:56:56.797  3239  3239 E NetworkScheduler.SR: Invalid parameter app
07-03 21:56:56.797  3239  3239 E NetworkScheduler.SR: Invalid package name : Perhaps you didn't include a PendingIntent in the extras?
07-03 21:56:56.802  2612  9735 D PkgBroadcastIntentOp: Received broadcast action=android.intent.action.PACKAGE_REMOVED and uri=com.samplekeyboard
07-03 21:56:56.809  2612  9735 D AuthPkgBcIntentOp: Received broadcast action=android.intent.action.PACKAGE_REMOVED and uri=com.samplekeyboard
07-03 21:56:57.004  2612  9735 D WearableController: Received broadcast action=android.intent.action.PACKAGE_REMOVED and uri=com.samplekeyboard
07-03 21:56:57.013  3017  3017 D CarrierServiceBindHelper: Receive action: android.intent.action.PACKAGE_REMOVED
07-03 21:56:57.051  2612  3819 E Drive.UninstallOperation: Package still installed com.samplekeyboard
07-03 21:56:57.100  3017  3017 D CarrierServiceBindHelper: Receive action: android.intent.action.PACKAGE_ADDED
07-03 21:56:57.100  3017  3017 D CarrierServiceBindHelper: Receive action: android.intent.action.PACKAGE_REPLACED
07-03 21:56:57.101  3017  3017 D CarrierServiceBindHelper: mHandler: 3
07-03 21:56:57.101  3017  3017 D CarrierServiceBindHelper: mHandler: 3
07-03 21:56:57.101  3017  3017 D CarrierServiceBindHelper: mHandler: 3
07-03 21:56:57.102  3017  3017 D CarrierConfigLoader: mHandler: 9 phoneId: 0
07-03 21:56:57.110  2612  9735 D gH_CompatibleDatabase: Open irg@730256e, release reference: 1
07-03 21:56:57.128  2612  9735 D gH_CompatibleDatabase: Acquire reference of irg@730256e: 2
07-03 21:56:57.134  2612  9735 D gH_MetricsDatabase: 0 metrics were deleted when clearing package com.samplekeyboard.
07-03 21:56:57.134  2612  9735 D gH_CompatibleDatabase: Release reference of irg@730256e: 1
07-03 21:56:57.146  2612  9735 D gH_CompatibleDatabase: Open irg@e4166a5, release reference: 1
07-03 21:56:57.160  1907  2405 I ActivityManager: Start proc 9742:com.google.android.apps.docs/u0a68 for broadcast com.google.android.apps.docs/.receivers.AppPackageAddRemoveReceiver
07-03 21:56:57.173  2612  9735 D gH_CompatibleDatabase: Acquire reference of irg@e4166a5: 2
07-03 21:56:57.177  2612  9735 D gH_CompatibleDatabase: Release reference of irg@e4166a5: 1
07-03 21:56:57.177  2612  9735 D gH_CompatibleDatabase: Open irg@2d8722b, release reference: 1
07-03 21:56:57.210  2612  9735 D gH_CompatibleDatabase: Acquire reference of irg@2d8722b: 2
07-03 21:56:57.216  2612  9735 D gH_CompatibleDatabase: Release reference of irg@2d8722b: 1
07-03 21:56:57.238  2612  9735 D gH_CompatibleDatabase: Close irg@730256e, release reference: 0
07-03 21:56:57.238  2612  9735 D gH_CompatibleDatabase: Close irg@e4166a5, release reference: 0
07-03 21:56:57.238  2612  9735 D gH_CompatibleDatabase: Close irg@2d8722b, release reference: 0
07-03 21:56:58.392  1907  2917 I AccountManagerService: getTypesVisibleToCaller: isPermitted? true
07-03 21:56:58.394  9742  9759 I GAv4    : Google Analytics 8.4.87 is starting up. To enable debug logging on a device run:
07-03 21:56:58.394  9742  9759 I GAv4    :   adb shell setprop log.tag.GAv4 DEBUG
07-03 21:56:58.394  9742  9759 I GAv4    :   adb logcat -s GAv4
07-03 21:56:58.419  9742  9759 W GAv4    : AnalyticsReceiver is not registered or is disabled. Register the receiver for reliable dispatching on non-Google Play devices. See http://goo.gl/8Rd3yj for instructions.
07-03 21:56:58.425  9742  9759 W GAv4    : CampaignTrackingReceiver is not registered, not exported or is disabled. Installation campaign tracking is not possible. See http://goo.gl/8Rd3yj for instructions.
07-03 21:56:58.433  9742  9765 W GAv4    : AnalyticsService not registered in the app manifest. Hits might not be delivered reliably. See http://goo.gl/8Rd3yj for instructions.
07-03 21:56:58.460  1907  2767 I AccountManagerService: getTypesVisibleToCaller: isPermitted? true
07-03 21:56:58.670  1907  2876 I AccountManagerService: getTypesVisibleToCaller: isPermitted? true
07-03 21:56:58.690  1907  2767 I ActivityManager: Start proc 9782:com.google.android.googlequicksearchbox:search/u0a28 for broadcast com.google.android.googlequicksearchbox/com.google.android.apps.gsa.search.core.icingsync.IcingCorporaChangedReceiver
07-03 21:56:58.917  1907  2305 I PowerManagerService: Waking up from sleep (uid 1000)...
07-03 21:56:58.919  1907  1907 V KeyguardServiceDelegate: onStartedWakingUp()
07-03 21:56:58.921  1907  2134 V KeyguardServiceDelegate: onScreenTurnedOn(showListener = com.android.server.policy.PhoneWindowManager$2@c6e7aa1)
07-03 21:56:58.926   359   359 D SurfaceFlinger: Set power mode=2, type=0 flinger=0xb7139df8
07-03 21:56:58.926  1907  2123 I DisplayManagerService: Display device changed state: "Built-in Screen", ON
07-03 21:56:58.926   359   359 D qdhwcomposer: hwc_setPowerMode: Setting mode 2 on display: 0
07-03 21:56:58.956  1907  5711 V KeyguardServiceDelegate: **** SHOWN CALLED ****
07-03 21:56:58.969  1907  1907 D bsthal  : activate, handle: 1598182229, enabled: 1, index 0
07-03 21:56:58.969  1907  1907 E bsthal  : <BST> enable accel, orig state: 0
07-03 21:56:58.969  1907  1907 I bsthal  : <BST> enable sensor <BOSCH BMC150 Acceleration Sensor>
07-03 21:56:58.969  1907  1907 D bsthal  : setDelay, handle: 1598182229 delay: 200000000
07-03 21:56:58.969  1907  1907 E bsthal  : <BST> set delay: 200000000ns
07-03 21:56:58.969  1907  1907 I bsthal  : <BST> set delay of <BOSCH BMC150 Acceleration Sensor> to 200ms
07-03 21:56:58.969   392 24842 D audio_hw_primary: adev_set_parameters: enter: screen_state=on
07-03 21:56:58.970   392 24842 D audio_hw_fm: audio_extn_fm_set_parameters: Inside
07-03 21:56:58.970   392 24842 V audio_hw_fm: audio_extn_fm_set_parameters: enter
07-03 21:56:58.970   392 24842 V audio_hw_fm: audio_extn_fm_set_parameters: exit
07-03 21:56:58.970   392 24842 E bt_a2dp_hw: adev_set_parameters: ERROR: set param called even when stream out is null
07-03 21:56:58.983  1907  2313 E native  : do suspend false
07-03 21:56:58.991  2389  2389 I chatty  : uid=10001(com.android.systemui) expire 47 lines
07-03 21:56:59.012  1907  2313 D WifiConfigStore: No blacklist allowed without epno enabled
07-03 21:56:59.126   359  1033 I qdhwcomposer: handle_blank_event: dpy:0 panel power state: 1
07-03 21:56:59.126   359   359 I qdhwcomposer: enable_dcabc: Done setting UI mode
07-03 21:56:59.126   359   359 D qdhwcomposer: hwc_setPowerMode: Done setting mode 2 on display 0
07-03 21:56:59.130  1907  2356 D SurfaceControl: Excessive delay in setPowerMode(): 204ms
07-03 21:56:59.131  1907  2134 V KeyguardServiceDelegate: onScreenTurnedOn()
07-03 21:56:59.133   359  1046 I SFPerfTracer:      triggers: (rate: 0:117) (37906 sw vsyncs) (0 skipped) (0:772219 vsyncs) (166:894100)
07-03 21:56:59.135  3239  3239 D ScreenOnOffReceiver: Received intent: Intent { act=android.intent.action.SCREEN_ON flg=0x50000010 }.
07-03 21:56:59.215  3239  3249 I art     : Background partial concurrent mark sweep GC freed 56739(4MB) AllocSpace objects, 94(1880KB) LOS objects, 40% free, 13MB/23MB, paused 1.816ms total 173.844ms
07-03 21:56:59.270  1907  1932 I ActivityManager: Start proc 9806:com.nis.app/u0a111 for broadcast com.nis.app/com.appsflyer.AppsFlyerLib
07-03 21:56:59.339  9806  9806 W System  : ClassLoader referenced unknown path: /data/app/com.nis.app-2/lib/arm
07-03 21:56:59.524  9806  9822 I GMPM    : App measurement is starting up
07-03 21:56:59.708  9806  9806 I CrashlyticsCore: Initializing Crashlytics 2.3.8.97
07-03 21:56:59.850  9806  9849 I GAv4    : Google Analytics 8.2.98 is starting up. To enable debug logging on a device run:
07-03 21:56:59.850  9806  9849 I GAv4    :   adb shell setprop log.tag.GAv4 DEBUG
07-03 21:56:59.850  9806  9849 I GAv4    :   adb logcat -s GAv4
07-03 21:56:59.896  3239  3425 I ClearcutLoggerApiImpl: disconnect managed GoogleApiClient
07-03 21:56:59.953  9806  9862 D com.facebook.appevents.AppEventsLogger: Got unexpected exception: java.io.InvalidClassException: com.facebook.appevents.AppEventsLogger$AppEvent; Incompatible class (SUID): com.facebook.appevents.AppEventsLogger$AppEvent: static final long serialVersionUID =2688263401525833667L; but expected com.facebook.appevents.AppEventsLogger$AppEvent: static final long serialVersionUID =-3011013148589614728L;
07-03 21:56:59.974  9806  9859 I AppsFlyer_3.0: setCustomerUserId = 353321061714500
07-03 21:56:59.997  9806  9860 D com.facebook.accountkit.internal.FacebookAppEventLogger: NoSuchMethodException: isInitialized []
07-03 21:57:00.001  1907  2303 V AlarmManager: sending alarm {9aa8c2c type 3 *alarm*:android.intent.action.TIME_TICK}
07-03 21:57:00.066  9806  9806 I AppsFlyer_3.0: Received ACTION_PACKAGE_REMOVED intent
07-03 21:57:00.066  9806  9806 I AppsFlyer_3.0: ****** onReceive called *******
07-03 21:57:00.067  9806  9806 I AppsFlyer_3.0: Play store referrer: null
07-03 21:57:00.091  1907  1932 I ActivityManager: Start proc 9876:com.lenovo.anyshare.gps/u0a146 for broadcast com.lenovo.anyshare.gps/com.ushareit.family.FamilyReceiver
07-03 21:57:00.093  1907  1932 I ActivityManager: Killing 9324:com.google.android.partnersetup/u0a17 (adj 15): empty #7
07-03 21:57:00.234  1907  1907 V AlarmManager: done {9aa8c2c, *alarm*:android.intent.action.TIME_TICK} [234ms]
07-03 21:57:00.296  9876  9876 I AS.     : 21:57:00.296[1] Logger Started, DebugVersion = false
07-03 21:57:00.361   359   359 I SFPerfTracer:      triggers: (rate: 894:25895) (compose: 0:28) (post: 0:17) (render: 80:2468) (72:471379 frames) (73:542053)
07-03 21:57:00.362   359   359 D SFPerfTracer:        layers: (2:12) (FocusedStackFrame (0xb71ba600): 0:5285)* (DimLayer (0xb7280f80): 0:82)* (DimLayer (0xb7283cf8): 0:8)* (StatusBar (0xb7260098): 72:123364) (com.android.systemui.ImageWallpaper (0xb7278a30): 0:4307) (DimLayer (0xb7279cf8): 0:446)* (DimLayer (0xb72872c0): 0:238)* (NavigationBar (0xb727f888): 0:126)- (com.google.android.keep/com.google.android.keep.activities.BrowseActivity (0xb727afc0): 3:192)* (InputMethod (0xb7288a80): 0:68)- (PopupWindow:19b78fa (0xb7209db8): 0:34)- (ColorFade (0xb7247ac0): 0:27)- 
07-03 21:57:00.382  1907  3005 I ActivityManager: Start proc 9894:com.quickoffice.android/u0a72 for broadcast com.quickoffice.android/com.qo.android.quickoffice.QOBroadcastReceiver
07-03 21:57:00.383  1907  3005 I ActivityManager: Killing 4825:com.google.process.gapps/u0a3 (adj 15): empty #7
07-03 21:57:00.467  9894  9894 W System  : ClassLoader referenced unknown path: /data/app/com.quickoffice.android-1/lib/arm
07-03 21:57:00.642  9894  9894 W Quickoffice: Cleanup of storage: done
07-03 21:57:00.648  9894  9911 D com.google.android.apps.docs.quickoffice.X: Loading recent documents list
07-03 21:57:00.659  9894  9912 D Quickoffice: The number of lines present in  /proc/mount 30
07-03 21:57:00.670  9894  9912 D Quickoffice: Parsing the storagedefinition.xml.
07-03 21:57:00.685  9894  9912 D Quickoffice: # of Storagedefinitions - 35
07-03 21:57:00.685  9894  9912 D Quickoffice: The # of storage definitions available - 35
07-03 21:57:00.685  9894  9912 D Quickoffice: Processing mountline rootfs / rootfs ro,seclabel,relatime 0 0
07-03 21:57:00.686  9894  9912 D Quickoffice: Processing mountline tmpfs /dev tmpfs rw,seclabel,nosuid,relatime,size=448088k,nr_inodes=112022,mode=755 0 0
07-03 21:57:00.686  9894  9912 D Quickoffice: Processing mountline devpts /dev/pts devpts rw,seclabel,relatime,mode=600 0 0
07-03 21:57:00.687  9894  9912 D Quickoffice: Processing mountline none /dev/cpuctl cgroup rw,relatime,cpu 0 0
07-03 21:57:00.687  9894  9912 D Quickoffice: Processing mountline proc /proc proc rw,relatime 0 0
07-03 21:57:00.687  9894  9912 D Quickoffice: Processing mountline sysfs /sys sysfs rw,seclabel,relatime 0 0
07-03 21:57:00.688  9894  9912 D Quickoffice: Processing mountline selinuxfs /sys/fs/selinux selinuxfs rw,relatime 0 0
07-03 21:57:00.688  9894  9912 D Quickoffice: Processing mountline debugfs /sys/kernel/debug debugfs rw,seclabel,relatime 0 0
07-03 21:57:00.688  9894  9912 D Quickoffice: Processing mountline none /sys/fs/cgroup tmpfs rw,seclabel,relatime,size=448088k,nr_inodes=112022,mode=750,gid=1000 0 0
07-03 21:57:00.689  9894  9912 D Quickoffice: Processing mountline none /acct cgroup rw,relatime,cpuacct 0 0
07-03 21:57:00.689  9894  9912 D Quickoffice: Processing mountline tmpfs /mnt tmpfs rw,seclabel,relatime,size=448088k,nr_inodes=112022,mode=755,gid=1000 0 0
07-03 21:57:00.690  9894  9912 D Quickoffice: Processing mountline /data/media /mnt/runtime/default/emulated esdfs rw,nosuid,nodev,noexec,relatime,upper=0:1015:660:771,derive=multi,noconfine 0 0
07-03 21:57:00.690  9894  9912 D Quickoffice: Processing mountline /data/media /mnt/runtime/read/emulated esdfs rw,nosuid,nodev,noexec,relatime,upper=0:9997:640:750,derive=multi,noconfine 0 0
07-03 21:57:00.690  9894  9912 D Quickoffice: Processing mountline /data/media /mnt/runtime/write/emulated esdfs rw,nosuid,nodev,noexec,relatime,upper=0:9997:640:770,derive=multi,noconfine 0 0
07-03 21:57:00.691  9894  9912 D Quickoffice: Processing mountline /dev/block/vold/public:179,65 /mnt/media_rw/6436-6433 vfat rw,dirsync,nosuid,nodev,noexec,relatime,uid=1023,gid=1023,fmask=0007,dmask=0007,allow_utime=0020,codepage=cp437,iocharset=iso8859-1,shortname=mixed,utf8,errors=remount-ro 0 0
07-03 21:57:00.691  9894  9912 D Quickoffice: Build properties are not configured for this storage definition.
07-03 21:57:00.692  9894  9912 D Quickoffice: Processing mountline /dev/block/vold/public:179,65 /mnt/secure/asec vfat rw,dirsync,nosuid,nodev,noexec,relatime,uid=1023,gid=1023,fmask=0007,dmask=0007,allow_utime=0020,codepage=cp437,iocharset=iso8859-1,shortname=mixed,utf8,errors=remount-ro 0 0
07-03 21:57:00.695  9894  9912 D Quickoffice: Processing mountline /mnt/media_rw/6436-6433 /mnt/runtime/default/6436-6433 esdfs rw,nosuid,nodev,noexec,relatime,upper=0:1015:660:771,derive=public,confine 0 0
07-03 21:57:00.695  9894  9912 D Quickoffice: Build properties are not configured for this storage definition.
07-03 21:57:00.695  9894  9912 D Quickoffice: Processing mountline /mnt/media_rw/6436-6433 /mnt/runtime/read/6436-6433 esdfs rw,nosuid,nodev,noexec,relatime,upper=0:9997:640:750,derive=public,confine 0 0
07-03 21:57:00.695  9894  9912 D Quickoffice: Build properties are not configured for this storage definition.
07-03 21:57:00.695  9894  9912 D Quickoffice: Processing mountline /mnt/media_rw/6436-6433 /mnt/runtime/write/6436-6433 esdfs rw,nosuid,nodev,noexec,relatime,upper=0:9997:640:770,derive=public,confine 0 0
07-03 21:57:00.695  9894  9912 D Quickoffice: Build properties are not configured for this storage definition.
07-03 21:57:00.696  9894  9912 D Quickoffice: Processing mountline /dev/block/platform/msm_sdcc.1/by-name/system /system ext4 ro,seclabel,relatime,data=ordered 0 0
07-03 21:57:00.696  9894  9912 D Quickoffice: Processing mountline /dev/block/platform/msm_sdcc.1/by-name/userdata /data f2fs rw,seclabel,nosuid,nodev,noatime,nodiratime,background_gc=on,discard,user_xattr,inline_xattr,acl,inline_data,nobarrier,active_logs=6 0 0
07-03 21:57:00.697  9894  9912 D Quickoffice: Processing mountline /dev/block/platform/msm_sdcc.1/by-name/cache /cache ext4 rw,seclabel,nosuid,nodev,noatime,nodiratime,data=ordered 0 0
07-03 21:57:00.697  9894  9912 D Quickoffice: Processing mountline /dev/block/platform/msm_sdcc.1/by-name/pds /pds ext4 rw,seclabel,nosuid,nodev,noatime,nodiratime,errors=remount-ro,data=ordered 0 0
07-03 21:57:00.697  9894  9912 D Quickoffice: Processing mountline /dev/block/platform/msm_sdcc.1/by-name/persist /persist ext4 rw,seclabel,nosuid,nodev,relatime,data=ordered 0 0
07-03 21:57:00.698  9894  9912 D Quickoffice: Processing mountline /dev/block/platform/msm_sdcc.1/by-name/modem /firmware ext4 ro,context=u:object_r:firmware_file:s0,nosuid,nodev,relatime,data=ordered 0 0
07-03 21:57:00.699  9894  9912 D Quickoffice: Processing mountline /dev/block/platform/msm_sdcc.1/by-name/fsg /fsg ext4 ro,context=u:object_r:fsg_file:s0,nosuid,nodev,relatime 0 0
