07-03 21:30:04.435  7541  7541 I LatinIme: Decoder.getLoudsLmContentVersion-time = []
07-03 21:30:04.435  7541  7541 I LatinIme: Decoder.loadLanguageModel.BLACKLIST-time = []
07-03 21:30:04.435  7541  7541 I LatinIme: Decoder.loadLanguageModel.CONTACTS-time = []
07-03 21:30:04.435  7541  7541 I LatinIme: Decoder.loadLanguageModel.MAIN-time = []
07-03 21:30:04.435  7541  7541 I LatinIme: Decoder.loadLanguageModel.PERSONAL_DICTIONARY-time = []
07-03 21:30:04.435  7541  7541 I LatinIme: Decoder.loadLanguageModel.USER_HISTORY-time = []
07-03 21:30:04.435  7541  7541 I LatinIme: Decoder.parseInputContext-time = [0 -> [0 -> [Min = 0 : Average = 0 : Max = 2]]
07-03 21:30:04.435  7541  7541 I LatinIme: Decoder.scrubDeleteFinish-time = []
07-03 21:30:04.435  7541  7541 I LatinIme: Decoder.selectTextCandidate-time = [0 -> [0 -> [Min = 16 : Average = 17 : Max = 19]]
07-03 21:30:04.435  7541  7541 I LatinIme: Decoder.setKeyboardLayout-time = [0 -> [0 -> [Min = 4 : Average = 171 : Max = 292]]
07-03 21:30:04.435  7541  7541 I LatinIme: Decoder.setRuntimeParams-time = [0 -> [0 -> [Min = 0 : Average = 2 : Max = 12]]
07-03 21:30:04.435  7541  7541 I LatinIme: DecoderWrapper.createOrResetDecoder-time = []
07-03 21:30:04.435  7541  7541 I LatinIme: DecoderWrapper.decodeGesture-time = []
07-03 21:30:04.435  7541  7541 I LatinIme: DecoderWrapper.decodeTouch-time = [0 -> [0 -> [Min = 0 : Average = 17 : Max = 268]]
07-03 21:30:04.435  7541  7541 I LatinIme: DecoderWrapper.fetchSuggestions-time = [0 -> [0 -> [Min = 1 : Average = 87 : Max = 453]]
07-03 21:30:04.435  7541  7541 I LatinIme: DecoderWrapper.scrubDeleteFinish-time = []
07-03 21:30:04.435  7541  7541 I LatinIme: DecoderWrapper.scrubDeleteStart-time = []
07-03 21:30:04.435  7541  7541 I LatinIme: DecoderWrapper.selectTextCandidate-time = [0 -> [0 -> [Min = 21 : Average = 22 : Max = 24]]
07-03 21:30:04.435  7541  7541 I LatinIme: onDeactivate() : Input Context Metrics = 
07-03 21:30:04.457  7541  7541 I ClearcutLoggerManager: onFinishInput()
07-03 21:30:04.469  7541  7541 I ClearcutLoggerManager: onStartInput()
07-03 21:30:04.479  7541  7541 I LatinIme: onActivate() : EditorInfo = Package = com.whatsapp : Type = Text : Learning = Enable : Suggestion = Show : AutoCorrection = Enable : Microphone = Show
07-03 21:30:04.484 19181 19181 W IInputConnectionWrapper: beginBatchEdit on inactive InputConnection
07-03 21:30:04.484 19181 19181 W IInputConnectionWrapper: getSelectedText on inactive InputConnection
07-03 21:30:04.485 19181 19181 W IInputConnectionWrapper: endBatchEdit on inactive InputConnection
07-03 21:30:04.485 19181 19181 W IInputConnectionWrapper: getTextBeforeCursor on inactive InputConnection
07-03 21:30:04.486 19181 19181 W IInputConnectionWrapper: getTextAfterCursor on inactive InputConnection
07-03 21:30:04.526   359   359 I SFPerfTracer:      triggers: (rate: 876:25195) (compose: 0:27) (post: 0:15) (render: 77:2393) (0:459077 frames) (1:527193)
07-03 21:30:04.526   359   359 D SFPerfTracer:        layers: (4:11) (FocusedStackFrame (0xb71ba600): 0:5183)* (DimLayer (0xb7280f80): 0:82)* (DimLayer (0xb7283cf8): 0:8)* (StatusBar (0xb7260098): 0:119949) (com.android.systemui.ImageWallpaper (0xb7278a30): 0:4198)* (DimLayer (0xb7279cf8): 0:446)* (DimLayer (0xb72872c0): 0:206)* (NavigationBar (0xb7209e90): 0:35) (com.whatsapp/com.whatsapp.Conversation (0xb7266870): 0:631) (InputMethod (0xb724be70): 0:406) (ColorFade (0xb727f888): 1:2)* 
07-03 21:30:04.792  7541  7541 I LatinMotionHandler: consumeEvent() : GestureTypingEnabled = true
07-03 21:30:04.832   392 27988 D ExtendedUtils: extended extractor not needed, return default
07-03 21:30:04.834   392 27987 D NuPlayerDriver: notifyListener_l(0xb7890710), (1, 0, 0)
07-03 21:30:04.834 19181 27986 D MediaPlayer: setSubtitleAnchor in MediaPlayer
07-03 21:30:04.844   392 24842 D NuPlayerDriver: start(0xb7890710), state is 4, eos is 0
07-03 21:30:04.844   392 27987 I GenericSource: start
07-03 21:30:04.857   392 27992 E OMXNodeInstance: setConfig(2a0:google.aac.decoder, ConfigPriority(0x6f800002)) ERROR: Undefined(0x80001001)
07-03 21:30:04.857   392 27992 I ACodec  : codec does not support config priority (err -2147483648)
07-03 21:30:04.858   392 27992 I MediaCodec: MediaCodec will operate in async mode
07-03 21:30:04.860   392 27993 I SoftAAC2: limiting to stereo output
07-03 21:30:04.861   392 27993 I SoftAAC2: Reconfiguring decoder: 0->44100 Hz, 0->1 channels
07-03 21:30:04.867   392  1038 D audio_hw_primary: out_set_parameters: enter: usecase(1: low-latency-playback) kvpairs: routing=4194304
07-03 21:30:04.867   392  1038 D audio_hw_fm: audio_extn_fm_set_parameters: Inside
07-03 21:30:04.867   392  1038 V audio_hw_fm: audio_extn_fm_set_parameters: enter
07-03 21:30:04.867   392  1038 V audio_hw_fm: audio_extn_fm_set_parameters: exit
07-03 21:30:04.868   392 27987 D NuPlayerDriver: notifyListener_l(0xb7890710), (6, 0, 0)
07-03 21:30:04.877   392  1037 D audio_hw_primary: select_devices: out_snd_device(4: speaker-safe) in_snd_device(0: none)
07-03 21:30:04.877   392  1037 D msm8974_platform: platform_send_audio_calibration: sending audio calibration for snd_device(4) acdb_id(15)
07-03 21:30:04.878   392  1037 D ACDB-LOADER: ACDB -> send_audio_cal, acdb_id = 15, path =  0
07-03 21:30:04.878   392  1037 D ACDB-LOADER: ACDB -> send_adm_topology
07-03 21:30:04.878   392  1037 D ACDB-LOADER: ACDB -> ACDB_CMD_GET_AUDPROC_COMMON_TOPOLOGY_ID
07-03 21:30:04.878   392  1037 D ACDB-LOADER: ACDB -> send_audtable
07-03 21:30:04.878   392  1037 D ACDB-LOADER: ACDB -> ACDB_CMD_GET_AUDPROC_COMMON_TABLE
07-03 21:30:04.878   392  1037 D ACDB-LOADER: ACDB -> AUDIO_SET_AUDPROC_CAL
07-03 21:30:04.878   392  1037 D ACDB-LOADER: ACDB -> send_audvoltable
07-03 21:30:04.878   392  1037 D ACDB-LOADER: ACDB -> ACDB_CMD_GET_AUDPROC_GAIN_DEP_STEP_TABLE
07-03 21:30:04.878   392  1037 D ACDB-LOADER: ACDB -> AUDIO_SET_AUDPROC_VOL_CAL
07-03 21:30:04.878   392  1037 D ACDB-LOADER: ACDB -> send_afe_cal
07-03 21:30:04.878   392  1037 D ACDB-LOADER: ACDB -> ACDB_CMD_GET_AFE_COMMON_TABLE
07-03 21:30:04.878   392  1037 D         : Failed to fetch the lookup information of the device 0000000F 
07-03 21:30:04.878   392  1037 D ACDB-LOADER: ACDB -> AUDIO_SET_AFE_CAL
07-03 21:30:04.878   392  1037 D audio_hw_primary: enable_snd_device: snd_device(4: speaker-safe)
07-03 21:30:04.883   392  1037 D audio_hw_primary: enable_audio_route: apply and update mixer path: low-latency-playback speaker
07-03 21:30:04.930  1907  2134 V KeyguardServiceDelegate: onScreenTurnedOff()
07-03 21:30:04.931  1907  2123 I DisplayManagerService: Display device changed state: "Built-in Screen", OFF
07-03 21:30:04.931   359   359 D SurfaceFlinger: Set power mode=0, type=0 flinger=0xb7139df8
07-03 21:30:04.931   359   359 D qdhwcomposer: hwc_setPowerMode: Setting mode 0 on display: 0
07-03 21:30:05.237   359  1033 I qdhwcomposer: handle_blank_event: dpy:0 panel power state: 0
07-03 21:30:05.238   359   359 I qdhwcomposer: enable_dcabc: Done setting OFF mode
07-03 21:30:05.238   359   359 D qdhwcomposer: hwc_setPowerMode: Done setting mode 0 on display 0
07-03 21:30:05.239  1907  2356 D SurfaceControl: Excessive delay in setPowerMode(): 307ms
07-03 21:30:05.241  1907  2134 I PowerManagerService: Sleeping (uid 1000)...
07-03 21:30:05.263  1907  1907 D bsthal  : activate, handle: 1598182229, enabled: 0, index 0
07-03 21:30:05.263  1907  1907 E bsthal  : <BST> disable accel, orig state: 1
07-03 21:30:05.263  1907  1907 I bsthal  : <BST> disable sensor <BOSCH BMC150 Acceleration Sensor>
07-03 21:30:05.269   392  2976 D audio_hw_primary: adev_set_parameters: enter: screen_state=off
07-03 21:30:05.269   392  2976 D audio_hw_fm: audio_extn_fm_set_parameters: Inside
07-03 21:30:05.269   392  2976 V audio_hw_fm: audio_extn_fm_set_parameters: enter
07-03 21:30:05.269   392  2976 V audio_hw_fm: audio_extn_fm_set_parameters: exit
07-03 21:30:05.269   392  2976 E bt_a2dp_hw: adev_set_parameters: ERROR: set param called even when stream out is null
07-03 21:30:05.284  1907  2313 E native  : do suspend true
07-03 21:30:05.287  2389  2720 I NetworkController.MotorolaMobileSignalController(9): MotorolaMobilePhoneStateListener.onDataActivity: Entered: direction=0
07-03 21:30:05.287  2389  2720 I NetworkController.MotorolaMobileSignalController(5): MotorolaMobilePhoneStateListener.onDataActivity: Entered: direction=0
07-03 21:30:05.287  2389  2720 I NetworkController.MotorolaMobileSignalController(9): MotorolaMobilePhoneStateListener.onDataActivity: Entered: direction=0
07-03 21:30:05.287  2389  2720 I NetworkController.MotorolaMobileSignalController(5): MotorolaMobilePhoneStateListener.onDataActivity: Entered: direction=0
07-03 21:30:05.290  2389  2720 I NetworkController.MotorolaMobileSignalController(9): MotorolaMobilePhoneStateListener.onDataActivity: Entered: direction=0
07-03 21:30:05.290  2389  2720 I NetworkController.MotorolaMobileSignalController(5): MotorolaMobilePhoneStateListener.onDataActivity: Entered: direction=0
07-03 21:30:05.294  2389  2720 I NetworkController.MotorolaMobileSignalController(9): MotorolaMobilePhoneStateListener.onDataActivity: Entered: direction=0
07-03 21:30:05.295  2389  2720 I NetworkController.MotorolaMobileSignalController(5): MotorolaMobilePhoneStateListener.onDataActivity: Entered: direction=0
07-03 21:30:05.310  3239  3239 D ScreenOnOffReceiver: Received intent: Intent { act=android.intent.action.SCREEN_OFF flg=0x50000010 }.
07-03 21:30:05.311  3239  3239 D Coffee-OneTimeAuthTrustlet: screen off
07-03 21:30:05.312  3239  3239 D Coffee-OneTimeAuthTrustlet: screen off
07-03 21:30:05.318  7541  7541 I GoogleInputMethod: onReceive() : Action = android.intent.action.SCREEN_OFF
07-03 21:30:05.339  1907  1965 I ActivityManager: Start proc 28001:com.google.android.googlequicksearchbox:search/u0a28 for broadcast com.google.android.googlequicksearchbox/com.google.android.apps.gsa.sidekick.main.kato.RequestScheduleEvaluatorService$ContextManagerReceiver
07-03 21:30:06.542  1907  2318 D WifiService: New client listening to asynchronous messages
07-03 21:30:06.614  1907  2767 I AccountManagerService: getTypesVisibleToCaller: isPermitted? true
07-03 21:30:06.714  1907  3355 I ActivityManager: Start proc 28040:com.google.android.partnersetup/u0a17 for content provider com.google.android.partnersetup/.RlzAppProvider
07-03 21:30:06.755   392 27991 I NuPlayerDecoder: [audio] saw output EOS
07-03 21:30:06.796 28040 28040 W System  : ClassLoader referenced unknown path: /system/priv-app/GooglePartnerSetup/lib/arm
07-03 21:30:06.861  1907  2405 I ActivityManager: Killing 25660:com.google.process.gapps/u0a3 (adj 15): empty #7
07-03 21:30:06.938  1907  2617 I ActivityManager: Killing 27593:com.qualcomm.timeservice/1000 (adj 15): empty #7
07-03 21:30:07.186   392 27987 D NuPlayerDriver: notifyListener_l(0xb7890710), (2, 0, 0)
07-03 21:30:07.275   392  1038 D audio_hw_primary: disable_audio_route: reset and update mixer path: low-latency-playback speaker
07-03 21:30:07.276   392  1038 D audio_hw_primary: disable_snd_device: snd_device(4: speaker-safe)
07-03 21:30:09.427  1907  2303 V AlarmManager: sending alarm {3c1736c type 2 *walarm*:com.android.internal.policy.impl.PhoneWindowManager.DELAYED_KEYGUARD}
07-03 21:30:09.435  2389  2389 D KeyguardViewMediator: doKeyguard: showing the lock screen
07-03 21:30:09.437  2389  2389 D KeyguardViewMediator: USER_LOCKED intent sent
07-03 21:30:09.439  1907  1907 V AlarmManager: done {3c1736c, *walarm*:com.android.internal.policy.impl.PhoneWindowManager.DELAYED_KEYGUARD} [12ms]
07-03 21:30:09.440  2389  2389 D KeyguardViewMediator: handleShow
07-03 21:30:09.471  2389  2389 D KeyguardSecurityView: showSecurityScreen(Pattern)
07-03 21:30:09.493  2389  2720 I NetworkController.MotorolaMobileSignalController(9): MotorolaMobilePhoneStateListener.onSignalStrengthsChanged: Entered: signalStrength=SignalStrength: 15 0 -120 -160 -120 -1 -1 99 2147483647 2147483647 2147483647 2147483647 2147483647 gsm|lte level=4
07-03 21:30:09.522  2389  2389 D StatusBarKeyguardViewManager: showKeyguard, but hide Bouncer
07-03 21:30:09.557  2389  2389 D PhoneStatusBar: disable: < expand ICONS* alerts SYSTEM_INFO* back home recent clock search quick_settings >
07-03 21:30:09.580  2389  2389 D KeyguardSecurityView: showSecurityScreen(Pattern)
07-03 21:30:09.644  2389  2389 V QSTileView: setDual true
07-03 21:30:09.644  2389  2389 V QSTileView: setDual true
07-03 21:30:09.644  2389  2389 V QSTileView: setDual false
07-03 21:30:09.644  2389  2389 V QSTileView: setDual false
07-03 21:30:09.644  2389  2389 V QSTileView: setDual false
07-03 21:30:09.644  2389  2389 V QSTileView: setDual false
07-03 21:30:09.644  2389  2389 V QSTileView: setDual false
07-03 21:30:09.644  2389  2389 V QSTileView: setDual false
07-03 21:30:09.644  2389  2389 V QSTileView: setDual false
07-03 21:30:09.644  2389  2389 V QSTileView: setDual false
07-03 21:30:09.644  2389  2389 V QSTileView: setDual false
07-03 21:30:09.644  2389  2389 V QSTileView: setDual false
07-03 21:30:09.668  2389  2389 D PhoneStatusBar: disable: < expand ICONS alerts SYSTEM_INFO back HOME* RECENT* clock SEARCH* quick_settings >
07-03 21:30:09.670  2389  2389 V QSTileView: setDual true
07-03 21:30:09.670  2389  2389 V QSTileView: setDual true
07-03 21:30:09.670  2389  2389 V QSTileView: setDual false
07-03 21:30:09.670  2389  2389 V QSTileView: setDual false
07-03 21:30:09.670  2389  2389 V QSTileView: setDual false
07-03 21:30:09.670  2389  2389 V QSTileView: setDual false
07-03 21:30:09.670  2389  2389 V QSTileView: setDual false
07-03 21:30:09.670  2389  2389 V QSTileView: setDual false
07-03 21:30:09.670  2389  2389 V QSTileView: setDual false
07-03 21:30:09.670  2389  2389 V QSTileView: setDual false
07-03 21:30:09.670  2389  2389 V QSTileView: setDual false
07-03 21:30:09.670  2389  2389 V QSTileView: setDual false
07-03 21:30:09.801  2389  2389 V QSTileView: setDual true
07-03 21:30:09.802  2389  2389 V QSTileView: setDual true
07-03 21:30:09.802  2389  2389 V QSTileView: setDual false
07-03 21:30:09.802  2389  2389 V QSTileView: setDual false
07-03 21:30:09.802  2389  2389 V QSTileView: setDual false
07-03 21:30:09.802  2389  2389 V QSTileView: setDual false
07-03 21:30:09.802  2389  2389 V QSTileView: setDual false
07-03 21:30:09.802  2389  2389 V QSTileView: setDual false
07-03 21:30:09.802  2389  2389 V QSTileView: setDual false
07-03 21:30:09.802  2389  2389 V QSTileView: setDual false
07-03 21:30:09.802  2389  2389 V QSTileView: setDual false
07-03 21:30:09.802  2389  2389 V QSTileView: setDual false
07-03 21:30:10.026  2389  2429 I art     : Background partial concurrent mark sweep GC freed 186103(10MB) AllocSpace objects, 16(960KB) LOS objects, 40% free, 22MB/36MB, paused 1.201ms total 415.041ms
07-03 21:30:11.584   406   592 I ThermalEngine: Sensor:xo_therm_pu2:42000 mC
07-03 21:30:11.596   406   591 I ThermalEngine: Sensor:batt_therm:36000 mC
07-03 21:30:11.742  2389  2720 I NetworkController.MotorolaMobileSignalController(9): MotorolaMobilePhoneStateListener.onSignalStrengthsChanged: Entered: signalStrength=SignalStrength: 15 0 -120 -160 -120 -1 -1 99 2147483647 2147483647 2147483647 2147483647 2147483647 gsm|lte level=4
07-03 21:30:14.807   392   392 D NuPlayerDriver: stop(0xb7890710)
07-03 21:30:14.807   392   392 D NuPlayerDriver: notifyListener_l(0xb7890710), (8, 0, 0)
07-03 21:30:14.808   392 24842 D NuPlayerDriver: reset(0xb7890710)
07-03 21:30:14.815   392 27987 D NuPlayerDriver: notifyResetComplete(0xb7890710)
07-03 21:30:18.157  1907  2305 I PowerManagerService: Waking up from sleep (uid 1000)...
07-03 21:30:18.158  1907  1907 V KeyguardServiceDelegate: onStartedWakingUp()
07-03 21:30:18.159  1907  2134 V KeyguardServiceDelegate: onScreenTurnedOn(showListener = com.android.server.policy.PhoneWindowManager$2@c6e7aa1)
07-03 21:30:18.160  1907  2123 I DisplayManagerService: Display device changed state: "Built-in Screen", ON
07-03 21:30:18.161   359   359 D SurfaceFlinger: Set power mode=2, type=0 flinger=0xb7139df8
07-03 21:30:18.161   359   359 D qdhwcomposer: hwc_setPowerMode: Setting mode 2 on display: 0
07-03 21:30:18.180  1907  6063 V KeyguardServiceDelegate: **** SHOWN CALLED ****
07-03 21:30:18.201  1907  1907 D bsthal  : activate, handle: 1598182229, enabled: 1, index 0
07-03 21:30:18.201  1907  1907 E bsthal  : <BST> enable accel, orig state: 0
07-03 21:30:18.201  1907  1907 I bsthal  : <BST> enable sensor <BOSCH BMC150 Acceleration Sensor>
07-03 21:30:18.201  1907  1907 D bsthal  : setDelay, handle: 1598182229 delay: 200000000
07-03 21:30:18.201  1907  1907 E bsthal  : <BST> set delay: 200000000ns
07-03 21:30:18.201  1907  1907 I bsthal  : <BST> set delay of <BOSCH BMC150 Acceleration Sensor> to 200ms
07-03 21:30:18.209   392  2031 D audio_hw_primary: adev_set_parameters: enter: screen_state=on
07-03 21:30:18.209   392  2031 D audio_hw_fm: audio_extn_fm_set_parameters: Inside
07-03 21:30:18.209   392  2031 V audio_hw_fm: audio_extn_fm_set_parameters: enter
07-03 21:30:18.209   392  2031 V audio_hw_fm: audio_extn_fm_set_parameters: exit
07-03 21:30:18.209   392  2031 E bt_a2dp_hw: adev_set_parameters: ERROR: set param called even when stream out is null
07-03 21:30:18.234  1907  2313 E native  : do suspend false
07-03 21:30:18.242  2389  2389 V QSTileView: setDual true
07-03 21:30:18.242  2389  2389 V QSTileView: setDual true
07-03 21:30:18.242  2389  2389 V QSTileView: setDual false
07-03 21:30:18.242  2389  2389 V QSTileView: setDual false
07-03 21:30:18.248  2389  2389 V QSTileView: setDual false
07-03 21:30:18.249  2389  2389 V QSTileView: setDual false
07-03 21:30:18.249  2389  2389 V QSTileView: setDual false
07-03 21:30:18.249  2389  2389 V QSTileView: setDual false
07-03 21:30:18.249  2389  2389 V QSTileView: setDual false
07-03 21:30:18.249  2389  2389 V QSTileView: setDual false
07-03 21:30:18.249  2389  2389 V QSTileView: setDual false
07-03 21:30:18.249  2389  2389 V QSTileView: setDual false
07-03 21:30:18.270  1907  2313 D WifiConfigStore: No blacklist allowed without epno enabled
07-03 21:30:18.288  2389  2720 I NetworkController.MotorolaMobileSignalController(9): MotorolaMobilePhoneStateListener.onDataActivity: Entered: direction=0
07-03 21:30:18.289  2389  2720 I NetworkController.MotorolaMobileSignalController(5): MotorolaMobilePhoneStateListener.onDataActivity: Entered: direction=0
07-03 21:30:18.289  2389  2720 I NetworkController.MotorolaMobileSignalController(9): MotorolaMobilePhoneStateListener.onDataActivity: Entered: direction=0
07-03 21:30:18.289  2389  2720 I NetworkController.MotorolaMobileSignalController(5): MotorolaMobilePhoneStateListener.onDataActivity: Entered: direction=0
07-03 21:30:18.292  2389  2720 I NetworkController.MotorolaMobileSignalController(9): MotorolaMobilePhoneStateListener.onDataActivity: Entered: direction=0
07-03 21:30:18.292  2389  2720 I NetworkController.MotorolaMobileSignalController(5): MotorolaMobilePhoneStateListener.onDataActivity: Entered: direction=0
07-03 21:30:18.294  2389  2720 I NetworkController.MotorolaMobileSignalController(9): MotorolaMobilePhoneStateListener.onDataActivity: Entered: direction=0
07-03 21:30:18.294  2389  2720 I NetworkController.MotorolaMobileSignalController(5): MotorolaMobilePhoneStateListener.onDataActivity: Entered: direction=0
07-03 21:30:18.301  3239  3239 D ScreenOnOffReceiver: Received intent: Intent { act=android.intent.action.SCREEN_ON flg=0x50000010 }.
07-03 21:30:18.373   359  1033 I qdhwcomposer: handle_blank_event: dpy:0 panel power state: 1
07-03 21:30:18.374   359   359 I qdhwcomposer: enable_dcabc: Done setting UI mode
07-03 21:30:18.374   359   359 D qdhwcomposer: hwc_setPowerMode: Done setting mode 2 on display 0
07-03 21:30:18.374  1907  2356 D SurfaceControl: Excessive delay in setPowerMode(): 214ms
07-03 21:30:18.375  1907  2134 V KeyguardServiceDelegate: onScreenTurnedOn()
07-03 21:30:18.409 28094 28094 D AndroidRuntime: >>>>>> START com.android.internal.os.RuntimeInit uid 2000 <<<<<<
07-03 21:30:18.444 28094 28094 D AndroidRuntime: CheckJNI is OFF
07-03 21:30:18.601 28094 28094 D ICU     : No timezone override file found: /data/misc/zoneinfo/current/icu/icu_tzdata.dat
07-03 21:30:18.817 28094 28094 I Radio-JNI: register_android_hardware_Radio DONE
07-03 21:30:18.899 28094 28094 D AndroidRuntime: Calling main entry com.android.commands.pm.Pm
07-03 21:30:18.934  1907  2155 I ActivityManager: Start proc 28124:com.android.defcontainer/u0a2 for service com.android.defcontainer/.DefaultContainerService
07-03 21:30:19.030  1907  1965 I ActivityManager: Start proc 28137:com.android.vending/u0a38 for broadcast com.android.vending/com.google.android.vending.verifier.PackageVerificationReceiver
07-03 21:30:19.183 28137 28137 W System  : ClassLoader referenced unknown path: /data/app/com.android.vending-1/lib/arm
07-03 21:30:19.219   790   874 D TCMD    : NL - Read 56 bytes from update socket.
07-03 21:30:19.220   790   874 D TCMD    : NL - message type is RTM_NEWLINK
07-03 21:30:19.220   790   874 D TCMD    : Listening for incoming client connection request
07-03 21:30:19.427  1907  1932 I ActivityManager: Start proc 28149:com.google.process.gapps/u0a3 for content provider com.google.android.gsf/.gservices.GservicesProvider
07-03 21:30:19.499 28149 28149 W System  : ClassLoader referenced unknown path: /system/priv-app/GoogleServicesFramework/lib/arm
07-03 21:30:19.521 28149 28149 I GservicesProvider: Gservices pushing to system: true; secure/global: true
07-03 21:30:19.635 28149 28149 I GoogleHttpClient: GMS http client unavailable, use old client
07-03 21:30:19.653  1907  5711 I AccountManagerService: getTypesVisibleToCaller: isPermitted? true
07-03 21:30:19.727  1907  6063 I AccountManagerService: getTypesVisibleToCaller: isPermitted? true
07-03 21:30:19.851 28137 28137 I Finsky  : [1] com.google.android.finsky.FinskyApp.onCreate(428): Initializing network with DFE https://android.clients.google.com/fdfe/
07-03 21:30:19.904  1907  2303 V AlarmManager: sending alarm {6be8f9c type 2 *walarm*:com.whatsapp.alarm.AVAILABLE_TIMEOUT}
07-03 21:30:19.908  1907  1907 V AlarmManager: done {6be8f9c, *walarm*:com.whatsapp.alarm.AVAILABLE_TIMEOUT} [4ms]
07-03 21:30:20.048  2389  2720 I NetworkController.MotorolaMobileSignalController(9): MotorolaMobilePhoneStateListener.onServiceStateChanged: Entered: voiceState=0=0=STATE_IN_SERVICE dataState=0=0=STATE_IN_SERVICE
07-03 21:30:20.050  5985  5985 D OtaApp  : debug - PollingMangerService, phone state: 0 0 voice Domestic Roaming data Domestic Roaming Vodafone IN Vodafone 40411 Vodafone IN Vodafone 40411  UMTS HSPA CSS not supported -1 -1 RoamInd=-1 DefRoamInd=-1 EmergOnly=false IsDataRoamingFromRegistration=true
07-03 21:30:20.067 26857 26857 D CellBroadcastReceiver: subscriptionId = 9
07-03 21:30:20.069  2389  2720 D MotoNetwCtrlr: onReceive: intent=Intent { act=android.intent.action.SERVICE_STATE flg=0x10 (has extras) }
07-03 21:30:20.088 28137 28137 I Finsky  : [1] com.google.android.finsky.services.DailyHygiene.a(171): No need to run daily hygiene.
07-03 21:30:20.113  1907  3035 I AccountManagerService: getTypesVisibleToCaller: isPermitted? true
07-03 21:30:20.134 28137 28137 W Settings: Setting download_manager_max_bytes_over_mobile has moved from android.provider.Settings.Secure to android.provider.Settings.Global.
07-03 21:30:20.137 28137 28137 W Settings: Setting download_manager_recommended_max_bytes_over_mobile has moved from android.provider.Settings.Secure to android.provider.Settings.Global.
07-03 21:30:20.171  2389  2389 D PhoneStatusBar: disable: < expand ICONS alerts SYSTEM_INFO back HOME RECENT clock SEARCH quick_settings >
07-03 21:30:20.185 28137 28137 I Finsky  : [1] com.google.android.finsky.utils.bk.a(177): Enabling bucket experiment: factor=2.000, zeroDelta=0ms, forceNetwork=false
07-03 21:30:20.189  1907  3006 I AccountManagerService: getTypesVisibleToCaller: isPermitted? true
07-03 21:30:20.190  1907  2617 I AccountManagerService: getTypesVisibleToCaller: isPermitted? true
07-03 21:30:20.194  1907  2405 I AccountManagerService: getTypesVisibleToCaller: isPermitted? true
07-03 21:30:20.227  2389  2720 D MotoNetwCtrlr: onReceive: intent=Intent { act=android.net.wifi.RSSI_CHANGED flg=0x4000010 (has extras) }
07-03 21:30:20.227  2389  2720 I MotoNetwCtrlr.MotoWifiSignalCtrlr: handleBroadcast: Entered: Intent=Intent { act=android.net.wifi.RSSI_CHANGED flg=0x4000010 (has extras) } Action=android.net.wifi.RSSI_CHANGED
07-03 21:30:20.250 28137 28137 I Finsky  : [1] com.google.android.vending.verifier.PackageVerificationReceiver.onReceive(41): Verification requested, id = 47
07-03 21:30:20.257 28137 28137 V ConnectivityManager: isActiveNetworkMetered() returns:false
07-03 21:30:20.262 28137 28137 I Finsky  : [1] com.google.android.finsky.receivers.j.a(1226): Installer kick - no action, not running yet
07-03 21:30:20.271 28137 28137 I Finsky  : [1] com.google.android.finsky.j.j.run(208): Loaded library for account: [jsdgNKV_yDMgYC5ZWRabcENwdK8]
07-03 21:30:20.271 28137 28137 I Finsky  : [1] com.google.android.finsky.j.j.run(214): Finished loading 1 libraries.
07-03 21:30:20.272  1907  3367 I ActivityManager: Killing 27544:com.motorola.context/u0a47 (adj 15): empty #7
07-03 21:30:20.431  2389  2389 D PhoneStatusBar: disable: < expand ICONS alerts SYSTEM_INFO back HOME RECENT clock SEARCH quick_settings >
07-03 21:30:20.498  1907  3355 I AccountManagerService: getTypesVisibleToCaller: isPermitted? true
07-03 21:30:20.499  1907  3367 I AccountManagerService: getTypesVisibleToCaller: isPermitted? true
07-03 21:30:20.511 28137 28137 I Finsky  : [1] com.google.android.finsky.c.l.a(270): result=false type=4
07-03 21:30:20.526   359   359 I SFPerfTracer:      triggers: (rate: 876:25195) (compose: 0:27) (post: 0:15) (render: 77:2393) (128:459228 frames) (129:527353)
07-03 21:30:20.526   359   359 D SFPerfTracer:        layers: (2:11) (FocusedStackFrame (0xb71ba600): 0:5184)* (DimLayer (0xb7280f80): 0:82)* (DimLayer (0xb7283cf8): 0:8)* (StatusBar (0xb7260098): 129:120081) (com.android.systemui.ImageWallpaper (0xb7278a30): 0:4201) (DimLayer (0xb7279cf8): 0:446)* (DimLayer (0xb72872c0): 0:206)* (NavigationBar (0xb7209e90): 0:36)- (com.whatsapp/com.whatsapp.Conversation (0xb7266870): 5:641)* (InputMethod (0xb724be70): 1:410)* (ColorFade (0xb727f888): 0:27)- 
07-03 21:30:20.539  1907  5738 I AccountManagerService: getTypesVisibleToCaller: isPermitted? true
07-03 21:30:20.543 28137 28137 I Finsky  : [1] com.google.android.finsky.services.bc.a(1050): Restore complete with 0 success and 0 failed.
07-03 21:30:21.232  2389  2720 D MotoNetwCtrlr: onReceive: intent=Intent { act=android.net.wifi.RSSI_CHANGED flg=0x4000010 (has extras) }
07-03 21:30:21.232  2389  2720 I MotoNetwCtrlr.MotoWifiSignalCtrlr: handleBroadcast: Entered: Intent=Intent { act=android.net.wifi.RSSI_CHANGED flg=0x4000010 (has extras) } Action=android.net.wifi.RSSI_CHANGED
07-03 21:30:21.282   395   395 I keystore: calling unlock when not locked, ignoring.
07-03 21:30:21.284  3239  3239 D TrustAgent: [GoogleTrustAgentChimeraService] onUnlockAttempt(true)
07-03 21:30:21.284  2389  2389 D KeyguardViewMediator: keyguardDone(true, true)
07-03 21:30:21.284  2389  2389 D KeyguardViewMediator: handleKeyguardDone(true, true)
07-03 21:30:21.284  2389  2389 D KeyguardViewMediator: in handleHide(), mShowing = true mOccluded = false  mHideAnimationRun = false
07-03 21:30:21.284  2389  2389 D KeyguardSecurityView: startPreHideAnimation(com.android.systemui.keyguard.KeyguardViewMediator$5@fd500d2);  mCurrentSecuritySelection = Pattern
07-03 21:30:21.528  2389  2389 D KeyguardViewMediator: Call PhoneWindowManager's keyguardGoingAway, expect PhoneWindowManager to call startKeyguardExitAnimation
07-03 21:30:21.549  2389  2389 D KeyguardViewMediator: handleStartKeyguardExitAnimation(68134661, 300)
07-03 21:30:21.589   406   592 I ThermalEngine: Sensor:xo_therm_pu2:42000 mC
07-03 21:30:21.600   406   591 I ThermalEngine: Sensor:batt_therm:36400 mC
07-03 21:30:21.653   392  1038 D audio_hw_primary: out_set_parameters: enter: usecase(1: low-latency-playback) kvpairs: routing=2
07-03 21:30:21.653   392  1038 D audio_hw_fm: audio_extn_fm_set_parameters: Inside
07-03 21:30:21.653   392  1038 V audio_hw_fm: audio_extn_fm_set_parameters: enter
07-03 21:30:21.653   392  1038 V audio_hw_fm: audio_extn_fm_set_parameters: exit
07-03 21:30:21.655  2389  2389 D PhoneStatusBar: disable: < expand icons* alerts system_info* back HOME RECENT clock SEARCH quick_settings >
07-03 21:30:21.665   392  1037 D audio_hw_primary: select_devices: out_snd_device(2: speaker) in_snd_device(0: none)
07-03 21:30:21.665   392  1037 D msm8974_platform: platform_send_audio_calibration: sending audio calibration for snd_device(2) acdb_id(15)
07-03 21:30:21.665   392  1037 D ACDB-LOADER: ACDB -> send_audio_cal, acdb_id = 15, path =  0
07-03 21:30:21.665   392  1037 D ACDB-LOADER: ACDB -> send_adm_topology
07-03 21:30:21.665   392  1037 D ACDB-LOADER: ACDB -> ACDB_CMD_GET_AUDPROC_COMMON_TOPOLOGY_ID
07-03 21:30:21.665  2389  2389 D PhoneStatusBar: disable: < expand icons alerts system_info back HOME RECENT clock SEARCH quick_settings >
07-03 21:30:21.665   392  1037 D ACDB-LOADER: ACDB -> send_audtable
07-03 21:30:21.665   392  1037 D ACDB-LOADER: ACDB -> ACDB_CMD_GET_AUDPROC_COMMON_TABLE
07-03 21:30:21.665   392  1037 D ACDB-LOADER: ACDB -> AUDIO_SET_AUDPROC_CAL
07-03 21:30:21.665   392  1037 D ACDB-LOADER: ACDB -> send_audvoltable
07-03 21:30:21.665   392  1037 D ACDB-LOADER: ACDB -> ACDB_CMD_GET_AUDPROC_GAIN_DEP_STEP_TABLE
07-03 21:30:21.665   392  1037 D ACDB-LOADER: ACDB -> AUDIO_SET_AUDPROC_VOL_CAL
07-03 21:30:21.665   392  1037 D ACDB-LOADER: ACDB -> send_afe_cal
07-03 21:30:21.665   392  1037 D ACDB-LOADER: ACDB -> ACDB_CMD_GET_AFE_COMMON_TABLE
07-03 21:30:21.666   392  1037 D         : Failed to fetch the lookup information of the device 0000000F 
07-03 21:30:21.666   392  1037 D ACDB-LOADER: ACDB -> AUDIO_SET_AFE_CAL
07-03 21:30:21.666   392  1037 D audio_hw_primary: enable_snd_device: snd_device(2: speaker)
07-03 21:30:21.673  3239  3239 D ScreenOnOffReceiver: Received intent: Intent { act=android.intent.action.USER_PRESENT flg=0x24000010 }.
07-03 21:30:21.673  3239  3239 D Coffee-OneTimeAuthTrustlet: user present
07-03 21:30:21.673  3239  3239 D Coffee-OneTimeAuthTrustlet: screen off
07-03 21:30:21.673  3239  3239 D Coffee-OneTimeAuthTrustlet: user present
07-03 21:30:21.673   392  1037 D audio_hw_primary: enable_audio_route: apply and update mixer path: low-latency-playback speaker
07-03 21:30:21.673  3239  3239 D Coffee-OneTimeAuthTrustlet: screen off
07-03 21:30:21.700  1907  3006 W InputMethodManagerService: Window already focused, ignoring focus gain of: com.android.internal.view.IInputMethodClient$Stub$Proxy@3276dce attribute=android.view.inputmethod.EditorInfo@692b4ef, token = android.os.BinderProxy@d6993bb
07-03 21:30:21.705  7541  7541 I LatinIme: onDeactivate() : Latency Metrics = {}
07-03 21:30:21.705  7541  7541 I LatinIme: Applicator.applyDiff-time = [0 -> [0 -> [Min = 0 : Average = 1 : Max = 10]]
07-03 21:30:21.705  7541  7541 I LatinIme: Applicator.applySuggestionDiff-time = [0 -> [0 -> [Min = 0 : Average = 5 : Max = 37]]
07-03 21:30:21.705  7541  7541 I LatinIme: Applicator.changeKeyboardState-time = [0 -> [0 -> [Min = 0 : Average = 0 : Max = 1]]
07-03 21:30:21.705  7541  7541 I LatinIme: Decoder.createOrResetDecoder-time = []
07-03 21:30:21.705  7541  7541 I LatinIme: Decoder.decodeGesture-time = []
07-03 21:30:21.705  7541  7541 I LatinIme: Decoder.decodeTouch-time = [0 -> [0 -> [Min = 0 : Average = 16 : Max = 268]]
07-03 21:30:21.705  7541  7541 I LatinIme: Decoder.fetchSuggestions-time = [0 -> [0 -> [Min = 1 : Average = 88 : Max = 452]]
07-03 21:30:21.705  7541  7541 I LatinIme: Decoder.flushPersonalizedData-time = []
07-03 21:30:21.705  7541  7541 I LatinIme: Decoder.getLoudsLmContentVersion-time = []
07-03 21:30:21.705  7541  7541 I LatinIme: Decoder.loadLanguageModel.BLACKLIST-time = []
07-03 21:30:21.705  7541  7541 I LatinIme: Decoder.loadLanguageModel.CONTACTS-time = []
07-03 21:30:21.705  7541  7541 I LatinIme: Decoder.loadLanguageModel.MAIN-time = []
07-03 21:30:21.705  7541  7541 I LatinIme: Decoder.loadLanguageModel.PERSONAL_DICTIONARY-time = []
07-03 21:30:21.705  7541  7541 I LatinIme: Decoder.loadLanguageModel.USER_HISTORY-time = []
07-03 21:30:21.705  7541  7541 I LatinIme: Decoder.parseInputContext-time = [0 -> [0 -> [Min = 0 : Average = 0 : Max = 2]]
07-03 21:30:21.705  7541  7541 I LatinIme: Decoder.scrubDeleteFinish-time = []
07-03 21:30:21.705  7541  7541 I LatinIme: Decoder.selectTextCandidate-time = [0 -> [0 -> [Min = 16 : Average = 17 : Max = 19]]
07-03 21:30:21.705  7541  7541 I LatinIme: Decoder.setKeyboardLayout-time = [0 -> [0 -> [Min = 4 : Average = 181 : Max = 292]]
07-03 21:30:21.705  7541  7541 I LatinIme: Decoder.setRuntimeParams-time = [0 -> [0 -> [Min = 0 : Average = 2 : Max = 12]]
07-03 21:30:21.705  7541  7541 I LatinIme: DecoderWrapper.createOrResetDecoder-time = []
07-03 21:30:21.705  7541  7541 I LatinIme: DecoderWrapper.decodeGesture-time = []
07-03 21:30:21.705  7541  7541 I LatinIme: DecoderWrapper.decodeTouch-time = [0 -> [0 -> [Min = 0 : Average = 17 : Max = 268]]
07-03 21:30:21.705  7541  7541 I LatinIme: DecoderWrapper.fetchSuggestions-time = [0 -> [0 -> [Min = 1 : Average = 89 : Max = 453]]
07-03 21:30:21.705  7541  7541 I LatinIme: DecoderWrapper.scrubDeleteFinish-time = []
07-03 21:30:21.705  7541  7541 I LatinIme: DecoderWrapper.scrubDeleteStart-time = []
07-03 21:30:21.705  7541  7541 I LatinIme: DecoderWrapper.selectTextCandidate-time = [0 -> [0 -> [Min = 21 : Average = 22 : Max = 24]]
07-03 21:30:21.705  7541  7541 I LatinIme: onDeactivate() : Input Context Metrics = 
07-03 21:30:21.706  7541  7541 I ClearcutLoggerManager: onFinishInput()
07-03 21:30:21.709  7541  7541 I ClearcutLoggerManager: onStartInput()
07-03 21:30:21.710  7541  7541 I LatinIme: onActivate() : EditorInfo = Package = com.whatsapp : Type = Text : Learning = Enable : Suggestion = Show : AutoCorrection = Enable : Microphone = Show
07-03 21:30:21.718  2389  2389 D PhoneStatusBar: disable: < expand icons alerts system_info back home* recent* clock search* quick_settings >
07-03 21:30:21.720  2389  2389 V QSTileView: setDual true
07-03 21:30:21.720  2389  2389 V QSTileView: setDual true
07-03 21:30:21.720  2389  2389 V QSTileView: setDual false
07-03 21:30:21.720  2389  2389 V QSTileView: setDual false
07-03 21:30:21.720  2389  2389 V QSTileView: setDual false
07-03 21:30:21.720  2389  2389 V QSTileView: setDual false
07-03 21:30:21.720  2389  2389 V QSTileView: setDual false
07-03 21:30:21.720  2389  2389 V QSTileView: setDual false
07-03 21:30:21.720  2389  2389 V QSTileView: setDual false
07-03 21:30:21.721  2389  2389 V QSTileView: setDual false
07-03 21:30:21.721  2389  2389 V QSTileView: setDual false
07-03 21:30:21.721  2389  2389 V QSTileView: setDual false
07-03 21:30:21.802  3239  3239 V UserPresentBroadcastReceiver: Received Intent { act=android.intent.action.USER_PRESENT flg=0x24000010 cmp=com.google.android.gms/.trustagent.UserPresentBroadcastReceiver }.
07-03 21:30:21.852  1907  2917 I ActivityManager: Start proc 28234:com.estrongs.android.pop/u0a128 for broadcast com.estrongs.android.pop/.app.StartServiceReceiver
07-03 21:30:21.923   359  1046 I SFPerfTracer:      triggers: (rate: 0:117) (36825 sw vsyncs) (0 skipped) (208:748526 vsyncs) (210:866856)
07-03 21:30:22.010  2389  2389 V QSTileView: setDual true
07-03 21:30:22.011  2389  2389 V QSTileView: setDual true
07-03 21:30:22.011  2389  2389 V QSTileView: setDual false
07-03 21:30:22.011  2389  2389 V QSTileView: setDual false
07-03 21:30:22.011  2389  2389 V QSTileView: setDual false
07-03 21:30:22.011  2389  2389 V QSTileView: setDual false
07-03 21:30:22.011  2389  2389 V QSTileView: setDual false
07-03 21:30:22.011  2389  2389 V QSTileView: setDual false
07-03 21:30:22.011  2389  2389 V QSTileView: setDual false
07-03 21:30:22.011  2389  2389 V QSTileView: setDual false
07-03 21:30:22.011  2389  2389 V QSTileView: setDual false
07-03 21:30:22.011  2389  2389 V QSTileView: setDual false
07-03 21:30:22.035  2389  2869 E Surface : getSlotFromBufferLocked: unknown buffer: 0xb9340e08
07-03 21:30:22.048  2389  2389 D PhoneStatusBar: disable: < expand ICONS* alerts SYSTEM_INFO* back home recent clock search quick_settings >
07-03 21:30:22.057   359   359 E SurfaceFlinger: rejecting buffer: bufWidth=720, bufHeight=48, front.active.{w=720, h=1280}
07-03 21:30:22.069  2389  2389 V QSTileView: setDual true
07-03 21:30:22.069  2389  2389 V QSTileView: setDual true
07-03 21:30:22.070  2389  2389 V QSTileView: setDual false
07-03 21:30:22.070  2389  2389 V QSTileView: setDual false
07-03 21:30:22.070  2389  2389 V QSTileView: setDual false
07-03 21:30:22.070  2389  2389 V QSTileView: setDual false
07-03 21:30:22.070  2389  2389 V QSTileView: setDual false
07-03 21:30:22.070  2389  2389 V QSTileView: setDual false
07-03 21:30:22.070  2389  2389 V QSTileView: setDual false
07-03 21:30:22.070  2389  2389 V QSTileView: setDual false
07-03 21:30:22.070  2389  2389 V QSTileView: setDual false
07-03 21:30:22.070  2389  2389 V QSTileView: setDual false
07-03 21:30:22.105 28234 28234 I MultiDex: VM with version 2.1.0 has multidex support
07-03 21:30:22.105 28234 28234 I MultiDex: install
07-03 21:30:22.105 28234 28234 I MultiDex: VM has multidex support, MultiDex support library is disabled.
07-03 21:30:22.105 28234 28234 I MultiDex: install
07-03 21:30:22.105 28234 28234 I MultiDex: VM has multidex support, MultiDex support library is disabled.
07-03 21:30:22.118  2389  2389 V QSTileView: setDual true
07-03 21:30:22.118  2389  2389 V QSTileView: setDual true
07-03 21:30:22.119  2389  2389 V QSTileView: setDual false
07-03 21:30:22.119  2389  2389 V QSTileView: setDual false
07-03 21:30:22.119  2389  2389 V QSTileView: setDual false
07-03 21:30:22.119  2389  2389 V QSTileView: setDual false
07-03 21:30:22.119  2389  2389 V QSTileView: setDual false
07-03 21:30:22.119  2389  2389 V QSTileView: setDual false
07-03 21:30:22.119  2389  2389 V QSTileView: setDual false
07-03 21:30:22.119  2389  2389 V QSTileView: setDual false
07-03 21:30:22.119  2389  2389 V QSTileView: setDual false
07-03 21:30:22.119  2389  2389 V QSTileView: setDual false
07-03 21:30:22.119 28137 28137 I Finsky  : [1] com.google.android.vending.verifier.ab.a_(1724): Verification id=47 response=0
07-03 21:30:22.123 28137 28137 I Finsky  : [1] com.google.android.vending.verifier.v.b(189): Verification complete: id=47, package_name=com.samplekeyboard
07-03 21:30:22.130 28137 28137 I Finsky  : [1] com.google.android.vending.verifier.v.k(6940): Verifying id=47, result=1
07-03 21:30:22.140  1907  3035 I ActivityManager: Killing 27635:com.google.android.calendar/u0a49 (adj 15): empty #7
07-03 21:30:22.151 28124 28134 D DefContainer: Copying /data/local/tmp/app-debug.apk to base.apk
07-03 21:30:22.153  7541  7541 I LatinMotionHandler: consumeEvent() : GestureTypingEnabled = true
07-03 21:30:22.237  7541  7541 I Choreographer: Skipped 31 frames!  The application may be doing too much work on its main thread.
07-03 21:30:22.363  2389  2720 I NetworkController.MotorolaMobileSignalController(9): MotorolaMobilePhoneStateListener.onSignalStrengthsChanged: Entered: signalStrength=SignalStrength: 13 0 -120 -160 -120 -1 -1 99 2147483647 2147483647 2147483647 2147483647 2147483647 gsm|lte level=4
07-03 21:30:22.561  1907  2155 I PackageManager.DexOptimizer: Running dexopt (dex2oat) on: /data/app/vmdl1002540641.tmp/base.apk pkg=com.samplekeyboard isa=arm vmSafeMode=false debuggable=true oatDir = /data/app/vmdl1002540641.tmp/oat
07-03 21:30:22.615  1907  3355 W InputMethodManagerService: Window already focused, ignoring focus gain of: com.android.internal.view.IInputMethodClient$Stub$Proxy@561a6f5 attribute=null, token = android.os.BinderProxy@d6993bb
07-03 21:30:22.633  2389  2389 D PhoneStatusBar: disable: < expand icons* alerts system_info* back home recent clock search quick_settings >
07-03 21:30:22.642  2389  2389 V QSTileView: setDual true
07-03 21:30:22.642  2389  2389 V QSTileView: setDual true
07-03 21:30:22.642  2389  2389 V QSTileView: setDual false
07-03 21:30:22.642  2389  2389 V QSTileView: setDual false
07-03 21:30:22.642  2389  2389 V QSTileView: setDual false
07-03 21:30:22.642  2389  2389 V QSTileView: setDual false
07-03 21:30:22.642  2389  2389 V QSTileView: setDual false
07-03 21:30:22.642  2389  2389 V QSTileView: setDual false
07-03 21:30:22.642  2389  2389 V QSTileView: setDual false
07-03 21:30:22.642  2389  2389 V QSTileView: setDual false
07-03 21:30:22.642  2389  2389 V QSTileView: setDual false
07-03 21:30:22.642  2389  2389 V QSTileView: setDual false
07-03 21:30:22.686  2389  2869 E Surface : getSlotFromBufferLocked: unknown buffer: 0xb936c8d0
07-03 21:30:22.703 28234 28257 E FlurryAgent: GOOGLE PLAY SERVICES EXCEPTION: com.google.android.gms.common.GooglePlayServicesUtil
07-03 21:30:22.703 28234 28257 E FlurryAgent: There is a problem with the Google Play Services library, which is required for Android Advertising ID support. The Google Play Services library should be integrated in any app shipping in the Play Store that uses analytics or advertising.
07-03 21:30:22.736 28234 28257 W System.err: java.lang.NullPointerException: Attempt to invoke interface method 'java.util.Iterator java.util.List.iterator()' on a null object reference
07-03 21:30:22.739 28234 28257 W System.err: 	at com.flurry.sdk.kv.h(Unknown Source)
07-03 21:30:22.739 28234 28257 W System.err: 	at com.flurry.sdk.kv.e(Unknown Source)
07-03 21:30:22.739 28234 28257 W System.err: 	at com.flurry.sdk.kv.a(Unknown Source)
07-03 21:30:22.739 28234 28257 W System.err: 	at com.flurry.sdk.kv.<init>(Unknown Source)
07-03 21:30:22.739 28234 28257 W System.err: 	at com.flurry.sdk.kt$2.a(Unknown Source)
07-03 21:30:22.739 28234 28257 W System.err: 	at com.flurry.sdk.ly.run(Unknown Source)
07-03 21:30:22.739 28234 28257 W System.err: 	at android.os.Handler.handleCallback(Handler.java:746)
07-03 21:30:22.739 28234 28257 W System.err: 	at android.os.Handler.dispatchMessage(Handler.java:95)
07-03 21:30:22.739 28234 28257 W System.err: 	at android.os.Looper.loop(Looper.java:148)
07-03 21:30:22.739 28234 28257 W System.err: 	at android.os.HandlerThread.run(HandlerThread.java:61)
07-03 21:30:22.747 28234 28257 W System.err: java.lang.NullPointerException: Attempt to invoke virtual method 'java.util.List com.flurry.sdk.kv.a()' on a null object reference
07-03 21:30:22.747 28234 28257 W System.err: 	at com.flurry.sdk.kt.g(Unknown Source)
07-03 21:30:22.747 28234 28257 W System.err: 	at com.flurry.sdk.kt$4.a(Unknown Source)
07-03 21:30:22.747 28234 28257 W System.err: 	at com.flurry.sdk.ly.run(Unknown Source)
07-03 21:30:22.747 28234 28257 W System.err: 	at android.os.Handler.handleCallback(Handler.java:746)
07-03 21:30:22.747 28234 28257 W System.err: 	at android.os.Handler.dispatchMessage(Handler.java:95)
07-03 21:30:22.747 28234 28257 W System.err: 	at android.os.Looper.loop(Looper.java:148)
07-03 21:30:22.747 28234 28257 W System.err: 	at android.os.HandlerThread.run(HandlerThread.java:61)
07-03 21:30:22.819  1907  2318 D WifiService: New client listening to asynchronous messages
07-03 21:30:22.836 28234 28268 W ResourceType: No package identifier when getting value for resource number 0x00000000
07-03 21:30:22.963  1907  3355 I ActivityManager: Killing 27549:com.android.providers.calendar/u0a31 (adj 15): empty #7
07-03 21:30:22.964 28259 28259 I dex2oat : /system/bin/dex2oat -j4 --debuggable
07-03 21:30:23.311   359   359 I SFPerfTracer:      triggers: (rate: 876:25202) (compose: 0:27) (post: 0:15) (render: 77:2397) (61:459362 frames) (62:527497)
07-03 21:30:23.311   359   359 D SFPerfTracer:        layers: (4:10) (FocusedStackFrame (0xb71ba600): 0:5186)* (DimLayer (0xb7280f80): 0:82)* (DimLayer (0xb7283cf8): 0:8)* (StatusBar (0xb7260098): 58:120217) (com.android.systemui.ImageWallpaper (0xb7278a30): 1:4213)* (DimLayer (0xb7279cf8): 0:446)* (DimLayer (0xb72872c0): 0:208)* (com.whatsapp/com.whatsapp.Conversation (0xb7266870): 4:665) (InputMethod (0xb724be70): 2:428) (NavigationBar (0xb7209e90): 11:30) 
07-03 21:30:23.328  7541  7541 I LatinIme: onDeactivate() : Latency Metrics = {}
07-03 21:30:23.328  7541  7541 I LatinIme: Applicator.applyDiff-time = [0 -> [0 -> [Min = 0 : Average = 1 : Max = 10]]
07-03 21:30:23.328  7541  7541 I LatinIme: Applicator.applySuggestionDiff-time = [0 -> [0 -> [Min = 0 : Average = 5 : Max = 37]]
07-03 21:30:23.328  7541  7541 I LatinIme: Applicator.changeKeyboardState-time = [0 -> [0 -> [Min = 0 : Average = 0 : Max = 1]]
07-03 21:30:23.328  7541  7541 I LatinIme: Decoder.createOrResetDecoder-time = []
07-03 21:30:23.328  7541  7541 I LatinIme: Decoder.decodeGesture-time = []
07-03 21:30:23.328  7541  7541 I LatinIme: Decoder.decodeTouch-time = [0 -> [0 -> [Min = 0 : Average = 16 : Max = 268]]
07-03 21:30:23.328  7541  7541 I LatinIme: Decoder.fetchSuggestions-time = [0 -> [0 -> [Min = 1 : Average = 92 : Max = 452]]
07-03 21:30:23.328  7541  7541 I LatinIme: Decoder.flushPersonalizedData-time = []
07-03 21:30:23.328  7541  7541 I LatinIme: Decoder.getLoudsLmContentVersion-time = []
07-03 21:30:23.328  7541  7541 I LatinIme: Decoder.loadLanguageModel.BLACKLIST-time = []
07-03 21:30:23.328  7541  7541 I LatinIme: Decoder.loadLanguageModel.CONTACTS-time = []
07-03 21:30:23.328  7541  7541 I LatinIme: Decoder.loadLanguageModel.MAIN-time = []
07-03 21:30:23.328  7541  7541 I LatinIme: Decoder.loadLanguageModel.PERSONAL_DICTIONARY-time = []
07-03 21:30:23.328  7541  7541 I LatinIme: Decoder.loadLanguageModel.USER_HISTORY-time = []
07-03 21:30:23.328  7541  7541 I LatinIme: Decoder.parseInputContext-time = [0 -> [0 -> [Min = 0 : Average = 0 : Max = 2]]
07-03 21:30:23.328  7541  7541 I LatinIme: Decoder.scrubDeleteFinish-time = []
07-03 21:30:23.328  7541  7541 I LatinIme: Decoder.selectTextCandidate-time = [0 -> [0 -> [Min = 16 : Average = 17 : Max = 19]]
07-03 21:30:23.328  7541  7541 I LatinIme: Decoder.setKeyboardLayout-time = [0 -> [0 -> [Min = 4 : Average = 205 : Max = 422]]
07-03 21:30:23.328  7541  7541 I LatinIme: Decoder.setRuntimeParams-time = [0 -> [0 -> [Min = 0 : Average = 1 : Max = 12]]
07-03 21:30:23.328  7541  7541 I LatinIme: DecoderWrapper.createOrResetDecoder-time = []
07-03 21:30:23.328  7541  7541 I LatinIme: DecoderWrapper.decodeGesture-time = []
07-03 21:30:23.328  7541  7541 I LatinIme: DecoderWrapper.decodeTouch-time = [0 -> [0 -> [Min = 0 : Average = 17 : Max = 268]]
07-03 21:30:23.328  7541  7541 I LatinIme: DecoderWrapper.fetchSuggestions-time = [0 -> [0 -> [Min = 1 : Average = 93 : Max = 453]]
07-03 21:30:23.328  7541  7541 I LatinIme: DecoderWrapper.scrubDeleteFinish-time = []
07-03 21:30:23.328  7541  7541 I LatinIme: DecoderWrapper.scrubDeleteStart-time = []
07-03 21:30:23.328  7541  7541 I LatinIme: DecoderWrapper.selectTextCandidate-time = [0 -> [0 -> [Min = 21 : Average = 22 : Max = 24]]
07-03 21:30:23.328  7541  7541 I LatinIme: onDeactivate() : Input Context Metrics = 
07-03 21:30:23.329  7541  7541 I ClearcutLoggerManager: onFinishInput()
07-03 21:30:23.355  7541  7645 E Surface : getSlotFromBufferLocked: unknown buffer: 0xb9134180
07-03 21:30:23.468 28259 28287 W dex2oat : Before Android 4.1, method int android.support.v7.widget.ListViewCompat.lookForSelectablePosition(int, boolean) would have incorrectly overridden the package-private method in android.widget.ListView
07-03 21:30:23.509 28259 28285 W dex2oat : Before Android 4.1, method android.graphics.PorterDuffColorFilter android.support.graphics.drawable.VectorDrawableCompat.updateTintFilter(android.graphics.PorterDuffColorFilter, android.content.res.ColorStateList, android.graphics.PorterDuff$Mode) would have incorrectly overridden the package-private method in android.graphics.drawable.Drawable
07-03 21:30:24.124   359  1046 I SFPerfTracer:      triggers: (rate: 0:117) (36825 sw vsyncs) (0 skipped) (26:748618 vsyncs) (28:866957)
07-03 21:30:24.701  1907  2617 I ActivityManager: START u0 {cmp=com.whatsapp/.HomeActivity} from uid 10000 on display 0
07-03 21:30:24.803 19181 19181 I AppCompatViewInflater: app:theme is now deprecated. Please move to using android:theme instead.
07-03 21:30:24.931  2389  2720 I NetworkController.MotorolaMobileSignalController(5): MotorolaMobilePhoneStateListener.onSignalStrengthsChanged: Entered: signalStrength=SignalStrength: 20 0 -120 -160 -120 -1 -1 99 2147483647 2147483647 2147483647 2147483647 2147483647 gsm|lte level=4
07-03 21:30:25.053   392  1038 D audio_hw_primary: disable_audio_route: reset and update mixer path: low-latency-playback speaker
07-03 21:30:25.053   392  1038 D audio_hw_primary: disable_snd_device: snd_device(2: speaker)
07-03 21:30:25.093  5985  5985 D OtaApp  : debug - PollingMangerService, phone state: 0 0 voice Domestic Roaming data Domestic Roaming Vodafone IN Vodafone 40411 Vodafone IN Vodafone 40411  UMTS HSPA CSS not supported -1 -1 RoamInd=-1 DefRoamInd=-1 EmergOnly=false IsDataRoamingFromRegistration=true
07-03 21:30:25.093  2389  2720 I NetworkController.MotorolaMobileSignalController(9): MotorolaMobilePhoneStateListener.onServiceStateChanged: Entered: voiceState=0=0=STATE_IN_SERVICE dataState=0=0=STATE_IN_SERVICE
07-03 21:30:25.097  2389  2720 D MotoNetwCtrlr: onReceive: intent=Intent { act=android.intent.action.SERVICE_STATE flg=0x10 (has extras) }
07-03 21:30:25.098 26857 26857 D CellBroadcastReceiver: subscriptionId = 9
07-03 21:30:25.275  1907  1933 I ActivityManager: Start proc 28299:android.process.acore/u0a15 for content provider com.android.providers.contacts/.ContactsProvider2
07-03 21:30:25.533 28299 28299 W System  : ClassLoader referenced unknown path: /system/priv-app/ContactsProvider/lib/arm
07-03 21:30:25.613 19181 19181 I Choreographer: Skipped 35 frames!  The application may be doing too much work on its main thread.
