07-03 21:28:28.785 27121 27121 W TrustedPartners: no provider found for com.motorola.camera.provider.bestshotprovider.BestShotProvider; do not trust
07-03 21:28:28.785 27121 27121 W TrustedPartners: no provider found for com.google.android.apps.photos.api.SpecialTypesProvider; do not trust
07-03 21:28:28.786 27121 27121 W TrustedPartners: no provider found for com.lge.photos.specialtypeprovider; do not trust
07-03 21:28:29.468 27072 27094 V ConnectivityManager: isActiveNetworkMetered() returns:false
07-03 21:28:30.179 26445 26506 D com.facebook.appevents.AppEventsLogger: Got unexpected exception: java.io.InvalidClassException: com.facebook.appevents.AppEventsLogger$AppEvent; Incompatible class (SUID): com.facebook.appevents.AppEventsLogger$AppEvent: static final long serialVersionUID =2688263401525833667L; but expected com.facebook.appevents.AppEventsLogger$AppEvent: static final long serialVersionUID =-3011013148589614728L;
07-03 21:28:30.238  1907  1922 I art     : Background partial concurrent mark sweep GC freed 21662(1432KB) AllocSpace objects, 5(116KB) LOS objects, 33% free, 30MB/45MB, paused 2.684ms total 186.395ms
07-03 21:28:30.570  1907  1932 I ActivityManager: Process com.nis.app (pid 26445) has died
07-03 21:28:30.838   406   592 I ThermalEngine: Sensor:xo_therm_pu2:40000 mC
07-03 21:28:30.847   406   591 I ThermalEngine: Sensor:batt_therm:35500 mC
07-03 21:28:31.120  1907 15785 D NetlinkSocketObserver: NeighborEvent{elapsedMs=130487298, 192.168.0.1, [14825BFA71E8], RTM_NEWNEIGH, NUD_REACHABLE}
07-03 21:28:34.677  2445  2445 D ConnectivityManager: getMobileDataEnabled()+ subId=9
07-03 21:28:34.677  3017  6375 D PhoneInterfaceManager: [PhoneIntfMgr] getDataEnabled: subId=9 phoneId=0
07-03 21:28:34.678  3017  6375 D PhoneInterfaceManager: [PhoneIntfMgr] getDataEnabled: subId=9 retVal=true
07-03 21:28:34.678  2445  2445 D ConnectivityManager: getMobileDataEnabled()- subId=9 retVal=true
07-03 21:28:36.571  2389  2389 I chatty  : uid=10001(com.android.systemui) expire 12 lines
07-03 21:28:39.580  1907 15785 D NetlinkSocketObserver: NeighborEvent{elapsedMs=130495758, 192.168.0.1, [14825BFA71E8], RTM_NEWNEIGH, NUD_STALE}
07-03 21:28:40.843   406   592 I ThermalEngine: Sensor:xo_therm_pu2:40000 mC
07-03 21:28:40.852   406   591 I ThermalEngine: Sensor:batt_therm:35500 mC
07-03 21:28:45.018  2389  2720 I chatty  : uid=10001(com.android.systemui) PhoneStatusBar expire 10 lines
07-03 21:28:50.848   406   592 I ThermalEngine: Sensor:xo_therm_pu2:40000 mC
07-03 21:28:50.856   406   591 I ThermalEngine: Sensor:batt_therm:35500 mC
07-03 21:28:53.760  1907 15785 D NetlinkSocketObserver: NeighborEvent{elapsedMs=130509938, 192.168.0.1, [14825BFA71E8], RTM_NEWNEIGH, NUD_PROBE}
07-03 21:28:54.298  2389  2389 I chatty  : uid=10001(com.android.systemui) expire 24 lines
07-03 21:29:00.852   406   592 I ThermalEngine: Sensor:xo_therm_pu2:39000 mC
07-03 21:29:00.862   406   591 I ThermalEngine: Sensor:batt_therm:35500 mC
07-03 21:29:02.483  1907  2299 D BatteryService: uevent={POWER_SUPPLY_TEMP=355, POWER_SUPPLY_STATUS=Charging, POWER_SUPPLY_CAPACITY=84, ACTION=change, DEVPATH=/devices/qpnp-charger-e4a25800/power_supply/battery, POWER_SUPPLY_VOLTAGE_OCV=-22, POWER_SUPPLY_ONLINE=1, SUBSYSTEM=power_supply, POWER_SUPPLY_NUM_SYSTEM_TEMP_LEVELS=4, POWER_SUPPLY_INPUT_CURRENT_MAX=500000, POWER_SUPPLY_VOLTAGE_MAX_DESIGN=4350000, POWER_SUPPLY_CHARGE_FULL=2012000, POWER_SUPPLY_NAME=battery, POWER_SUPPLY_VOLTAGE_MIN_DESIGN=4300000, POWER_SUPPLY_VOLTAGE_MIN=4300000, POWER_SUPPLY_HEALTH=Good, POWER_SUPPLY_CYCLE_COUNT=8, POWER_SUPPLY_TECHNOLOGY=Li-ion, POWER_SUPPLY_CHARGE_TYPE=Fast, POWER_SUPPLY_PRESENT=1, POWER_SUPPLY_INPUT_CURRENT_SETTLED=0, POWER_SUPPLY_MODEL_NAME=UNKNOWN, POWER_SUPPLY_VOLTAGE_NOW=4205216, SEQNUM=77070, POWER_SUPPLY_TEMP_WARM=450, POWER_SUPPLY_TEMP_COOL=0, POWER_SUPPLY_CHARGE_FULL_DESIGN=2022000, POWER_SUPPLY_CURRENT_NOW=-364153, POWER_SUPPLY_CHARGE_COUNTER=288109, POWER_SUPPLY_SYSTEM_TEMP_LEVEL=0, POWER_SUPPLY_INPUT_CURRENT_TRIM=31, POWER_SUPPLY_VOLTAGE_EMPTY=3200000, POWER_SUPPLY_CHARGE_RATE=Normal, POWER_SUPPLY_INPUT_VOLTAGE_REGULATION=0, POWER_SUPPLY_CHARGING_ENABLED=1}
07-03 21:29:03.798  1907  2305 I PowerManagerService: Waking up from sleep (uid 1000)...
07-03 21:29:03.799  1907  1907 V KeyguardServiceDelegate: onStartedWakingUp()
07-03 21:29:03.803  1907  2134 V KeyguardServiceDelegate: onScreenTurnedOn(showListener = com.android.server.policy.PhoneWindowManager$2@c6e7aa1)
07-03 21:29:03.804  1907  2123 I DisplayManagerService: Display device changed state: "Built-in Screen", ON
07-03 21:29:03.814   359   359 D SurfaceFlinger: Set power mode=2, type=0 flinger=0xb7139df8
07-03 21:29:03.815   359   359 D qdhwcomposer: hwc_setPowerMode: Setting mode 2 on display: 0
07-03 21:29:03.840  1907  1907 V AlarmManager: sending alarm {9aa8c2c type 3 *alarm*:android.intent.action.TIME_TICK}
07-03 21:29:03.847  1907  2617 V KeyguardServiceDelegate: **** SHOWN CALLED ****
07-03 21:29:03.888  1907  1907 D bsthal  : activate, handle: 1598182229, enabled: 1, index 0
07-03 21:29:03.888  1907  1907 E bsthal  : <BST> enable accel, orig state: 0
07-03 21:29:03.888  1907  1907 I bsthal  : <BST> enable sensor <BOSCH BMC150 Acceleration Sensor>
07-03 21:29:03.889  1907  1907 D bsthal  : setDelay, handle: 1598182229 delay: 200000000
07-03 21:29:03.889  1907  1907 E bsthal  : <BST> set delay: 200000000ns
07-03 21:29:03.889  1907  1907 I bsthal  : <BST> set delay of <BOSCH BMC150 Acceleration Sensor> to 200ms
07-03 21:29:03.901   392   392 D audio_hw_primary: adev_set_parameters: enter: screen_state=on
07-03 21:29:03.901   392   392 D audio_hw_fm: audio_extn_fm_set_parameters: Inside
07-03 21:29:03.901   392   392 V audio_hw_fm: audio_extn_fm_set_parameters: enter
07-03 21:29:03.901   392   392 V audio_hw_fm: audio_extn_fm_set_parameters: exit
07-03 21:29:03.901   392   392 E bt_a2dp_hw: adev_set_parameters: ERROR: set param called even when stream out is null
07-03 21:29:03.946  1907  2313 E native  : do suspend false
07-03 21:29:03.966  1907  2313 D WifiConfigStore: No blacklist allowed without epno enabled
07-03 21:29:03.977  2389  2720 I chatty  : uid=10001(com.android.systemui) PhoneStatusBar expire 35 lines
07-03 21:29:03.992  3239  3239 D ScreenOnOffReceiver: Received intent: Intent { act=android.intent.action.SCREEN_ON flg=0x50000010 }.
07-03 21:29:04.017   359  1033 I qdhwcomposer: handle_blank_event: dpy:0 panel power state: 1
07-03 21:29:04.018   359   359 I qdhwcomposer: enable_dcabc: Done setting UI mode
07-03 21:29:04.018   359   359 D qdhwcomposer: hwc_setPowerMode: Done setting mode 2 on display 0
07-03 21:29:04.018  1907  2356 D SurfaceControl: Excessive delay in setPowerMode(): 214ms
07-03 21:29:04.019  1907  2134 V KeyguardServiceDelegate: onScreenTurnedOn()
07-03 21:29:04.031   359  1046 I SFPerfTracer:      triggers: (rate: 0:117) (36803 sw vsyncs) (0 skipped) (0:745475 vsyncs) (120:863698)
07-03 21:29:04.124  1907  1907 V AlarmManager: done {9aa8c2c, *alarm*:android.intent.action.TIME_TICK} [284ms]
07-03 21:29:06.217  2977  3001 I art     : Background partial concurrent mark sweep GC freed 39683(2MB) AllocSpace objects, 16(1220KB) LOS objects, 39% free, 8MB/14MB, paused 7.511ms total 56.310ms
07-03 21:29:06.832  2389  2389 I chatty  : uid=10001(com.android.systemui) expire 66 lines
07-03 21:29:06.954  1907  2319 D ConnectivityService: updateNetworkScore for NetworkAgentInfo [WIFI () - 119] to 60
07-03 21:29:06.956  1907  2319 D ConnectivityService: rematching NetworkAgentInfo [WIFI () - 119]
07-03 21:29:07.187   359   359 I SFPerfTracer:      triggers: (rate: 867:25086) (compose: 0:27) (post: 0:15) (render: 76:2372) (188:458044 frames) (189:525966)
07-03 21:29:07.187   359   359 D SFPerfTracer:        layers: (2:10) (FocusedStackFrame (0xb71ba600): 0:5175)* (DimLayer (0xb7280f80): 0:82)* (DimLayer (0xb7283cf8): 0:8)* (StatusBar (0xb7260098): 189:119673) (com.android.systemui.ImageWallpaper (0xb7278a30): 0:4186) (DimLayer (0xb7279cf8): 0:446)* (DimLayer (0xb72872c0): 0:202)* (com.google.android.keep/com.google.android.keep.activities.BrowseActivity (0xb724be70): 7:763)* (InputMethod (0xb727f888): 1:228)* (ColorFade (0xb7266870): 0:27)- 
07-03 21:29:08.016   395   395 I keystore: calling unlock when not locked, ignoring.
07-03 21:29:08.029  3239  3239 D TrustAgent: [GoogleTrustAgentChimeraService] onUnlockAttempt(true)
07-03 21:29:08.355   392  1038 D audio_hw_primary: out_set_parameters: enter: usecase(1: low-latency-playback) kvpairs: routing=2
07-03 21:29:08.356   392  1038 D audio_hw_fm: audio_extn_fm_set_parameters: Inside
07-03 21:29:08.356   392  1038 V audio_hw_fm: audio_extn_fm_set_parameters: enter
07-03 21:29:08.356   392  1038 V audio_hw_fm: audio_extn_fm_set_parameters: exit
07-03 21:29:08.375   392  1037 D audio_hw_primary: select_devices: out_snd_device(2: speaker) in_snd_device(0: none)
07-03 21:29:08.375   392  1037 D msm8974_platform: platform_send_audio_calibration: sending audio calibration for snd_device(2) acdb_id(15)
07-03 21:29:08.376   392  1037 D ACDB-LOADER: ACDB -> send_audio_cal, acdb_id = 15, path =  0
07-03 21:29:08.376   392  1037 D ACDB-LOADER: ACDB -> send_adm_topology
07-03 21:29:08.376   392  1037 D ACDB-LOADER: ACDB -> ACDB_CMD_GET_AUDPROC_COMMON_TOPOLOGY_ID
07-03 21:29:08.377   392  1037 D ACDB-LOADER: ACDB -> send_audtable
07-03 21:29:08.377   392  1037 D ACDB-LOADER: ACDB -> ACDB_CMD_GET_AUDPROC_COMMON_TABLE
07-03 21:29:08.377   392  1037 D ACDB-LOADER: ACDB -> AUDIO_SET_AUDPROC_CAL
07-03 21:29:08.378   392  1037 D ACDB-LOADER: ACDB -> send_audvoltable
07-03 21:29:08.378   392  1037 D ACDB-LOADER: ACDB -> ACDB_CMD_GET_AUDPROC_GAIN_DEP_STEP_TABLE
07-03 21:29:08.378   392  1037 D ACDB-LOADER: ACDB -> AUDIO_SET_AUDPROC_VOL_CAL
07-03 21:29:08.378   392  1037 D ACDB-LOADER: ACDB -> send_afe_cal
07-03 21:29:08.378   392  1037 D ACDB-LOADER: ACDB -> ACDB_CMD_GET_AFE_COMMON_TABLE
07-03 21:29:08.378   392  1037 D         : Failed to fetch the lookup information of the device 0000000F 
07-03 21:29:08.378   392  1037 D ACDB-LOADER: ACDB -> AUDIO_SET_AFE_CAL
07-03 21:29:08.378   392  1037 D audio_hw_primary: enable_snd_device: snd_device(2: speaker)
07-03 21:29:08.385   392  1037 D audio_hw_primary: enable_audio_route: apply and update mixer path: low-latency-playback speaker
07-03 21:29:08.413  3239  3239 D ScreenOnOffReceiver: Received intent: Intent { act=android.intent.action.USER_PRESENT flg=0x24000010 }.
07-03 21:29:08.413  3239  3239 D Coffee-OneTimeAuthTrustlet: user present
07-03 21:29:08.413  3239  3239 D Coffee-OneTimeAuthTrustlet: screen off
07-03 21:29:08.413  3239  3239 D Coffee-OneTimeAuthTrustlet: user present
07-03 21:29:08.413  3239  3239 D Coffee-OneTimeAuthTrustlet: screen off
07-03 21:29:08.478  3239  3239 V ConnectivityManager: isActiveNetworkMetered() returns:false
07-03 21:29:08.591 25167 25167 W EditorFragment: notify load note
07-03 21:29:08.810  3239  3239 V UserPresentBroadcastReceiver: Received Intent { act=android.intent.action.USER_PRESENT flg=0x24000010 cmp=com.google.android.gms/.trustagent.UserPresentBroadcastReceiver }.
07-03 21:29:08.866  1907  3006 W InputMethodManagerService: Window already focused, ignoring focus gain of: com.android.internal.view.IInputMethodClient$Stub$Proxy@3691d00 attribute=android.view.inputmethod.EditorInfo@8978939, token = android.os.BinderProxy@cd78a9e
07-03 21:29:08.889 25167 25172 I art     : Background sticky concurrent mark sweep GC freed 78350(5MB) AllocSpace objects, 17(288KB) LOS objects, 29% free, 15MB/22MB, paused 14.491ms total 265.058ms
07-03 21:29:08.936 25167 25170 E DataBuffer: Internal data leak within a DataBuffer object detected!  Be sure to explicitly call release() on all DataBuffer extending objects when you are done with them. (Owner:size=1)
07-03 21:29:08.992  1907  2767 I ActivityManager: Start proc 27255:com.estrongs.android.pop/u0a128 for broadcast com.estrongs.android.pop/.app.StartServiceReceiver
07-03 21:29:09.021   359   359 I SFPerfTracer:      triggers: (rate: 867:25086) (compose: 0:27) (post: 0:15) (render: 76:2373) (13:458139 frames) (14:526071)
07-03 21:29:09.021   359   359 D SFPerfTracer:        layers: (4:10) (FocusedStackFrame (0xb71ba600): 0:5177)* (DimLayer (0xb7280f80): 0:82)* (DimLayer (0xb7283cf8): 0:8)* (StatusBar (0xb7260098): 3:119765) (com.android.systemui.ImageWallpaper (0xb7278a30): 1:4198)* (DimLayer (0xb7279cf8): 0:446)* (DimLayer (0xb72872c0): 0:204)* (com.google.android.keep/com.google.android.keep.activities.BrowseActivity (0xb724be70): 0:786) (InputMethod (0xb727f888): 0:249) (NavigationBar (0xb7209e90): 12:31) 
07-03 21:29:09.413 27255 27255 I MultiDex: VM with version 2.1.0 has multidex support
07-03 21:29:09.413 27255 27255 I MultiDex: install
07-03 21:29:09.413 27255 27255 I MultiDex: VM has multidex support, MultiDex support library is disabled.
07-03 21:29:09.413 27255 27255 I MultiDex: install
07-03 21:29:09.413 27255 27255 I MultiDex: VM has multidex support, MultiDex support library is disabled.
07-03 21:29:09.420  1907  3035 I AccountManagerService: getTypesVisibleToCaller: isPermitted? false
07-03 21:29:09.519  1907  3367 I ActivityManager: Process com.android.mms (pid 15895) has died
07-03 21:29:09.520  1907  3367 W ActivityManager: Scheduling restart of crashed service com.android.mms/.transaction.TransactionService in 1000ms
07-03 21:29:09.541  1907  2405 I AccountManagerService: getTypesVisibleToCaller: isPermitted? true
07-03 21:29:09.542  1907  3005 I AccountManagerService: getTypesVisibleToCaller: isPermitted? true
07-03 21:29:09.543  1907  1932 I AccountManagerService: getTypesVisibleToCaller: isPermitted? true
07-03 21:29:09.543  1907  2767 I AccountManagerService: getTypesVisibleToCaller: isPermitted? true
07-03 21:29:09.544  1907  1933 I AccountManagerService: getTypesVisibleToCaller: isPermitted? true
07-03 21:29:09.545  1907  3035 I AccountManagerService: getTypesVisibleToCaller: isPermitted? true
07-03 21:29:09.549  1907  3006 I AccountManagerService: getTypesVisibleToCaller: isPermitted? true
07-03 21:29:09.551  1907  3005 I AccountManagerService: getTypesVisibleToCaller: isPermitted? true
07-03 21:29:09.558  1907  2405 I AccountManagerService: getTypesVisibleToCaller: isPermitted? true
07-03 21:29:09.720  1907  5711 I ActivityManager: Process com.google.android.apps.photos (pid 27072) has died
07-03 21:29:09.775  1907  3005 I ActivityManager: START u0 {flg=0x14000000 cmp=com.whatsapp/.Conversation (has extras)} from uid 10000 on display 0
07-03 21:29:09.854   359   359 I SFPerfTracer:      triggers: (rate: 867:25092) (compose: 0:27) (post: 0:15) (render: 76:2377) (38:458177 frames) (39:526110)
07-03 21:29:09.854   359   359 D SFPerfTracer:        layers: (4:10) (FocusedStackFrame (0xb71ba600): 0:5177)* (DimLayer (0xb7280f80): 0:82)* (DimLayer (0xb7283cf8): 0:8)* (StatusBar (0xb7260098): 37:119802) (com.android.systemui.ImageWallpaper (0xb7278a30): 0:4198)* (DimLayer (0xb7279cf8): 0:446)* (DimLayer (0xb72872c0): 0:204)* (com.google.android.keep/com.google.android.keep.activities.BrowseActivity (0xb724be70): 12:798) (InputMethod (0xb727f888): 2:251) (NavigationBar (0xb7209e90): 3:34) 
07-03 21:29:09.895  1907  2876 W InputMethodManagerService: Window already focused, ignoring focus gain of: com.android.internal.view.IInputMethodClient$Stub$Proxy@b06ad92 attribute=null, token = android.os.BinderProxy@cd78a9e
07-03 21:29:10.143 19181 19181 I AppCompatViewInflater: app:theme is now deprecated. Please move to using android:theme instead.
07-03 21:29:10.322 27255 27279 E FlurryAgent: GOOGLE PLAY SERVICES EXCEPTION: com.google.android.gms.common.GooglePlayServicesUtil
07-03 21:29:10.322 27255 27279 E FlurryAgent: There is a problem with the Google Play Services library, which is required for Android Advertising ID support. The Google Play Services library should be integrated in any app shipping in the Play Store that uses analytics or advertising.
07-03 21:29:10.444 27255 27279 W System.err: java.lang.NullPointerException: Attempt to invoke interface method 'java.util.Iterator java.util.List.iterator()' on a null object reference
07-03 21:29:10.465 27255 27279 W System.err: 	at com.flurry.sdk.kv.h(Unknown Source)
07-03 21:29:10.466 27255 27279 W System.err: 	at com.flurry.sdk.kv.e(Unknown Source)
07-03 21:29:10.466 27255 27279 W System.err: 	at com.flurry.sdk.kv.a(Unknown Source)
07-03 21:29:10.466 27255 27279 W System.err: 	at com.flurry.sdk.kv.<init>(Unknown Source)
07-03 21:29:10.466 27255 27279 W System.err: 	at com.flurry.sdk.kt$2.a(Unknown Source)
07-03 21:29:10.466 27255 27279 W System.err: 	at com.flurry.sdk.ly.run(Unknown Source)
07-03 21:29:10.466 27255 27279 W System.err: 	at android.os.Handler.handleCallback(Handler.java:746)
07-03 21:29:10.466 27255 27279 W System.err: 	at android.os.Handler.dispatchMessage(Handler.java:95)
07-03 21:29:10.466 27255 27279 W System.err: 	at android.os.Looper.loop(Looper.java:148)
07-03 21:29:10.466 27255 27279 W System.err: 	at android.os.HandlerThread.run(HandlerThread.java:61)
07-03 21:29:10.468 27255 27279 W System.err: java.lang.NullPointerException: Attempt to invoke virtual method 'java.util.List com.flurry.sdk.kv.a()' on a null object reference
07-03 21:29:10.469 27255 27279 W System.err: 	at com.flurry.sdk.kt.g(Unknown Source)
07-03 21:29:10.469 27255 27279 W System.err: 	at com.flurry.sdk.kt$4.a(Unknown Source)
07-03 21:29:10.469 27255 27279 W System.err: 	at com.flurry.sdk.ly.run(Unknown Source)
07-03 21:29:10.469 27255 27279 W System.err: 	at android.os.Handler.handleCallback(Handler.java:746)
07-03 21:29:10.469 27255 27279 W System.err: 	at android.os.Handler.dispatchMessage(Handler.java:95)
07-03 21:29:10.469 27255 27279 W System.err: 	at android.os.Looper.loop(Looper.java:148)
07-03 21:29:10.469 27255 27279 W System.err: 	at android.os.HandlerThread.run(HandlerThread.java:61)
07-03 21:29:10.479 19181 19190 I art     : Background sticky concurrent mark sweep GC freed 60077(3MB) AllocSpace objects, 17(1628KB) LOS objects, 19% free, 22MB/27MB, paused 2.028ms total 187.046ms
07-03 21:29:10.608  1907  2318 D WifiService: New client listening to asynchronous messages
07-03 21:29:10.609 27255 27291 W ResourceType: No package identifier when getting value for resource number 0x00000000
07-03 21:29:10.704 19181 19181 I Choreographer: Skipped 47 frames!  The application may be doing too much work on its main thread.
07-03 21:29:10.771   359   359 I SFPerfTracer:      triggers: (rate: 867:25093) (compose: 0:27) (post: 0:15) (render: 76:2379) (50:458227 frames) (51:526163)
07-03 21:29:10.772   359   359 D SFPerfTracer:        layers: (4:10) (FocusedStackFrame (0xb71ba600): 1:5180)* (DimLayer (0xb7280f80): 0:82)* (DimLayer (0xb7283cf8): 0:8)* (StatusBar (0xb7260098): 50:119854) (com.android.systemui.ImageWallpaper (0xb7278a30): 0:4198)* (DimLayer (0xb7279cf8): 0:446)* (DimLayer (0xb72872c0): 0:204)* (com.google.android.keep/com.google.android.keep.activities.BrowseActivity (0xb724be70): 8:808) (InputMethod (0xb727f888): 0:252) (NavigationBar (0xb7209e90): 0:34) 
07-03 21:29:10.857   406   592 I ThermalEngine: Sensor:xo_therm_pu2:41000 mC
07-03 21:29:10.867   406   591 I ThermalEngine: Sensor:batt_therm:35800 mC
07-03 21:29:11.163 25167 25303 E Surface : getSlotFromBufferLocked: unknown buffer: 0xb94aa3a8
07-03 21:29:11.166  1907  2123 I LaunchCheckinHandler: Displayed com.whatsapp/.Conversation,wp,ca,1290
07-03 21:29:11.171  1907  2123 I ActivityManager: Displayed com.whatsapp/.Conversation: +1s290ms (total +7m44s872ms)
07-03 21:29:11.487 26857 26857 D CellBroadcastReceiver: subscriptionId = 9
07-03 21:29:11.504   359   359 I SFPerfTracer:      triggers: (rate: 867:25094) (compose: 0:27) (post: 0:15) (render: 76:2380) (17:458265 frames) (18:526204)
07-03 21:29:11.504   359   359 D SFPerfTracer:        layers: (5:11) (FocusedStackFrame (0xb71ba600): 1:5182)* (DimLayer (0xb7280f80): 0:82)* (DimLayer (0xb7283cf8): 0:8)* (StatusBar (0xb7260098): 0:119854) (com.android.systemui.ImageWallpaper (0xb7278a30): 0:4198)* (DimLayer (0xb7279cf8): 0:446)* (DimLayer (0xb72872c0): 1:205) (com.google.android.keep/com.google.android.keep.activities.BrowseActivity (0xb724be70): 18:826) (InputMethod (0xb727f888): 3:255) (NavigationBar (0xb7209e90): 0:34) (com.whatsapp/com.whatsapp.Conversation (0xb7266870): 2:25)* 
07-03 21:29:11.643  5985  5985 D OtaApp  : debug - PollingMangerService, phone state: 0 0 voice Domestic Roaming data Domestic Roaming Vodafone IN Vodafone 40411 Vodafone IN Vodafone 40411  UMTS HSPA CSS not supported -1 -1 RoamInd=-1 DefRoamInd=-1 EmergOnly=false IsDataRoamingFromRegistration=true
07-03 21:29:11.768   392  1038 D audio_hw_primary: disable_audio_route: reset and update mixer path: low-latency-playback speaker
07-03 21:29:11.768   392  1038 D audio_hw_primary: disable_snd_device: snd_device(2: speaker)
07-03 21:29:11.976 25167 25167 W EditorFragment: notify unload note
07-03 21:29:12.004   359   359 I SFPerfTracer:       trigger: frame rate (-40.808%)	(35.515 fps)	(28.157 ms) 	(5 drops)	(16 frames)
07-03 21:29:12.005   359   359 I SFPerfTracer:       trigger: render     (33.147 ms)	(8.147 ms off for 12 triggers)	(12 triggers)	(17 renders)
07-03 21:29:12.005   359   359 I SFPerfTracer:      triggers: (rate: 868:25099) (compose: 0:27) (post: 0:15) (render: 77:2392) (16:458281 frames) (17:526221)
07-03 21:29:12.005   359   359 D SFPerfTracer:        layers: (6:11) (FocusedStackFrame (0xb71ba600): 0:5182)* (DimLayer (0xb7280f80): 0:82)* (DimLayer (0xb7283cf8): 0:8)* (StatusBar (0xb7260098): 2:119856) (com.android.systemui.ImageWallpaper (0xb7278a30): 0:4198)* (DimLayer (0xb7279cf8): 0:446)* (DimLayer (0xb72872c0): 0:205) (com.google.android.keep/com.google.android.keep.activities.BrowseActivity (0xb724be70): 8:834) (InputMethod (0xb727f888): 0:255) (NavigationBar (0xb7209e90): 0:34) (com.whatsapp/com.whatsapp.Conversation (0xb7266870): 17:42) 
07-03 21:29:12.642  5985  5985 D OtaApp  : debug - PollingMangerService, phone state: 0 0 voice Domestic Roaming data Domestic Roaming Vodafone IN Vodafone 40411 Vodafone IN Vodafone 40411  UMTS HSPA CSS not supported -1 -1 RoamInd=-1 DefRoamInd=-1 EmergOnly=false IsDataRoamingFromRegistration=true
07-03 21:29:12.647 26857 26857 D CellBroadcastReceiver: subscriptionId = 9
07-03 21:29:12.673   359   359 I SFPerfTracer:      triggers: (rate: 868:25100) (compose: 0:27) (post: 0:15) (render: 77:2393) (16:458298 frames) (17:526241)
07-03 21:29:12.673   359   359 D SFPerfTracer:        layers: (4:10) (FocusedStackFrame (0xb71ba600): 0:5183)* (DimLayer (0xb7280f80): 0:82)* (DimLayer (0xb7283cf8): 0:8)* (StatusBar (0xb7260098): 0:119857) (com.android.systemui.ImageWallpaper (0xb7278a30): 0:4198)* (DimLayer (0xb7279cf8): 0:446)* (DimLayer (0xb72872c0): 0:206)* (InputMethod (0xb727f888): 0:256) (NavigationBar (0xb7209e90): 0:34) (com.whatsapp/com.whatsapp.Conversation (0xb7266870): 17:61) 
07-03 21:29:13.148  5985  5985 D OtaApp  : debug - PollingMangerService, phone state: 0 0 voice Domestic Roaming data Domestic Roaming Vodafone IN Vodafone 40411 Vodafone IN Vodafone 40411  GSM EDGE CSS not supported -1 -1 RoamInd=-1 DefRoamInd=-1 EmergOnly=false IsDataRoamingFromRegistration=true
07-03 21:29:13.159 26857 26857 D CellBroadcastReceiver: subscriptionId = 9
07-03 21:29:13.188  2445  4542 D Checkin : publish the event [tag = MOT_TIME_ON_RAT event name = TIME_SPEND_ON_RAT]
07-03 21:29:13.192  2445  4542 D Checkin : publish the event [tag = CALL_PERF_HO_SUCCESS event name = HO_STATS]
07-03 21:29:13.218  2445  2445 D ConnectivityManager: getMobileDataEnabled()+ subId=9
07-03 21:29:13.224  3017  6375 D PhoneInterfaceManager: [PhoneIntfMgr] getDataEnabled: subId=9 phoneId=0
07-03 21:29:13.224  3017  6375 D PhoneInterfaceManager: [PhoneIntfMgr] getDataEnabled: subId=9 retVal=true
07-03 21:29:13.225  2445  2445 D ConnectivityManager: getMobileDataEnabled()- subId=9 retVal=true
07-03 21:29:13.263  5985  5985 D OtaApp  : debug - PollingMangerService, phone state: 0 0 voice Domestic Roaming data Domestic Roaming Vodafone IN Vodafone 40411 Vodafone IN Vodafone 40411  GSM EDGE CSS not supported -1 -1 RoamInd=-1 DefRoamInd=-1 EmergOnly=false IsDataRoamingFromRegistration=true
07-03 21:29:13.270 26857 26857 D CellBroadcastReceiver: subscriptionId = 9
07-03 21:29:13.588  5985  5985 D OtaApp  : debug - PollingMangerService, phone state: 0 0 voice Domestic Roaming data Domestic Roaming Vodafone IN Vodafone 40411 Vodafone IN Vodafone 40411  GSM EDGE CSS not supported -1 -1 RoamInd=-1 DefRoamInd=-1 EmergOnly=false IsDataRoamingFromRegistration=true
07-03 21:29:13.602 26857 26857 D CellBroadcastReceiver: subscriptionId = 9
07-03 21:29:13.998  2445  4542 D Checkin : publish the event [tag = CALL_PERF_DEVICE_LOC event name = CALL_PERF_DEVICE_LOC]
07-03 21:29:14.208  2389  2720 I chatty  : uid=10001(com.android.systemui) PhoneStatusBar expire 15 lines
07-03 21:29:15.219   359   359 I SFPerfTracer:      triggers: (rate: 868:25100) (compose: 0:27) (post: 0:15) (render: 77:2393) (8:458393 frames) (9:526343)
07-03 21:29:15.220   359   359 D SFPerfTracer:        layers: (4:10) (FocusedStackFrame (0xb71ba600): 0:5183)* (DimLayer (0xb7280f80): 0:82)* (DimLayer (0xb7283cf8): 0:8)* (StatusBar (0xb7260098): 0:119876) (com.android.systemui.ImageWallpaper (0xb7278a30): 0:4198)* (DimLayer (0xb7279cf8): 0:446)* (DimLayer (0xb72872c0): 0:206)* (InputMethod (0xb727f888): 0:256) (NavigationBar (0xb7209e90): 0:34) (com.whatsapp/com.whatsapp.Conversation (0xb7266870): 9:159) 
07-03 21:29:15.260   755  1122 D QC-time-services: Lib:time_genoff_operation: pargs->base = 13
07-03 21:29:15.260   755  1122 D QC-time-services: Lib:time_genoff_operation: pargs->operation = 0
07-03 21:29:15.260   755  1122 D QC-time-services: Lib:time_genoff_operation: pargs->ts_val = 1467561556000
07-03 21:29:15.260   755  1122 D QC-time-services: Lib:time_genoff_operation: Send to server  passed!!
07-03 21:29:15.263   430  1285 D QC-time-services: Daemon: Connection accepted:time_genoff
07-03 21:29:15.263   430 27393 D QC-time-services: Daemon:Received base = 13, unit = 1, operation = 0,value = 1467561556000
07-03 21:29:15.263   430 27393 D QC-time-services: Daemon:genoff_opr: Base = 13, val = 1467561556000, operation = 0
07-03 21:29:15.263   430 27393 D QC-time-services: Daemon:rtc_get: Time read from RTC -- MM/DD/YY HH:MM:SS0/8/70 2:16:50
07-03 21:29:15.263   430 27393 D QC-time-services: Daemon:Value read from RTC seconds = 613010000
07-03 21:29:15.263   430 27393 D QC-time-services: Daemon:new time 1467561556000 
07-03 21:29:15.263   430 27393 D QC-time-services: Daemon: delta 1466948546000 genoff 1466948546000 
07-03 21:29:15.263   430 27393 D QC-time-services: Daemon:genoff_persistent_update: Writing genoff = 1466948546000 to memory
07-03 21:29:15.263   430 27393 D QC-time-services: Daemon:Opening File: /data/time/ats_13
07-03 21:29:15.263   430 27393 D QC-time-services: Daemon:time_persistent_memory_opr:Genoff write operation 
07-03 21:29:15.300   755  1122 E QC-time-services: Receive Passed == base = 13, unit = 1, operation = 0, result = 0
07-03 21:29:15.301   430  1285 E QC-time-services: Daemon: Time-services: Waiting to acceptconnection
07-03 21:29:15.307  1907  3355 D AlarmManagerService: Kernel timezone updated to -330 minutes west of GMT
07-03 21:29:15.318  1907  2617 D AlarmManagerService: Setting time of day to sec=1467561556
07-03 21:29:16.009  1907  2617 W AlarmManagerService: Unable to set rtc to 1467561556: Invalid argument
07-03 21:29:16.030  5985  5985 D OtaApp  : debug - PollingMangerService, phone state: 0 0 voice Domestic Roaming data Domestic Roaming Vodafone IN Vodafone 40411 Vodafone IN Vodafone 40411  GSM EDGE CSS not supported -1 -1 RoamInd=-1 DefRoamInd=-1 EmergOnly=false IsDataRoamingFromRegistration=true
07-03 21:29:16.037 26857 26857 D CellBroadcastReceiver: subscriptionId = 9
07-03 21:29:17.770 25167 25170 E DataBuffer: Internal data leak within a DataBuffer object detected!  Be sure to explicitly call release() on all DataBuffer extending objects when you are done with them. (Owner:size=1)
07-03 21:29:17.845 25167 25170 E DataBuffer: Internal data leak within a DataBuffer object detected!  Be sure to explicitly call release() on all DataBuffer extending objects when you are done with them. (Owner:size=1)
07-03 21:29:18.575 25724 25724 I SoftKeyboard: onPress: -101
07-03 21:29:18.578 25724 25724 I SoftKeyboard: ActionUP: -101
07-03 21:29:18.579 25724 25724 I SoftKeyboard: onKey: -101
07-03 21:29:18.628 25724 25724 I SoftKeyboard: onRelease: -101
07-03 21:29:18.651  1907  2617 V InputMethodManagerService: Adding window token: android.os.Binder@d6d3c52
07-03 21:29:18.654 25724 25757 E Surface : getSlotFromBufferLocked: unknown buffer: 0xb90e6f10
07-03 21:29:18.709  2977  2977 W ContextImpl: Calling a method in the system process without a qualified user: android.app.ContextImpl.sendBroadcast:763 android.content.ContextWrapper.sendBroadcast:396 com.motorola.motocare.internal.settings.SettingsTrigger$1.onChange:435 android.database.ContentObserver.onChange:130 android.database.ContentObserver.onChange:145 
07-03 21:29:18.753  7541  7541 I AndroidIME: com.google.android.apps.inputmethod.libs.framework.core.InputBundleManager: Subtype changes from  to en_IN
07-03 21:29:18.810  7541  7541 I MetadataCleaner: clean() : Metadata version 23502515 is OK for app version 23502515.
07-03 21:29:18.867  7541  7541 I AndroidIME: com.google.android.apps.inputmethod.libs.framework.core.InputBundleManager: Subtype changes from en_IN to en_IN
07-03 21:29:18.888  3239  3239 V ConnectivityManager: isActiveNetworkMetered() returns:false
07-03 21:29:18.923  7541  7541 I ClearcutLoggerManager: onStartInput()
07-03 21:29:18.925  7541  7541 I LatinIme: initialize() : Language = en-IN
07-03 21:29:18.930  7541  7541 I LatinIme: onActivate() : EditorInfo = Package = com.whatsapp : Type = Text : Learning = Enable : Suggestion = Show : AutoCorrection = Enable : Microphone = Show
07-03 21:29:18.982  7541  7541 I ClearcutLoggerManager: onConnected()
07-03 21:29:19.013  7541  7645 I Adreno-EGL: <qeglDrvAPI_eglInitialize:379>: QUALCOMM Build: 10/09/15, 6cbbf7d, I3193f6e94a
07-03 21:29:19.016  7541  7645 I OpenGLRenderer: Initialized EGL, version 1.4
07-03 21:29:19.133  6170  6276 D Checkin : publish the event [tag = MOT_DEVICE_STATS_L1 event name = SettingLogs]
07-03 21:29:19.425  7541  7541 I LatinMotionHandler: consumeEvent() : GestureTypingEnabled = true
07-03 21:29:19.631  7541  7550 I art     : Background sticky concurrent mark sweep GC freed 57831(1782KB) AllocSpace objects, 4(160KB) LOS objects, 16% free, 11MB/14MB, paused 15.128ms total 95.046ms
07-03 21:29:21.552   406   592 I ThermalEngine: Sensor:xo_therm_pu2:42000 mC
07-03 21:29:21.562   406   591 I ThermalEngine: Sensor:batt_therm:35500 mC
07-03 21:29:21.978   359   359 I SFPerfTracer:      triggers: (rate: 868:25103) (compose: 0:27) (post: 0:15) (render: 77:2393) (85:458527 frames) (86:526495)
07-03 21:29:21.978   359   359 D SFPerfTracer:        layers: (4:11) (FocusedStackFrame (0xb71ba600): 0:5183)* (DimLayer (0xb7280f80): 0:82)* (DimLayer (0xb7283cf8): 0:8)* (StatusBar (0xb7260098): 5:119888) (com.android.systemui.ImageWallpaper (0xb7278a30): 0:4198)* (DimLayer (0xb7279cf8): 0:446)* (DimLayer (0xb72872c0): 0:206)* (InputMethod (0xb727f888): 0:269)- (NavigationBar (0xb7209e90): 0:34) (com.whatsapp/com.whatsapp.Conversation (0xb7266870): 86:273) (InputMethod (0xb724be70): 0:20) 
07-03 21:29:22.970  1907  3005 I ActivityManager: Start proc 27463:com.google.android.apps.inputmethod.hindi/u0a69 for service com.google.android.apps.inputmethod.hindi/.spellchecker.HinglishSpellCheckerService
07-03 21:29:23.035  7541  7541 W InputContext: Unable to format log message: 'Ignore %d for requestId %d' error:'java.util.IllegalFormatConversionException: %d can't format im$c arguments'
07-03 21:29:23.038  7541  7541 W InputContext: Unable to format log message: 'Ignore %d for requestId %d' error:'java.util.IllegalFormatConversionException: %d can't format im$c arguments'
07-03 21:29:23.166  1907  2299 D BatteryService: uevent={POWER_SUPPLY_TEMP=357, POWER_SUPPLY_STATUS=Charging, POWER_SUPPLY_CAPACITY=84, ACTION=change, DEVPATH=/devices/qpnp-charger-e4a25800/power_supply/battery, POWER_SUPPLY_VOLTAGE_OCV=-22, POWER_SUPPLY_ONLINE=1, SUBSYSTEM=power_supply, POWER_SUPPLY_NUM_SYSTEM_TEMP_LEVELS=4, POWER_SUPPLY_INPUT_CURRENT_MAX=500000, POWER_SUPPLY_VOLTAGE_MAX_DESIGN=4350000, POWER_SUPPLY_CHARGE_FULL=2012000, POWER_SUPPLY_NAME=battery, POWER_SUPPLY_VOLTAGE_MIN_DESIGN=4300000, POWER_SUPPLY_VOLTAGE_MIN=4300000, POWER_SUPPLY_HEALTH=Good, POWER_SUPPLY_CYCLE_COUNT=8, POWER_SUPPLY_TECHNOLOGY=Li-ion, POWER_SUPPLY_CHARGE_TYPE=Fast, POWER_SUPPLY_PRESENT=1, POWER_SUPPLY_INPUT_CURRENT_SETTLED=0, POWER_SUPPLY_MODEL_NAME=UNKNOWN, POWER_SUPPLY_VOLTAGE_NOW=4172401, SEQNUM=77112, POWER_SUPPLY_TEMP_WARM=450, POWER_SUPPLY_TEMP_COOL=0, POWER_SUPPLY_CHARGE_FULL_DESIGN=2022000, POWER_SUPPLY_CURRENT_NOW=-332094, POWER_SUPPLY_CHARGE_COUNTER=287478, POWER_SUPPLY_SYSTEM_TEMP_LEVEL=0, POWER_SUPPLY_INPUT_CURRENT_TRIM=31, POWER_SUPPLY_VOLTAGE_EMPTY=3200000, POWER_SUPPLY_CHARGE_RATE=Normal, POWER_SUPPLY_INPUT_VOLTAGE_REGULATION=0, POWER_SUPPLY_CHARGING_ENABLED=1}
07-03 21:29:23.603 27463 27473 I LatinSpellChecker: initializeDecoder() : Locale = en_IN
07-03 21:29:23.603 27463 27473 I Delight4Facilitator: initializeForSpellChecker() : Locale = en_IN
07-03 21:29:23.723  1907  1922 I art     : Background partial concurrent mark sweep GC freed 61861(3MB) AllocSpace objects, 11(476KB) LOS objects, 33% free, 30MB/45MB, paused 12.390ms total 234.063ms
07-03 21:29:23.751 27463 27473 I ShortcutsDataManager: onContentChanged()
07-03 21:29:23.752 27463 27473 I Delight4Facilitator: waitForMainLanguageModel() : Timeout = 5000
07-03 21:29:23.753 27463 27495 I MainLoader: Running LM loader for en_IN
07-03 21:29:23.753 27463 27495 I LanguageModelDatabase: reloading DB.
07-03 21:29:23.767 27463 27495 I LanguageModelDatabase: populateEntry() : ml = BUNDLED_COMPRESSED (20160527)
07-03 21:29:23.771 27463 27495 I LanguageModelDatabase: populateEntry() : hi = BUNDLED_COMPRESSED (20160527)
07-03 21:29:23.802 27463 27495 I LanguageModelDatabase: populateEntry() : en = CACHED (20160606)
07-03 21:29:23.805 27463 27495 I LanguageModelDatabase: populateEntry() : Ignores en = BUNDLED_COMPRESSED (20160606)
07-03 21:29:23.808 27463 27495 I LanguageModelDatabase: populateEntry() : mr = BUNDLED_COMPRESSED (20160527)
07-03 21:29:23.812 27463 27495 I LanguageModelDatabase: populateEntry() : ta = BUNDLED_COMPRESSED (20160527)
07-03 21:29:23.815 27463 27495 I LanguageModelDatabase: populateEntry() : gu = BUNDLED_COMPRESSED (20160527)
07-03 21:29:23.819 27463 27495 I LanguageModelDatabase: populateEntry() : bn = BUNDLED_COMPRESSED (20160527)
07-03 21:29:23.822 27463 27495 I LanguageModelDatabase: populateEntry() : te = BUNDLED_COMPRESSED (20160527)
07-03 21:29:23.823 27463 27495 I LanguageModelDatabase: findBestLanguageModelForKey() : No entries for en_IN
07-03 21:29:23.824 27463 27495 I LanguageModelDatabase: findBestLanguageModelForKey() : No entries for en_GB
07-03 21:29:23.824 27463 27495 I LanguageModelDatabase: findBestLanguageModelForKey() : No entries for en_US
07-03 21:29:23.824 27463 27495 I MainLoader: Loading the LM to decoder: filepath = /data/user/0/com.google.android.apps.inputmethod.hindi/files/cache/en_d3.dict : status = 5
07-03 21:29:23.824 27463 27495 I Delight4Decoder: loadLanguageModel() : MAIN
07-03 21:29:23.839 27463 27495 I Delight4Decoder: loadLanguageModel() : Notify observers
07-03 21:29:23.839 27463 27473 I LatinSpellChecker: initializeDecoder() : Initialized in 236 ms
07-03 21:29:23.840 27463 27495 I Delight4Decoder: loadLanguageModel() : BLACKLIST
07-03 21:29:23.841 27463 27495 I native  : blacklist.cc:129 No blacklist file for a language. (This is OK if the language is loaded for the first time.) /data/user/0/com.google.android.apps.inputmethod.hindi/files/blacklist.en_in.list
07-03 21:29:23.842 27463 27495 E native  : android-decoder.cc:170 Cannot deactivate dynamic LM: /data/user/0/com.google.android.apps.inputmethod.hindi/files/Contacts.dict
07-03 21:29:23.843 27463 27495 E native  : android-decoder.cc:170 Cannot deactivate dynamic LM: /data/user/0/com.google.android.apps.inputmethod.hindi/files/Personal.en_IN.dict
07-03 21:29:23.843 27463 27495 I Delight4Decoder: loadLanguageModel() : USER_HISTORY
07-03 21:29:23.912  7541  7541 W InputContext: Unable to format log message: 'Ignore %d for requestId %d' error:'java.util.IllegalFormatConversionException: %d can't format im$c arguments'
07-03 21:29:23.970  7541  7541 W InputContext: Unable to format log message: 'Ignore %d for requestId %d' error:'java.util.IllegalFormatConversionException: %d can't format im$c arguments'
07-03 21:29:23.975   359  1046 I SFPerfTracer:      triggers: (rate: 0:117) (36803 sw vsyncs) (0 skipped) (1152:746627 vsyncs) (1154:864852)
07-03 21:29:24.098 19181 19181 E SpannableStringBuilder: SPAN_EXCLUSIVE_EXCLUSIVE spans cannot have a zero length
07-03 21:29:24.099 19181 19181 E SpannableStringBuilder: SPAN_EXCLUSIVE_EXCLUSIVE spans cannot have a zero length
07-03 21:29:24.256  7541  7541 I Delight4Decoder: decodeTouch() : Delete failed : 0 code points
07-03 21:29:24.398  7541  7541 W InputContext: Unable to format log message: 'Ignore %d for requestId %d' error:'java.util.IllegalFormatConversionException: %d can't format im$c arguments'
07-03 21:29:26.070  5985  5985 D OtaApp  : debug - PollingMangerService, phone state: 0 0 voice Domestic Roaming data Domestic Roaming Vodafone IN Vodafone 40411 Vodafone IN Vodafone 40411  GSM EDGE CSS not supported -1 -1 RoamInd=-1 DefRoamInd=-1 EmergOnly=false IsDataRoamingFromRegistration=true
07-03 21:29:26.070  2389  2720 I chatty  : uid=10001(com.android.systemui) PhoneStatusBar expire 8 lines
07-03 21:29:26.078 26857 26857 D CellBroadcastReceiver: subscriptionId = 9
07-03 21:29:26.420  7541  7541 I LatinMotionHandler: consumeEvent() : GestureTypingEnabled = true
07-03 21:29:27.149  1907  2303 V AlarmManager: sending alarm {8f48631 type 1 *alarm*:DXCoreAlarmReceiver}
07-03 21:29:27.152  1907  2303 V AlarmManager: sending alarm {fff3d58 type 3 *alarm*:com.google.android.gms/.lockbox.LockboxAlarmReceiver}
07-03 21:29:27.154  1907  1907 V AlarmManager: done {8f48631, *alarm*:DXCoreAlarmReceiver} [5ms]
07-03 21:29:27.178  1907  1907 V AlarmManager: done {fff3d58, *alarm*:com.google.android.gms/.lockbox.LockboxAlarmReceiver} [29ms]
07-03 21:29:27.194  1907  5711 I AccountManagerService: getTypesVisibleToCaller: isPermitted? true
07-03 21:29:27.374  5985  5985 D OtaApp  : debug - PollingMangerService, phone state: 0 0 voice Domestic Roaming data Domestic Roaming Vodafone IN Vodafone 40411 Vodafone IN Vodafone 40411  GSM EDGE CSS not supported -1 -1 RoamInd=-1 DefRoamInd=-1 EmergOnly=false IsDataRoamingFromRegistration=true
07-03 21:29:27.383 26857 26857 D CellBroadcastReceiver: subscriptionId = 9
07-03 21:29:27.481   755  1122 D QC-time-services: Lib:time_genoff_operation: pargs->base = 13
07-03 21:29:27.481   755  1122 D QC-time-services: Lib:time_genoff_operation: pargs->operation = 0
07-03 21:29:27.481   755  1122 D QC-time-services: Lib:time_genoff_operation: pargs->ts_val = 1467561568000
07-03 21:29:27.481   755  1122 D QC-time-services: Lib:time_genoff_operation: Send to server  passed!!
07-03 21:29:27.481   430  1285 D QC-time-services: Daemon: Connection accepted:time_genoff
07-03 21:29:27.481   430 27543 D QC-time-services: Daemon:Received base = 13, unit = 1, operation = 0,value = 1467561568000
07-03 21:29:27.482   430 27543 D QC-time-services: Daemon:genoff_opr: Base = 13, val = 1467561568000, operation = 0
07-03 21:29:27.482   430 27543 D QC-time-services: Daemon:rtc_get: Time read from RTC -- MM/DD/YY HH:MM:SS0/8/70 2:17:1
07-03 21:29:27.482   430 27543 D QC-time-services: Daemon:Value read from RTC seconds = 613021000
07-03 21:29:27.482   430 27543 D QC-time-services: Daemon:new time 1467561568000 
07-03 21:29:27.482   430 27543 D QC-time-services: Daemon: delta 1466948547000 genoff 1466948547000 
07-03 21:29:27.482   430 27543 D QC-time-services: Daemon:genoff_persistent_update: Writing genoff = 1466948547000 to memory
07-03 21:29:27.482   430 27543 D QC-time-services: Daemon:Opening File: /data/time/ats_13
07-03 21:29:27.482   430 27543 D QC-time-services: Daemon:time_persistent_memory_opr:Genoff write operation 
07-03 21:29:27.486   755  1122 E QC-time-services: Receive Passed == base = 13, unit = 1, operation = 0, result = 0
07-03 21:29:27.487  1907  3355 D AlarmManagerService: Kernel timezone updated to -330 minutes west of GMT
07-03 21:29:27.487   430  1285 E QC-time-services: Daemon: Time-services: Waiting to acceptconnection
07-03 21:29:27.489  1907  3035 D AlarmManagerService: Setting time of day to sec=1467561568
07-03 21:29:28.003  1907  3035 W AlarmManagerService: Unable to set rtc to 1467561568: Invalid argument
07-03 21:29:28.026  1907  1965 I ActivityManager: Start proc 27544:com.motorola.context/u0a47 for broadcast com.motorola.context/.receiver.DateChangeBroadcastReceiver
07-03 21:29:28.043  1907  1907 I ActivityManager: Start proc 27549:com.android.providers.calendar/u0a31 for content provider com.android.providers.calendar/.CalendarProvider2
07-03 21:29:28.051  1907  3005 W AlarmManagerService: Unable to set rtc to 1467561568: Invalid argument
07-03 21:29:28.060  2445  2445 D ConnectivityManager: getMobileDataEnabled()+ subId=9
07-03 21:29:28.062  3017  4114 D PhoneInterfaceManager: [PhoneIntfMgr] getDataEnabled: subId=9 phoneId=0
07-03 21:29:28.062  3017  4114 D PhoneInterfaceManager: [PhoneIntfMgr] getDataEnabled: subId=9 retVal=true
07-03 21:29:28.062  2445  2445 D ConnectivityManager: getMobileDataEnabled()- subId=9 retVal=true
07-03 21:29:28.122   359  1046 I SFPerfTracer:      triggers: (rate: 0:117) (36803 sw vsyncs) (0 skipped) (142:746781 vsyncs) (144:865015)
07-03 21:29:28.140  5985  5985 D OtaApp  : debug - PollingMangerService, phone state: 0 0 voice Domestic Roaming data Domestic Roaming Vodafone IN Vodafone 40411 Vodafone IN Vodafone 40411  UMTS HSPA CSS not supported -1 -1 RoamInd=-1 DefRoamInd=-1 EmergOnly=false IsDataRoamingFromRegistration=true
07-03 21:29:28.142  2389  2720 I NetworkController.MotorolaMobileSignalController(9): MotorolaMobilePhoneStateListener.onServiceStateChanged: Entered: voiceState=0=0=STATE_IN_SERVICE dataState=0=0=STATE_IN_SERVICE
07-03 21:29:28.156  5985  5985 D OtaApp  : debug - PollingMangerService, phone state: 0 0 voice Domestic Roaming data Domestic Roaming Vodafone IN Vodafone 40411 Vodafone IN Vodafone 40411  GSM EDGE CSS not supported -1 -1 RoamInd=-1 DefRoamInd=-1 EmergOnly=false IsDataRoamingFromRegistration=true
07-03 21:29:28.165  2389  2720 I NetworkController.MotorolaMobileSignalController(9): MotorolaMobilePhoneStateListener.onServiceStateChanged: Entered: voiceState=0=0=STATE_IN_SERVICE dataState=0=0=STATE_IN_SERVICE
07-03 21:29:28.177  2389  2720 D MotoNetwCtrlr: onReceive: intent=Intent { act=android.intent.action.SERVICE_STATE flg=0x10 (has extras) }
07-03 21:29:28.178  2389  2720 D MotoNetwCtrlr: onReceive: intent=Intent { act=android.intent.action.SERVICE_STATE flg=0x10 (has extras) }
07-03 21:29:28.198  2389  2720 I NetworkController.MotorolaMobileSignalController(9): MotorolaMobilePhoneStateListener.onServiceStateChanged: Entered: voiceState=0=0=STATE_IN_SERVICE dataState=0=0=STATE_IN_SERVICE
07-03 21:29:28.199  5985  5985 D OtaApp  : debug - PollingMangerService, phone state: 0 0 voice Domestic Roaming data Domestic Roaming Vodafone IN Vodafone 40411 Vodafone IN Vodafone 40411  UMTS HSPA CSS not supported -1 -1 RoamInd=-1 DefRoamInd=-1 EmergOnly=false IsDataRoamingFromRegistration=true
07-03 21:29:28.204  2389  2720 D MotoNetwCtrlr: onReceive: intent=Intent { act=android.intent.action.SERVICE_STATE flg=0x10 (has extras) }
07-03 21:29:28.229  2389  2720 I NetworkController.MotorolaMobileSignalController(9): MotorolaMobilePhoneStateListener.onServiceStateChanged: Entered: voiceState=0=0=STATE_IN_SERVICE dataState=0=0=STATE_IN_SERVICE
07-03 21:29:28.230  5985  5985 D OtaApp  : debug - PollingMangerService, phone state: 0 0 voice Domestic Roaming data Domestic Roaming Vodafone IN Vodafone 40411 Vodafone IN Vodafone 40411  GSM EDGE CSS not supported -1 -1 RoamInd=-1 DefRoamInd=-1 EmergOnly=false IsDataRoamingFromRegistration=true
07-03 21:29:28.232 27549 27549 W System  : ClassLoader referenced unknown path: /system/priv-app/CalendarProvider/lib/arm
07-03 21:29:28.234  2389  2720 D MotoNetwCtrlr: onReceive: intent=Intent { act=android.intent.action.SERVICE_STATE flg=0x10 (has extras) }
07-03 21:29:28.241  1907  1932 I ActivityManager: Start proc 27635:com.google.android.calendar/u0a49 for broadcast com.google.android.calendar/com.android.calendar.widget.CalendarAppWidgetProvider
07-03 21:29:28.253 27544 27544 W System  : ClassLoader referenced unknown path: /system/priv-app/ContextEngineClient/lib/arm
07-03 21:29:28.324 27635 27635 W System  : ClassLoader referenced unknown path: /data/app/com.google.android.calendar-2/lib/arm
07-03 21:29:28.348 27549 27549 I CalendarProvider2: Created com.android.providers.calendar.CalendarAlarmManager@701cab8(com.android.providers.calendar.CalendarProvider2@9d79091)
07-03 21:29:28.352  1907  3367 I AccountManagerService: getTypesVisibleToCaller: isPermitted? true
07-03 21:29:28.353   359   359 I SFPerfTracer:       trigger: frame rate (-29.408%)	(42.355 fps)	(23.610 ms) 	(4 drops)	(12 frames)
07-03 21:29:28.353   359   359 I SFPerfTracer:      triggers: (rate: 869:25118) (compose: 0:27) (post: 0:15) (render: 77:2393) (12:458624 frames) (13:526616)
07-03 21:29:28.353   359   359 D SFPerfTracer:        layers: (4:10) (FocusedStackFrame (0xb71ba600): 0:5183)* (DimLayer (0xb7280f80): 0:82)* (DimLayer (0xb7283cf8): 0:8)* (StatusBar (0xb7260098): 10:119916) (com.android.systemui.ImageWallpaper (0xb7278a30): 0:4198)* (DimLayer (0xb7279cf8): 0:446)* (DimLayer (0xb72872c0): 0:206)* (NavigationBar (0xb7209e90): 0:34) (com.whatsapp/com.whatsapp.Conversation (0xb7266870): 1:330) (InputMethod (0xb724be70): 6:84) 
07-03 21:29:28.405  1907  3355 I ActivityManager: Start proc 27593:com.qualcomm.timeservice/1000 for broadcast com.qualcomm.timeservice/.TimeServiceBroadcastReceiver
07-03 21:29:28.409   359   359 I SFPerfTracer:      triggers: (rate: 868:25114) (compose: 0:27) (post: 0:15) (render: 77:2393) (10:458612 frames) (11:526602)
07-03 21:29:28.409   359   359 D SFPerfTracer:        layers: (4:10) (FocusedStackFrame (0xb71ba600): 0:5183)* (DimLayer (0xb7280f80): 0:82)* (DimLayer (0xb7283cf8): 0:8)* (StatusBar (0xb7260098): 5:119905) (com.android.systemui.ImageWallpaper (0xb7278a30): 0:4198)* (DimLayer (0xb7279cf8): 0:446)* (DimLayer (0xb72872c0): 0:206)* (NavigationBar (0xb7209e90): 0:34) (com.whatsapp/com.whatsapp.Conversation (0xb7266870): 2:329) (InputMethod (0xb724be70): 8:78) 
07-03 21:29:28.446 27593 27593 W System  : ClassLoader referenced unknown path: /system/app/TimeService/lib/arm
07-03 21:29:28.463 27593 27593 I System.out: TimeService: Loaded Library 
07-03 21:29:28.464  2389  2720 I NetworkController.MotorolaMobileSignalController(5): MotorolaMobilePhoneStateListener.onSignalStrengthsChanged: Entered: signalStrength=SignalStrength: 22 0 -120 -160 -120 -1 -1 99 2147483647 2147483647 2147483647 2147483647 2147483647 gsm|lte level=4
07-03 21:29:28.468 27593 27593 D TimeService: Receivedandroid.intent.action.TIME_SET intent. Current Time is 1467561568465
07-03 21:29:28.468 27593 27593 D         : TimeServiceNative: User Time to be set is 1467561568468
07-03 21:29:28.468 27593 27593 D QC-time-services: Lib:time_genoff_operation: pargs->base = 2
07-03 21:29:28.468 27593 27593 D QC-time-services: Lib:time_genoff_operation: pargs->operation = 0
07-03 21:29:28.468 27593 27593 D QC-time-services: Lib:time_genoff_operation: pargs->ts_val = 1467561568468
07-03 21:29:28.469   430  1285 D QC-time-services: Daemon: Connection accepted:time_genoff
07-03 21:29:28.470 27593 27593 D QC-time-services: Lib:time_genoff_operation: Send to server  passed!!
07-03 21:29:28.470   430 27610 D QC-time-services: Daemon:Received base = 2, unit = 1, operation = 0,value = 1467561568468
07-03 21:29:28.471   430 27610 D QC-time-services: Daemon:genoff_opr: Base = 2, val = 1467561568468, operation = 0
07-03 21:29:28.471   430 27610 D QC-time-services: Daemon:rtc_get: Time read from RTC -- MM/DD/YY HH:MM:SS0/8/70 2:17:2
07-03 21:29:28.471  2389  2720 I NetworkController.MotorolaMobileSignalController(9): MotorolaMobilePhoneStateListener.onSignalStrengthsChanged: Entered: signalStrength=SignalStrength: 22 0 -120 -160 -120 -1 -1 99 2147483647 2147483647 2147483647 2147483647 2147483647 gsm|lte level=4
07-03 21:29:28.474  2389  2720 I NetworkController.MotorolaMobileSignalController(5): MotorolaMobilePhoneStateListener.onSignalStrengthsChanged: Entered: signalStrength=SignalStrength: 22 0 -120 -160 -120 -1 -1 99 2147483647 2147483647 2147483647 2147483647 2147483647 gsm|lte level=4
07-03 21:29:28.476  2389  2720 I NetworkController.MotorolaMobileSignalController(5): MotorolaMobilePhoneStateListener.onSignalStrengthsChanged: Entered: signalStrength=SignalStrength: 22 0 -120 -160 -120 -1 -1 99 2147483647 2147483647 2147483647 2147483647 2147483647 gsm|lte level=4
07-03 21:29:28.477   430 27610 D QC-time-services: Daemon:Value read from RTC seconds = 613022000
07-03 21:29:28.477   430 27610 D QC-time-services: Daemon:new time 1467561568468 
07-03 21:29:28.477   430 27610 D QC-time-services: Daemon: delta 1466948546468 genoff 1466948546468 
07-03 21:29:28.477   430 27610 D QC-time-services: Daemon:genoff_persistent_update: Writing genoff = 1466948546468 to memory
07-03 21:29:28.477   430 27610 D QC-time-services: Daemon:Opening File: /data/time/ats_2
07-03 21:29:28.477   430 27610 D QC-time-services: Daemon:time_persistent_memory_opr:Genoff write operation 
07-03 21:29:28.484   430 27610 D QC-time-services: Updating the TOD offset
