07-03 21:30:25.678  1907  1922 I art     : Background partial concurrent mark sweep GC freed 91217(5MB) AllocSpace objects, 30(1408KB) LOS objects, 33% free, 30MB/45MB, paused 2.809ms total 308.382ms
07-03 21:30:25.693  1907  2123 I LaunchCheckinHandler: Displayed com.whatsapp/.HomeActivity,wp,ca,977
07-03 21:30:25.694  1907  2123 I ActivityManager: Displayed com.whatsapp/.HomeActivity: +978ms
07-03 21:30:25.712 28299 28299 W System  : ClassLoader referenced unknown path: /system/app/UserDictionaryProvider/lib/arm
07-03 21:30:26.043 28299 28312 I ContactLocale: AddressBook Labels [en-CA;ar-EG]: [, A, B, C, D, E, F, G, H, I, J, K, L, M, N, O, P, Q, R, S, T, U, V, W, X, Y, Z, , , , , , , , , , , , , , , , , , , , , , , , , , , , , , , , , , , , , , , , , , , , , , , , , , , , , , , , , , , , , , , , , , , , , , , , , , , , , , , , , , , , , , , , , , , , , , , , , , , , , , , , , , , , , , , , , , , , , , , , , , , , , , , , , , , , , , , , , , , , , , , , , , , , , , , , , , , , , , , , , , , , , , , , , , , , , , , , , , , , , , , , , , , #, ]
07-03 21:30:26.205 25167 25167 W EditorFragment: notify load note
07-03 21:30:26.262  1907  2617 I AccountManagerService: getTypesVisibleToCaller: isPermitted? true
07-03 21:30:26.308   359   359 I SFPerfTracer:      triggers: (rate: 876:25203) (compose: 0:27) (post: 0:15) (render: 77:2397) (16:459463 frames) (17:527613)
07-03 21:30:26.308   359   359 D SFPerfTracer:        layers: (3:11) (FocusedStackFrame (0xb71ba600): 1:5190)* (DimLayer (0xb7280f80): 0:82)* (DimLayer (0xb7283cf8): 0:8)* (StatusBar (0xb7260098): 0:120220) (com.android.systemui.ImageWallpaper (0xb7278a30): 0:4213)* (DimLayer (0xb7279cf8): 0:446)* (DimLayer (0xb72872c0): 0:210)* (com.whatsapp/com.whatsapp.Conversation (0xb7266870): 0:684)- (InputMethod (0xb724be70): 0:440)- (NavigationBar (0xb7209e90): 17:116) (com.whatsapp/com.whatsapp.HomeActivity (0xb724be70): 2:41) 
07-03 21:30:26.351  1907  2304 W InputDispatcher: Asynchronous input event injection failed.
07-03 21:30:26.352  1907  2304 I InputDispatcher: Dropped event because the current application is not responding and the user has started interacting with a different application.
07-03 21:30:26.445 25167 25167 W ViewRootImpl: Dropping event due to no window focus: KeyEvent { action=ACTION_DOWN, keyCode=KEYCODE_BACK, scanCode=0, metaState=0, flags=0x48, repeatCount=0, eventTime=68139207, downTime=68139207, deviceId=-1, source=0x101 }
07-03 21:30:26.446 25167 25167 W ViewRootImpl: Cancelling event due to no window focus: KeyEvent { action=ACTION_UP, keyCode=KEYCODE_BACK, scanCode=0, metaState=0, flags=0x68, repeatCount=0, eventTime=68139373, downTime=68139207, deviceId=-1, source=0x101 }
07-03 21:30:26.446 25167 25167 W ViewRootImpl: Cancelling event due to no window focus: KeyEvent { action=ACTION_UP, keyCode=KEYCODE_BACK, scanCode=0, metaState=0, flags=0x68, repeatCount=0, eventTime=68139373, downTime=68139207, deviceId=-1, source=0x101 }
07-03 21:30:26.493 25167 25167 W ViewRootImpl: Cancelling event due to no window focus: KeyEvent { action=ACTION_UP, keyCode=KEYCODE_BACK, scanCode=0, metaState=0, flags=0x68, repeatCount=0, eventTime=68139373, downTime=68139207, deviceId=-1, source=0x101 }
07-03 21:30:26.493 25167 25167 W ViewRootImpl: Cancelling event due to no window focus: KeyEvent { action=ACTION_UP, keyCode=KEYCODE_BACK, scanCode=0, metaState=0, flags=0x68, repeatCount=0, eventTime=68139373, downTime=68139207, deviceId=-1, source=0x101 }
07-03 21:30:26.493 25167 25167 W ViewRootImpl: Cancelling event due to no window focus: KeyEvent { action=ACTION_UP, keyCode=KEYCODE_BACK, scanCode=0, metaState=0, flags=0x68, repeatCount=0, eventTime=68139373, downTime=68139207, deviceId=-1, source=0x101 }
07-03 21:30:26.493 25167 25167 W ViewRootImpl: Cancelling event due to no window focus: KeyEvent { action=ACTION_UP, keyCode=KEYCODE_BACK, scanCode=0, metaState=0, flags=0x68, repeatCount=0, eventTime=68139373, downTime=68139207, deviceId=-1, source=0x101 }
07-03 21:30:26.495 25167 25167 W ViewRootImpl: Cancelling event due to no window focus: KeyEvent { action=ACTION_UP, keyCode=KEYCODE_BACK, scanCode=0, metaState=0, flags=0x68, repeatCount=0, eventTime=68139373, downTime=68139207, deviceId=-1, source=0x101 }
07-03 21:30:26.495 25167 25167 W ViewRootImpl: Cancelling event due to no window focus: KeyEvent { action=ACTION_UP, keyCode=KEYCODE_BACK, scanCode=0, metaState=0, flags=0x68, repeatCount=0, eventTime=68139373, downTime=68139207, deviceId=-1, source=0x101 }
07-03 21:30:26.495 25167 25167 W ViewRootImpl: Cancelling event due to no window focus: KeyEvent { action=ACTION_UP, keyCode=KEYCODE_BACK, scanCode=0, metaState=0, flags=0x68, repeatCount=0, eventTime=68139373, downTime=68139207, deviceId=-1, source=0x101 }
07-03 21:30:26.501 25167 25167 W ViewRootImpl: Dropping event due to no window focus: KeyEvent { action=ACTION_DOWN, keyCode=KEYCODE_BACK, scanCode=0, metaState=0, flags=0x48, repeatCount=0, eventTime=68139373, downTime=68139373, deviceId=-1, source=0x101 }
07-03 21:30:26.502 25167 25167 W ViewRootImpl: Cancelling event due to no window focus: KeyEvent { action=ACTION_UP, keyCode=KEYCODE_BACK, scanCode=0, metaState=0, flags=0x68, repeatCount=0, eventTime=68139375, downTime=68139373, deviceId=-1, source=0x101 }
07-03 21:30:26.502 25167 25167 W ViewRootImpl: Cancelling event due to no window focus: KeyEvent { action=ACTION_UP, keyCode=KEYCODE_BACK, scanCode=0, metaState=0, flags=0x68, repeatCount=0, eventTime=68139375, downTime=68139373, deviceId=-1, source=0x101 }
07-03 21:30:26.502 25167 25167 W ViewRootImpl: Cancelling event due to no window focus: KeyEvent { action=ACTION_UP, keyCode=KEYCODE_BACK, scanCode=0, metaState=0, flags=0x68, repeatCount=0, eventTime=68139375, downTime=68139373, deviceId=-1, source=0x101 }
07-03 21:30:26.502 25167 25167 W ViewRootImpl: Cancelling event due to no window focus: KeyEvent { action=ACTION_UP, keyCode=KEYCODE_BACK, scanCode=0, metaState=0, flags=0x68, repeatCount=0, eventTime=68139375, downTime=68139373, deviceId=-1, source=0x101 }
07-03 21:30:26.502 25167 25167 W ViewRootImpl: Cancelling event due to no window focus: KeyEvent { action=ACTION_UP, keyCode=KEYCODE_BACK, scanCode=0, metaState=0, flags=0x68, repeatCount=0, eventTime=68139375, downTime=68139373, deviceId=-1, source=0x101 }
07-03 21:30:26.502 25167 25167 W ViewRootImpl: Cancelling event due to no window focus: KeyEvent { action=ACTION_UP, keyCode=KEYCODE_BACK, scanCode=0, metaState=0, flags=0x68, repeatCount=0, eventTime=68139375, downTime=68139373, deviceId=-1, source=0x101 }
07-03 21:30:26.502 25167 25167 W ViewRootImpl: Cancelling event due to no window focus: KeyEvent { action=ACTION_UP, keyCode=KEYCODE_BACK, scanCode=0, metaState=0, flags=0x68, repeatCount=0, eventTime=68139375, downTime=68139373, deviceId=-1, source=0x101 }
07-03 21:30:26.502 25167 25167 W ViewRootImpl: Cancelling event due to no window focus: KeyEvent { action=ACTION_UP, keyCode=KEYCODE_BACK, scanCode=0, metaState=0, flags=0x68, repeatCount=0, eventTime=68139375, downTime=68139373, deviceId=-1, source=0x101 }
07-03 21:30:26.502 25167 25167 W ViewRootImpl: Cancelling event due to no window focus: KeyEvent { action=ACTION_UP, keyCode=KEYCODE_BACK, scanCode=0, metaState=0, flags=0x68, repeatCount=0, eventTime=68139375, downTime=68139373, deviceId=-1, source=0x101 }
07-03 21:30:26.536 19181 19190 I art     : Background sticky concurrent mark sweep GC freed 37891(2MB) AllocSpace objects, 2(60KB) LOS objects, 8% free, 25MB/27MB, paused 1.667ms total 219.075ms
07-03 21:30:26.586  7541  7541 I ClearcutLoggerManager: onStartInput()
07-03 21:30:26.615  7541  7541 I LatinIme: initialize() : Language = en-IN
07-03 21:30:26.624  7541  7541 I LatinIme: onActivate() : EditorInfo = Package = com.whatsapp : Type = Text : Learning = Disable : Suggestion = Hide : AutoCorrection = Disable : Microphone = Show
07-03 21:30:26.752 19181 19181 W IInputConnectionWrapper: beginBatchEdit on inactive InputConnection
07-03 21:30:26.752 19181 19181 W IInputConnectionWrapper: getSelectedText on inactive InputConnection
07-03 21:30:26.768 19181 20849 E Surface : getSlotFromBufferLocked: unknown buffer: 0xb925afd8
07-03 21:30:26.924   359   359 I SFPerfTracer:       trigger: render     (32.200 ms)	(7.200 ms off for 8 triggers)	(8 triggers)	(10 renders)
07-03 21:30:26.964 19181 19181 W IInputConnectionWrapper: endBatchEdit on inactive InputConnection
07-03 21:30:26.964 19181 19181 W IInputConnectionWrapper: getTextBeforeCursor on inactive InputConnection
07-03 21:30:26.992  1907  2421 I ActivityManager: Killing 28001:com.google.android.googlequicksearchbox:search/u0a28 (adj 15): empty #7
07-03 21:30:26.998  1907  5738 I AccountManagerService: getTypesVisibleToCaller: isPermitted? false
07-03 21:30:27.068  1907  2318 D WifiService: Client connection lost with reason: 4
07-03 21:30:27.114 19181 19181 W IInputConnectionWrapper: getTextAfterCursor on inactive InputConnection
07-03 21:30:27.159  2389  2389 D TaskResourceLoader: getTaskDescriptionIcon begin: iconBitmap = null ,iconFilename = null
07-03 21:30:27.159  2389  2389 D TaskResourceLoader: getTaskDescriptionIcon end
07-03 21:30:27.159  2389  2389 D SystemServicesProxy: getThumbnail begin: taskId = 5292
07-03 21:30:27.160  2389  2389 D SystemServicesProxy: getThumbnail end: taskId = 5292
07-03 21:30:27.177 25167 25167 W EditorFragment: notify unload note
07-03 21:30:27.178  7541  7541 I LatinMotionHandler: consumeEvent() : GestureTypingEnabled = true
07-03 21:30:27.245  2389  2720 D MotoNetwCtrlr: onReceive: intent=Intent { act=android.net.wifi.RSSI_CHANGED flg=0x4000010 (has extras) }
07-03 21:30:27.245  2389  2720 I MotoNetwCtrlr.MotoWifiSignalCtrlr: handleBroadcast: Entered: Intent=Intent { act=android.net.wifi.RSSI_CHANGED flg=0x4000010 (has extras) } Action=android.net.wifi.RSSI_CHANGED
07-03 21:30:27.259  1907  2303 V AlarmManager: sending alarm {8f48631 type 1 *alarm*:DXCoreAlarmReceiver}
07-03 21:30:27.266  7541  7541 I LatinIme: onDeactivate() : Latency Metrics = {}
07-03 21:30:27.266  7541  7541 I LatinIme: Applicator.applyDiff-time = [0 -> [0 -> [Min = 0 : Average = 1 : Max = 10]]
07-03 21:30:27.266  7541  7541 I LatinIme: Applicator.applySuggestionDiff-time = [0 -> [0 -> [Min = 0 : Average = 5 : Max = 37]]
07-03 21:30:27.266  7541  7541 I LatinIme: Applicator.changeKeyboardState-time = [0 -> [0 -> [Min = 0 : Average = 0 : Max = 1]]
07-03 21:30:27.266  7541  7541 I LatinIme: Decoder.createOrResetDecoder-time = []
07-03 21:30:27.266  7541  7541 I LatinIme: Decoder.decodeGesture-time = []
07-03 21:30:27.266  7541  7541 I LatinIme: Decoder.decodeTouch-time = [0 -> [0 -> [Min = 0 : Average = 16 : Max = 268]]
07-03 21:30:27.266  7541  7541 I LatinIme: Decoder.fetchSuggestions-time = [0 -> [0 -> [Min = 1 : Average = 92 : Max = 452]]
07-03 21:30:27.266  7541  7541 I LatinIme: Decoder.flushPersonalizedData-time = []
07-03 21:30:27.266  7541  7541 I LatinIme: Decoder.getLoudsLmContentVersion-time = []
07-03 21:30:27.266  7541  7541 I LatinIme: Decoder.loadLanguageModel.BLACKLIST-time = []
07-03 21:30:27.266  7541  7541 I LatinIme: Decoder.loadLanguageModel.CONTACTS-time = []
07-03 21:30:27.266  7541  7541 I LatinIme: Decoder.loadLanguageModel.MAIN-time = []
07-03 21:30:27.266  7541  7541 I LatinIme: Decoder.loadLanguageModel.PERSONAL_DICTIONARY-time = []
07-03 21:30:27.266  7541  7541 I LatinIme: Decoder.loadLanguageModel.USER_HISTORY-time = []
07-03 21:30:27.266  7541  7541 I LatinIme: Decoder.parseInputContext-time = [0 -> [0 -> [Min = 0 : Average = 0 : Max = 2]]
07-03 21:30:27.266  7541  7541 I LatinIme: Decoder.scrubDeleteFinish-time = []
07-03 21:30:27.266  7541  7541 I LatinIme: Decoder.selectTextCandidate-time = [0 -> [0 -> [Min = 16 : Average = 17 : Max = 19]]
07-03 21:30:27.266  7541  7541 I LatinIme: Decoder.setKeyboardLayout-time = [0 -> [0 -> [Min = 4 : Average = 187 : Max = 422]]
07-03 21:30:27.266  7541  7541 I LatinIme: Decoder.setRuntimeParams-time = [0 -> [0 -> [Min = 0 : Average = 1 : Max = 12]]
07-03 21:30:27.266  7541  7541 I LatinIme: DecoderWrapper.createOrResetDecoder-time = []
07-03 21:30:27.266  7541  7541 I LatinIme: DecoderWrapper.decodeGesture-time = []
07-03 21:30:27.266  7541  7541 I LatinIme: DecoderWrapper.decodeTouch-time = [0 -> [0 -> [Min = 0 : Average = 17 : Max = 268]]
07-03 21:30:27.266  7541  7541 I LatinIme: DecoderWrapper.fetchSuggestions-time = [0 -> [0 -> [Min = 1 : Average = 93 : Max = 453]]
07-03 21:30:27.266  7541  7541 I LatinIme: DecoderWrapper.scrubDeleteFinish-time = []
07-03 21:30:27.266  7541  7541 I LatinIme: DecoderWrapper.scrubDeleteStart-time = []
07-03 21:30:27.266  7541  7541 I LatinIme: DecoderWrapper.selectTextCandidate-time = [0 -> [0 -> [Min = 21 : Average = 22 : Max = 24]]
07-03 21:30:27.266  7541  7541 I LatinIme: onDeactivate() : Input Context Metrics = 
07-03 21:30:27.267  7541  7541 I ClearcutLoggerManager: onFinishInput()
07-03 21:30:27.269  7541  7541 I ClearcutLoggerManager: onStartInput()
07-03 21:30:27.270  7541  7541 I LatinIme: initialize() : Language = en-IN
07-03 21:30:27.270  1907  5738 I AccountManagerService: getTypesVisibleToCaller: isPermitted? true
07-03 21:30:27.271  1907  3006 I AccountManagerService: getTypesVisibleToCaller: isPermitted? false
07-03 21:30:27.272  1907  2303 V AlarmManager: sending alarm {fff3d58 type 3 *alarm*:com.google.android.gms/.lockbox.LockboxAlarmReceiver}
07-03 21:30:27.272  1907  5711 I AccountManagerService: getTypesVisibleToCaller: isPermitted? true
07-03 21:30:27.272  7541  7541 I LatinIme: onActivate() : EditorInfo = Package = com.google.android.keep : Type = Text : Learning = Enable : Suggestion = Show : AutoCorrection = Enable : Microphone = Show
07-03 21:30:27.277  1907  2421 I AccountManagerService: getTypesVisibleToCaller: isPermitted? true
07-03 21:30:27.277  1907  2617 I AccountManagerService: getTypesVisibleToCaller: isPermitted? true
07-03 21:30:27.278  1907  1933 I AccountManagerService: getTypesVisibleToCaller: isPermitted? true
07-03 21:30:27.280  1907  2876 I AccountManagerService: getTypesVisibleToCaller: isPermitted? true
07-03 21:30:27.306 25167 25167 W IInputConnectionWrapper: beginBatchEdit on inactive InputConnection
07-03 21:30:27.306 25167 25167 W IInputConnectionWrapper: getSelectedText on inactive InputConnection
07-03 21:30:27.317  7541  7550 I art     : Background sticky concurrent mark sweep GC freed 18670(1026KB) AllocSpace objects, 0(0B) LOS objects, 7% free, 13MB/14MB, paused 1.047ms total 116.457ms
07-03 21:30:27.323  1907  1907 V AlarmManager: done {8f48631, *alarm*:DXCoreAlarmReceiver} [66ms]
07-03 21:30:27.339 25167 25167 W IInputConnectionWrapper: endBatchEdit on inactive InputConnection
07-03 21:30:27.339 25167 25167 W IInputConnectionWrapper: getTextBeforeCursor on inactive InputConnection
07-03 21:30:27.380 25167 25167 W IInputConnectionWrapper: getTextAfterCursor on inactive InputConnection
07-03 21:30:27.393  1907  6063 I AccountManagerService: getTypesVisibleToCaller: isPermitted? true
07-03 21:30:27.536  1907  2304 W InputDispatcher: Asynchronous input event injection failed.
07-03 21:30:27.536  1907  2304 I InputDispatcher: Dropped event because the current application is not responding and the user has started interacting with a different application.
07-03 21:30:27.536  1907  2304 I InputDispatcher: Dropped event because the current application is not responding and the user has started interacting with a different application.
07-03 21:30:27.540  1907  1907 V AlarmManager: done {fff3d58, *alarm*:com.google.android.gms/.lockbox.LockboxAlarmReceiver} [283ms]
07-03 21:30:27.662  1907  2876 I ActivityManager: Killing 28040:com.google.android.partnersetup/u0a17 (adj 15): empty #7
07-03 21:30:27.727  1907  2304 W InputDispatcher: Asynchronous input event injection failed.
07-03 21:30:27.727  1907  2304 I InputDispatcher: Dropped event because the current application is not responding and the user has started interacting with a different application.
07-03 21:30:27.728  1907  2304 W InputDispatcher: Asynchronous input event injection failed.
07-03 21:30:27.728  1907  2304 I InputDispatcher: Dropped event because the current application is not responding and the user has started interacting with a different application.
07-03 21:30:27.729  1907  2304 W InputDispatcher: Asynchronous input event injection failed.
07-03 21:30:27.729  1907  2304 I InputDispatcher: Dropped event because the current application is not responding and the user has started interacting with a different application.
07-03 21:30:27.807  7541  7541 I LatinMotionHandler: consumeEvent() : GestureTypingEnabled = true
07-03 21:30:27.815  7541  7541 I Choreographer: Skipped 41 frames!  The application may be doing too much work on its main thread.
07-03 21:30:27.826   359   359 I SFPerfTracer:      triggers: (rate: 876:25208) (compose: 0:27) (post: 0:15) (render: 78:2406) (47:459538 frames) (48:527693)
07-03 21:30:27.826   359   359 D SFPerfTracer:        layers: (3:10) (FocusedStackFrame (0xb71ba600): 1:5193)* (DimLayer (0xb7280f80): 0:82)* (DimLayer (0xb7283cf8): 0:8)* (StatusBar (0xb7260098): 2:120222) (com.android.systemui.ImageWallpaper (0xb7278a30): 0:4213)* (DimLayer (0xb7279cf8): 0:446)* (DimLayer (0xb72872c0): 0:212)* (NavigationBar (0xb7209e90): 48:196) (com.whatsapp/com.whatsapp.HomeActivity (0xb724be70): 0:52)- (com.google.android.keep/com.google.android.keep.activities.BrowseActivity (0xb7266870): 18:49) 
07-03 21:30:27.848  7541  7541 I LatinIme: onDeactivate() : Latency Metrics = {}
07-03 21:30:27.848  7541  7541 I LatinIme: Applicator.applyDiff-time = [0 -> [0 -> [Min = 0 : Average = 1 : Max = 10]]
07-03 21:30:27.848  7541  7541 I LatinIme: Applicator.applySuggestionDiff-time = [0 -> [0 -> [Min = 0 : Average = 5 : Max = 37]]
07-03 21:30:27.848  7541  7541 I LatinIme: Applicator.changeKeyboardState-time = [0 -> [0 -> [Min = 0 : Average = 0 : Max = 1]]
07-03 21:30:27.848  7541  7541 I LatinIme: Decoder.createOrResetDecoder-time = []
07-03 21:30:27.848  7541  7541 I LatinIme: Decoder.decodeGesture-time = []
07-03 21:30:27.848  7541  7541 I LatinIme: Decoder.decodeTouch-time = [0 -> [0 -> [Min = 0 : Average = 16 : Max = 268]]
07-03 21:30:27.848  7541  7541 I LatinIme: Decoder.fetchSuggestions-time = [0 -> [0 -> [Min = 1 : Average = 95 : Max = 452]]
07-03 21:30:27.848  7541  7541 I LatinIme: Decoder.flushPersonalizedData-time = []
07-03 21:30:27.848  7541  7541 I LatinIme: Decoder.getLoudsLmContentVersion-time = []
07-03 21:30:27.848  7541  7541 I LatinIme: Decoder.loadLanguageModel.BLACKLIST-time = []
07-03 21:30:27.848  7541  7541 I LatinIme: Decoder.loadLanguageModel.CONTACTS-time = []
07-03 21:30:27.848  7541  7541 I LatinIme: Decoder.loadLanguageModel.MAIN-time = []
07-03 21:30:27.848  7541  7541 I LatinIme: Decoder.loadLanguageModel.PERSONAL_DICTIONARY-time = []
07-03 21:30:27.848  7541  7541 I LatinIme: Decoder.loadLanguageModel.USER_HISTORY-time = []
07-03 21:30:27.848  7541  7541 I LatinIme: Decoder.parseInputContext-time = [0 -> [0 -> [Min = 0 : Average = 0 : Max = 2]]
07-03 21:30:27.848  7541  7541 I LatinIme: Decoder.scrubDeleteFinish-time = []
07-03 21:30:27.848  7541  7541 I LatinIme: Decoder.selectTextCandidate-time = [0 -> [0 -> [Min = 16 : Average = 17 : Max = 19]]
07-03 21:30:27.848  7541  7541 I LatinIme: Decoder.setKeyboardLayout-time = [0 -> [0 -> [Min = 4 : Average = 205 : Max = 422]]
07-03 21:30:27.848  7541  7541 I LatinIme: Decoder.setRuntimeParams-time = [0 -> [0 -> [Min = 0 : Average = 1 : Max = 12]]
07-03 21:30:27.848  7541  7541 I LatinIme: DecoderWrapper.createOrResetDecoder-time = []
07-03 21:30:27.848  7541  7541 I LatinIme: DecoderWrapper.decodeGesture-time = []
07-03 21:30:27.848  7541  7541 I LatinIme: DecoderWrapper.decodeTouch-time = [0 -> [0 -> [Min = 0 : Average = 17 : Max = 268]]
07-03 21:30:27.848  7541  7541 I LatinIme: DecoderWrapper.fetchSuggestions-time = [0 -> [0 -> [Min = 1 : Average = 96 : Max = 453]]
07-03 21:30:27.848  7541  7541 I LatinIme: DecoderWrapper.scrubDeleteFinish-time = []
07-03 21:30:27.848  7541  7541 I LatinIme: DecoderWrapper.scrubDeleteStart-time = []
07-03 21:30:27.848  7541  7541 I LatinIme: DecoderWrapper.selectTextCandidate-time = [0 -> [0 -> [Min = 21 : Average = 22 : Max = 24]]
07-03 21:30:27.848  7541  7541 I LatinIme: onDeactivate() : Input Context Metrics = 
07-03 21:30:27.849  7541  7541 I ClearcutLoggerManager: onFinishInput()
07-03 21:30:27.857  7541  7541 I ClearcutLoggerManager: onStartInput()
07-03 21:30:27.858  7541  7541 I LatinIme: initialize() : Language = en-IN
07-03 21:30:27.873  7541  7541 I LatinIme: onActivate() : EditorInfo = Package = com.google.android.keep : Type = Text : Learning = Enable : Suggestion = Show : AutoCorrection = Enable : Microphone = Show
07-03 21:30:27.882 25167 25167 W IInputConnectionWrapper: beginBatchEdit on inactive InputConnection
07-03 21:30:27.883 25167 25167 W IInputConnectionWrapper: getSelectedText on inactive InputConnection
07-03 21:30:27.883 25167 25167 W IInputConnectionWrapper: endBatchEdit on inactive InputConnection
07-03 21:30:27.884 25167 25167 W IInputConnectionWrapper: getTextBeforeCursor on inactive InputConnection
07-03 21:30:27.884 25167 25167 W IInputConnectionWrapper: getTextAfterCursor on inactive InputConnection
07-03 21:30:28.086  1907  2304 W InputDispatcher: Asynchronous input event injection failed.
07-03 21:30:28.086  1907  2304 I InputDispatcher: Dropped event because the current application is not responding and the user has started interacting with a different application.
07-03 21:30:28.269  1907  2304 W InputDispatcher: Asynchronous input event injection failed.
07-03 21:30:28.269  1907  2304 I InputDispatcher: Dropped event because the current application is not responding and the user has started interacting with a different application.
07-03 21:30:28.269  1907  2304 I InputDispatcher: Dropped event because the current application is not responding and the user has started interacting with a different application.
07-03 21:30:28.290  7541  7541 I LatinMotionHandler: consumeEvent() : GestureTypingEnabled = true
07-03 21:30:28.302  7541  7541 I LatinIme: onDeactivate() : Latency Metrics = {}
07-03 21:30:28.302  7541  7541 I LatinIme: Applicator.applyDiff-time = [0 -> [0 -> [Min = 0 : Average = 1 : Max = 10]]
07-03 21:30:28.302  7541  7541 I LatinIme: Applicator.applySuggestionDiff-time = [0 -> [0 -> [Min = 0 : Average = 5 : Max = 37]]
07-03 21:30:28.302  7541  7541 I LatinIme: Applicator.changeKeyboardState-time = [0 -> [0 -> [Min = 0 : Average = 0 : Max = 1]]
07-03 21:30:28.302  7541  7541 I LatinIme: Decoder.createOrResetDecoder-time = []
07-03 21:30:28.302  7541  7541 I LatinIme: Decoder.decodeGesture-time = []
07-03 21:30:28.302  7541  7541 I LatinIme: Decoder.decodeTouch-time = [0 -> [0 -> [Min = 0 : Average = 16 : Max = 268]]
07-03 21:30:28.302  7541  7541 I LatinIme: Decoder.fetchSuggestions-time = [0 -> [0 -> [Min = 1 : Average = 98 : Max = 452]]
07-03 21:30:28.302  7541  7541 I LatinIme: Decoder.flushPersonalizedData-time = []
07-03 21:30:28.302  7541  7541 I LatinIme: Decoder.getLoudsLmContentVersion-time = []
07-03 21:30:28.302  7541  7541 I LatinIme: Decoder.loadLanguageModel.BLACKLIST-time = []
07-03 21:30:28.302  7541  7541 I LatinIme: Decoder.loadLanguageModel.CONTACTS-time = []
07-03 21:30:28.302  7541  7541 I LatinIme: Decoder.loadLanguageModel.MAIN-time = []
07-03 21:30:28.302  7541  7541 I LatinIme: Decoder.loadLanguageModel.PERSONAL_DICTIONARY-time = []
07-03 21:30:28.302  7541  7541 I LatinIme: Decoder.loadLanguageModel.USER_HISTORY-time = []
07-03 21:30:28.302  7541  7541 I LatinIme: Decoder.parseInputContext-time = [0 -> [0 -> [Min = 0 : Average = 0 : Max = 2]]
07-03 21:30:28.302  7541  7541 I LatinIme: Decoder.scrubDeleteFinish-time = []
07-03 21:30:28.302  7541  7541 I LatinIme: Decoder.selectTextCandidate-time = [0 -> [0 -> [Min = 16 : Average = 17 : Max = 19]]
07-03 21:30:28.302  7541  7541 I LatinIme: Decoder.setKeyboardLayout-time = [0 -> [0 -> [Min = 4 : Average = 217 : Max = 422]]
07-03 21:30:28.302  7541  7541 I LatinIme: Decoder.setRuntimeParams-time = [0 -> [0 -> [Min = 0 : Average = 1 : Max = 12]]
07-03 21:30:28.302  7541  7541 I LatinIme: DecoderWrapper.createOrResetDecoder-time = []
07-03 21:30:28.302  7541  7541 I LatinIme: DecoderWrapper.decodeGesture-time = []
07-03 21:30:28.302  7541  7541 I LatinIme: DecoderWrapper.decodeTouch-time = [0 -> [0 -> [Min = 0 : Average = 17 : Max = 268]]
07-03 21:30:28.302  7541  7541 I LatinIme: DecoderWrapper.fetchSuggestions-time = [0 -> [0 -> [Min = 1 : Average = 100 : Max = 453]]
07-03 21:30:28.302  7541  7541 I LatinIme: DecoderWrapper.scrubDeleteFinish-time = []
07-03 21:30:28.302  7541  7541 I LatinIme: DecoderWrapper.scrubDeleteStart-time = []
07-03 21:30:28.302  7541  7541 I LatinIme: DecoderWrapper.selectTextCandidate-time = [0 -> [0 -> [Min = 21 : Average = 22 : Max = 24]]
07-03 21:30:28.302  7541  7541 I LatinIme: onDeactivate() : Input Context Metrics = 
07-03 21:30:28.303  7541  7541 I ClearcutLoggerManager: onFinishInput()
07-03 21:30:28.311  7541  7541 W InputMethodService: Window size has been changed. This may cause jankiness of resizing window: -1 -> -2
07-03 21:30:28.316  7541  7645 E Surface : getSlotFromBufferLocked: unknown buffer: 0xb952fba8
07-03 21:30:28.326  1907  3005 I ActivityManager: moveHomeStack, setupComplete:true
07-03 21:30:28.433  1907  3355 I ActivityManager: Start proc 28324:com.google.android.googlequicksearchbox:search/u0a28 for service com.google.android.googlequicksearchbox/com.google.android.apps.gsa.sidekick.main.remoteservice.NowService
07-03 21:30:28.474   359  1046 I SFPerfTracer:      triggers: (rate: 0:117) (36825 sw vsyncs) (0 skipped) (186:748839 vsyncs) (188:867185)
07-03 21:30:28.636  1907  2304 W InputDispatcher: Asynchronous input event injection failed.
07-03 21:30:28.636  1907  2304 I InputDispatcher: Dropped event because the current application is not responding and the user has started interacting with a different application.
07-03 21:30:28.636  1907  2304 W InputDispatcher: Asynchronous input event injection failed.
07-03 21:30:28.636  1907  2304 I InputDispatcher: Dropped event because the current application is not responding and the user has started interacting with a different application.
07-03 21:30:28.819  3023  3245 I Adreno-EGL: <qeglDrvAPI_eglInitialize:379>: QUALCOMM Build: 10/09/15, 6cbbf7d, I3193f6e94a
07-03 21:30:28.822  3023  3245 I OpenGLRenderer: Initialized EGL, version 1.4
07-03 21:30:28.827  1907  2304 W InputDispatcher: Asynchronous input event injection failed.
07-03 21:30:28.827  1907  2304 I InputDispatcher: Dropped event because the current application is not responding and the user has started interacting with a different application.
07-03 21:30:28.915  3023  3023 W ViewRootImpl: Dropping event due to no window focus: KeyEvent { action=ACTION_DOWN, keyCode=KEYCODE_BACK, scanCode=0, metaState=0, flags=0x48, repeatCount=0, eventTime=68141657, downTime=68141657, deviceId=-1, source=0x101 }
07-03 21:30:28.915  3023  3023 W ViewRootImpl: Cancelling event due to no window focus: KeyEvent { action=ACTION_UP, keyCode=KEYCODE_BACK, scanCode=0, metaState=0, flags=0x68, repeatCount=0, eventTime=68141848, downTime=68141657, deviceId=-1, source=0x101 }
07-03 21:30:28.916  3023  3023 W ViewRootImpl: Cancelling event due to no window focus: KeyEvent { action=ACTION_UP, keyCode=KEYCODE_BACK, scanCode=0, metaState=0, flags=0x68, repeatCount=0, eventTime=68141848, downTime=68141657, deviceId=-1, source=0x101 }
07-03 21:30:28.916  3023  3023 W ViewRootImpl: Cancelling event due to no window focus: KeyEvent { action=ACTION_UP, keyCode=KEYCODE_BACK, scanCode=0, metaState=0, flags=0x68, repeatCount=0, eventTime=68141848, downTime=68141657, deviceId=-1, source=0x101 }
07-03 21:30:28.916  3023  3023 W ViewRootImpl: Cancelling event due to no window focus: KeyEvent { action=ACTION_UP, keyCode=KEYCODE_BACK, scanCode=0, metaState=0, flags=0x68, repeatCount=0, eventTime=68141848, downTime=68141657, deviceId=-1, source=0x101 }
07-03 21:30:28.916  3023  3023 W ViewRootImpl: Cancelling event due to no window focus: KeyEvent { action=ACTION_UP, keyCode=KEYCODE_BACK, scanCode=0, metaState=0, flags=0x68, repeatCount=0, eventTime=68141848, downTime=68141657, deviceId=-1, source=0x101 }
07-03 21:30:28.916  3023  3023 W ViewRootImpl: Cancelling event due to no window focus: KeyEvent { action=ACTION_UP, keyCode=KEYCODE_BACK, scanCode=0, metaState=0, flags=0x68, repeatCount=0, eventTime=68141848, downTime=68141657, deviceId=-1, source=0x101 }
07-03 21:30:28.916  3023  3023 W ViewRootImpl: Cancelling event due to no window focus: KeyEvent { action=ACTION_UP, keyCode=KEYCODE_BACK, scanCode=0, metaState=0, flags=0x68, repeatCount=0, eventTime=68141848, downTime=68141657, deviceId=-1, source=0x101 }
07-03 21:30:28.916  3023  3023 W ViewRootImpl: Cancelling event due to no window focus: KeyEvent { action=ACTION_UP, keyCode=KEYCODE_BACK, scanCode=0, metaState=0, flags=0x68, repeatCount=0, eventTime=68141848, downTime=68141657, deviceId=-1, source=0x101 }
07-03 21:30:28.916  3023  3023 W ViewRootImpl: Cancelling event due to no window focus: KeyEvent { action=ACTION_UP, keyCode=KEYCODE_BACK, scanCode=0, metaState=0, flags=0x68, repeatCount=0, eventTime=68141848, downTime=68141657, deviceId=-1, source=0x101 }
07-03 21:30:28.921  3023  3023 W ViewRootImpl: Dropping event due to no window focus: KeyEvent { action=ACTION_DOWN, keyCode=KEYCODE_BACK, scanCode=0, metaState=0, flags=0x48, repeatCount=0, eventTime=68141849, downTime=68141849, deviceId=-1, source=0x101 }
07-03 21:30:28.928  3023  3023 W ViewRootImpl: Cancelling event due to no window focus: KeyEvent { action=ACTION_UP, keyCode=KEYCODE_BACK, scanCode=0, metaState=0, flags=0x68, repeatCount=0, eventTime=68141851, downTime=68141849, deviceId=-1, source=0x101 }
07-03 21:30:28.928  3023  3023 W ViewRootImpl: Cancelling event due to no window focus: KeyEvent { action=ACTION_UP, keyCode=KEYCODE_BACK, scanCode=0, metaState=0, flags=0x68, repeatCount=0, eventTime=68141851, downTime=68141849, deviceId=-1, source=0x101 }
07-03 21:30:28.928  3023  3023 W ViewRootImpl: Cancelling event due to no window focus: KeyEvent { action=ACTION_UP, keyCode=KEYCODE_BACK, scanCode=0, metaState=0, flags=0x68, repeatCount=0, eventTime=68141851, downTime=68141849, deviceId=-1, source=0x101 }
07-03 21:30:28.928  3023  3023 W ViewRootImpl: Cancelling event due to no window focus: KeyEvent { action=ACTION_UP, keyCode=KEYCODE_BACK, scanCode=0, metaState=0, flags=0x68, repeatCount=0, eventTime=68141851, downTime=68141849, deviceId=-1, source=0x101 }
07-03 21:30:28.928  3023  3023 W ViewRootImpl: Cancelling event due to no window focus: KeyEvent { action=ACTION_UP, keyCode=KEYCODE_BACK, scanCode=0, metaState=0, flags=0x68, repeatCount=0, eventTime=68141851, downTime=68141849, deviceId=-1, source=0x101 }
07-03 21:30:28.928  3023  3023 W ViewRootImpl: Cancelling event due to no window focus: KeyEvent { action=ACTION_UP, keyCode=KEYCODE_BACK, scanCode=0, metaState=0, flags=0x68, repeatCount=0, eventTime=68141851, downTime=68141849, deviceId=-1, source=0x101 }
07-03 21:30:28.928  3023  3023 W ViewRootImpl: Cancelling event due to no window focus: KeyEvent { action=ACTION_UP, keyCode=KEYCODE_BACK, scanCode=0, metaState=0, flags=0x68, repeatCount=0, eventTime=68141851, downTime=68141849, deviceId=-1, source=0x101 }
07-03 21:30:28.932  3023  3023 W ViewRootImpl: Cancelling event due to no window focus: KeyEvent { action=ACTION_UP, keyCode=KEYCODE_BACK, scanCode=0, metaState=0, flags=0x68, repeatCount=0, eventTime=68141851, downTime=68141849, deviceId=-1, source=0x101 }
07-03 21:30:28.932  3023  3023 W ViewRootImpl: Cancelling event due to no window focus: KeyEvent { action=ACTION_UP, keyCode=KEYCODE_BACK, scanCode=0, metaState=0, flags=0x68, repeatCount=0, eventTime=68141851, downTime=68141849, deviceId=-1, source=0x101 }
07-03 21:30:29.037  3023  3023 W ViewRootImpl: Dropping event due to no window focus: KeyEvent { action=ACTION_DOWN, keyCode=KEYCODE_BACK, scanCode=0, metaState=0, flags=0x48, repeatCount=0, eventTime=68142041, downTime=68142041, deviceId=-1, source=0x101 }
07-03 21:30:29.090 25167 25303 E Surface : getSlotFromBufferLocked: unknown buffer: 0xb9407850
07-03 21:30:29.285 27663 27681 I AlarmClock: No connected nodes
07-03 21:30:29.300  1907  1965 I ActivityManager: Killing 28137:com.android.vending/u0a38 (adj 15): empty #7
07-03 21:30:29.393  1907  3367 I ActivityManager: Killing 27663:com.google.android.deskclock/u0a55 (adj 15): empty #7
07-03 21:30:29.483  3023  3245 W OpenGLRenderer: Incorrectly called buildLayer on View: ShortcutAndWidgetContainer, destroying layer...
07-03 21:30:29.483  2389  2389 D TaskResourceLoader: getTaskDescriptionIcon begin: iconBitmap = null ,iconFilename = null
07-03 21:30:29.484  2389  2389 D TaskResourceLoader: getTaskDescriptionIcon end
07-03 21:30:29.487  2389  2389 D SystemServicesProxy: getThumbnail begin: taskId = 5251
07-03 21:30:29.488  2389  2389 D SystemServicesProxy: getThumbnail end: taskId = 5251
07-03 21:30:29.527   359   359 I SFPerfTracer:      triggers: (rate: 876:25208) (compose: 0:27) (post: 0:15) (render: 78:2406) (12:459632 frames) (13:527794)
07-03 21:30:29.527   359   359 D SFPerfTracer:        layers: (4:11) (FocusedStackFrame (0xb71ba600): 0:5195)* (DimLayer (0xb7280f80): 0:82)* (DimLayer (0xb7283cf8): 0:8)* (StatusBar (0xb7260098): 0:120223) (com.android.systemui.ImageWallpaper (0xb7278a30): 0:4214) (DimLayer (0xb7279cf8): 0:446)* (DimLayer (0xb72872c0): 0:212)* (NavigationBar (0xb7209e90): 13:297) (com.google.android.keep/com.google.android.keep.activities.BrowseActivity (0xb7266870): 3:87)* (InputMethod (0xb7289f48): 0:4)- (com.google.android.googlequicksearchbox/com.google.android.launcher.GEL (0xb724be70): 12:29) 
07-03 21:30:29.929  1907  2318 D WifiService: New client listening to asynchronous messages
07-03 21:30:30.250  2389  2720 D MotoNetwCtrlr: onReceive: intent=Intent { act=android.net.wifi.RSSI_CHANGED flg=0x4000010 (has extras) }
07-03 21:30:30.250  2389  2720 I MotoNetwCtrlr.MotoWifiSignalCtrlr: handleBroadcast: Entered: Intent=Intent { act=android.net.wifi.RSSI_CHANGED flg=0x4000010 (has extras) } Action=android.net.wifi.RSSI_CHANGED
07-03 21:30:30.549  1907  3035 I AccountManagerService: getTypesVisibleToCaller: isPermitted? true
07-03 21:30:30.787  1907  2917 I ActivityManager: Start proc 28353:com.google.android.partnersetup/u0a17 for content provider com.google.android.partnersetup/.RlzAppProvider
07-03 21:30:30.841   359  1046 I SFPerfTracer:      triggers: (rate: 0:117) (36825 sw vsyncs) (0 skipped) (138:748977 vsyncs) (140:867325)
07-03 21:30:30.910 28353 28353 W System  : ClassLoader referenced unknown path: /system/priv-app/GooglePartnerSetup/lib/arm
07-03 21:30:31.164  1907  2617 I ActivityManager: Killing 26857:com.android.cellbroadcastreceiver/u0a5 (adj 15): empty #7
07-03 21:30:31.177  1907  2305 I PowerManagerService: Going to sleep due to power button (uid 1000)...
07-03 21:30:31.194  2389 19367 D KeyguardViewMediator: onStartedGoingToSleep(2)
07-03 21:30:31.211   392 24842 W AudioPolicyIntefaceImpl: getOutputForAttr uid 10001 tried to pass itself off as 1000
07-03 21:30:31.215   392  2032 W AudioFlinger: uid 10001 tried to pass itself off as 1000
07-03 21:30:31.226   392  1038 D audio_hw_primary: out_set_parameters: enter: usecase(1: low-latency-playback) kvpairs: routing=2
07-03 21:30:31.226   392  1038 D audio_hw_fm: audio_extn_fm_set_parameters: Inside
07-03 21:30:31.226   392  1038 V audio_hw_fm: audio_extn_fm_set_parameters: enter
07-03 21:30:31.226   392  1038 V audio_hw_fm: audio_extn_fm_set_parameters: exit
07-03 21:30:31.239 28324 28334 W LocationOracle: getBestLocation(): no location is available
07-03 21:30:31.240   392  1037 D audio_hw_primary: select_devices: out_snd_device(2: speaker) in_snd_device(0: none)
07-03 21:30:31.240   392  1037 D msm8974_platform: platform_send_audio_calibration: sending audio calibration for snd_device(2) acdb_id(15)
07-03 21:30:31.240   392  1037 D ACDB-LOADER: ACDB -> send_audio_cal, acdb_id = 15, path =  0
07-03 21:30:31.240   392  1037 D ACDB-LOADER: ACDB -> send_adm_topology
07-03 21:30:31.240   392  1037 D ACDB-LOADER: ACDB -> ACDB_CMD_GET_AUDPROC_COMMON_TOPOLOGY_ID
07-03 21:30:31.240   392  1037 D ACDB-LOADER: ACDB -> send_audtable
07-03 21:30:31.240   392  1037 D ACDB-LOADER: ACDB -> ACDB_CMD_GET_AUDPROC_COMMON_TABLE
07-03 21:30:31.240   392  1037 D ACDB-LOADER: ACDB -> AUDIO_SET_AUDPROC_CAL
07-03 21:30:31.240   392  1037 D ACDB-LOADER: ACDB -> send_audvoltable
07-03 21:30:31.240   392  1037 D ACDB-LOADER: ACDB -> ACDB_CMD_GET_AUDPROC_GAIN_DEP_STEP_TABLE
07-03 21:30:31.240   392  1037 D ACDB-LOADER: ACDB -> AUDIO_SET_AUDPROC_VOL_CAL
07-03 21:30:31.240   392  1037 D ACDB-LOADER: ACDB -> send_afe_cal
07-03 21:30:31.240   392  1037 D ACDB-LOADER: ACDB -> ACDB_CMD_GET_AFE_COMMON_TABLE
07-03 21:30:31.240   392  1037 D         : Failed to fetch the lookup information of the device 0000000F 
07-03 21:30:31.240   392  1037 D ACDB-LOADER: ACDB -> AUDIO_SET_AFE_CAL
07-03 21:30:31.241   392  1037 D audio_hw_primary: enable_snd_device: snd_device(2: speaker)
07-03 21:30:31.247   392  1037 D audio_hw_primary: enable_audio_route: apply and update mixer path: low-latency-playback speaker
07-03 21:30:31.386 28324 28333 I art     : Background sticky concurrent mark sweep GC freed 19269(1570KB) AllocSpace objects, 15(540KB) LOS objects, 13% free, 11MB/13MB, paused 10.474ms total 80.224ms
07-03 21:30:31.416 28324 28324 I MicroDetectionWorker: Micro detection mode: [mDetectionMode: [1]].
07-03 21:30:31.499 28324 28374 E linker  : readlink('/proc/self/fd/18') failed: Permission denied [fd=18]
07-03 21:30:31.499 28324 28374 E linker  : warning: unable to get realpath for the library "/data/app/com.google.android.googlequicksearchbox-1/lib/arm/libnativecrashreporter.so". Will use given name.
07-03 21:30:31.538 28324 28374 I GsaNativeCrashHandler: Loaded shared library: nativecrashreporter
07-03 21:30:31.541 28324 28374 E linker  : readlink('/proc/self/fd/18') failed: Permission denied [fd=18]
07-03 21:30:31.542 28324 28374 E linker  : warning: unable to get realpath for the library "/data/app/com.google.android.googlequicksearchbox-1/lib/arm/libgoogle_speech_micro_jni.so". Will use given name.
07-03 21:30:31.594 28324 28376 I MicroRecognitionRunner: Starting detection.
07-03 21:30:31.595   406   592 I ThermalEngine: Sensor:xo_therm_pu2:44000 mC
07-03 21:30:31.604 28324 28352 I MicrophoneInputStream: mic_starting com.google.android.apps.gsa.speech.audio.ah@1365d3a
07-03 21:30:31.605   406   591 I ThermalEngine: Sensor:batt_therm:36300 mC
07-03 21:30:31.611   392 28378 I AudioFlinger: AudioFlinger's thread 0xb78d5548 ready to run
07-03 21:30:31.625 28324 28352 I MicrophoneInputStream: mic_started com.google.android.apps.gsa.speech.audio.ah@1365d3a
07-03 21:30:31.634   392 28378 D audio_hw_primary: select_devices: out_snd_device(0: none) in_snd_device(70: voice-rec-mic)
07-03 21:30:31.634   392 28378 D msm8974_platform: platform_send_audio_calibration: sending audio calibration for snd_device(70) acdb_id(62)
07-03 21:30:31.634   392 28378 D ACDB-LOADER: ACDB -> send_audio_cal, acdb_id = 62, path =  1
07-03 21:30:31.634   392 28378 D ACDB-LOADER: ACDB -> send_adm_topology
07-03 21:30:31.634   392 28378 D ACDB-LOADER: ACDB -> ACDB_CMD_GET_AUDPROC_COMMON_TOPOLOGY_ID
07-03 21:30:31.635   392 28378 D         : ACDBFILE_MGR: CmnDevinfo for the devid 0000003E not found
07-03 21:30:31.635   392 28378 D         : ACDB_COMMAND: Failed to fetch the aud topo info for devid 0000003E 
07-03 21:30:31.636   392 28378 E ACDB-LOADER: Error: ACDB get adm topology for acdb id = 62, returned = -8
07-03 21:30:31.636   392 28378 D ACDB-LOADER: ACDB -> send_audtable
07-03 21:30:31.636   392 28378 D ACDB-LOADER: ACDB -> ACDB_CMD_GET_AUDPROC_COMMON_TABLE
07-03 21:30:31.636   392 28378 D         : Failed to fetch the lookup information of the device 0000003E 
07-03 21:30:31.636   392 28378 E ACDB-LOADER: Error: ACDB audproc returned = -1
07-03 21:30:31.636   392 28378 D ACDB-LOADER: ACDB -> AUDIO_SET_AUDPROC_CAL
07-03 21:30:31.636   392 28378 D ACDB-LOADER: ACDB -> send_audvoltable
07-03 21:30:31.636   392 28378 D ACDB-LOADER: ACDB -> ACDB_CMD_GET_AUDPROC_GAIN_DEP_STEP_TABLE
07-03 21:30:31.636   392 28378 D         : Failed to fetch the lookup information of the device 0000003E 
07-03 21:30:31.636   392 28378 E ACDB-LOADER: Error: ACDB AudProc vol returned = -1
07-03 21:30:31.636   392 28378 D ACDB-LOADER: ACDB -> AUDIO_SET_AUDPROC_VOL_CAL
07-03 21:30:31.636   392 28378 D ACDB-LOADER: ACDB -> AUDIO_SET_AFE_CAL
07-03 21:30:31.636   392 28378 D audio_hw_primary: enable_snd_device: snd_device(70: voice-rec-mic)
07-03 21:30:31.638   392 28378 D audio_hw_primary: enable_audio_route: apply and update mixer path: audio-record
07-03 21:30:31.689  1907  2134 V KeyguardServiceDelegate: onScreenTurnedOff()
07-03 21:30:31.691   359   359 D SurfaceFlinger: Set power mode=0, type=0 flinger=0xb7139df8
07-03 21:30:31.691   359   359 D qdhwcomposer: hwc_setPowerMode: Setting mode 0 on display: 0
07-03 21:30:31.693  1907  2123 I DisplayManagerService: Display device changed state: "Built-in Screen", OFF
07-03 21:30:31.697 28324 28334 W SearchService: Abort, client detached.
07-03 21:30:31.755 28324 28324 I MicroDetector: Keeping mic open: false
07-03 21:30:31.755 28324 28375 I DeviceStateChecker: DeviceStateChecker cancelled
07-03 21:30:31.756 28324 28324 I MicrophoneInputStream: mic_close com.google.android.apps.gsa.speech.audio.ah@1365d3a
07-03 21:30:31.756 28324 28352 E AudioRecord-JNI: Error -4 during AudioRecord native read
07-03 21:30:31.757 28324 28343 I GrammarCompilationSvcCt: Grammar compilation alarm set for interval 604800000
07-03 21:30:31.795   392 28378 D audio_hw_primary: disable_audio_route: reset and update mixer path: audio-record
07-03 21:30:31.795   392 28378 D audio_hw_primary: disable_snd_device: snd_device(70: voice-rec-mic)
07-03 21:30:31.803 28324 28374 I MicroRecognitionRunner: Stopping hotword detection.
07-03 21:30:31.809 28324 28376 I MicroRecognitionRunner: Detection finished
07-03 21:30:31.832  1907  3005 I ActivityManager: Start proc 28386:com.android.providers.calendar/u0a31 for content provider com.android.providers.calendar/.CalendarProvider2
07-03 21:30:31.923 28299 28317 I art     : Waiting for a blocking GC DisableMovingGc
07-03 21:30:31.923 28299 28317 I art     : Starting a blocking GC DisableMovingGc
07-03 21:30:31.949  3239  3331 W GeofencerStateMachine: Ignoring removeGeofence because network location is disabled.
07-03 21:30:31.953  3239  3239 D WearableService: callingUid 10003, callindPid: 3239
07-03 21:30:31.966 28324 28324 E CardSyncManagerImpl: onConnectionFailed: ConnectionResult{statusCode=API_UNAVAILABLE, resolution=null, message=null}
07-03 21:30:31.966 28324 28343 E CardSyncManagerImpl: Failed to connect to GoogleApiClient: null
07-03 21:30:31.983 28386 28386 W System  : ClassLoader referenced unknown path: /system/priv-app/CalendarProvider/lib/arm
07-03 21:30:32.009   359  1033 I qdhwcomposer: handle_blank_event: dpy:0 panel power state: 0
07-03 21:30:32.010   359   359 I qdhwcomposer: enable_dcabc: Done setting OFF mode
07-03 21:30:32.010   359   359 D qdhwcomposer: hwc_setPowerMode: Done setting mode 0 on display 0
07-03 21:30:32.010   359   359 I SFPerfTracer:      triggers: (rate: 876:25209) (compose: 0:27) (post: 0:15) (render: 78:2406) (23:459748 frames) (24:527915)
07-03 21:30:32.011   359   359 D SFPerfTracer:        layers: (5:10) (FocusedStackFrame (0xb71ba600): 0:5196)* (DimLayer (0xb7280f80): 0:82)* (DimLayer (0xb7283cf8): 0:8)* (StatusBar (0xb7260098): 0:120225) (com.android.systemui.ImageWallpaper (0xb7278a30): 0:4214) (DimLayer (0xb7279cf8): 0:446)* (DimLayer (0xb72872c0): 0:212)* (NavigationBar (0xb7209e90): 0:382) (com.google.android.googlequicksearchbox/com.google.android.launcher.GEL (0xb724be70): 0:124) (ColorFade (0xb7266870): 24:26) 
07-03 21:30:32.011  1907  2356 D SurfaceControl: Excessive delay in setPowerMode(): 319ms
07-03 21:30:32.012  1907  2134 I PowerManagerService: Sleeping (uid 1000)...
07-03 21:30:32.017  2389  2432 D KeyguardViewMediator: doKeyguard: showing the lock screen
07-03 21:30:32.020  2389  2432 D KeyguardViewMediator: USER_LOCKED intent sent
07-03 21:30:32.020  2389  2389 D KeyguardViewMediator: handleShow
07-03 21:30:32.032  1907  1907 D bsthal  : activate, handle: 1598182229, enabled: 0, index 0
07-03 21:30:32.032  1907  1907 E bsthal  : <BST> disable accel, orig state: 1
07-03 21:30:32.032  1907  1907 I bsthal  : <BST> disable sensor <BOSCH BMC150 Acceleration Sensor>
07-03 21:30:32.032   392   392 D audio_hw_primary: adev_set_parameters: enter: screen_state=off
07-03 21:30:32.032   392   392 D audio_hw_fm: audio_extn_fm_set_parameters: Inside
07-03 21:30:32.032   392   392 V audio_hw_fm: audio_extn_fm_set_parameters: enter
07-03 21:30:32.032   392   392 V audio_hw_fm: audio_extn_fm_set_parameters: exit
07-03 21:30:32.032   392   392 E bt_a2dp_hw: adev_set_parameters: ERROR: set param called even when stream out is null
07-03 21:30:32.047  1907  2313 E native  : do suspend true
07-03 21:30:32.066  2389  2389 D KeyguardSecurityView: showSecurityScreen(Pattern)
07-03 21:30:32.128  2389  2389 D StatusBarKeyguardViewManager: showKeyguard, but hide Bouncer
07-03 21:30:32.131 28386 28386 I CalendarProvider2: Created com.android.providers.calendar.CalendarAlarmManager@701cab8(com.android.providers.calendar.CalendarProvider2@9d79091)
07-03 21:30:32.141  1907  3006 I AccountManagerService: getTypesVisibleToCaller: isPermitted? true
07-03 21:30:32.150  2389  2389 D PhoneStatusBar: disable: < expand ICONS* alerts SYSTEM_INFO* back home recent clock search quick_settings >
07-03 21:30:32.174  2389  2389 D KeyguardSecurityView: showSecurityScreen(Pattern)
07-03 21:30:32.186  1907  5711 I ActivityManager: Killing 28299:android.process.acore/u0a15 (adj 15): empty #7
07-03 21:30:32.200  2389  2389 V QSTileView: setDual true
07-03 21:30:32.200  2389  2389 V QSTileView: setDual true
07-03 21:30:32.200  2389  2389 V QSTileView: setDual false
07-03 21:30:32.200  2389  2389 V QSTileView: setDual false
07-03 21:30:32.200  2389  2389 V QSTileView: setDual false
07-03 21:30:32.200  2389  2389 V QSTileView: setDual false
07-03 21:30:32.200  2389  2389 V QSTileView: setDual false
07-03 21:30:32.201  2389  2389 V QSTileView: setDual false
07-03 21:30:32.201  2389  2389 V QSTileView: setDual false
07-03 21:30:32.201  2389  2389 V QSTileView: setDual false
07-03 21:30:32.201  2389  2389 V QSTileView: setDual false
07-03 21:30:32.201  2389  2389 V QSTileView: setDual false
07-03 21:30:32.235  2389  2389 D PhoneStatusBar: disable: < expand ICONS alerts SYSTEM_INFO back HOME* RECENT* clock SEARCH* q