07-03 21:18:08.361  1907  1907 V AlarmManager: done {9aa8c2c, *alarm*:android.intent.action.TIME_TICK} [175ms]
07-03 21:18:25.362  1907  2303 V AlarmManager: sending alarm {5e04e6a type 2 *walarm*:com.whatsapp.messaging.MessageService.CLIENT_PINGER_ACTION}
07-03 21:18:25.365  1907  2303 V AlarmManager: sending alarm {fff3d58 type 3 *alarm*:com.google.android.gms/.lockbox.LockboxAlarmReceiver}
07-03 21:18:25.376  1907  1907 V AlarmManager: done {5e04e6a, *walarm*:com.whatsapp.messaging.MessageService.CLIENT_PINGER_ACTION} [14ms]
07-03 21:18:25.420  1907  1907 V AlarmManager: done {fff3d58, *alarm*:com.google.android.gms/.lockbox.LockboxAlarmReceiver} [59ms]
07-03 21:19:21.033  1907  2305 I PowerManagerService: Waking up from sleep (uid 1000)...
07-03 21:19:21.040  1907  2123 I DisplayManagerService: Display device changed state: "Built-in Screen", ON
07-03 21:19:21.226  1907  1907 V AlarmManager: sending alarm {9aa8c2c type 3 *alarm*:android.intent.action.TIME_TICK}
07-03 21:19:21.408  1907  1907 V AlarmManager: done {9aa8c2c, *alarm*:android.intent.action.TIME_TICK} [181ms]
07-03 21:19:22.654  1907  2299 D BatteryService: uevent={POWER_SUPPLY_TEMP=353, POWER_SUPPLY_STATUS=Charging, POWER_SUPPLY_CAPACITY=81, ACTION=change, DEVPATH=/devices/qpnp-charger-e4a25800/power_supply/battery, POWER_SUPPLY_VOLTAGE_OCV=-22, POWER_SUPPLY_ONLINE=1, SUBSYSTEM=power_supply, POWER_SUPPLY_NUM_SYSTEM_TEMP_LEVELS=4, POWER_SUPPLY_INPUT_CURRENT_MAX=500000, POWER_SUPPLY_VOLTAGE_MAX_DESIGN=4350000, POWER_SUPPLY_CHARGE_FULL=2012000, POWER_SUPPLY_NAME=battery, POWER_SUPPLY_VOLTAGE_MIN_DESIGN=4300000, POWER_SUPPLY_VOLTAGE_MIN=4300000, POWER_SUPPLY_HEALTH=Good, POWER_SUPPLY_CYCLE_COUNT=8, POWER_SUPPLY_TECHNOLOGY=Li-ion, POWER_SUPPLY_CHARGE_TYPE=Fast, POWER_SUPPLY_PRESENT=1, POWER_SUPPLY_INPUT_CURRENT_SETTLED=0, POWER_SUPPLY_MODEL_NAME=UNKNOWN, POWER_SUPPLY_VOLTAGE_NOW=4175898, SEQNUM=76668, POWER_SUPPLY_TEMP_WARM=450, POWER_SUPPLY_TEMP_COOL=0, POWER_SUPPLY_CHARGE_FULL_DESIGN=2022000, POWER_SUPPLY_CURRENT_NOW=-163782, POWER_SUPPLY_CHARGE_COUNTER=348240, POWER_SUPPLY_SYSTEM_TEMP_LEVEL=0, POWER_SUPPLY_INPUT_CURRENT_TRIM=31, POWER_SUPPLY_VOLTAGE_EMPTY=3200000, POWER_SUPPLY_CHARGE_RATE=Normal, POWER_SUPPLY_INPUT_VOLTAGE_REGULATION=0, POWER_SUPPLY_CHARGING_ENABLED=1}
07-03 21:19:22.764   359  1046 I SFPerfTracer:      triggers: (rate: 0:117) (36602 sw vsyncs) (0 skipped) (86:741976 vsyncs) (88:859327)
07-03 21:19:23.351   359   359 I SFPerfTracer:      triggers: (rate: 867:24989) (compose: 0:27) (post: 0:15) (render: 76:2370) (52:456424 frames) (53:523830)
07-03 21:19:23.351   359   359 D SFPerfTracer:        layers: (3:11) (FocusedStackFrame (0xb71ba600): 0:5158)* (DimLayer (0xb7280f80): 0:82)* (DimLayer (0xb7283cf8): 0:8)* (StatusBar (0xb7260098): 53:118971) (com.android.systemui.ImageWallpaper (0xb7278a30): 0:4169) (DimLayer (0xb7279cf8): 0:446)* (DimLayer (0xb72872c0): 0:200)* (NavigationBar (0xb7266870): 0:139)- (com.google.android.googlequicksearchbox/com.google.android.launcher.GEL (0xb727f888): 0:28)* (ColorFade (0xb724be70): 0:27)- (NavigationBar (0xb7209e90): 15:18) 
07-03 21:19:23.602  1907  2421 W InputMethodManagerService: Window already focused, ignoring focus gain of: com.android.internal.view.IInputMethodClient$Stub$Proxy@841e725 attribute=android.view.inputmethod.EditorInfo@41ae0fa, token = android.os.BinderProxy@2b8f74e
07-03 21:19:24.196  1907  1965 I ActivityManager: Start proc 24173:com.android.cellbroadcastreceiver/u0a5 for broadcast com.android.cellbroadcastreceiver/.CellBroadcastReceiver
07-03 21:19:24.844  1907  5738 I ActivityManager: Killing 22498:android.process.acore/u0a15 (adj 15): empty #7
07-03 21:19:25.496  1907  2303 V AlarmManager: sending alarm {e6e1eb1 type 2 *walarm*:com.google.android.location.ALARM_WAKEUP_ACTIVITY_DETECTION}
07-03 21:19:25.499  1907  2303 V AlarmManager: sending alarm {fff3d58 type 3 *alarm*:com.google.android.gms/.lockbox.LockboxAlarmReceiver}
07-03 21:19:25.562  1907  1907 V AlarmManager: done {e6e1eb1, *walarm*:com.google.android.location.ALARM_WAKEUP_ACTIVITY_DETECTION} [65ms]
07-03 21:19:25.571  1907  1907 V AlarmManager: done {fff3d58, *alarm*:com.google.android.gms/.lockbox.LockboxAlarmReceiver} [74ms]
07-03 21:19:26.623  1907  2305 I PowerManagerService: Going to sleep due to power button (uid 1000)...
07-03 21:19:26.635   359   359 I SFPerfTracer:      triggers: (rate: 867:24990) (compose: 0:27) (post: 0:15) (render: 76:2370) (87:456581 frames) (88:523993)
07-03 21:19:26.635   359   359 D SFPerfTracer:        layers: (4:9) (FocusedStackFrame (0xb71ba600): 0:5160)* (DimLayer (0xb7280f80): 0:82)* (DimLayer (0xb7283cf8): 0:8)* (StatusBar (0xb7260098): 5:119012) (com.android.systemui.ImageWallpaper (0xb7278a30): 0:4170) (DimLayer (0xb7279cf8): 0:446)* (DimLayer (0xb72872c0): 0:200)* (com.google.android.googlequicksearchbox/com.google.android.launcher.GEL (0xb727f888): 81:160) (NavigationBar (0xb7209e90): 57:92) 
07-03 21:19:27.075  1907  2123 I DisplayManagerService: Display device changed state: "Built-in Screen", OFF
07-03 21:19:27.125   359  1046 I SFPerfTracer:      triggers: (rate: 0:117) (36603 sw vsyncs) (0 skipped) (258:742234 vsyncs) (260:859587)
07-03 21:19:27.420  1907  2134 I PowerManagerService: Sleeping (uid 1000)...
07-03 21:19:27.494  2389  2389 D StatusBarKeyguardViewManager: showKeyguard, but hide Bouncer
07-03 21:19:34.789  1907  2303 V AlarmManager: sending alarm {e6e1eb1 type 2 *walarm*:com.google.android.location.ALARM_WAKEUP_ACTIVITY_DETECTION}
07-03 21:19:34.813  1907  1907 V AlarmManager: done {e6e1eb1, *walarm*:com.google.android.location.ALARM_WAKEUP_ACTIVITY_DETECTION} [23ms]
07-03 21:19:41.838  1907  2303 V AlarmManager: sending alarm {6c5cffc type 2 *walarm*:android.content.syncmanager.SYNC_ALARM}
07-03 21:19:41.841  1907  2303 V AlarmManager: sending alarm {718fef1 type 3 *alarm*:send_events}
07-03 21:19:41.853  1907  1907 V AlarmManager: done {718fef1, *alarm*:send_events} [15ms]
07-03 21:19:41.853  1907  1907 V AlarmManager: done {6c5cffc, *walarm*:android.content.syncmanager.SYNC_ALARM} [15ms]
07-03 21:19:42.019  1907  1961 I ActivityManager: Start proc 24356:com.android.email/u0a10 for service com.android.email/.service.LegacyImapSyncAdapterService
07-03 21:19:42.262  1907  3355 I ActivityManager: Start proc 24371:com.android.exchange/u0a60 for service com.android.exchange/.service.EasService
07-03 21:19:42.339 24356 24383 D ActivityThread: Loading provider com.android.email.provider;com.android.email.notifier: com.android.email.provider.EmailProvider
07-03 21:19:42.643  1907  1961 I ActivityManager: Start proc 24406:com.google.android.apps.plus/u0a96 for service com.google.android.apps.plus/.service.EsSyncAdapterService
07-03 21:19:43.276  1907  2303 V AlarmManager: sending alarm {e6e1eb1 type 2 *walarm*:com.google.android.location.ALARM_WAKEUP_ACTIVITY_DETECTION}
07-03 21:19:43.368  1907  1907 V AlarmManager: done {e6e1eb1, *walarm*:com.google.android.location.ALARM_WAKEUP_ACTIVITY_DETECTION} [92ms]
07-03 21:19:43.880  1907  5738 W ActivityManager: Permission Denial: opening provider com.android.providers.contacts.ContactsProvider2 from ProcessRecord{eede209 24406:com.google.android.apps.plus/u0a96} (pid=24406, uid=10096) requires android.permission.READ_CONTACTS or android.permission.WRITE_CONTACTS
07-03 21:19:44.458  1907  3035 D ConnectivityService: listenForNetwork for Listen from uid/pid:10096/24406 for NetworkRequest [ id=331, legacyType=-1, [ Capabilities: INTERNET&NOT_RESTRICTED&TRUSTED] ]
07-03 21:19:44.458  1907  2319 D ConnectivityService: rematching NetworkAgentInfo [WIFI () - 119]
07-03 21:19:45.940  1907  3355 I ActivityManager: Killing 23790:com.motorola.context/u0a47 (adj 15): empty #7
07-03 21:19:46.079  1907  2617 I ActivityManager: Start proc 24467:android.process.acore/u0a15 for content provider com.android.providers.contacts/.ContactsProvider2
07-03 21:19:46.232  1907  5711 I ActivityManager: Killing 23769:com.android.providers.calendar/u0a31 (adj 15): empty #7
07-03 21:19:46.352  1907  3006 I ActivityManager: Process com.qualcomm.telephony (pid 11535) has died
07-03 21:19:46.352  1907  3006 W ActivityManager: Scheduling restart of crashed service com.qualcomm.atfwd/.AtFwdService in 1000ms
07-03 21:19:46.472  1907  5738 I libprocessgroup: Killing pid 24165 in uid 10128 as part of process group 23934
07-03 21:19:46.472  1907  3006 E WifiService: Multicaster binderDied
07-03 21:19:46.472  1907  2318 D WifiService: Client connection lost with reason: 4
07-03 21:19:46.522  1907  5738 I ActivityManager: Process com.estrongs.android.pop (pid 23934) has died
07-03 21:19:46.561  1907  3355 I ActivityManager: Process com.google.android.calendar (pid 23807) has died
07-03 21:19:47.370  1907  1965 I ActivityManager: Start proc 24496:com.qualcomm.telephony/1000 for service com.qualcomm.atfwd/.AtFwdService
07-03 21:19:51.794  1907  2303 V AlarmManager: sending alarm {e6e1eb1 type 2 *walarm*:com.google.android.location.ALARM_WAKEUP_ACTIVITY_DETECTION}
07-03 21:19:52.014  1907  1907 V AlarmManager: done {e6e1eb1, *walarm*:com.google.android.location.ALARM_WAKEUP_ACTIVITY_DETECTION} [220ms]
07-03 21:19:57.641  1907  2303 V AlarmManager: sending alarm {80db858 type 2 *walarm*:com.google.android.intent.action.SEND_IDLE}
07-03 21:19:57.646  1907  1907 V AlarmManager: done {80db858, *walarm*:com.google.android.intent.action.SEND_IDLE} [5ms]
07-03 21:20:22.668  1907  2299 D BatteryService: uevent={POWER_SUPPLY_TEMP=352, POWER_SUPPLY_STATUS=Charging, POWER_SUPPLY_CAPACITY=81, ACTION=change, DEVPATH=/devices/qpnp-charger-e4a25800/power_supply/battery, POWER_SUPPLY_VOLTAGE_OCV=-22, POWER_SUPPLY_ONLINE=1, SUBSYSTEM=power_supply, POWER_SUPPLY_NUM_SYSTEM_TEMP_LEVELS=4, POWER_SUPPLY_INPUT_CURRENT_MAX=500000, POWER_SUPPLY_VOLTAGE_MAX_DESIGN=4350000, POWER_SUPPLY_CHARGE_FULL=2013000, POWER_SUPPLY_NAME=battery, POWER_SUPPLY_VOLTAGE_MIN_DESIGN=4300000, POWER_SUPPLY_VOLTAGE_MIN=4300000, POWER_SUPPLY_HEALTH=Good, POWER_SUPPLY_CYCLE_COUNT=8, POWER_SUPPLY_TECHNOLOGY=Li-ion, POWER_SUPPLY_CHARGE_TYPE=Fast, POWER_SUPPLY_PRESENT=1, POWER_SUPPLY_INPUT_CURRENT_SETTLED=0, POWER_SUPPLY_MODEL_NAME=UNKNOWN, POWER_SUPPLY_VOLTAGE_NOW=4214257, SEQNUM=76731, POWER_SUPPLY_TEMP_WARM=450, POWER_SUPPLY_TEMP_COOL=0, POWER_SUPPLY_CHARGE_FULL_DESIGN=2022000, POWER_SUPPLY_CURRENT_NOW=-490881, POWER_SUPPLY_CHARGE_COUNTER=341253, POWER_SUPPLY_SYSTEM_TEMP_LEVEL=0, POWER_SUPPLY_INPUT_CURRENT_TRIM=31, POWER_SUPPLY_VOLTAGE_EMPTY=3200000, POWER_SUPPLY_CHARGE_RATE=Normal, POWER_SUPPLY_INPUT_VOLTAGE_REGULATION=0, POWER_SUPPLY_CHARGING_ENABLED=1}
07-03 21:20:42.673  1907  2299 D BatteryService: uevent={POWER_SUPPLY_TEMP=351, POWER_SUPPLY_STATUS=Charging, POWER_SUPPLY_CAPACITY=81, ACTION=change, DEVPATH=/devices/qpnp-charger-e4a25800/power_supply/battery, POWER_SUPPLY_VOLTAGE_OCV=-22, POWER_SUPPLY_ONLINE=1, SUBSYSTEM=power_supply, POWER_SUPPLY_NUM_SYSTEM_TEMP_LEVELS=4, POWER_SUPPLY_INPUT_CURRENT_MAX=500000, POWER_SUPPLY_VOLTAGE_MAX_DESIGN=4350000, POWER_SUPPLY_CHARGE_FULL=2013000, POWER_SUPPLY_NAME=battery, POWER_SUPPLY_VOLTAGE_MIN_DESIGN=4300000, POWER_SUPPLY_VOLTAGE_MIN=4300000, POWER_SUPPLY_HEALTH=Good, POWER_SUPPLY_CYCLE_COUNT=8, POWER_SUPPLY_TECHNOLOGY=Li-ion, POWER_SUPPLY_CHARGE_TYPE=Fast, POWER_SUPPLY_PRESENT=1, POWER_SUPPLY_INPUT_CURRENT_SETTLED=0, POWER_SUPPLY_MODEL_NAME=UNKNOWN, POWER_SUPPLY_VOLTAGE_NOW=4216983, SEQNUM=76735, POWER_SUPPLY_TEMP_WARM=450, POWER_SUPPLY_TEMP_COOL=0, POWER_SUPPLY_CHARGE_FULL_DESIGN=2022000, POWER_SUPPLY_CURRENT_NOW=-485770, POWER_SUPPLY_CHARGE_COUNTER=338530, POWER_SUPPLY_SYSTEM_TEMP_LEVEL=0, POWER_SUPPLY_INPUT_CURRENT_TRIM=31, POWER_SUPPLY_VOLTAGE_EMPTY=3200000, POWER_SUPPLY_CHARGE_RATE=Normal, POWER_SUPPLY_INPUT_VOLTAGE_REGULATION=0, POWER_SUPPLY_CHARGING_ENABLED=1}
07-03 21:20:43.085  1907  2303 V AlarmManager: sending alarm {9aa8c2c type 3 *alarm*:android.intent.action.TIME_TICK}
07-03 21:20:43.087  1907  2303 V AlarmManager: sending alarm {6c5cffc type 2 *walarm*:android.content.syncmanager.SYNC_ALARM}
07-03 21:20:43.088  1907  2303 V AlarmManager: sending alarm {38d780f type 3 *alarm*:com.google.android.gms/.common.download.DownloadAlarmReceiver}
07-03 21:20:43.089  1907  2303 V AlarmManager: sending alarm {fff3d58 type 3 *alarm*:com.google.android.gms/.lockbox.LockboxAlarmReceiver}
07-03 21:20:43.099  1907  1907 V AlarmManager: done {6c5cffc, *walarm*:android.content.syncmanager.SYNC_ALARM} [13ms]
07-03 21:20:43.129  1907  1907 V AlarmManager: done {38d780f, *alarm*:com.google.android.gms/.common.download.DownloadAlarmReceiver} [43ms]
07-03 21:20:43.136  1907  1907 V AlarmManager: done {fff3d58, *alarm*:com.google.android.gms/.lockbox.LockboxAlarmReceiver} [50ms]
07-03 21:20:43.232  1907  1907 V AlarmManager: done {9aa8c2c, *alarm*:android.intent.action.TIME_TICK} [146ms]
07-03 21:20:53.752  1907  2155 I ActivityManager: Start proc 24641:com.android.defcontainer/u0a2 for service com.android.defcontainer/.DefaultContainerService
07-03 21:20:53.852  1907  1965 I ActivityManager: Start proc 24654:com.android.vending/u0a38 for broadcast com.android.vending/com.google.android.vending.verifier.PackageVerificationReceiver
07-03 21:20:54.961  1907  3035 I ActivityManager: Process com.motorola.MotGallery2 (pid 11468) has died
07-03 21:20:54.961  1907  3035 W ActivityManager: Scheduling restart of crashed service com.motorola.MotGallery2/com.motorola.blur.service.blur.JobSchedulerService in 1000ms
07-03 21:20:55.006  1907  2917 D ConnectivityService: ConnectivityService NetworkRequestInfo binderDied(NetworkRequest [ id=331, legacyType=-1, [ Capabilities: INTERNET&NOT_RESTRICTED&TRUSTED] ], android.os.BinderProxy@f6596ce)
07-03 21:20:55.008  1907  2319 D ConnectivityService: releasing NetworkRequest NetworkRequest [ id=331, legacyType=-1, [ Capabilities: INTERNET&NOT_RESTRICTED&TRUSTED] ]
07-03 21:20:55.019  1907  2319 E ConnectivityService: RemoteException caught trying to send a callback msg for NetworkRequest [ id=331, legacyType=-1, [ Capabilities: INTERNET&NOT_RESTRICTED&TRUSTED] ]
07-03 21:20:55.101  1907  2405 I ActivityManager: Process com.google.android.apps.plus (pid 24406) has died
07-03 21:20:55.981  1907  1965 I ActivityManager: Start proc 24717:com.motorola.MotGallery2/u0a20 for service com.motorola.MotGallery2/com.motorola.blur.service.blur.JobSchedulerService
07-03 21:20:56.212 24641 24652 D DefContainer: Copying /data/local/tmp/app-debug.apk to base.apk
07-03 21:20:59.434  1907  2305 I PowerManagerService: Waking up from sleep (uid 1000)...
07-03 21:20:59.437  1907  2123 I DisplayManagerService: Display device changed state: "Built-in Screen", ON
07-03 21:20:59.999  1907  2303 V AlarmManager: sending alarm {9aa8c2c type 3 *alarm*:android.intent.action.TIME_TICK}
07-03 21:21:00.100  1907  1907 V AlarmManager: done {9aa8c2c, *alarm*:android.intent.action.TIME_TICK} [100ms]
07-03 21:21:00.544   359  1046 I SFPerfTracer:      triggers: (rate: 0:117) (36656 sw vsyncs) (0 skipped) (50:742284 vsyncs) (52:859693)
07-03 21:21:00.880   359   359 I SFPerfTracer:      triggers: (rate: 867:24992) (compose: 0:27) (post: 0:15) (render: 76:2370) (0:456670 frames) (1:524093)
07-03 21:21:00.880   359   359 D SFPerfTracer:        layers: (2:11) (FocusedStackFrame (0xb71ba600): 0:5161)* (DimLayer (0xb7280f80): 0:82)* (DimLayer (0xb7283cf8): 0:8)* (StatusBar (0xb7260098): 1:119087) (com.android.systemui.ImageWallpaper (0xb7278a30): 0:4171) (DimLayer (0xb7279cf8): 0:446)* (DimLayer (0xb72872c0): 0:200)* (com.google.android.googlequicksearchbox/com.google.android.launcher.GEL (0xb727f888): 0:162)* (NavigationBar (0xb7209e90): 0:92)- (ColorFade (0xb7266870): 0:24)- (NavigationBar (0xb7209e90): 1:3)* 
07-03 21:21:02.058  1907  3367 I ActivityManager: Start proc 24760:com.google.android.keep/u0a106 for service com.google.android.keep/.provider.ImageRedecodeService
07-03 21:21:02.598  1907  3035 W InputMethodManagerService: Window already focused, ignoring focus gain of: com.android.internal.view.IInputMethodClient$Stub$Proxy@989be2 attribute=android.view.inputmethod.EditorInfo@3456b73, token = android.os.BinderProxy@2b8f74e
07-03 21:21:02.666  1907  2299 D BatteryService: uevent={POWER_SUPPLY_TEMP=353, POWER_SUPPLY_STATUS=Charging, POWER_SUPPLY_CAPACITY=81, ACTION=change, DEVPATH=/devices/qpnp-charger-e4a25800/power_supply/battery, POWER_SUPPLY_VOLTAGE_OCV=-22, POWER_SUPPLY_ONLINE=1, SUBSYSTEM=power_supply, POWER_SUPPLY_NUM_SYSTEM_TEMP_LEVELS=4, POWER_SUPPLY_INPUT_CURRENT_MAX=500000, POWER_SUPPLY_VOLTAGE_MAX_DESIGN=4350000, POWER_SUPPLY_CHARGE_FULL=2012000, POWER_SUPPLY_NAME=battery, POWER_SUPPLY_VOLTAGE_MIN_DESIGN=4300000, POWER_SUPPLY_VOLTAGE_MIN=4300000, POWER_SUPPLY_HEALTH=Good, POWER_SUPPLY_CYCLE_COUNT=8, POWER_SUPPLY_TECHNOLOGY=Li-ion, POWER_SUPPLY_CHARGE_TYPE=Fast, POWER_SUPPLY_PRESENT=1, POWER_SUPPLY_INPUT_CURRENT_SETTLED=0, POWER_SUPPLY_MODEL_NAME=UNKNOWN, POWER_SUPPLY_VOLTAGE_NOW=4145964, SEQNUM=76757, POWER_SUPPLY_TEMP_WARM=450, POWER_SUPPLY_TEMP_COOL=0, POWER_SUPPLY_CHARGE_FULL_DESIGN=2022000, POWER_SUPPLY_CURRENT_NOW=35548, POWER_SUPPLY_CHARGE_COUNTER=336669, POWER_SUPPLY_SYSTEM_TEMP_LEVEL=0, POWER_SUPPLY_INPUT_CURRENT_TRIM=31, POWER_SUPPLY_VOLTAGE_EMPTY=3200000, POWER_SUPPLY_CHARGE_RATE=Normal, POWER_SUPPLY_INPUT_VOLTAGE_REGULATION=0, POWER_SUPPLY_CHARGING_ENABLED=1}
07-03 21:21:02.961   359  1046 I SFPerfTracer:      triggers: (rate: 0:117) (36656 sw vsyncs) (0 skipped) (43:742418 vsyncs) (45:859831)
07-03 21:21:03.512   359   359 I SFPerfTracer:      triggers: (rate: 867:24994) (compose: 0:27) (post: 0:15) (render: 76:2370) (1:456765 frames) (2:524193)
07-03 21:21:03.512   359   359 D SFPerfTracer:        layers: (4:9) (FocusedStackFrame (0xb71ba600): 0:5163)* (DimLayer (0xb7280f80): 0:82)* (DimLayer (0xb7283cf8): 0:8)* (StatusBar (0xb7260098): 2:119181) (com.android.systemui.ImageWallpaper (0xb7278a30): 0:4172) (DimLayer (0xb7279cf8): 0:446)* (DimLayer (0xb72872c0): 0:200)* (com.google.android.googlequicksearchbox/com.google.android.launcher.GEL (0xb727f888): 0:189) (NavigationBar (0xb7209e90): 0:34) 
07-03 21:21:06.746  1907  1932 W ActivityManager: Slow operation: 3601ms so far, now at startProcess: returned from zygote!
07-03 21:21:06.746  1907  1932 W ActivityManager: Slow operation: 3602ms so far, now at startProcess: done updating battery stats
07-03 21:21:06.746  1907  1932 W ActivityManager: Slow operation: 3602ms so far, now at startProcess: building log message
07-03 21:21:06.746  1907  1932 I ActivityManager: Start proc 24778:com.estrongs.android.pop/u0a128 for broadcast com.estrongs.android.pop/.app.StartServiceReceiver
07-03 21:21:06.746  1907  1932 W ActivityManager: Slow operation: 3602ms so far, now at startProcess: starting to update pids map
07-03 21:21:06.747  1907  1932 W ActivityManager: Slow operation: 3602ms so far, now at startProcess: done updating pids map
07-03 21:21:06.747  1907  1932 W ActivityManager: Slow operation: 3603ms so far, now at startProcess: done starting proc!
07-03 21:21:08.352  1907  2405 I ActivityManager: Process android.process.acore (pid 24467) has died
07-03 21:21:08.451  1907  3035 I ActivityManager: Process com.android.exchange (pid 24371) has died
07-03 21:21:08.761  1907  2318 D WifiService: New client listening to asynchronous messages
07-03 21:21:08.941  1907  1932 I ActivityManager: Process com.android.email (pid 24356) has died
07-03 21:21:08.957  1907  2405 I ActivityManager: Process com.android.cellbroadcastreceiver (pid 24173) has died
07-03 21:21:08.967  1907  1965 I ActivityManager: Force stopping com.samplekeyboard appid=10004 user=-1: uninstall pkg
07-03 21:21:09.250  1907  2155 I PackageManager: Package com.samplekeyboard codePath changed from /data/app/com.samplekeyboard-1 to /data/app/com.samplekeyboard-2; Retaining data and using new
07-03 21:21:09.255  1907  1965 I ActivityManager: Force stopping com.samplekeyboard appid=10004 user=-1: replace pkg
07-03 21:21:09.256  1907  2155 W PackageManager: Code path for com.samplekeyboard changing from /data/app/com.samplekeyboard-1 to /data/app/com.samplekeyboard-2
07-03 21:21:09.256  1907  2155 W PackageManager: Resource path for com.samplekeyboard changing from /data/app/com.samplekeyboard-1 to /data/app/com.samplekeyboard-2
07-03 21:21:10.053  1907  2155 W PackageManager: Couldn't remove dex file for package:  at location /data/app/com.samplekeyboard-1/base.apk, retcode=-1
07-03 21:21:10.054  1907  2155 I ActivityManager: Force stopping com.samplekeyboard appid=10004 user=0: pkg removed
07-03 21:21:10.083  1907  1965 I ActivityManager: Start proc 24878:android.process.acore/u0a15 for broadcast com.android.providers.contacts/.PackageIntentReceiver
07-03 21:21:10.090  1907  2155 W ActivityManager: Skipping broadcast of Intent { act=android.intent.action.PACKAGE_REMOVED dat=package:com.samplekeyboard flg=0x4000010 (has extras) }: user 10 is stopped
07-03 21:21:10.092  1907  2155 W ActivityManager: Skipping broadcast of Intent { act=android.intent.action.PACKAGE_ADDED dat=package:com.samplekeyboard flg=0x4000010 (has extras) }: user 10 is stopped
07-03 21:21:10.096  1907  2155 W ActivityManager: Skipping broadcast of Intent { act=android.intent.action.PACKAGE_REPLACED dat=package:com.samplekeyboard flg=0x4000010 (has extras) }: user 10 is stopped
07-03 21:21:10.096  1907  2155 W ActivityManager: Skipping broadcast of Intent { act=android.intent.action.MY_PACKAGE_REPLACED flg=0x4000010 pkg=com.samplekeyboard (has extras) }: user 10 is stopped
07-03 21:21:10.170  1907  1907 D JobSchedulerService: Receieved: android.intent.action.PACKAGE_REMOVED
07-03 21:21:10.584  1907  2421 I ActivityManager: Start proc 24902:com.android.keychain/1000 for broadcast com.android.keychain/.KeyChainBroadcastReceiver
07-03 21:21:10.748 24902 24902 W ContextImpl: Calling a method in the system process without a qualified user: android.app.ContextImpl.startService:1221 android.content.ContextWrapper.startService:581 android.content.ContextWrapper.startService:581 com.android.keychain.KeyChainBroadcastReceiver.onReceive:12 android.app.ActivityThread.handleReceiver:2743 
07-03 21:21:10.835  1907  3006 I ActivityManager: Killing 24654:com.android.vending/u0a38 (adj 15): empty #7
07-03 21:21:11.326  1907  6063 I ActivityManager: Start proc 24921:com.android.vending/u0a38 for broadcast com.android.vending/com.google.android.finsky.receivers.PackageMonitorReceiver$RegisteredReceiver
07-03 21:21:13.083  1907  2767 I ActivityManager: Start proc 25002:com.google.android.apps.docs/u0a68 for broadcast com.google.android.apps.docs/.receivers.AppPackageAddRemoveReceiver
07-03 21:21:13.145   359  1046 I SFPerfTracer:      triggers: (rate: 0:117) (36656 sw vsyncs) (0 skipped) (146:742568 vsyncs) (148:860007)
07-03 21:21:15.623   359  1046 I SFPerfTracer:      triggers: (rate: 0:117) (36656 sw vsyncs) (0 skipped) (136:742704 vsyncs) (138:860145)
07-03 21:21:17.285  1907  5738 I ActivityManager: Start proc 25143:com.estrongs.android.pop/u0a128 for broadcast com.estrongs.android.pop/.app.InstallMonitorReceiver
07-03 21:21:17.286  1907  5738 I ActivityManager: Killing 24760:com.google.android.keep/u0a106 (adj 15): empty #7
07-03 21:21:17.374  1907  3355 W ActivityManager: No permission grants found for com.quickoffice.android
07-03 21:21:17.730  1907  3005 I ActivityManager: START u0 {act=android.intent.action.MAIN cat=[android.intent.category.LAUNCHER] flg=0x10200000 cmp=com.google.android.keep/.activities.BrowseActivity (has extras)} from uid 10028 on display 0
07-03 21:21:17.857   359  1046 I SFPerfTracer:      triggers: (rate: 0:117) (36656 sw vsyncs) (0 skipped) (29:742823 vsyncs) (31:860272)
07-03 21:21:17.885  1907  2876 I ActivityManager: Start proc 25167:com.google.android.keep/u0a106 for activity com.google.android.keep/.activities.BrowseActivity
07-03 21:21:18.412  1907  2318 D WifiService: New client listening to asynchronous messages
07-03 21:21:18.418  1907  5711 I ActivityManager: Start proc 25201:com.csam.icici.bank.imobile/u0a150 for broadcast com.csam.icici.bank.imobile/com.appsflyer.AppsFlyerLib
07-03 21:21:20.569  1907  3367 D ConnectivityService: listenForNetwork for Listen from uid/pid:10150/25201 for NetworkRequest [ id=332, legacyType=-1, [ Capabilities: INTERNET&NOT_RESTRICTED&TRUSTED&NOT_VPN] ]
07-03 21:21:20.575  1907  2319 D ConnectivityService: rematching NetworkAgentInfo [WIFI () - 119]
07-03 21:21:20.954  1907  2767 I ActivityManager: Killing 24902:com.android.keychain/1000 (adj 15): empty #7
07-03 21:21:21.068  1907  2917 D ConnectivityService: listenForNetwork for Listen from uid/pid:10150/25201 for NetworkRequest [ id=333, legacyType=-1, [ Capabilities: INTERNET&NOT_RESTRICTED&TRUSTED&NOT_VPN] ]
07-03 21:21:21.068  1907  2319 D ConnectivityService: rematching NetworkAgentInfo [WIFI () - 119]
07-03 21:21:21.103  1907  2917 I ActivityManager: Start proc 25290:android.process.acore/u0a15 for broadcast com.android.providers.contacts/.PackageIntentReceiver
07-03 21:21:21.140   359  1046 I SFPerfTracer:      triggers: (rate: 0:117) (36656 sw vsyncs) (0 skipped) (158:743014 vsyncs) (160:860467)
07-03 21:21:21.265  1907  2319 D ConnectivityService: releasing NetworkRequest NetworkRequest [ id=332, legacyType=-1, [ Capabilities: INTERNET&NOT_RESTRICTED&TRUSTED&NOT_VPN] ]
07-03 21:21:21.567  1907  2767 I ActivityManager: Start proc 25307:com.google.android.partnersetup/u0a17 for broadcast com.google.android.partnersetup/.RlzPingBroadcastReceiver
07-03 21:21:21.568  1907  2767 I ActivityManager: Killing 25002:com.google.android.apps.docs/u0a68 (adj 15): empty #7
07-03 21:21:21.811  1907  2405 I ActivityManager: Killing 25044:com.nis.app/u0a111 (adj 15): empty #7
07-03 21:21:21.988  1907  5738 D ConnectivityService: listenForNetwork for Listen from uid/pid:10106/25167 for NetworkRequest [ id=334, legacyType=-1, [ Capabilities: INTERNET&NOT_RESTRICTED&TRUSTED&NOT_VPN] ]
07-03 21:21:21.988  1907  2319 D ConnectivityService: rematching NetworkAgentInfo [WIFI () - 119]
07-03 21:21:22.114  1907  2405 I ActivityManager: Killing 25105:com.lenovo.anyshare.gps/u0a146 (adj 15): empty #7
07-03 21:21:22.498  1907  3367 I ActivityManager: Start proc 25346:com.google.android.apps.docs/u0a68 for broadcast com.google.android.apps.docs/.receivers.AppPackageAddRemoveReceiver
07-03 21:21:22.597  1907  2123 I LaunchCheckinHandler: Displayed com.google.android.keep/.activities.BrowseActivity,cp,ca,4797
07-03 21:21:22.709  1907  2617 E WifiService: Multicaster binderDied
07-03 21:21:22.709  1907  2318 D WifiService: Client connection lost with reason: 4
07-03 21:21:22.744  1907  1933 I ActivityManager: Process com.estrongs.android.pop (pid 25143) has died
07-03 21:21:22.875   359   359 I SFPerfTracer:      triggers: (rate: 867:24996) (compose: 0:27) (post: 0:15) (render: 76:2370) (0:456833 frames) (1:524293)
07-03 21:21:22.875   359   359 D SFPerfTracer:        layers: (3:11) (FocusedStackFrame (0xb71ba600): 0:5169)* (DimLayer (0xb7280f80): 0:82)* (DimLayer (0xb7283cf8): 0:8)* (StatusBar (0xb7260098): 0:119212) (com.android.systemui.ImageWallpaper (0xb7278a30): 0:4173)* (DimLayer (0xb7279cf8): 0:446)* (DimLayer (0xb72872c0): 0:200)* (com.google.android.googlequicksearchbox/com.google.android.launcher.GEL (0xb727f888): 0:218)- (NavigationBar (0xb7209e90): 0:34) (Starting com.google.android.keep (0xb7266870): 1:37)* (com.google.android.keep/com.google.android.keep.activities.BrowseActivity (0xb724be70): 0:4) 
07-03 21:21:23.040   359  1046 I SFPerfTracer:      triggers: (rate: 0:117) (36656 sw vsyncs) (0 skipped) (24:743113 vsyncs) (26:860574)
07-03 21:21:24.294  1907  2876 D ConnectivityService: ConnectivityService NetworkRequestInfo binderDied(NetworkRequest [ id=333, legacyType=-1, [ Capabilities: INTERNET&NOT_RESTRICTED&TRUSTED&NOT_VPN] ], android.os.BinderProxy@d9b8ee5)
07-03 21:21:24.294  1907  2319 D ConnectivityService: releasing NetworkRequest NetworkRequest [ id=333, legacyType=-1, [ Capabilities: INTERNET&NOT_RESTRICTED&TRUSTED&NOT_VPN] ]
07-03 21:21:24.319  1907  2319 E ConnectivityService: RemoteException caught trying to send a callback msg for NetworkRequest [ id=333, legacyType=-1, [ Capabilities: INTERNET&NOT_RESTRICTED&TRUSTED&NOT_VPN] ]
07-03 21:21:24.424  1907  3035 I ActivityManager: Process com.csam.icici.bank.imobile (pid 25201) has died
07-03 21:21:24.513  1907  6063 I ActivityManager: Process com.quickoffice.android (pid 25121) has died
07-03 21:21:24.543  1907  3006 I ActivityManager: Process com.google.android.partnersetup (pid 25307) has died
07-03 21:21:24.746  1907  1933 I ActivityManager: Process com.android.vending (pid 24921) has died
07-03 21:21:24.789  1907  2617 I ActivityManager: Start proc 25401:com.lenovo.anyshare.gps/u0a146 for broadcast com.lenovo.anyshare.gps/com.ushareit.family.FamilyReceiver
07-03 21:21:25.147  1907  2767 I ActivityManager: Start proc 25424:com.quickoffice.android/u0a72 for broadcast com.quickoffice.android/com.qo.android.quickoffice.QOBroadcastReceiver
07-03 21:21:25.403  1907  1933 I ActivityManager: Process com.google.android.apps.docs (pid 25346) has died
07-03 21:21:25.585  1907  5738 I ActivityManager: Start proc 25454:com.estrongs.android.pop/u0a128 for broadcast com.estrongs.android.pop/.app.InstallMonitorReceiver
07-03 21:21:25.644  1907  2405 W ActivityManager: No permission grants found for com.quickoffice.android
07-03 21:21:25.657   359  1046 I SFPerfTracer:      triggers: (rate: 0:117) (36656 sw vsyncs) (0 skipped) (23:743211 vsyncs) (25:860691)
07-03 21:21:25.743  1907  2617 I ActivityManager: Process android.process.acore (pid 25290) has died
07-03 21:21:26.484  1907  2876 I ActivityManager: START u0 {flg=0x10800000 cmp=com.estrongs.android.pop/.app.InstallMonitorActivity (has extras)} from uid 10128 on display 0
07-03 21:21:26.630  1907  2318 D WifiService: New client listening to asynchronous messages
07-03 21:21:26.920  1907  2617 W InputMethodManagerService: Window already focused, ignoring focus gain of: com.android.internal.view.IInputMethodClient$Stub$Proxy@26d28a5 attribute=null, token = android.os.BinderProxy@cd78a9e
07-03 21:21:26.944  1907  3035 I ActivityManager: Start proc 25518:com.appsomniacs.da2/u0a9 for broadcast com.appsomniacs.da2/com.amazon.identity.auth.device.authorization.PackageIntentReceiver
07-03 21:21:27.382  1907  5711 D ConnectivityService: listenForNetwork for Listen from uid/pid:10128/25454 for NetworkRequest [ id=335, legacyType=-1, [ Capabilities: INTERNET&NOT_RESTRICTED&TRUSTED&NOT_VPN] ]
07-03 21:21:27.382  1907  2319 D ConnectivityService: rematching NetworkAgentInfo [WIFI () - 119]
07-03 21:21:27.535   359   359 I SFPerfTracer:      triggers: (rate: 867:25005) (compose: 0:27) (post: 0:15) (render: 76:2370) (20:456909 frames) (21:524395)
07-03 21:21:27.535   359   359 D SFPerfTracer:        layers: (4:11) (FocusedStackFrame (0xb71ba600): 0:5171)* (DimLayer (0xb7280f80): 0:82)* (DimLayer (0xb7283cf8): 0:8)* (StatusBar (0xb7260098): 1:119220) (com.android.systemui.ImageWallpaper (0xb7278a30): 0:4173)* (DimLayer (0xb7279cf8): 0:446)* (DimLayer (0xb72872c0): 0:200)* (NavigationBar (0xb7209e90): 0:35) (com.google.android.keep/com.google.android.keep.activities.BrowseActivity (0xb724be70): 17:59) (InputMethod (0xb7266870): 4:23) (PopupWindow:c669ccb (0xb727f888): 0:17)- 
07-03 21:21:27.694  1907  1933 I ActivityManager: Process com.lenovo.anyshare.gps (pid 25401) has died
07-03 21:21:28.143  1907  2303 V AlarmManager: sending alarm {9d37031 type 3 *alarm*:android.content.jobscheduler.JOB_DELAY_EXPIRED}
07-03 21:21:28.144  1907  2303 V AlarmManager: sending alarm {8f48631 type 1 *alarm*:DXCoreAlarmReceiver}
07-03 21:21:28.144  1907  2303 V AlarmManager: sending alarm {a5939d0 type 3 *alarm*:send_events}
07-03 21:21:28.148  1907  1907 V AlarmManager: done {a5939d0, *alarm*:send_events} [4ms]
07-03 21:21:28.229  1907  5711 I ActivityManager: Process com.quickoffice.android (pid 25424) has died
07-03 21:21:28.331  1907  2405 I ActivityManager: Start proc 25587:android.process.acore/u0a15 for broadcast com.android.providers.contacts/.PackageIntentReceiver
07-03 21:21:28.357  1907  5711 I ActivityManager: Start proc 25636:com.motorola.context/u0a47 for broadcast com.motorola.context/.receiver.PackageReplaceReceiver
07-03 21:21:28.363   359  1046 I SFPerfTracer:      triggers: (rate: 0:117) (36656 sw vsyncs) (0 skipped) (63:743352 vsyncs) (65:860836)
07-03 21:21:28.490  1907  1932 I ActivityManager: Process com.appsomniacs.da2 (pid 25518) has died
07-03 21:21:28.727  1907  3035 I ActivityManager: Process com.google.process.gapps (pid 20777) has died
07-03 21:21:29.163  1907  6063 I ActivityManager: Start proc 25660:com.google.process.gapps/u0a3 for content provider com.google.android.gsf/.gservices.GservicesProvider
07-03 21:21:30.541  1907  2876 I ActivityManager: Start proc 25678:com.google.android.apps.photos/u0a88 for broadcast com.google.android.apps.photos/.experiments.phenotype.AppUpgradeBroadcastReceiver
07-03 21:21:30.587   359  1046 I SFPerfTracer:      triggers: (rate: 0:117) (36656 sw vsyncs) (0 skipped) (164:743516 vsyncs) (166:861002)
07-03 21:21:31.518  1907  3367 E WifiService: Multicaster binderDied
07-03 21:21:31.518  1907  2617 D ConnectivityService: ConnectivityService NetworkRequestInfo binderDied(NetworkRequest [ id=335, legacyType=-1, [ Capabilities: INTERNET&NOT_RESTRICTED&TRUSTED&NOT_VPN] ], android.os.BinderProxy@895cbc4)
07-03 21:21:31.519  1907  2318 D WifiService: Client connection lost with reason: 4
07-03 21:21:31.519  1907  2319 D ConnectivityService: releasing NetworkRequest NetworkRequest [ id=335, legacyType=-1, [ Capabilities: INTERNET&NOT_RESTRICTED&TRUSTED&NOT_VPN] ]
07-03 21:21:31.540  1907  5711 I ActivityManager: Process com.estrongs.android.pop (pid 25454) has died
07-03 21:21:31.545  1907  2319 E ConnectivityService: RemoteException caught trying to send a callback msg for NetworkRequest [ id=335, legacyType=-1, [ Capabilities: INTERNET&NOT_RESTRICTED&TRUSTED&NOT_VPN] ]
07-03 21:21:31.945  2977  2977 W ContextImpl: Calling a method in the system process without a qualified user: android.app.ContextImpl.sendBroadcast:763 android.content.ContextWrapper.sendBroadcast:396 com.motorola.motocare.internal.settings.SettingsTrigger$1.onChange:435 android.database.ContentObserver.onChange:130 android.database.ContentObserver.onChange:145 
07-03 21:21:31.954  1907  5711 I ActivityManager: Start proc 25724:com.samplekeyboard/u0a4 for service com.samplekeyboard/.SoftKeyboard
07-03 21:21:31.954  1907  5711 V InputMethodManagerService: Adding window token: android.os.Binder@705e030
07-03 21:21:32.030  1907  2421 E InputMethodManagerService: Ignoring updateStatusIcon due to an invalid token. uid:1000 token:android.os.Binder@be1e4ca
07-03 21:21:32.455  1907  5738 I ActivityManager: Start proc 25754:com.google.android.apps.magazines/u0a87 for broadcast com.google.android.apps.magazines/com.google.apps.dots.android.app.receiver.FirstInstallNotificationReceiver
07-03 21:21:32.487   359  1046 I SFPerfTracer:      triggers: (rate: 0:117) (36656 sw vsyncs) (0 skipped) (25:743623 vsyncs) (27:861113)
07-03 21:21:32.855   359   359 I SFPerfTracer:      triggers: (rate: 867:25016) (compose: 0:27) (post: 0:15) (render: 76:2370) (1:456988 frames) (2:524496)
07-03 21:21:32.856   359   359 D SFPerfTracer:        layers: (3:11) (FocusedStackFrame (0xb71ba600): 0:5171)* (DimLayer (0xb7280f80): 0:82)* (DimLayer (0xb7283cf8): 0:8)* (StatusBar (0xb7260098): 0:119242) (com.android.systemui.ImageWallpaper (0xb7278a30): 0:4173)* (DimLayer (0xb7279cf8): 0:446)* (DimLayer (0xb72872c0): 0:200)* (NavigationBar (0xb7209e90): 0:35) (com.google.android.keep/com.google.android.keep.activities.BrowseActivity (0xb724be70): 2:103) (InputMethod (0xb7266870): 0:68)- (InputMethod (0xb727f888): 0:4)* 
07-03 21:21:33.644  1907  2405 I ActivityManager: Process com.motorola.context (pid 25636) has died
07-03 21:21:33.888  1907  2405 I ActivityManager: Start proc 25827:com.google.android.apps.cloudprint/u0a64 for broadcast com.google.android.apps.cloudprint/.printdialog.receivers.UpgradeBroadcastReceiver
07-03 21:21:34.173  1907  2617 I ActivityManager: Start proc 25843:com.android.cellbroadcastreceiver/u0a5 for broadcast com.android.cellbroadcastreceiver/.CellBroadcastReceiver
07-03 21:21:34.329  1907  1933 I ActivityManager: Process android.process.acore (pid 25587) has died
07-03 21:21:34.961  1907  2917 I ActivityManager: Process com.google.android.apps.magazines (pid 25754) has died
07-03 21:21:35.601  1907  1907 I ActivityManager: Start proc 25885:com.estrongs.android.pop/u0a128 for broadcast com.estrongs.android.pop/com.dianxinos.dxservice.stat.AlarmReceiver
07-03 21:21:35.602  1907  1907 V AlarmManager: done {9d37031, *alarm*:android.content.jobscheduler.JOB_DELAY_EXPIRED} [8018ms]
07-03 21:21:35.637   359  1046 I SFPerfTracer:      triggers: (rate: 0:117) (36656 sw vsyncs) (0 skipped) (186:743809 vsyncs) (188:861301)
07-03 21:21:36.535  1907  1907 V AlarmManager: done {8f48631, *alarm*:DXCoreAlarmReceiver} [8952ms]
07-03 21:21:36.546  1907  2318 D WifiService: New client listening to asynchronous messages
07-03 21:21:36.769  1907  2876 I ActivityManager: Process com.google.android.apps.cloudprint (pid 25827) has died
07-03 21:21:38.099  1907  5738 I ActivityManager: Process com.google.android.apps.photos (pid 25678) has died
07-03 21:21:39.491   359   359 I SFPerfTracer:      triggers: (rate: 867:25023) (compose: 0:27) (post: 0:15) (render: 76:2370) (23:457073 frames) (24:524602)
07-03 21:21:39.492   359   359 D SFPerfTracer:        layers: (5:11) (FocusedStackFrame (0xb71ba600): 0:5171)* (DimLayer (0xb7280f80): 0:82)* (DimLayer (0xb7283cf8): 0:8)* (StatusBar (0xb7260098): 1:119247) (com.android.systemui.ImageWallpaper (0xb7278a30): 0:4173)* (DimLayer (0xb7279cf8): 0:446)* (DimLayer (0xb72872c0): 0:200)* (NavigationBar (0xb7209e90): 0:35) (com.google.android.keep/com.google.android.keep.activities.BrowseActivity (0xb724be70): 3:149) (InputMethod (0xb727f888): 1:34) (PopupWindow:78a61d7 (0xb7266870): 24:41) 
07-03 21:21:42.536  1907  2299 D BatteryService: uevent={POWER_SUPPLY_TEMP=359, POWER_SUPPLY_STATUS=Charging, POWER_SUPPLY_CAPACITY=81, ACTION=change, DEVPATH=/devices/qpnp-charger-e4a25800/power_supply/battery, POWER_SUPPLY_VOLTAGE_OCV=-22, POWER_SUPPLY_ONLINE=1, SUBSYSTEM=power_supply, POWER_SUPPLY_NUM_SYSTEM_TEMP_LEVELS=4, POWER_SUPPLY_INPUT_CURRENT_MAX=500000, POWER_SUPPLY_VOLTAGE_MAX_DESIGN=4350000, POWER_SUPPLY_CHARGE_FULL=2012000, POWER_SUPPLY_NAME=battery, POWER_SUPPLY_VOLTAGE_MIN_DESIGN=4300000, POWER_SUPPLY_VOLTAGE_MIN=4300000, POWER_SUPPLY_HEALTH=Good, POWER_SUPPLY_CYCLE_COUNT=8, POWER_SUPPLY_TECHNOLOGY=Li-ion, POWER_SUPPLY_CHARGE_TYPE=Fast, POWER_SUPPLY_PRESENT=1, POWER_SUPPLY_INPUT_CURRENT_SETTLED=0, POWER_SUPPLY_MODEL_NAME=UNKNOWN, POWER_SUPPLY_VOLTAGE_NOW=4174027, SEQNUM=76826, POWER_SUPPLY_TEMP_WARM=450, POWER_SUPPLY_TEMP_COOL=0, POWER_SUPPLY_CHARGE_FULL_DESIGN=2022000, POWER_SUPPLY_CURRENT_NOW=-303054, POWER_SUPPLY_CHARGE_COUNTER=335928, POWER_SUPPLY_SYSTEM_TEMP_LEVEL=0, POWER_SUPPLY_INPUT_CURRENT_TRIM=31, POWER_SUPPLY_VOLTAGE_EMPTY=3200000, POWER_SUPPLY_CHARGE_RATE=Normal, POWER_SUPPLY_INPUT_VOLTAGE_REGULATION=0, POWER_SUPPLY_CHARGING_ENABLED=1}
07-03 21:21:42.621   359  1046 I SFPerfTracer:      triggers: (rate: 0:117) (36656 sw vsyncs) (0 skipped) (319:744156 vsyncs) (321:861664)
07-03 21:21:42.924  2389  2389 V DeadZone: consuming errant click: (289.0,0.0)
07-03 21:21:43.022  1907  2303 V AlarmManager: sending alarm {6bad080 type 0 *walarm*:com.android.vending/com.google.android.finsky.services.ContentSyncService}
07-03 21:21:43.034  1907  2303 I ActivityManager: Start proc 25966:com.android.vending/u0a38 for service com.android.vending/com.google.android.finsky.services.ContentSyncService
07-03 21:21:43.036  1907  2303 V AlarmManager: sending alarm {8f48631 type 1 *alarm*:DXCoreAlarmReceiver}
07-03 21:21:43.036  1907  2303 V AlarmManager: sending alarm {fff3d58 type 3 *alarm*:com.google.android.gms/.lockbox.LockboxAlarmReceiver}
07-03 21:21:43.038  1907  1907 V AlarmManager: done {6bad080, *walarm*:com.android.vending/com.google.android.finsky.services.ContentSyncService} [16ms]
07-03 21:21:43.045  1907  1907 V AlarmManager: done {8f48631, *alarm*:DXCoreAlarmReceiver} [23ms]
07-03 21:21:43.180  1907  1907 V AlarmManager: done {fff3d58, *alarm*:com.google.android.gms/.lockbox.LockboxAlarmReceiver} [158ms]
07-03 21:21:44.273  1907  3035 I ActivityManager: Process com.android.cellbroadcastreceiver (pid 25843) has died
07-03 21:21:45.321   359  1046 I SFPerfTracer:      triggers: (rate: 0:117) (36656 sw vsyncs) (0 skipped) (149:744305 vsyncs) (151:861815)
07-03 21:21:48.342   359   359 I SFPerfTracer:      triggers: (rate: 867:25031) (compose: 0:27) (post: 0:15) (render: 76:2370) (0:457136 frames) (1:524702)
07-03 21:21:48.342   359   359 D SFPerfTracer:        layers: (5:11) (FocusedStackFrame (0xb71ba600): 0:5171)* (DimLayer (0xb7280f80): 0:82)* (DimLayer (0xb7283cf8): 0:8)* (StatusBar (0xb7260098): 0:119254) (com.android.systemui.ImageWallpaper (0xb7278a30): 0:4173)* (DimLayer (0xb7279cf8): 0:446)* (DimLayer (0xb72872c0): 0:200)* (NavigationBar (0xb7209e90): 0:35) (com.google.android.keep/com.google.android.keep.activities.BrowseActivity (0xb724be70): 1:221) (InputMethod (0xb727f888): 1:61) (PopupWindow:78a61d7 (0xb7266870): 0:66) 
07-03 21:21:52.008  1907  2421 E WifiService: Multicaster binderDied
07-03 21:21:52.008  1907  2318 D WifiService: Client connection lost with reason: 4
07-03 21:21:52.050  1907  2767 I ActivityManager: Process com.estrongs.android.pop (pid 25885) has died
07-03 21:21:54.488   359  1046 I SFPerfTracer:      triggers: (rate: 0:117) (36656 sw vsyncs) (0 skipped) (471:744799 vsyncs) (473:862317)
07-03 21:21:57.559   359   359 I SFPerfTracer:      triggers: (rate: 867:25036) (compose: 0:27) (post: 0:15) (render: 76:2370) (24:457193 frames) (25:524805)
07-03 21:21:57.559   359   359 D SFPerfTracer:        layers: (5:11) (FocusedStackFrame (0xb71ba600): 0:5171)* (DimLayer (0xb7280f80): 0:82)* (DimLayer (0xb7283cf8): 0:8)* (StatusBar (0xb7260098): 0:119261) (com.android.systemui.ImageWallpaper (0xb7278a30): 0:4173)* (DimLayer (0xb7279cf8): 0:446)* (DimLayer (0xb72872c0): 0:200)* (NavigationBar (0xb7209e90): 0:35) (com.google.android.keep/com.google.android.keep.activities.BrowseActivity (0xb724be70): 3:268) (InputMethod (0xb727f888): 4:97) (PopupWindow:78a61d7 (0xb7266870): 25:116) 
07-03 21:21:59.808  1907  2303 V AlarmManager: sending alarm {9aa8c2c type 3 *alarm*:android.intent.action.TIME_TICK}
07-03 21:21:59.882  1907  1907 V AlarmManager: done {9aa8c2c, *alarm*:android.intent.action.TIME_TICK} [74ms]
07-03 21:22:00.105   359  1046 I SFPerfTracer:      triggers: (rate: 0:117) (36656 sw vsyncs) (0 skipped) (25:744857 vsyncs) (27:862424)
07-03 21:22:00.809  1907  2303 V AlarmManager: sending alarm {9aa8c2c type 3 *alarm*:android.intent.action.TIME_TICK}
07-03 21:22:00.877  1907  1907 V AlarmManager: done {9aa8c2c, *alarm*:android.intent.action.TIME_TICK} [68ms]
07-03 21:22:04.243   359   359 I SFPerfTracer:      triggers: (rate: 867:25043) (compose: 0:27) (post: 0:15) (render: 76:2370) (1:457266 frames) (2:524905)
07-03 21:22:04.244   359   359 D SFPerfTracer:        layers: (5:11) (FocusedStackFrame (0xb71ba600): 0:5171)* (DimLayer (0xb7280f80): 0:82)* (DimLayer (0xb7283cf8): 0:8)* (StatusBar (0xb7260098): 1:119273) (com.android.systemui.ImageWallpaper (0xb7278a30): 0:4173)* (DimLayer (0xb7279cf8): 0:446)* (DimLayer (0xb72872c0): 0:200)* (NavigationBar (0xb7209e90): 0:35) (com.google.android.keep/com.google.android.keep.activities.BrowseActivity (0xb724be70): 0:321) (InputMethod (0xb727f888): 0:117) (PopupWindow:78a61d7 (0xb7266870): 1:158) 
07-03 21:22:04.286  2389  2389 V DeadZone: consuming errant click: (282.0,3.0)
07-03 21:22:06.306   359  1046 I SFPerfTracer:      triggers: (rate: 0:117) (36656 sw vsyncs) (0 skipped) (2:744910 vsyncs) (4:862528)
07-03 21:22:06.820  1907  2303 V AlarmManager: sending alarm {ade574e type 2 *walarm*:com.google.android.gms.gcm.ACTION_CHECK_QUEUE}
07-03 21:22:06.834  1907  1907 V AlarmManager: done {ade574e, *walarm*:com.google.android.gms.gcm.ACTION_CHECK_QUEUE} [14ms]
07-03 21:22:19.224   359  1046 I SFPerfTracer:      triggers: (rate: 0:117) (36656 sw vsyncs) (0 skipped) (1:744944 vsyncs) (3:862630)
07-03 21:22:21.393   359   359 I SFPerfTracer:      triggers: (rate: 867:25048) (compose: 0:27) (post: 0:15) (render: 76:2370) (0:457319 frames) (1:525005)
07-03 21:22:21.394   359   359 D SFPerfTracer:        layers: (5:11) (FocusedStackFrame (0xb71ba600): 0:5171)* (DimLayer (0xb7280f80): 0:82)* (DimLayer (0xb7283cf8): 0:8)* (StatusBar (0xb7260098): 0:119280) (com.android.systemui.ImageWallpaper (0xb7278a30): 0:4173)* (DimLayer (0xb7279cf8): 0:446)* (DimLayer (0xb72872c0): 0:200)* (NavigationBar (0xb7209e90): 0:35) (com.google.android.keep/com.google.android.keep.activities.BrowseActivity (0xb724be70): 1:394) (InputMethod (0xb727f888): 0:133) (PopupWindow:78a61d7 (0xb7266870): 0:174) 
07-03 21:22:22.082  1907  2134 I PowerManagerService: Nap time (uid 1000)...
07-03 21:22:22.088  1907  2134 I PowerManagerService: Going to sleep due to screen timeout (uid 1000)...
07-03 21:22:22.744  1907  2123 I DisplayManagerService: Display device changed state: "Built-in Screen", OFF
07-03 21:22:22.768  1907  6063 I LaunchCheckinHandler: cleanup(): cleared. Last call was 39733 ms ago
07-03 21:22:23.079  1907  2134 I PowerManagerService: Sleeping (uid 1000)...
07-03 21:22:26.508  1907  2303 V AlarmManager: sending alarm {6c5cffc type 2 *walarm*:android.content.syncmanager.SYNC_ALARM}
07-03 21:22:26.516  1907  1907 V AlarmManager: done {6c5cffc, *walarm*:android.content.syncmanager.SYNC_ALARM} [8ms]
07-03 21:22:26.761  1907  3355 W AppOps  : Bad call: specified package com.google.android.gms under uid 10106 but it is really 10003
07-03 21:22:27.172  1907  2303 V AlarmManager: sending alarm {8dee6c2 type 2 *walarm*:com.android.internal.policy.impl.PhoneWindowManager.DELAYED_KEYGUARD}
07-03 21:22:27.186  1907  1907 V AlarmManager: done {8dee6c2, *walarm*:com.android.internal.policy.impl.PhoneWindowManager.DELAYED_KEYGUARD} [14ms]
07-03 21:22:27.309  2389  2389 D StatusBarKeyguardViewManager: showKeyguard, but hide Bouncer
07-03 21:22:27.313  1907  1932 I WindowState: WIN DEATH: Window{638ad0e u0 SurfaceView}
07-03 21:22:27.314  1907  3367 D ConnectivityService: ConnectivityService NetworkRequestInfo binderDied(NetworkRequest [ id=320, legacyType=-1, [ Capabilities: INTERNET&NOT_RESTRICTED&TRUSTED&NOT_VPN] ], android.os.BinderProxy@1b0232f)
07-03 21:22:27.314  1907  2319 D ConnectivityService: releasing NetworkRequest NetworkRequest [ id=320, legacyType=-1, [ Capabilities: INTERNET&NOT_RESTRICTED&TRUSTED&NOT_VPN] ]
07-03 21:22:27.317  1907  2421 I WindowState: WIN DEATH: Window{3a2f3b9 u0 com.android.chrome/org.chromium.chrome.browser.ChromeTabbedActivity}
07-03 21:22:27.337  1907  2319 E ConnectivityService: RemoteException caught trying to send a callback msg for NetworkRequest [ id=320, legacyType=-1, [ Capabilities: INTERNET&NOT_RESTRICTED&TRUSTED&NOT_VPN] ]
07-03 21:22:27.401  1907  1933 I ActivityManager: Process com.android.chrome (pid 7696) has died
07-03 21:22:27.441  1907  1933 W ActivityManager: Exception when unbinding service com.android.chrome/org.chromium.content.app.SandboxedProcessService0
07-03 21:22:27.441  1907  1933 W ActivityManager: android.os.DeadObjectException
07-03 21:22:27.441  1907  1933 W ActivityManager: 	at android.os.BinderProxy.transactNative(Native Method)
07-03 21:22:27.441  1907  1933 W ActivityManager: 	at android.os.BinderProxy.transact(Binder.java:503)
07-03 21:22:27.441  1907  1933 W ActivityManager: 	at android.app.ApplicationThreadProxy.scheduleUnbindService(ApplicationThreadNative.java:966)
07-03 21:22:27.441  1907  1933 W ActivityManager: 	at com.android.server.am.ActiveServices.removeConnectionLocked(ActiveServices.java:1867)
07-03 21:22:27.441  1907  1933 W ActivityManager: 	at com.android.server.am.ActiveServices.killServicesLocked(ActiveServices.java:2223)
07-03 21:22:27.441  1907  1933 W ActivityManager: 	at com.android.server.am.ActivityManagerService.cleanUpApplicationRecordLocked(ActivityManagerService.java:15753)
07-03 21:22:27.441  1907  1933 W ActivityManager: 	at com.android.server.am.ActivityManagerService.handleAppDiedLocked(ActivityManagerService.java:4655)
07-03 21:22:27.441  1907  1933 W ActivityManager: 	at com.android.server.am.ActivityManagerService.appDiedLocked(ActivityManagerService.java:4823)
07-03 21:22:27.441  1907  1933 W ActivityManager: 	at com.android.server.am.ActivityManagerService$AppDeathRecipient.binderDied(ActivityManagerService.java:1331)
07-03 21:22:27.441  1907  1933 W ActivityManager: 	at android.os.BinderProxy.sendDeathNotice(Binder.java:558)
07-03 21:22:27.442  1907  1933 I ActivityManager: Killing 9299:com.android.chrome:sandboxed_process0/u0a50i18 (adj 10): isolated not needed
07-03 21:22:27.442  1907  1933 W libprocessgroup: failed to open /acct/uid_10050/pid_9299/cgroup.procs: No such file or directory
07-03 21:22:27.443  1907  1933 W ActivityManager: Exception when unbinding service com.android.chrome/org.chromium.content.app.PrivilegedProcessService0
07-03 21:22:27.443  1907  1933 W ActivityManager: android.os.DeadObjectException
07-03 21:22:27.443  1907  1933 W ActivityManager: 	at android.os.BinderProxy.transactNative(Native Method)
07-03 21:22:27.443  1907  1933 W ActivityManager: 	at android.os.BinderProxy.transact(Binder.java:503)
07-03 21:22:27.443  1907  1933 W ActivityManager: 	at android.app.ApplicationThreadProxy.scheduleUnbindService(ApplicationThreadNative.java:966)
07-03 21:22:27.443  1907  1933 W ActivityManager: 	at com.android.server.am.ActiveServices.removeConnectionLocked(ActiveServices.java:1867)
07-03 21:22:27.443  1907  1933 W ActivityManager: 	at com.android.server.am.ActiveServices.killServicesLocked(ActiveServices.java:2223)
